status=running
{"context": 16384, "gpu": "NVIDIA L40S", "measure_steps": 128, "profile_components": false, "status": "starting", "storage": "offload", "warmup_steps": 16}
{"allocated_gib": 15.020639419555664, "exact_kv_gib": 2.017578125, "gpu_staging_gib": 0.06304931640625, "host_exact_kv_gib": 2.017578125, "status": "model_ready"}
{"peak_allocated_gib": 15.974008560180664, "prefill_ms": 2377.218505859375, "status": "prefill_complete"}
{"argmax": 46137, "components": {"attention_block_ms": 0.0, "cache_append_ms": 0.0, "dense_attention_ms": 0.0, "host_to_gpu_ms": 0.0}, "cuda_ms": 172.4220733642578, "finite": true, "measured": false, "status": "decode_step", "step": 0, "wall_ms": 172.47426509857178}
{"argmax": 771, "components": {"attention_block_ms": 0.0, "cache_append_ms": 0.0, "dense_attention_ms": 0.0, "host_to_gpu_ms": 0.0}, "cuda_ms": 106.62022399902344, "finite": true, "measured": false, "status": "decode_step", "step": 1, "wall_ms": 106.65841680020094}
{"argmax": 10016, "components": {"attention_block_ms": 0.0, "cache_append_ms": 0.0, "dense_attention_ms": 0.0, "host_to_gpu_ms": 0.0}, "cuda_ms": 106.62163543701172, "finite": true, "measured": false, "status": "decode_step", "step": 2, "wall_ms": 106.6580661572516}
{"argmax": 7876, "components": {"attention_block_ms": 0.0, "cache_append_ms": 0.0, "dense_attention_ms": 0.0, "host_to_gpu_ms": 0.0}, "cuda_ms": 106.63260650634766, "finite": true, "measured": false, "status": "decode_step", "step": 3, "wall_ms": 106.66958289220929}
{"argmax": 6150, "components": {"attention_block_ms": 0.0, "cache_append_ms": 0.0, "dense_attention_ms": 0.0, "host_to_gpu_ms": 0.0}, "cuda_ms": 106.64444732666016, "finite": true, "measured": false, "status": "decode_step", "step": 4, "wall_ms": 106.68023023754358}
{"argmax": 315, "components": {"attention_block_ms": 0.0, "cache_append_ms": 0.0, "dense_attention_ms": 0.0, "host_to_gpu_ms": 0.0}, "cuda_ms": 106.55846405029297, "finite": true, "measured": false, "status": "decode_step", "step": 5, "wall_ms": 106.59264912828803}
{"argmax": 8184, "components": {"attention_block_ms": 0.0, "cache_append_ms": 0.0, "dense_attention_ms": 0.0, "host_to_gpu_ms": 0.0}, "cuda_ms": 106.5953598022461, "finite": true, "measured": false, "status": "decode_step", "step": 6, "wall_ms": 106.63164686411619}
{"argmax": 323, "components": {"attention_block_ms": 0.0, "cache_append_ms": 0.0, "dense_attention_ms": 0.0, "host_to_gpu_ms": 0.0}, "cuda_ms": 106.59942626953125, "finite": true, "measured": false, "status": "decode_step", "step": 7, "wall_ms": 106.63764597848058}
{"argmax": 279, "components": {"attention_block_ms": 0.0, "cache_append_ms": 0.0, "dense_attention_ms": 0.0, "host_to_gpu_ms": 0.0}, "cuda_ms": 106.78377532958984, "finite": true, "measured": false, "status": "decode_step", "step": 8, "wall_ms": 106.82136099785566}
{"argmax": 23298, "components": {"attention_block_ms": 0.0, "cache_append_ms": 0.0, "dense_attention_ms": 0.0, "host_to_gpu_ms": 0.0}, "cuda_ms": 106.73551940917969, "finite": true, "measured": false, "status": "decode_step", "step": 9, "wall_ms": 106.77575273439288}
{"argmax": 11, "components": {"attention_block_ms": 0.0, "cache_append_ms": 0.0, "dense_attention_ms": 0.0, "host_to_gpu_ms": 0.0}, "cuda_ms": 106.73101043701172, "finite": true, "measured": false, "status": "decode_step", "step": 10, "wall_ms": 106.76813125610352}
{"argmax": 11, "components": {"attention_block_ms": 0.0, "cache_append_ms": 0.0, "dense_attention_ms": 0.0, "host_to_gpu_ms": 0.0}, "cuda_ms": 106.6104965209961, "finite": true, "measured": false, "status": "decode_step", "step": 11, "wall_ms": 106.64633940905333}
{"argmax": 279, "components": {"attention_block_ms": 0.0, "cache_append_ms": 0.0, "dense_attention_ms": 0.0, "host_to_gpu_ms": 0.0}, "cuda_ms": 106.65586853027344, "finite": true, "measured": false, "status": "decode_step", "step": 12, "wall_ms": 106.69050505384803}
{"argmax": 11, "components": {"attention_block_ms": 0.0, "cache_append_ms": 0.0, "dense_attention_ms": 0.0, "host_to_gpu_ms": 0.0}, "cuda_ms": 106.62092590332031, "finite": true, "measured": false, "status": "decode_step", "step": 13, "wall_ms": 106.65638418868184}
{"argmax": 2753, "components": {"attention_block_ms": 0.0, "cache_append_ms": 0.0, "dense_attention_ms": 0.0, "host_to_gpu_ms": 0.0}, "cuda_ms": 106.56825256347656, "finite": true, "measured": false, "status": "decode_step", "step": 14, "wall_ms": 106.60235397517681}
{"argmax": 8536, "components": {"attention_block_ms": 0.0, "cache_append_ms": 0.0, "dense_attention_ms": 0.0, "host_to_gpu_ms": 0.0}, "cuda_ms": 106.653564453125, "finite": true, "measured": false, "status": "decode_step", "step": 15, "wall_ms": 106.6871196962893}
{"argmax": 6150, "components": {"attention_block_ms": 0.0, "cache_append_ms": 0.0, "dense_attention_ms": 0.0, "host_to_gpu_ms": 0.0}, "cuda_ms": 106.70063781738281, "finite": true, "measured": true, "status": "decode_step", "step": 16, "wall_ms": 106.73277918249369}
{"argmax": 315, "components": {"attention_block_ms": 0.0, "cache_append_ms": 0.0, "dense_attention_ms": 0.0, "host_to_gpu_ms": 0.0}, "cuda_ms": 106.65135955810547, "finite": true, "measured": true, "status": "decode_step", "step": 17, "wall_ms": 106.68613761663437}
{"argmax": 1253, "components": {"attention_block_ms": 0.0, "cache_append_ms": 0.0, "dense_attention_ms": 0.0, "host_to_gpu_ms": 0.0}, "cuda_ms": 106.59519958496094, "finite": true, "measured": true, "status": "decode_step", "step": 18, "wall_ms": 106.63193790242076}
{"argmax": 791, "components": {"attention_block_ms": 0.0, "cache_append_ms": 0.0, "dense_attention_ms": 0.0, "host_to_gpu_ms": 0.0}, "cuda_ms": 106.5927963256836, "finite": true, "measured": true, "status": "decode_step", "step": 19, "wall_ms": 106.62719095125794}
{"argmax": 374, "components": {"attention_block_ms": 0.0, "cache_append_ms": 0.0, "dense_attention_ms": 0.0, "host_to_gpu_ms": 0.0}, "cuda_ms": 106.68566131591797, "finite": true, "measured": true, "status": "decode_step", "step": 20, "wall_ms": 106.96804989129305}
{"argmax": 374, "components": {"attention_block_ms": 0.0, "cache_append_ms": 0.0, "dense_attention_ms": 0.0, "host_to_gpu_ms": 0.0}, "cuda_ms": 106.7674560546875, "finite": true, "measured": true, "status": "decode_step", "step": 21, "wall_ms": 106.80074011906981}
{"argmax": 279, "components": {"attention_block_ms": 0.0, "cache_append_ms": 0.0, "dense_attention_ms": 0.0, "host_to_gpu_ms": 0.0}, "cuda_ms": 106.57625579833984, "finite": true, "measured": true, "status": "decode_step", "step": 22, "wall_ms": 106.61247791722417}
{"argmax": 3560, "components": {"attention_block_ms": 0.0, "cache_append_ms": 0.0, "dense_attention_ms": 0.0, "host_to_gpu_ms": 0.0}, "cuda_ms": 106.61865234375, "finite": true, "measured": true, "status": "decode_step", "step": 23, "wall_ms": 106.65472177788615}
{"argmax": 323, "components": {"attention_block_ms": 0.0, "cache_append_ms": 0.0, "dense_attention_ms": 0.0, "host_to_gpu_ms": 0.0}, "cuda_ms": 106.62854766845703, "finite": true, "measured": true, "status": "decode_step", "step": 24, "wall_ms": 106.68316390365362}
{"argmax": 26411, "components": {"attention_block_ms": 0.0, "cache_append_ms": 0.0, "dense_attention_ms": 0.0, "host_to_gpu_ms": 0.0}, "cuda_ms": 106.68284606933594, "finite": true, "measured": true, "status": "decode_step", "step": 25, "wall_ms": 106.71728616580367}
{"argmax": 1511, "components": {"attention_block_ms": 0.0, "cache_append_ms": 0.0, "dense_attention_ms": 0.0, "host_to_gpu_ms": 0.0}, "cuda_ms": 106.53644561767578, "finite": true, "measured": true, "status": "decode_step", "step": 26, "wall_ms": 106.57487204298377}
{"argmax": 7524, "components": {"attention_block_ms": 0.0, "cache_append_ms": 0.0, "dense_attention_ms": 0.0, "host_to_gpu_ms": 0.0}, "cuda_ms": 106.67721557617188, "finite": true, "measured": true, "status": "decode_step", "step": 27, "wall_ms": 106.71208705753088}
{"argmax": 323, "components": {"attention_block_ms": 0.0, "cache_append_ms": 0.0, "dense_attention_ms": 0.0, "host_to_gpu_ms": 0.0}, "cuda_ms": 106.61820983886719, "finite": true, "measured": true, "status": "decode_step", "step": 28, "wall_ms": 106.65023513138294}
{"argmax": 323, "components": {"attention_block_ms": 0.0, "cache_append_ms": 0.0, "dense_attention_ms": 0.0, "host_to_gpu_ms": 0.0}, "cuda_ms": 106.75663757324219, "finite": true, "measured": true, "status": "decode_step", "step": 29, "wall_ms": 106.78958287462592}
{"argmax": 91605, "components": {"attention_block_ms": 0.0, "cache_append_ms": 0.0, "dense_attention_ms": 0.0, "host_to_gpu_ms": 0.0}, "cuda_ms": 106.8752670288086, "finite": true, "measured": true, "status": "decode_step", "step": 30, "wall_ms": 106.91943811252713}
{"argmax": 11006, "components": {"attention_block_ms": 0.0, "cache_append_ms": 0.0, "dense_attention_ms": 0.0, "host_to_gpu_ms": 0.0}, "cuda_ms": 106.63219451904297, "finite": true, "measured": true, "status": "decode_step", "step": 31, "wall_ms": 106.66632885113358}
{"argmax": 369, "components": {"attention_block_ms": 0.0, "cache_append_ms": 0.0, "dense_attention_ms": 0.0, "host_to_gpu_ms": 0.0}, "cuda_ms": 106.71014404296875, "finite": true, "measured": true, "status": "decode_step", "step": 32, "wall_ms": 106.74867266789079}
{"argmax": 586, "components": {"attention_block_ms": 0.0, "cache_append_ms": 0.0, "dense_attention_ms": 0.0, "host_to_gpu_ms": 0.0}, "cuda_ms": 106.72335815429688, "finite": true, "measured": true, "status": "decode_step", "step": 33, "wall_ms": 106.75797564908862}
{"argmax": 7100, "components": {"attention_block_ms": 0.0, "cache_append_ms": 0.0, "dense_attention_ms": 0.0, "host_to_gpu_ms": 0.0}, "cuda_ms": 106.58921813964844, "finite": true, "measured": true, "status": "decode_step", "step": 34, "wall_ms": 106.64329398423433}
{"argmax": 11351, "components": {"attention_block_ms": 0.0, "cache_append_ms": 0.0, "dense_attention_ms": 0.0, "host_to_gpu_ms": 0.0}, "cuda_ms": 106.7720947265625, "finite": true, "measured": true, "status": "decode_step", "step": 35, "wall_ms": 106.80797090753913}
{"argmax": 13, "components": {"attention_block_ms": 0.0, "cache_append_ms": 0.0, "dense_attention_ms": 0.0, "host_to_gpu_ms": 0.0}, "cuda_ms": 106.56281280517578, "finite": true, "measured": true, "status": "decode_step", "step": 36, "wall_ms": 106.5986780449748}
{"argmax": 578, "components": {"attention_block_ms": 0.0, "cache_append_ms": 0.0, "dense_attention_ms": 0.0, "host_to_gpu_ms": 0.0}, "cuda_ms": 106.55987548828125, "finite": true, "measured": true, "status": "decode_step", "step": 37, "wall_ms": 106.59651411697268}
{"argmax": 3388, "components": {"attention_block_ms": 0.0, "cache_append_ms": 0.0, "dense_attention_ms": 0.0, "host_to_gpu_ms": 0.0}, "cuda_ms": 106.57449340820312, "finite": true, "measured": true, "status": "decode_step", "step": 38, "wall_ms": 106.6085328347981}
{"argmax": 374, "components": {"attention_block_ms": 0.0, "cache_append_ms": 0.0, "dense_attention_ms": 0.0, "host_to_gpu_ms": 0.0}, "cuda_ms": 106.75689697265625, "finite": true, "measured": true, "status": "decode_step", "step": 39, "wall_ms": 106.79253842681646}
{"argmax": 389, "components": {"attention_block_ms": 0.0, "cache_append_ms": 0.0, "dense_attention_ms": 0.0, "host_to_gpu_ms": 0.0}, "cuda_ms": 106.61177825927734, "finite": true, "measured": true, "status": "decode_step", "step": 40, "wall_ms": 106.64593894034624}
{"argmax": 279, "components": {"attention_block_ms": 0.0, "cache_append_ms": 0.0, "dense_attention_ms": 0.0, "host_to_gpu_ms": 0.0}, "cuda_ms": 106.51222229003906, "finite": true, "measured": true, "status": "decode_step", "step": 41, "wall_ms": 106.54689092189074}
{"argmax": 3560, "components": {"attention_block_ms": 0.0, "cache_append_ms": 0.0, "dense_attention_ms": 0.0, "host_to_gpu_ms": 0.0}, "cuda_ms": 106.5750732421875, "finite": true, "measured": true, "status": "decode_step", "step": 42, "wall_ms": 106.60907393321395}
{"argmax": 315, "components": {"attention_block_ms": 0.0, "cache_append_ms": 0.0, "dense_attention_ms": 0.0, "host_to_gpu_ms": 0.0}, "cuda_ms": 106.5964126586914, "finite": true, "measured": true, "status": "decode_step", "step": 43, "wall_ms": 106.63015395402908}
{"argmax": 33184, "components": {"attention_block_ms": 0.0, "cache_append_ms": 0.0, "dense_attention_ms": 0.0, "host_to_gpu_ms": 0.0}, "cuda_ms": 106.5660171508789, "finite": true, "measured": true, "status": "decode_step", "step": 44, "wall_ms": 106.60142218694091}
{"argmax": 11335, "components": {"attention_block_ms": 0.0, "cache_append_ms": 0.0, "dense_attention_ms": 0.0, "host_to_gpu_ms": 0.0}, "cuda_ms": 106.69065856933594, "finite": true, "measured": true, "status": "decode_step", "step": 45, "wall_ms": 106.78518610075116}
{"argmax": 304, "components": {"attention_block_ms": 0.0, "cache_append_ms": 0.0, "dense_attention_ms": 0.0, "host_to_gpu_ms": 0.0}, "cuda_ms": 106.9637451171875, "finite": true, "measured": true, "status": "decode_step", "step": 46, "wall_ms": 107.0274687372148}
{"argmax": 279, "components": {"attention_block_ms": 0.0, "cache_append_ms": 0.0, "dense_attention_ms": 0.0, "host_to_gpu_ms": 0.0}, "cuda_ms": 106.72434997558594, "finite": true, "measured": true, "status": "decode_step", "step": 47, "wall_ms": 106.76016891375184}
{"argmax": 4500, "components": {"attention_block_ms": 0.0, "cache_append_ms": 0.0, "dense_attention_ms": 0.0, "host_to_gpu_ms": 0.0}, "cuda_ms": 106.69913482666016, "finite": true, "measured": true, "status": "decode_step", "step": 48, "wall_ms": 106.73403972759843}
{"argmax": 315, "components": {"attention_block_ms": 0.0, "cache_append_ms": 0.0, "dense_attention_ms": 0.0, "host_to_gpu_ms": 0.0}, "cuda_ms": 106.7125473022461, "finite": true, "measured": true, "status": "decode_step", "step": 49, "wall_ms": 106.74568684771657}
{"argmax": 33184, "components": {"attention_block_ms": 0.0, "cache_append_ms": 0.0, "dense_attention_ms": 0.0, "host_to_gpu_ms": 0.0}, "cuda_ms": 106.81209564208984, "finite": true, "measured": true, "status": "decode_step", "step": 50, "wall_ms": 106.86497576534748}
{"argmax": 33184, "components": {"attention_block_ms": 0.0, "cache_append_ms": 0.0, "dense_attention_ms": 0.0, "host_to_gpu_ms": 0.0}, "cuda_ms": 106.53926086425781, "finite": true, "measured": true, "status": "decode_step", "step": 51, "wall_ms": 106.57412093132734}
{"argmax": 10706, "components": {"attention_block_ms": 0.0, "cache_append_ms": 0.0, "dense_attention_ms": 0.0, "host_to_gpu_ms": 0.0}, "cuda_ms": 106.89299011230469, "finite": true, "measured": true, "status": "decode_step", "step": 52, "wall_ms": 106.93760495632887}
{"argmax": 323, "components": {"attention_block_ms": 0.0, "cache_append_ms": 0.0, "dense_attention_ms": 0.0, "host_to_gpu_ms": 0.0}, "cuda_ms": 106.70787048339844, "finite": true, "measured": true, "status": "decode_step", "step": 53, "wall_ms": 106.76118079572916}
{"argmax": 279, "components": {"attention_block_ms": 0.0, "cache_append_ms": 0.0, "dense_attention_ms": 0.0, "host_to_gpu_ms": 0.0}, "cuda_ms": 106.5927963256836, "finite": true, "measured": true, "status": "decode_step", "step": 54, "wall_ms": 106.62845289334655}
{"argmax": 5133, "components": {"attention_block_ms": 0.0, "cache_append_ms": 0.0, "dense_attention_ms": 0.0, "host_to_gpu_ms": 0.0}, "cuda_ms": 106.60569763183594, "finite": true, "measured": true, "status": "decode_step", "step": 55, "wall_ms": 106.64536710828543}
{"argmax": 311, "components": {"attention_block_ms": 0.0, "cache_append_ms": 0.0, "dense_attention_ms": 0.0, "host_to_gpu_ms": 0.0}, "cuda_ms": 106.6476821899414, "finite": true, "measured": true, "status": "decode_step", "step": 56, "wall_ms": 106.69877706095576}
{"argmax": 279, "components": {"attention_block_ms": 0.0, "cache_append_ms": 0.0, "dense_attention_ms": 0.0, "host_to_gpu_ms": 0.0}, "cuda_ms": 106.56028747558594, "finite": true, "measured": true, "status": "decode_step", "step": 57, "wall_ms": 106.60276375710964}
{"argmax": 323, "components": {"attention_block_ms": 0.0, "cache_append_ms": 0.0, "dense_attention_ms": 0.0, "host_to_gpu_ms": 0.0}, "cuda_ms": 106.76179504394531, "finite": true, "measured": true, "status": "decode_step", "step": 58, "wall_ms": 106.79559176787734}
{"argmax": 13, "components": {"attention_block_ms": 0.0, "cache_append_ms": 0.0, "dense_attention_ms": 0.0, "host_to_gpu_ms": 0.0}, "cuda_ms": 106.6428451538086, "finite": true, "measured": true, "status": "decode_step", "step": 59, "wall_ms": 106.69575305655599}
{"argmax": 41582, "components": {"attention_block_ms": 0.0, "cache_append_ms": 0.0, "dense_attention_ms": 0.0, "host_to_gpu_ms": 0.0}, "cuda_ms": 106.61366271972656, "finite": true, "measured": true, "status": "decode_step", "step": 60, "wall_ms": 106.65093641728163}
{"argmax": 11, "components": {"attention_block_ms": 0.0, "cache_append_ms": 0.0, "dense_attention_ms": 0.0, "host_to_gpu_ms": 0.0}, "cuda_ms": 106.5216293334961, "finite": true, "measured": true, "status": "decode_step", "step": 61, "wall_ms": 106.55677458271384}
{"argmax": 323, "components": {"attention_block_ms": 0.0, "cache_append_ms": 0.0, "dense_attention_ms": 0.0, "host_to_gpu_ms": 0.0}, "cuda_ms": 106.56227111816406, "finite": true, "measured": true, "status": "decode_step", "step": 62, "wall_ms": 106.59877816215158}
{"argmax": 1023, "components": {"attention_block_ms": 0.0, "cache_append_ms": 0.0, "dense_attention_ms": 0.0, "host_to_gpu_ms": 0.0}, "cuda_ms": 106.75625610351562, "finite": true, "measured": true, "status": "decode_step", "step": 63, "wall_ms": 106.79095517843962}
{"argmax": 11006, "components": {"attention_block_ms": 0.0, "cache_append_ms": 0.0, "dense_attention_ms": 0.0, "host_to_gpu_ms": 0.0}, "cuda_ms": 106.57727813720703, "finite": true, "measured": true, "status": "decode_step", "step": 64, "wall_ms": 106.61315871402621}
{"argmax": 5315, "components": {"attention_block_ms": 0.0, "cache_append_ms": 0.0, "dense_attention_ms": 0.0, "host_to_gpu_ms": 0.0}, "cuda_ms": 106.7485122680664, "finite": true, "measured": true, "status": "decode_step", "step": 65, "wall_ms": 106.7847958765924}
{"argmax": 519, "components": {"attention_block_ms": 0.0, "cache_append_ms": 0.0, "dense_attention_ms": 0.0, "host_to_gpu_ms": 0.0}, "cuda_ms": 106.74601745605469, "finite": true, "measured": true, "status": "decode_step", "step": 66, "wall_ms": 106.782091781497}
{"argmax": 28846, "components": {"attention_block_ms": 0.0, "cache_append_ms": 0.0, "dense_attention_ms": 0.0, "host_to_gpu_ms": 0.0}, "cuda_ms": 106.67132568359375, "finite": true, "measured": true, "status": "decode_step", "step": 67, "wall_ms": 106.73027392476797}
{"argmax": 11351, "components": {"attention_block_ms": 0.0, "cache_append_ms": 0.0, "dense_attention_ms": 0.0, "host_to_gpu_ms": 0.0}, "cuda_ms": 106.67830657958984, "finite": true, "measured": true, "status": "decode_step", "step": 68, "wall_ms": 106.71558184549212}
{"argmax": 13, "components": {"attention_block_ms": 0.0, "cache_append_ms": 0.0, "dense_attention_ms": 0.0, "host_to_gpu_ms": 0.0}, "cuda_ms": 106.58438110351562, "finite": true, "measured": true, "status": "decode_step", "step": 69, "wall_ms": 106.61678481847048}
{"argmax": 578, "components": {"attention_block_ms": 0.0, "cache_append_ms": 0.0, "dense_attention_ms": 0.0, "host_to_gpu_ms": 0.0}, "cuda_ms": 106.81132507324219, "finite": true, "measured": true, "status": "decode_step", "step": 70, "wall_ms": 106.84484569355845}
{"argmax": 311, "components": {"attention_block_ms": 0.0, "cache_append_ms": 0.0, "dense_attention_ms": 0.0, "host_to_gpu_ms": 0.0}, "cuda_ms": 106.70150756835938, "finite": true, "measured": true, "status": "decode_step", "step": 71, "wall_ms": 106.73684487119317}
{"argmax": 4236, "components": {"attention_block_ms": 0.0, "cache_append_ms": 0.0, "dense_attention_ms": 0.0, "host_to_gpu_ms": 0.0}, "cuda_ms": 106.60610961914062, "finite": true, "measured": true, "status": "decode_step", "step": 72, "wall_ms": 106.6408809274435}
{"argmax": 468, "components": {"attention_block_ms": 0.0, "cache_append_ms": 0.0, "dense_attention_ms": 0.0, "host_to_gpu_ms": 0.0}, "cuda_ms": 106.75341033935547, "finite": true, "measured": true, "status": "decode_step", "step": 73, "wall_ms": 106.78471578285098}
{"argmax": 13, "components": {"attention_block_ms": 0.0, "cache_append_ms": 0.0, "dense_attention_ms": 0.0, "host_to_gpu_ms": 0.0}, "cuda_ms": 106.68838500976562, "finite": true, "measured": true, "status": "decode_step", "step": 74, "wall_ms": 106.81678401306272}
{"argmax": 2947, "components": {"attention_block_ms": 0.0, "cache_append_ms": 0.0, "dense_attention_ms": 0.0, "host_to_gpu_ms": 0.0}, "cuda_ms": 107.29609680175781, "finite": true, "measured": true, "status": "decode_step", "step": 75, "wall_ms": 107.33657097443938}
{"argmax": 8536, "components": {"attention_block_ms": 0.0, "cache_append_ms": 0.0, "dense_attention_ms": 0.0, "host_to_gpu_ms": 0.0}, "cuda_ms": 106.9735336303711, "finite": true, "measured": true, "status": "decode_step", "step": 76, "wall_ms": 107.01316688209772}
{"argmax": 6150, "components": {"attention_block_ms": 0.0, "cache_append_ms": 0.0, "dense_attention_ms": 0.0, "host_to_gpu_ms": 0.0}, "cuda_ms": 106.76185607910156, "finite": true, "measured": true, "status": "decode_step", "step": 77, "wall_ms": 106.81835608556867}
{"argmax": 315, "components": {"attention_block_ms": 0.0, "cache_append_ms": 0.0, "dense_attention_ms": 0.0, "host_to_gpu_ms": 0.0}, "cuda_ms": 106.82611083984375, "finite": true, "measured": true, "status": "decode_step", "step": 78, "wall_ms": 106.86448495835066}
{"argmax": 3142, "components": {"attention_block_ms": 0.0, "cache_append_ms": 0.0, "dense_attention_ms": 0.0, "host_to_gpu_ms": 0.0}, "cuda_ms": 106.79593658447266, "finite": true, "measured": true, "status": "decode_step", "step": 79, "wall_ms": 106.83380998671055}
{"argmax": 323, "components": {"attention_block_ms": 0.0, "cache_append_ms": 0.0, "dense_attention_ms": 0.0, "host_to_gpu_ms": 0.0}, "cuda_ms": 106.90995025634766, "finite": true, "measured": true, "status": "decode_step", "step": 80, "wall_ms": 106.94781877100468}
{"argmax": 7327, "components": {"attention_block_ms": 0.0, "cache_append_ms": 0.0, "dense_attention_ms": 0.0, "host_to_gpu_ms": 0.0}, "cuda_ms": 106.82796478271484, "finite": true, "measured": true, "status": "decode_step", "step": 81, "wall_ms": 106.88351327553391}
{"argmax": 23298, "components": {"attention_block_ms": 0.0, "cache_append_ms": 0.0, "dense_attention_ms": 0.0, "host_to_gpu_ms": 0.0}, "cuda_ms": 106.93539428710938, "finite": true, "measured": true, "status": "decode_step", "step": 82, "wall_ms": 106.9716950878501}
{"argmax": 4236, "components": {"attention_block_ms": 0.0, "cache_append_ms": 0.0, "dense_attention_ms": 0.0, "host_to_gpu_ms": 0.0}, "cuda_ms": 106.79472351074219, "finite": true, "measured": true, "status": "decode_step", "step": 83, "wall_ms": 106.82853171601892}
{"argmax": 26, "components": {"attention_block_ms": 0.0, "cache_append_ms": 0.0, "dense_attention_ms": 0.0, "host_to_gpu_ms": 0.0}, "cuda_ms": 106.95970916748047, "finite": true, "measured": true, "status": "decode_step", "step": 84, "wall_ms": 106.99567059054971}
{"argmax": 3885, "components": {"attention_block_ms": 0.0, "cache_append_ms": 0.0, "dense_attention_ms": 0.0, "host_to_gpu_ms": 0.0}, "cuda_ms": 106.6710433959961, "finite": true, "measured": true, "status": "decode_step", "step": 85, "wall_ms": 106.70792125165462}
{"argmax": 449, "components": {"attention_block_ms": 0.0, "cache_append_ms": 0.0, "dense_attention_ms": 0.0, "host_to_gpu_ms": 0.0}, "cuda_ms": 106.56607818603516, "finite": true, "measured": true, "status": "decode_step", "step": 86, "wall_ms": 106.60132206976414}
{"argmax": 2947, "components": {"attention_block_ms": 0.0, "cache_append_ms": 0.0, "dense_attention_ms": 0.0, "host_to_gpu_ms": 0.0}, "cuda_ms": 106.65229034423828, "finite": true, "measured": true, "status": "decode_step", "step": 87, "wall_ms": 106.68687988072634}
{"argmax": 8536, "components": {"attention_block_ms": 0.0, "cache_append_ms": 0.0, "dense_attention_ms": 0.0, "host_to_gpu_ms": 0.0}, "cuda_ms": 106.7738265991211, "finite": true, "measured": true, "status": "decode_step", "step": 88, "wall_ms": 106.81023402139544}
{"argmax": 6150, "components": {"attention_block_ms": 0.0, "cache_append_ms": 0.0, "dense_attention_ms": 0.0, "host_to_gpu_ms": 0.0}, "cuda_ms": 106.5980453491211, "finite": true, "measured": true, "status": "decode_step", "step": 89, "wall_ms": 106.63396120071411}
{"argmax": 8041, "components": {"attention_block_ms": 0.0, "cache_append_ms": 0.0, "dense_attention_ms": 0.0, "host_to_gpu_ms": 0.0}, "cuda_ms": 106.75456237792969, "finite": true, "measured": true, "status": "decode_step", "step": 90, "wall_ms": 106.79081408306956}
{"argmax": 627, "components": {"attention_block_ms": 0.0, "cache_append_ms": 0.0, "dense_attention_ms": 0.0, "host_to_gpu_ms": 0.0}, "cuda_ms": 106.63046264648438, "finite": true, "measured": true, "status": "decode_step", "step": 91, "wall_ms": 106.66497703641653}
{"argmax": 791, "components": {"attention_block_ms": 0.0, "cache_append_ms": 0.0, "dense_attention_ms": 0.0, "host_to_gpu_ms": 0.0}, "cuda_ms": 106.61347198486328, "finite": true, "measured": true, "status": "decode_step", "step": 92, "wall_ms": 106.65584309026599}
{"argmax": 3388, "components": {"attention_block_ms": 0.0, "cache_append_ms": 0.0, "dense_attention_ms": 0.0, "host_to_gpu_ms": 0.0}, "cuda_ms": 106.57183837890625, "finite": true, "measured": true, "status": "decode_step", "step": 93, "wall_ms": 106.60654911771417}
{"argmax": 49095, "components": {"attention_block_ms": 0.0, "cache_append_ms": 0.0, "dense_attention_ms": 0.0, "host_to_gpu_ms": 0.0}, "cuda_ms": 106.76595306396484, "finite": true, "measured": true, "status": "decode_step", "step": 94, "wall_ms": 106.80078901350498}
{"argmax": 6319, "components": {"attention_block_ms": 0.0, "cache_append_ms": 0.0, "dense_attention_ms": 0.0, "host_to_gpu_ms": 0.0}, "cuda_ms": 106.64031982421875, "finite": true, "measured": true, "status": "decode_step", "step": 95, "wall_ms": 106.67436104267836}
{"argmax": 4236, "components": {"attention_block_ms": 0.0, "cache_append_ms": 0.0, "dense_attention_ms": 0.0, "host_to_gpu_ms": 0.0}, "cuda_ms": 106.73878479003906, "finite": true, "measured": true, "status": "decode_step", "step": 96, "wall_ms": 106.79423995316029}
{"argmax": 889, "components": {"attention_block_ms": 0.0, "cache_append_ms": 0.0, "dense_attention_ms": 0.0, "host_to_gpu_ms": 0.0}, "cuda_ms": 106.75548553466797, "finite": true, "measured": true, "status": "decode_step", "step": 97, "wall_ms": 106.79447976872325}
{"argmax": 6156, "components": {"attention_block_ms": 0.0, "cache_append_ms": 0.0, "dense_attention_ms": 0.0, "host_to_gpu_ms": 0.0}, "cuda_ms": 106.64765167236328, "finite": true, "measured": true, "status": "decode_step", "step": 98, "wall_ms": 106.68199276551604}
{"argmax": 9021, "components": {"attention_block_ms": 0.0, "cache_append_ms": 0.0, "dense_attention_ms": 0.0, "host_to_gpu_ms": 0.0}, "cuda_ms": 106.60095977783203, "finite": true, "measured": true, "status": "decode_step", "step": 99, "wall_ms": 106.65591293945909}
{"argmax": 374, "components": {"attention_block_ms": 0.0, "cache_append_ms": 0.0, "dense_attention_ms": 0.0, "host_to_gpu_ms": 0.0}, "cuda_ms": 106.72176361083984, "finite": true, "measured": true, "status": "decode_step", "step": 100, "wall_ms": 106.75722500309348}
{"argmax": 304, "components": {"attention_block_ms": 0.0, "cache_append_ms": 0.0, "dense_attention_ms": 0.0, "host_to_gpu_ms": 0.0}, "cuda_ms": 106.6863021850586, "finite": true, "measured": true, "status": "decode_step", "step": 101, "wall_ms": 106.73833591863513}
{"argmax": 33184, "components": {"attention_block_ms": 0.0, "cache_append_ms": 0.0, "dense_attention_ms": 0.0, "host_to_gpu_ms": 0.0}, "cuda_ms": 106.74070739746094, "finite": true, "measured": true, "status": "decode_step", "step": 102, "wall_ms": 106.77435994148254}
{"argmax": 10706, "components": {"attention_block_ms": 0.0, "cache_append_ms": 0.0, "dense_attention_ms": 0.0, "host_to_gpu_ms": 0.0}, "cuda_ms": 106.5459213256836, "finite": true, "measured": true, "status": "decode_step", "step": 103, "wall_ms": 109.61697902530432}
{"argmax": 13, "components": {"attention_block_ms": 0.0, "cache_append_ms": 0.0, "dense_attention_ms": 0.0, "host_to_gpu_ms": 0.0}, "cuda_ms": 106.57997131347656, "finite": true, "measured": true, "status": "decode_step", "step": 104, "wall_ms": 106.61563277244568}
{"argmax": 889, "components": {"attention_block_ms": 0.0, "cache_append_ms": 0.0, "dense_attention_ms": 0.0, "host_to_gpu_ms": 0.0}, "cuda_ms": 106.87225341796875, "finite": true, "measured": true, "status": "decode_step", "step": 105, "wall_ms": 106.90956236794591}
{"argmax": 311, "components": {"attention_block_ms": 0.0, "cache_append_ms": 0.0, "dense_attention_ms": 0.0, "host_to_gpu_ms": 0.0}, "cuda_ms": 106.89523315429688, "finite": true, "measured": true, "status": "decode_step", "step": 106, "wall_ms": 106.93244589492679}
{"argmax": 387, "components": {"attention_block_ms": 0.0, "cache_append_ms": 0.0, "dense_attention_ms": 0.0, "host_to_gpu_ms": 0.0}, "cuda_ms": 106.64739227294922, "finite": true, "measured": true, "status": "decode_step", "step": 107, "wall_ms": 106.69048503041267}
{"argmax": 264, "components": {"attention_block_ms": 0.0, "cache_append_ms": 0.0, "dense_attention_ms": 0.0, "host_to_gpu_ms": 0.0}, "cuda_ms": 106.55814361572266, "finite": true, "measured": true, "status": "decode_step", "step": 108, "wall_ms": 106.59207822754979}
{"argmax": 6373, "components": {"attention_block_ms": 0.0, "cache_append_ms": 0.0, "dense_attention_ms": 0.0, "host_to_gpu_ms": 0.0}, "cuda_ms": 106.51033782958984, "finite": true, "measured": true, "status": "decode_step", "step": 109, "wall_ms": 106.54168296605349}
{"argmax": 10093, "components": {"attention_block_ms": 0.0, "cache_append_ms": 0.0, "dense_attention_ms": 0.0, "host_to_gpu_ms": 0.0}, "cuda_ms": 106.65049743652344, "finite": true, "measured": true, "status": "decode_step", "step": 110, "wall_ms": 106.67877737432718}
{"argmax": 304, "components": {"attention_block_ms": 0.0, "cache_append_ms": 0.0, "dense_attention_ms": 0.0, "host_to_gpu_ms": 0.0}, "cuda_ms": 106.59855651855469, "finite": true, "measured": true, "status": "decode_step", "step": 111, "wall_ms": 106.63294931873679}
{"argmax": 279, "components": {"attention_block_ms": 0.0, "cache_append_ms": 0.0, "dense_attention_ms": 0.0, "host_to_gpu_ms": 0.0}, "cuda_ms": 106.5831069946289, "finite": true, "measured": true, "status": "decode_step", "step": 112, "wall_ms": 106.61365976557136}
{"argmax": 13, "components": {"attention_block_ms": 0.0, "cache_append_ms": 0.0, "dense_attention_ms": 0.0, "host_to_gpu_ms": 0.0}, "cuda_ms": 106.53814697265625, "finite": true, "measured": true, "status": "decode_step", "step": 113, "wall_ms": 106.567591894418}
{"argmax": 578, "components": {"attention_block_ms": 0.0, "cache_append_ms": 0.0, "dense_attention_ms": 0.0, "host_to_gpu_ms": 0.0}, "cuda_ms": 106.60982513427734, "finite": true, "measured": true, "status": "decode_step", "step": 114, "wall_ms": 106.6415417008102}
{"argmax": 3388, "components": {"attention_block_ms": 0.0, "cache_append_ms": 0.0, "dense_attention_ms": 0.0, "host_to_gpu_ms": 0.0}, "cuda_ms": 106.58185577392578, "finite": true, "measured": true, "status": "decode_step", "step": 115, "wall_ms": 106.61004483699799}
{"argmax": 24400, "components": {"attention_block_ms": 0.0, "cache_append_ms": 0.0, "dense_attention_ms": 0.0, "host_to_gpu_ms": 0.0}, "cuda_ms": 106.56368255615234, "finite": true, "measured": true, "status": "decode_step", "step": 116, "wall_ms": 106.59249918535352}
{"argmax": 264, "components": {"attention_block_ms": 0.0, "cache_append_ms": 0.0, "dense_attention_ms": 0.0, "host_to_gpu_ms": 0.0}, "cuda_ms": 106.52861022949219, "finite": true, "measured": true, "status": "decode_step", "step": 117, "wall_ms": 106.55703488737345}
{"argmax": 6677, "components": {"attention_block_ms": 0.0, "cache_append_ms": 0.0, "dense_attention_ms": 0.0, "host_to_gpu_ms": 0.0}, "cuda_ms": 106.58515167236328, "finite": true, "measured": true, "status": "decode_step", "step": 118, "wall_ms": 106.61737574264407}
{"argmax": 323, "components": {"attention_block_ms": 0.0, "cache_append_ms": 0.0, "dense_attention_ms": 0.0, "host_to_gpu_ms": 0.0}, "cuda_ms": 106.57218933105469, "finite": true, "measured": true, "status": "decode_step", "step": 119, "wall_ms": 106.60185292363167}
{"argmax": 4236, "components": {"attention_block_ms": 0.0, "cache_append_ms": 0.0, "dense_attention_ms": 0.0, "host_to_gpu_ms": 0.0}, "cuda_ms": 106.78498840332031, "finite": true, "measured": true, "status": "decode_step", "step": 120, "wall_ms": 106.81448969990015}
{"argmax": 287, "components": {"attention_block_ms": 0.0, "cache_append_ms": 0.0, "dense_attention_ms": 0.0, "host_to_gpu_ms": 0.0}, "cuda_ms": 106.5862045288086, "finite": true, "measured": true, "status": "decode_step", "step": 121, "wall_ms": 106.61578411236405}
{"argmax": 11, "components": {"attention_block_ms": 0.0, "cache_append_ms": 0.0, "dense_attention_ms": 0.0, "host_to_gpu_ms": 0.0}, "cuda_ms": 106.56604766845703, "finite": true, "measured": true, "status": "decode_step", "step": 122, "wall_ms": 106.5943012945354}
{"argmax": 279, "components": {"attention_block_ms": 0.0, "cache_append_ms": 0.0, "dense_attention_ms": 0.0, "host_to_gpu_ms": 0.0}, "cuda_ms": 106.5552978515625, "finite": true, "measured": true, "status": "decode_step", "step": 123, "wall_ms": 106.58428724855185}
{"argmax": 33184, "components": {"attention_block_ms": 0.0, "cache_append_ms": 0.0, "dense_attention_ms": 0.0, "host_to_gpu_ms": 0.0}, "cuda_ms": 106.60774230957031, "finite": true, "measured": true, "status": "decode_step", "step": 124, "wall_ms": 106.63556400686502}
{"argmax": 7471, "components": {"attention_block_ms": 0.0, "cache_append_ms": 0.0, "dense_attention_ms": 0.0, "host_to_gpu_ms": 0.0}, "cuda_ms": 106.54867553710938, "finite": true, "measured": true, "status": "decode_step", "step": 125, "wall_ms": 106.58238409087062}
{"argmax": 8830, "components": {"attention_block_ms": 0.0, "cache_append_ms": 0.0, "dense_attention_ms": 0.0, "host_to_gpu_ms": 0.0}, "cuda_ms": 106.54918670654297, "finite": true, "measured": true, "status": "decode_step", "step": 126, "wall_ms": 106.57552303746343}
{"argmax": 279, "components": {"attention_block_ms": 0.0, "cache_append_ms": 0.0, "dense_attention_ms": 0.0, "host_to_gpu_ms": 0.0}, "cuda_ms": 106.57299041748047, "finite": true, "measured": true, "status": "decode_step", "step": 127, "wall_ms": 106.59978957846761}
{"argmax": 3388, "components": {"attention_block_ms": 0.0, "cache_append_ms": 0.0, "dense_attention_ms": 0.0, "host_to_gpu_ms": 0.0}, "cuda_ms": 106.5634536743164, "finite": true, "measured": true, "status": "decode_step", "step": 128, "wall_ms": 106.59325029700994}
{"argmax": 369, "components": {"attention_block_ms": 0.0, "cache_append_ms": 0.0, "dense_attention_ms": 0.0, "host_to_gpu_ms": 0.0}, "cuda_ms": 106.53948974609375, "finite": true, "measured": true, "status": "decode_step", "step": 129, "wall_ms": 106.56778188422322}
{"argmax": 37419, "components": {"attention_block_ms": 0.0, "cache_append_ms": 0.0, "dense_attention_ms": 0.0, "host_to_gpu_ms": 0.0}, "cuda_ms": 106.53056335449219, "finite": true, "measured": true, "status": "decode_step", "step": 130, "wall_ms": 106.55859811231494}
{"argmax": 6373, "components": {"attention_block_ms": 0.0, "cache_append_ms": 0.0, "dense_attention_ms": 0.0, "host_to_gpu_ms": 0.0}, "cuda_ms": 106.5598373413086, "finite": true, "measured": true, "status": "decode_step", "step": 131, "wall_ms": 106.59622400999069}
{"argmax": 11, "components": {"attention_block_ms": 0.0, "cache_append_ms": 0.0, "dense_attention_ms": 0.0, "host_to_gpu_ms": 0.0}, "cuda_ms": 106.54463958740234, "finite": true, "measured": true, "status": "decode_step", "step": 132, "wall_ms": 106.5741409547627}
{"argmax": 6020, "components": {"attention_block_ms": 0.0, "cache_append_ms": 0.0, "dense_attention_ms": 0.0, "host_to_gpu_ms": 0.0}, "cuda_ms": 106.59203338623047, "finite": true, "measured": true, "status": "decode_step", "step": 133, "wall_ms": 106.62947408854961}
{"argmax": 24043, "components": {"attention_block_ms": 0.0, "cache_append_ms": 0.0, "dense_attention_ms": 0.0, "host_to_gpu_ms": 0.0}, "cuda_ms": 106.54924774169922, "finite": true, "measured": true, "status": "decode_step", "step": 134, "wall_ms": 106.57739732414484}
{"argmax": 13, "components": {"attention_block_ms": 0.0, "cache_append_ms": 0.0, "dense_attention_ms": 0.0, "host_to_gpu_ms": 0.0}, "cuda_ms": 106.52361297607422, "finite": true, "measured": true, "status": "decode_step", "step": 135, "wall_ms": 106.55459202826023}
{"argmax": 578, "components": {"attention_block_ms": 0.0, "cache_append_ms": 0.0, "dense_attention_ms": 0.0, "host_to_gpu_ms": 0.0}, "cuda_ms": 106.58525085449219, "finite": true, "measured": true, "status": "decode_step", "step": 136, "wall_ms": 106.61813709884882}
{"argmax": 311, "components": {"attention_block_ms": 0.0, "cache_append_ms": 0.0, "dense_attention_ms": 0.0, "host_to_gpu_ms": 0.0}, "cuda_ms": 106.58870697021484, "finite": true, "measured": true, "status": "decode_step", "step": 137, "wall_ms": 106.6189892590046}
{"argmax": 19816, "components": {"attention_block_ms": 0.0, "cache_append_ms": 0.0, "dense_attention_ms": 0.0, "host_to_gpu_ms": 0.0}, "cuda_ms": 106.53638458251953, "finite": true, "measured": true, "status": "decode_step", "step": 138, "wall_ms": 106.56272433698177}
{"argmax": 468, "components": {"attention_block_ms": 0.0, "cache_append_ms": 0.0, "dense_attention_ms": 0.0, "host_to_gpu_ms": 0.0}, "cuda_ms": 106.56278228759766, "finite": true, "measured": true, "status": "decode_step", "step": 139, "wall_ms": 106.59217787906528}
{"argmax": 13, "components": {"attention_block_ms": 0.0, "cache_append_ms": 0.0, "dense_attention_ms": 0.0, "host_to_gpu_ms": 0.0}, "cuda_ms": 106.5987548828125, "finite": true, "measured": true, "status": "decode_step", "step": 140, "wall_ms": 106.63279891014099}
{"argmax": 2947, "components": {"attention_block_ms": 0.0, "cache_append_ms": 0.0, "dense_attention_ms": 0.0, "host_to_gpu_ms": 0.0}, "cuda_ms": 106.57730865478516, "finite": true, "measured": true, "status": "decode_step", "step": 141, "wall_ms": 106.60896310582757}
{"argmax": 8536, "components": {"attention_block_ms": 0.0, "cache_append_ms": 0.0, "dense_attention_ms": 0.0, "host_to_gpu_ms": 0.0}, "cuda_ms": 106.54998779296875, "finite": true, "measured": true, "status": "decode_step", "step": 142, "wall_ms": 106.58198315650225}
{"argmax": 6150, "components": {"attention_block_ms": 0.0, "cache_append_ms": 0.0, "dense_attention_ms": 0.0, "host_to_gpu_ms": 0.0}, "cuda_ms": 106.5684814453125, "finite": true, "measured": true, "status": "decode_step", "step": 143, "wall_ms": 106.59950878471136}
{"decode_cuda_median_ms": 106.61593627929688, "decode_wall_median_ms": 106.65587801486254, "result": "results/system_benchmarks/tp1_dense_full_v6/formal_dense_offload_t16384_r1/benchmark.json", "status": "complete", "validated_layers": 0}
