{"context": 32768, "gpu": "NVIDIA L40S", "measure_steps": 128, "profile_components": false, "status": "starting", "storage": "local", "warmup_steps": 16}
Loading weights:   0%|          | 0/291 [00:00<?, ?it/s]Loading weights: 100%|██████████| 291/291 [00:00<00:00, 9588.30it/s]
{"allocated_gib": 18.975229263305664, "exact_kv_gib": 4.017578125, "gpu_staging_gib": 0.0, "host_exact_kv_gib": 0.0, "status": "model_ready"}
{"peak_allocated_gib": 20.874032974243164, "prefill_ms": 4876.91748046875, "status": "prefill_complete"}
{"argmax": 11, "components": {"attention_block_ms": 0.0, "cache_append_ms": 0.0, "dense_attention_ms": 0.0, "host_to_gpu_ms": 0.0}, "cuda_ms": 93.66806030273438, "finite": true, "measured": false, "status": "decode_step", "step": 0, "wall_ms": 93.67795381695032}
{"argmax": 396, "components": {"attention_block_ms": 0.0, "cache_append_ms": 0.0, "dense_attention_ms": 0.0, "host_to_gpu_ms": 0.0}, "cuda_ms": 30.318239212036133, "finite": true, "measured": false, "status": "decode_step", "step": 1, "wall_ms": 30.333681032061577}
{"argmax": 21293, "components": {"attention_block_ms": 0.0, "cache_append_ms": 0.0, "dense_attention_ms": 0.0, "host_to_gpu_ms": 0.0}, "cuda_ms": 30.063552856445312, "finite": true, "measured": false, "status": "decode_step", "step": 2, "wall_ms": 30.07787885144353}
{"argmax": 220, "components": {"attention_block_ms": 0.0, "cache_append_ms": 0.0, "dense_attention_ms": 0.0, "host_to_gpu_ms": 0.0}, "cuda_ms": 30.079679489135742, "finite": true, "measured": false, "status": "decode_step", "step": 3, "wall_ms": 30.094053130596876}
{"argmax": 11, "components": {"attention_block_ms": 0.0, "cache_append_ms": 0.0, "dense_attention_ms": 0.0, "host_to_gpu_ms": 0.0}, "cuda_ms": 30.096576690673828, "finite": true, "measured": false, "status": "decode_step", "step": 4, "wall_ms": 30.111799016594887}
{"argmax": 315, "components": {"attention_block_ms": 0.0, "cache_append_ms": 0.0, "dense_attention_ms": 0.0, "host_to_gpu_ms": 0.0}, "cuda_ms": 30.07036781311035, "finite": true, "measured": false, "status": "decode_step", "step": 5, "wall_ms": 30.08573967963457}
{"argmax": 7658, "components": {"attention_block_ms": 0.0, "cache_append_ms": 0.0, "dense_attention_ms": 0.0, "host_to_gpu_ms": 0.0}, "cuda_ms": 30.070144653320312, "finite": true, "measured": false, "status": "decode_step", "step": 6, "wall_ms": 30.08513990789652}
{"argmax": 323, "components": {"attention_block_ms": 0.0, "cache_append_ms": 0.0, "dense_attention_ms": 0.0, "host_to_gpu_ms": 0.0}, "cuda_ms": 30.08678436279297, "finite": true, "measured": false, "status": "decode_step", "step": 7, "wall_ms": 30.090977903455496}
{"argmax": 7327, "components": {"attention_block_ms": 0.0, "cache_append_ms": 0.0, "dense_attention_ms": 0.0, "host_to_gpu_ms": 0.0}, "cuda_ms": 30.071935653686523, "finite": true, "measured": false, "status": "decode_step", "step": 8, "wall_ms": 30.085801146924496}
{"argmax": 23298, "components": {"attention_block_ms": 0.0, "cache_append_ms": 0.0, "dense_attention_ms": 0.0, "host_to_gpu_ms": 0.0}, "cuda_ms": 30.065536499023438, "finite": true, "measured": false, "status": "decode_step", "step": 9, "wall_ms": 30.081072822213173}
{"argmax": 11, "components": {"attention_block_ms": 0.0, "cache_append_ms": 0.0, "dense_attention_ms": 0.0, "host_to_gpu_ms": 0.0}, "cuda_ms": 30.082368850708008, "finite": true, "measured": false, "status": "decode_step", "step": 10, "wall_ms": 30.09507479146123}
{"argmax": 11, "components": {"attention_block_ms": 0.0, "cache_append_ms": 0.0, "dense_attention_ms": 0.0, "host_to_gpu_ms": 0.0}, "cuda_ms": 30.047775268554688, "finite": true, "measured": false, "status": "decode_step", "step": 11, "wall_ms": 30.062456149607897}
{"argmax": 323, "components": {"attention_block_ms": 0.0, "cache_append_ms": 0.0, "dense_attention_ms": 0.0, "host_to_gpu_ms": 0.0}, "cuda_ms": 30.08608055114746, "finite": true, "measured": false, "status": "decode_step", "step": 12, "wall_ms": 30.102235730737448}
{"argmax": 527, "components": {"attention_block_ms": 0.0, "cache_append_ms": 0.0, "dense_attention_ms": 0.0, "host_to_gpu_ms": 0.0}, "cuda_ms": 30.05027198791504, "finite": true, "measured": false, "status": "decode_step", "step": 13, "wall_ms": 30.06580099463463}
{"argmax": 264, "components": {"attention_block_ms": 0.0, "cache_append_ms": 0.0, "dense_attention_ms": 0.0, "host_to_gpu_ms": 0.0}, "cuda_ms": 30.074464797973633, "finite": true, "measured": false, "status": "decode_step", "step": 14, "wall_ms": 30.089004896581173}
{"argmax": 8536, "components": {"attention_block_ms": 0.0, "cache_append_ms": 0.0, "dense_attention_ms": 0.0, "host_to_gpu_ms": 0.0}, "cuda_ms": 30.047168731689453, "finite": true, "measured": false, "status": "decode_step", "step": 15, "wall_ms": 30.063035897910595}
{"argmax": 13537, "components": {"attention_block_ms": 0.0, "cache_append_ms": 0.0, "dense_attention_ms": 0.0, "host_to_gpu_ms": 0.0}, "cuda_ms": 30.049728393554688, "finite": true, "measured": true, "status": "decode_step", "step": 16, "wall_ms": 30.063918326050043}
{"argmax": 13537, "components": {"attention_block_ms": 0.0, "cache_append_ms": 0.0, "dense_attention_ms": 0.0, "host_to_gpu_ms": 0.0}, "cuda_ms": 30.040767669677734, "finite": true, "measured": true, "status": "decode_step", "step": 17, "wall_ms": 30.054833739995956}
{"argmax": 13, "components": {"attention_block_ms": 0.0, "cache_append_ms": 0.0, "dense_attention_ms": 0.0, "host_to_gpu_ms": 0.0}, "cuda_ms": 30.048959732055664, "finite": true, "measured": true, "status": "decode_step", "step": 18, "wall_ms": 30.061593744903803}
{"argmax": 791, "components": {"attention_block_ms": 0.0, "cache_append_ms": 0.0, "dense_attention_ms": 0.0, "host_to_gpu_ms": 0.0}, "cuda_ms": 30.051359176635742, "finite": true, "measured": true, "status": "decode_step", "step": 19, "wall_ms": 30.065761413425207}
{"argmax": 374, "components": {"attention_block_ms": 0.0, "cache_append_ms": 0.0, "dense_attention_ms": 0.0, "host_to_gpu_ms": 0.0}, "cuda_ms": 30.072832107543945, "finite": true, "measured": true, "status": "decode_step", "step": 20, "wall_ms": 30.08844470605254}
{"argmax": 374, "components": {"attention_block_ms": 0.0, "cache_append_ms": 0.0, "dense_attention_ms": 0.0, "host_to_gpu_ms": 0.0}, "cuda_ms": 30.055871963500977, "finite": true, "measured": true, "status": "decode_step", "step": 21, "wall_ms": 30.068764928728342}
{"argmax": 279, "components": {"attention_block_ms": 0.0, "cache_append_ms": 0.0, "dense_attention_ms": 0.0, "host_to_gpu_ms": 0.0}, "cuda_ms": 30.04524803161621, "finite": true, "measured": true, "status": "decode_step", "step": 22, "wall_ms": 30.05984192714095}
{"argmax": 3560, "components": {"attention_block_ms": 0.0, "cache_append_ms": 0.0, "dense_attention_ms": 0.0, "host_to_gpu_ms": 0.0}, "cuda_ms": 30.048063278198242, "finite": true, "measured": true, "status": "decode_step", "step": 23, "wall_ms": 30.064087826758623}
{"argmax": 323, "components": {"attention_block_ms": 0.0, "cache_append_ms": 0.0, "dense_attention_ms": 0.0, "host_to_gpu_ms": 0.0}, "cuda_ms": 30.053951263427734, "finite": true, "measured": true, "status": "decode_step", "step": 24, "wall_ms": 30.06825502961874}
{"argmax": 26411, "components": {"attention_block_ms": 0.0, "cache_append_ms": 0.0, "dense_attention_ms": 0.0, "host_to_gpu_ms": 0.0}, "cuda_ms": 30.06012725830078, "finite": true, "measured": true, "status": "decode_step", "step": 25, "wall_ms": 30.074724927544594}
{"argmax": 1511, "components": {"attention_block_ms": 0.0, "cache_append_ms": 0.0, "dense_attention_ms": 0.0, "host_to_gpu_ms": 0.0}, "cuda_ms": 30.064800262451172, "finite": true, "measured": true, "status": "decode_step", "step": 26, "wall_ms": 30.08013218641281}
{"argmax": 6968, "components": {"attention_block_ms": 0.0, "cache_append_ms": 0.0, "dense_attention_ms": 0.0, "host_to_gpu_ms": 0.0}, "cuda_ms": 30.034912109375, "finite": true, "measured": true, "status": "decode_step", "step": 27, "wall_ms": 30.049296095967293}
{"argmax": 323, "components": {"attention_block_ms": 0.0, "cache_append_ms": 0.0, "dense_attention_ms": 0.0, "host_to_gpu_ms": 0.0}, "cuda_ms": 30.058176040649414, "finite": true, "measured": true, "status": "decode_step", "step": 28, "wall_ms": 30.072290915995836}
{"argmax": 1862, "components": {"attention_block_ms": 0.0, "cache_append_ms": 0.0, "dense_attention_ms": 0.0, "host_to_gpu_ms": 0.0}, "cuda_ms": 30.040895462036133, "finite": true, "measured": true, "status": "decode_step", "step": 29, "wall_ms": 30.054172966629267}
{"argmax": 91605, "components": {"attention_block_ms": 0.0, "cache_append_ms": 0.0, "dense_attention_ms": 0.0, "host_to_gpu_ms": 0.0}, "cuda_ms": 30.04300880432129, "finite": true, "measured": true, "status": "decode_step", "step": 30, "wall_ms": 30.056616757065058}
{"argmax": 11006, "components": {"attention_block_ms": 0.0, "cache_append_ms": 0.0, "dense_attention_ms": 0.0, "host_to_gpu_ms": 0.0}, "cuda_ms": 30.052095413208008, "finite": true, "measured": true, "status": "decode_step", "step": 31, "wall_ms": 30.067442916333675}
{"argmax": 369, "components": {"attention_block_ms": 0.0, "cache_append_ms": 0.0, "dense_attention_ms": 0.0, "host_to_gpu_ms": 0.0}, "cuda_ms": 30.07859230041504, "finite": true, "measured": true, "status": "decode_step", "step": 32, "wall_ms": 30.090528074651957}
{"argmax": 279, "components": {"attention_block_ms": 0.0, "cache_append_ms": 0.0, "dense_attention_ms": 0.0, "host_to_gpu_ms": 0.0}, "cuda_ms": 30.055744171142578, "finite": true, "measured": true, "status": "decode_step", "step": 33, "wall_ms": 30.07048787549138}
{"argmax": 19071, "components": {"attention_block_ms": 0.0, "cache_append_ms": 0.0, "dense_attention_ms": 0.0, "host_to_gpu_ms": 0.0}, "cuda_ms": 30.078752517700195, "finite": true, "measured": true, "status": "decode_step", "step": 34, "wall_ms": 30.094332993030548}
{"argmax": 11351, "components": {"attention_block_ms": 0.0, "cache_append_ms": 0.0, "dense_attention_ms": 0.0, "host_to_gpu_ms": 0.0}, "cuda_ms": 30.049440383911133, "finite": true, "measured": true, "status": "decode_step", "step": 35, "wall_ms": 30.062225181609392}
{"argmax": 13, "components": {"attention_block_ms": 0.0, "cache_append_ms": 0.0, "dense_attention_ms": 0.0, "host_to_gpu_ms": 0.0}, "cuda_ms": 30.066463470458984, "finite": true, "measured": true, "status": "decode_step", "step": 36, "wall_ms": 30.080222990363836}
{"argmax": 20783, "components": {"attention_block_ms": 0.0, "cache_append_ms": 0.0, "dense_attention_ms": 0.0, "host_to_gpu_ms": 0.0}, "cuda_ms": 30.070816040039062, "finite": true, "measured": true, "status": "decode_step", "step": 37, "wall_ms": 30.08632082492113}
{"argmax": 3388, "components": {"attention_block_ms": 0.0, "cache_append_ms": 0.0, "dense_attention_ms": 0.0, "host_to_gpu_ms": 0.0}, "cuda_ms": 30.052448272705078, "finite": true, "measured": true, "status": "decode_step", "step": 38, "wall_ms": 30.067994259297848}
{"argmax": 14861, "components": {"attention_block_ms": 0.0, "cache_append_ms": 0.0, "dense_attention_ms": 0.0, "host_to_gpu_ms": 0.0}, "cuda_ms": 30.06604766845703, "finite": true, "measured": true, "status": "decode_step", "step": 39, "wall_ms": 30.080372001975775}
{"argmax": 389, "components": {"attention_block_ms": 0.0, "cache_append_ms": 0.0, "dense_attention_ms": 0.0, "host_to_gpu_ms": 0.0}, "cuda_ms": 30.07049560546875, "finite": true, "measured": true, "status": "decode_step", "step": 40, "wall_ms": 30.08389798924327}
{"argmax": 279, "components": {"attention_block_ms": 0.0, "cache_append_ms": 0.0, "dense_attention_ms": 0.0, "host_to_gpu_ms": 0.0}, "cuda_ms": 30.05120086669922, "finite": true, "measured": true, "status": "decode_step", "step": 41, "wall_ms": 30.065590981394053}
{"argmax": 3560, "components": {"attention_block_ms": 0.0, "cache_append_ms": 0.0, "dense_attention_ms": 0.0, "host_to_gpu_ms": 0.0}, "cuda_ms": 30.050464630126953, "finite": true, "measured": true, "status": "decode_step", "step": 42, "wall_ms": 30.066051054745913}
{"argmax": 315, "components": {"attention_block_ms": 0.0, "cache_append_ms": 0.0, "dense_attention_ms": 0.0, "host_to_gpu_ms": 0.0}, "cuda_ms": 30.061119079589844, "finite": true, "measured": true, "status": "decode_step", "step": 43, "wall_ms": 30.07321199402213}
{"argmax": 37419, "components": {"attention_block_ms": 0.0, "cache_append_ms": 0.0, "dense_attention_ms": 0.0, "host_to_gpu_ms": 0.0}, "cuda_ms": 30.065439224243164, "finite": true, "measured": true, "status": "decode_step", "step": 44, "wall_ms": 30.080092139542103}
{"argmax": 11335, "components": {"attention_block_ms": 0.0, "cache_append_ms": 0.0, "dense_attention_ms": 0.0, "host_to_gpu_ms": 0.0}, "cuda_ms": 30.04921531677246, "finite": true, "measured": true, "status": "decode_step", "step": 45, "wall_ms": 30.0645986571908}
{"argmax": 304, "components": {"attention_block_ms": 0.0, "cache_append_ms": 0.0, "dense_attention_ms": 0.0, "host_to_gpu_ms": 0.0}, "cuda_ms": 30.064159393310547, "finite": true, "measured": true, "status": "decode_step", "step": 46, "wall_ms": 30.077388044446707}
{"argmax": 279, "components": {"attention_block_ms": 0.0, "cache_append_ms": 0.0, "dense_attention_ms": 0.0, "host_to_gpu_ms": 0.0}, "cuda_ms": 30.05939292907715, "finite": true, "measured": true, "status": "decode_step", "step": 47, "wall_ms": 30.073943082243204}
{"argmax": 8244, "components": {"attention_block_ms": 0.0, "cache_append_ms": 0.0, "dense_attention_ms": 0.0, "host_to_gpu_ms": 0.0}, "cuda_ms": 30.06915283203125, "finite": true, "measured": true, "status": "decode_step", "step": 48, "wall_ms": 30.084678903222084}
{"argmax": 315, "components": {"attention_block_ms": 0.0, "cache_append_ms": 0.0, "dense_attention_ms": 0.0, "host_to_gpu_ms": 0.0}, "cuda_ms": 30.03718376159668, "finite": true, "measured": true, "status": "decode_step", "step": 49, "wall_ms": 30.05093801766634}
{"argmax": 33184, "components": {"attention_block_ms": 0.0, "cache_append_ms": 0.0, "dense_attention_ms": 0.0, "host_to_gpu_ms": 0.0}, "cuda_ms": 30.084447860717773, "finite": true, "measured": true, "status": "decode_step", "step": 50, "wall_ms": 30.098999850451946}
{"argmax": 33184, "components": {"attention_block_ms": 0.0, "cache_append_ms": 0.0, "dense_attention_ms": 0.0, "host_to_gpu_ms": 0.0}, "cuda_ms": 30.055583953857422, "finite": true, "measured": true, "status": "decode_step", "step": 51, "wall_ms": 30.06973583251238}
{"argmax": 10706, "components": {"attention_block_ms": 0.0, "cache_append_ms": 0.0, "dense_attention_ms": 0.0, "host_to_gpu_ms": 0.0}, "cuda_ms": 30.057504653930664, "finite": true, "measured": true, "status": "decode_step", "step": 52, "wall_ms": 30.072040390223265}
{"argmax": 323, "components": {"attention_block_ms": 0.0, "cache_append_ms": 0.0, "dense_attention_ms": 0.0, "host_to_gpu_ms": 0.0}, "cuda_ms": 30.063840866088867, "finite": true, "measured": true, "status": "decode_step", "step": 53, "wall_ms": 30.079300981014967}
{"argmax": 279, "components": {"attention_block_ms": 0.0, "cache_append_ms": 0.0, "dense_attention_ms": 0.0, "host_to_gpu_ms": 0.0}, "cuda_ms": 30.080223083496094, "finite": true, "measured": true, "status": "decode_step", "step": 54, "wall_ms": 30.09293181821704}
{"argmax": 5133, "components": {"attention_block_ms": 0.0, "cache_append_ms": 0.0, "dense_attention_ms": 0.0, "host_to_gpu_ms": 0.0}, "cuda_ms": 30.050048828125, "finite": true, "measured": true, "status": "decode_step", "step": 55, "wall_ms": 30.064319260418415}
{"argmax": 311, "components": {"attention_block_ms": 0.0, "cache_append_ms": 0.0, "dense_attention_ms": 0.0, "host_to_gpu_ms": 0.0}, "cuda_ms": 30.0699520111084, "finite": true, "measured": true, "status": "decode_step", "step": 56, "wall_ms": 30.086201149970293}
{"argmax": 279, "components": {"attention_block_ms": 0.0, "cache_append_ms": 0.0, "dense_attention_ms": 0.0, "host_to_gpu_ms": 0.0}, "cuda_ms": 30.069599151611328, "finite": true, "measured": true, "status": "decode_step", "step": 57, "wall_ms": 30.083367135375738}
{"argmax": 323, "components": {"attention_block_ms": 0.0, "cache_append_ms": 0.0, "dense_attention_ms": 0.0, "host_to_gpu_ms": 0.0}, "cuda_ms": 30.05561637878418, "finite": true, "measured": true, "status": "decode_step", "step": 58, "wall_ms": 30.070558190345764}
{"argmax": 323, "components": {"attention_block_ms": 0.0, "cache_append_ms": 0.0, "dense_attention_ms": 0.0, "host_to_gpu_ms": 0.0}, "cuda_ms": 30.06585693359375, "finite": true, "measured": true, "status": "decode_step", "step": 59, "wall_ms": 30.082955956459045}
{"argmax": 41582, "components": {"attention_block_ms": 0.0, "cache_append_ms": 0.0, "dense_attention_ms": 0.0, "host_to_gpu_ms": 0.0}, "cuda_ms": 30.084768295288086, "finite": true, "measured": true, "status": "decode_step", "step": 60, "wall_ms": 30.09918099269271}
{"argmax": 11, "components": {"attention_block_ms": 0.0, "cache_append_ms": 0.0, "dense_attention_ms": 0.0, "host_to_gpu_ms": 0.0}, "cuda_ms": 30.060863494873047, "finite": true, "measured": true, "status": "decode_step", "step": 61, "wall_ms": 30.075103975832462}
{"argmax": 323, "components": {"attention_block_ms": 0.0, "cache_append_ms": 0.0, "dense_attention_ms": 0.0, "host_to_gpu_ms": 0.0}, "cuda_ms": 30.070720672607422, "finite": true, "measured": true, "status": "decode_step", "step": 62, "wall_ms": 30.08467797189951}
{"argmax": 3927, "components": {"attention_block_ms": 0.0, "cache_append_ms": 0.0, "dense_attention_ms": 0.0, "host_to_gpu_ms": 0.0}, "cuda_ms": 30.04172706604004, "finite": true, "measured": true, "status": "decode_step", "step": 63, "wall_ms": 30.05654690787196}
{"argmax": 11006, "components": {"attention_block_ms": 0.0, "cache_append_ms": 0.0, "dense_attention_ms": 0.0, "host_to_gpu_ms": 0.0}, "cuda_ms": 30.06764793395996, "finite": true, "measured": true, "status": "decode_step", "step": 64, "wall_ms": 30.081743840128183}
{"argmax": 5315, "components": {"attention_block_ms": 0.0, "cache_append_ms": 0.0, "dense_attention_ms": 0.0, "host_to_gpu_ms": 0.0}, "cuda_ms": 30.080223083496094, "finite": true, "measured": true, "status": "decode_step", "step": 65, "wall_ms": 30.092370230704546}
{"argmax": 519, "components": {"attention_block_ms": 0.0, "cache_append_ms": 0.0, "dense_attention_ms": 0.0, "host_to_gpu_ms": 0.0}, "cuda_ms": 30.05628776550293, "finite": true, "measured": true, "status": "decode_step", "step": 66, "wall_ms": 30.07080778479576}
{"argmax": 1105, "components": {"attention_block_ms": 0.0, "cache_append_ms": 0.0, "dense_attention_ms": 0.0, "host_to_gpu_ms": 0.0}, "cuda_ms": 30.07663917541504, "finite": true, "measured": true, "status": "decode_step", "step": 67, "wall_ms": 30.09219979867339}
{"argmax": 11351, "components": {"attention_block_ms": 0.0, "cache_append_ms": 0.0, "dense_attention_ms": 0.0, "host_to_gpu_ms": 0.0}, "cuda_ms": 30.07302474975586, "finite": true, "measured": true, "status": "decode_step", "step": 68, "wall_ms": 30.085859820246696}
{"argmax": 627, "components": {"attention_block_ms": 0.0, "cache_append_ms": 0.0, "dense_attention_ms": 0.0, "host_to_gpu_ms": 0.0}, "cuda_ms": 30.078399658203125, "finite": true, "measured": true, "status": "decode_step", "step": 69, "wall_ms": 30.09714698418975}
{"argmax": 20783, "components": {"attention_block_ms": 0.0, "cache_append_ms": 0.0, "dense_attention_ms": 0.0, "host_to_gpu_ms": 0.0}, "cuda_ms": 30.0894718170166, "finite": true, "measured": true, "status": "decode_step", "step": 70, "wall_ms": 30.106161255389452}
{"argmax": 311, "components": {"attention_block_ms": 0.0, "cache_append_ms": 0.0, "dense_attention_ms": 0.0, "host_to_gpu_ms": 0.0}, "cuda_ms": 30.064287185668945, "finite": true, "measured": true, "status": "decode_step", "step": 71, "wall_ms": 30.079061165452003}
{"argmax": 19560, "components": {"attention_block_ms": 0.0, "cache_append_ms": 0.0, "dense_attention_ms": 0.0, "host_to_gpu_ms": 0.0}, "cuda_ms": 30.077247619628906, "finite": true, "measured": true, "status": "decode_step", "step": 72, "wall_ms": 30.09473392739892}
{"argmax": 468, "components": {"attention_block_ms": 0.0, "cache_append_ms": 0.0, "dense_attention_ms": 0.0, "host_to_gpu_ms": 0.0}, "cuda_ms": 30.059295654296875, "finite": true, "measured": true, "status": "decode_step", "step": 73, "wall_ms": 30.076397117227316}
{"argmax": 13, "components": {"attention_block_ms": 0.0, "cache_append_ms": 0.0, "dense_attention_ms": 0.0, "host_to_gpu_ms": 0.0}, "cuda_ms": 30.06675148010254, "finite": true, "measured": true, "status": "decode_step", "step": 74, "wall_ms": 30.084318947046995}
{"argmax": 2947, "components": {"attention_block_ms": 0.0, "cache_append_ms": 0.0, "dense_attention_ms": 0.0, "host_to_gpu_ms": 0.0}, "cuda_ms": 30.07766342163086, "finite": true, "measured": true, "status": "decode_step", "step": 75, "wall_ms": 30.094893649220467}
{"argmax": 8536, "components": {"attention_block_ms": 0.0, "cache_append_ms": 0.0, "dense_attention_ms": 0.0, "host_to_gpu_ms": 0.0}, "cuda_ms": 30.095552444458008, "finite": true, "measured": true, "status": "decode_step", "step": 76, "wall_ms": 30.11294174939394}
{"argmax": 6150, "components": {"attention_block_ms": 0.0, "cache_append_ms": 0.0, "dense_attention_ms": 0.0, "host_to_gpu_ms": 0.0}, "cuda_ms": 30.058271408081055, "finite": true, "measured": true, "status": "decode_step", "step": 77, "wall_ms": 30.075504910200834}
{"argmax": 315, "components": {"attention_block_ms": 0.0, "cache_append_ms": 0.0, "dense_attention_ms": 0.0, "host_to_gpu_ms": 0.0}, "cuda_ms": 30.06608009338379, "finite": true, "measured": true, "status": "decode_step", "step": 78, "wall_ms": 30.08501883596182}
{"argmax": 3142, "components": {"attention_block_ms": 0.0, "cache_append_ms": 0.0, "dense_attention_ms": 0.0, "host_to_gpu_ms": 0.0}, "cuda_ms": 30.064096450805664, "finite": true, "measured": true, "status": "decode_step", "step": 79, "wall_ms": 30.08084325119853}
{"argmax": 323, "components": {"attention_block_ms": 0.0, "cache_append_ms": 0.0, "dense_attention_ms": 0.0, "host_to_gpu_ms": 0.0}, "cuda_ms": 30.076223373413086, "finite": true, "measured": true, "status": "decode_step", "step": 80, "wall_ms": 30.09028686210513}
{"argmax": 7327, "components": {"attention_block_ms": 0.0, "cache_append_ms": 0.0, "dense_attention_ms": 0.0, "host_to_gpu_ms": 0.0}, "cuda_ms": 30.077503204345703, "finite": true, "measured": true, "status": "decode_step", "step": 81, "wall_ms": 30.09575605392456}
{"argmax": 23298, "components": {"attention_block_ms": 0.0, "cache_append_ms": 0.0, "dense_attention_ms": 0.0, "host_to_gpu_ms": 0.0}, "cuda_ms": 30.084640502929688, "finite": true, "measured": true, "status": "decode_step", "step": 82, "wall_ms": 30.099431052803993}
{"argmax": 4236, "components": {"attention_block_ms": 0.0, "cache_append_ms": 0.0, "dense_attention_ms": 0.0, "host_to_gpu_ms": 0.0}, "cuda_ms": 30.068063735961914, "finite": true, "measured": true, "status": "decode_step", "step": 83, "wall_ms": 30.08212521672249}
{"argmax": 26, "components": {"attention_block_ms": 0.0, "cache_append_ms": 0.0, "dense_attention_ms": 0.0, "host_to_gpu_ms": 0.0}, "cuda_ms": 30.065887451171875, "finite": true, "measured": true, "status": "decode_step", "step": 84, "wall_ms": 30.08131403476}
{"argmax": 3885, "components": {"attention_block_ms": 0.0, "cache_append_ms": 0.0, "dense_attention_ms": 0.0, "host_to_gpu_ms": 0.0}, "cuda_ms": 30.052480697631836, "finite": true, "measured": true, "status": "decode_step", "step": 85, "wall_ms": 30.06977681070566}
{"argmax": 449, "components": {"attention_block_ms": 0.0, "cache_append_ms": 0.0, "dense_attention_ms": 0.0, "host_to_gpu_ms": 0.0}, "cuda_ms": 30.0762882232666, "finite": true, "measured": true, "status": "decode_step", "step": 86, "wall_ms": 30.090837739408016}
{"argmax": 2947, "components": {"attention_block_ms": 0.0, "cache_append_ms": 0.0, "dense_attention_ms": 0.0, "host_to_gpu_ms": 0.0}, "cuda_ms": 30.064735412597656, "finite": true, "measured": true, "status": "decode_step", "step": 87, "wall_ms": 30.081594362854958}
{"argmax": 8536, "components": {"attention_block_ms": 0.0, "cache_append_ms": 0.0, "dense_attention_ms": 0.0, "host_to_gpu_ms": 0.0}, "cuda_ms": 30.077312469482422, "finite": true, "measured": true, "status": "decode_step", "step": 88, "wall_ms": 30.091680120676756}
{"argmax": 6150, "components": {"attention_block_ms": 0.0, "cache_append_ms": 0.0, "dense_attention_ms": 0.0, "host_to_gpu_ms": 0.0}, "cuda_ms": 30.079904556274414, "finite": true, "measured": true, "status": "decode_step", "step": 89, "wall_ms": 30.09722800925374}
{"argmax": 8041, "components": {"attention_block_ms": 0.0, "cache_append_ms": 0.0, "dense_attention_ms": 0.0, "host_to_gpu_ms": 0.0}, "cuda_ms": 30.1177921295166, "finite": true, "measured": true, "status": "decode_step", "step": 90, "wall_ms": 30.130227096378803}
{"argmax": 627, "components": {"attention_block_ms": 0.0, "cache_append_ms": 0.0, "dense_attention_ms": 0.0, "host_to_gpu_ms": 0.0}, "cuda_ms": 30.06438446044922, "finite": true, "measured": true, "status": "decode_step", "step": 91, "wall_ms": 30.08150402456522}
{"argmax": 791, "components": {"attention_block_ms": 0.0, "cache_append_ms": 0.0, "dense_attention_ms": 0.0, "host_to_gpu_ms": 0.0}, "cuda_ms": 30.091936111450195, "finite": true, "measured": true, "status": "decode_step", "step": 92, "wall_ms": 30.108404345810413}
{"argmax": 3388, "components": {"attention_block_ms": 0.0, "cache_append_ms": 0.0, "dense_attention_ms": 0.0, "host_to_gpu_ms": 0.0}, "cuda_ms": 30.05353546142578, "finite": true, "measured": true, "status": "decode_step", "step": 93, "wall_ms": 30.0700468942523}
{"argmax": 49095, "components": {"attention_block_ms": 0.0, "cache_append_ms": 0.0, "dense_attention_ms": 0.0, "host_to_gpu_ms": 0.0}, "cuda_ms": 30.072895050048828, "finite": true, "measured": true, "status": "decode_step", "step": 94, "wall_ms": 30.086501967161894}
{"argmax": 459, "components": {"attention_block_ms": 0.0, "cache_append_ms": 0.0, "dense_attention_ms": 0.0, "host_to_gpu_ms": 0.0}, "cuda_ms": 30.0645751953125, "finite": true, "measured": true, "status": "decode_step", "step": 95, "wall_ms": 30.08239483460784}
{"argmax": 4236, "components": {"attention_block_ms": 0.0, "cache_append_ms": 0.0, "dense_attention_ms": 0.0, "host_to_gpu_ms": 0.0}, "cuda_ms": 30.0515193939209, "finite": true, "measured": true, "status": "decode_step", "step": 96, "wall_ms": 30.066341627389193}
{"argmax": 889, "components": {"attention_block_ms": 0.0, "cache_append_ms": 0.0, "dense_attention_ms": 0.0, "host_to_gpu_ms": 0.0}, "cuda_ms": 30.06732749938965, "finite": true, "measured": true, "status": "decode_step", "step": 97, "wall_ms": 30.08492896333337}
{"argmax": 10068, "components": {"attention_block_ms": 0.0, "cache_append_ms": 0.0, "dense_attention_ms": 0.0, "host_to_gpu_ms": 0.0}, "cuda_ms": 30.08470344543457, "finite": true, "measured": true, "status": "decode_step", "step": 98, "wall_ms": 30.09696677327156}
{"argmax": 9021, "components": {"attention_block_ms": 0.0, "cache_append_ms": 0.0, "dense_attention_ms": 0.0, "host_to_gpu_ms": 0.0}, "cuda_ms": 30.07267189025879, "finite": true, "measured": true, "status": "decode_step", "step": 99, "wall_ms": 30.0962058827281}
{"argmax": 374, "components": {"attention_block_ms": 0.0, "cache_append_ms": 0.0, "dense_attention_ms": 0.0, "host_to_gpu_ms": 0.0}, "cuda_ms": 30.193023681640625, "finite": true, "measured": true, "status": "decode_step", "step": 100, "wall_ms": 30.211507808417082}
{"argmax": 304, "components": {"attention_block_ms": 0.0, "cache_append_ms": 0.0, "dense_attention_ms": 0.0, "host_to_gpu_ms": 0.0}, "cuda_ms": 30.1114559173584, "finite": true, "measured": true, "status": "decode_step", "step": 101, "wall_ms": 30.124087817966938}
{"argmax": 2536, "components": {"attention_block_ms": 0.0, "cache_append_ms": 0.0, "dense_attention_ms": 0.0, "host_to_gpu_ms": 0.0}, "cuda_ms": 30.09244728088379, "finite": true, "measured": true, "status": "decode_step", "step": 102, "wall_ms": 30.11047700420022}
{"argmax": 10706, "components": {"attention_block_ms": 0.0, "cache_append_ms": 0.0, "dense_attention_ms": 0.0, "host_to_gpu_ms": 0.0}, "cuda_ms": 30.081024169921875, "finite": true, "measured": true, "status": "decode_step", "step": 103, "wall_ms": 30.097578186541796}
{"argmax": 13, "components": {"attention_block_ms": 0.0, "cache_append_ms": 0.0, "dense_attention_ms": 0.0, "host_to_gpu_ms": 0.0}, "cuda_ms": 30.067007064819336, "finite": true, "measured": true, "status": "decode_step", "step": 104, "wall_ms": 30.08345700800419}
{"argmax": 889, "components": {"attention_block_ms": 0.0, "cache_append_ms": 0.0, "dense_attention_ms": 0.0, "host_to_gpu_ms": 0.0}, "cuda_ms": 30.09014320373535, "finite": true, "measured": true, "status": "decode_step", "step": 105, "wall_ms": 30.10440757498145}
{"argmax": 311, "components": {"attention_block_ms": 0.0, "cache_append_ms": 0.0, "dense_attention_ms": 0.0, "host_to_gpu_ms": 0.0}, "cuda_ms": 30.070432662963867, "finite": true, "measured": true, "status": "decode_step", "step": 106, "wall_ms": 30.08532989770174}
{"argmax": 387, "components": {"attention_block_ms": 0.0, "cache_append_ms": 0.0, "dense_attention_ms": 0.0, "host_to_gpu_ms": 0.0}, "cuda_ms": 30.056447982788086, "finite": true, "measured": true, "status": "decode_step", "step": 107, "wall_ms": 30.071398708969355}
{"argmax": 264, "components": {"attention_block_ms": 0.0, "cache_append_ms": 0.0, "dense_attention_ms": 0.0, "host_to_gpu_ms": 0.0}, "cuda_ms": 30.065439224243164, "finite": true, "measured": true, "status": "decode_step", "step": 108, "wall_ms": 30.080663040280342}
{"argmax": 6373, "components": {"attention_block_ms": 0.0, "cache_append_ms": 0.0, "dense_attention_ms": 0.0, "host_to_gpu_ms": 0.0}, "cuda_ms": 30.071552276611328, "finite": true, "measured": true, "status": "decode_step", "step": 109, "wall_ms": 30.08443908765912}
{"argmax": 10093, "components": {"attention_block_ms": 0.0, "cache_append_ms": 0.0, "dense_attention_ms": 0.0, "host_to_gpu_ms": 0.0}, "cuda_ms": 30.07276725769043, "finite": true, "measured": true, "status": "decode_step", "step": 110, "wall_ms": 30.089046340435743}
{"argmax": 13, "components": {"attention_block_ms": 0.0, "cache_append_ms": 0.0, "dense_attention_ms": 0.0, "host_to_gpu_ms": 0.0}, "cuda_ms": 30.08348846435547, "finite": true, "measured": true, "status": "decode_step", "step": 111, "wall_ms": 30.101012904196978}
{"argmax": 37419, "components": {"attention_block_ms": 0.0, "cache_append_ms": 0.0, "dense_attention_ms": 0.0, "host_to_gpu_ms": 0.0}, "cuda_ms": 30.08857536315918, "finite": true, "measured": true, "status": "decode_step", "step": 112, "wall_ms": 30.101563315838575}
{"argmax": 13, "components": {"attention_block_ms": 0.0, "cache_append_ms": 0.0, "dense_attention_ms": 0.0, "host_to_gpu_ms": 0.0}, "cuda_ms": 30.1243839263916, "finite": true, "measured": true, "status": "decode_step", "step": 113, "wall_ms": 30.139080248773098}
{"argmax": 578, "components": {"attention_block_ms": 0.0, "cache_append_ms": 0.0, "dense_attention_ms": 0.0, "host_to_gpu_ms": 0.0}, "cuda_ms": 30.069183349609375, "finite": true, "measured": true, "status": "decode_step", "step": 114, "wall_ms": 30.08510870859027}
{"argmax": 3388, "components": {"attention_block_ms": 0.0, "cache_append_ms": 0.0, "dense_attention_ms": 0.0, "host_to_gpu_ms": 0.0}, "cuda_ms": 30.066591262817383, "finite": true, "measured": true, "status": "decode_step", "step": 115, "wall_ms": 30.080152209848166}
{"argmax": 690, "components": {"attention_block_ms": 0.0, "cache_append_ms": 0.0, "dense_attention_ms": 0.0, "host_to_gpu_ms": 0.0}, "cuda_ms": 30.094816207885742, "finite": true, "measured": true, "status": "decode_step", "step": 116, "wall_ms": 30.113782733678818}
{"argmax": 264, "components": {"attention_block_ms": 0.0, "cache_append_ms": 0.0, "dense_attention_ms": 0.0, "host_to_gpu_ms": 0.0}, "cuda_ms": 30.090496063232422, "finite": true, "measured": true, "status": "decode_step", "step": 117, "wall_ms": 30.106171034276485}
{"argmax": 6677, "components": {"attention_block_ms": 0.0, "cache_append_ms": 0.0, "dense_attention_ms": 0.0, "host_to_gpu_ms": 0.0}, "cuda_ms": 30.067712783813477, "finite": true, "measured": true, "status": "decode_step", "step": 118, "wall_ms": 30.08637111634016}
{"argmax": 323, "components": {"attention_block_ms": 0.0, "cache_append_ms": 0.0, "dense_attention_ms": 0.0, "host_to_gpu_ms": 0.0}, "cuda_ms": 30.14147186279297, "finite": true, "measured": true, "status": "decode_step", "step": 119, "wall_ms": 30.15663707628846}
{"argmax": 33184, "components": {"attention_block_ms": 0.0, "cache_append_ms": 0.0, "dense_attention_ms": 0.0, "host_to_gpu_ms": 0.0}, "cuda_ms": 30.077503204345703, "finite": true, "measured": true, "status": "decode_step", "step": 120, "wall_ms": 30.0908787176013}
{"argmax": 287, "components": {"attention_block_ms": 0.0, "cache_append_ms": 0.0, "dense_attention_ms": 0.0, "host_to_gpu_ms": 0.0}, "cuda_ms": 30.054399490356445, "finite": true, "measured": true, "status": "decode_step", "step": 121, "wall_ms": 30.071778688579798}
{"argmax": 11, "components": {"attention_block_ms": 0.0, "cache_append_ms": 0.0, "dense_attention_ms": 0.0, "host_to_gpu_ms": 0.0}, "cuda_ms": 30.108736038208008, "finite": true, "measured": true, "status": "decode_step", "step": 122, "wall_ms": 30.123517382889986}
{"argmax": 279, "components": {"attention_block_ms": 0.0, "cache_append_ms": 0.0, "dense_attention_ms": 0.0, "host_to_gpu_ms": 0.0}, "cuda_ms": 30.068960189819336, "finite": true, "measured": true, "status": "decode_step", "step": 123, "wall_ms": 30.081565026193857}
{"argmax": 33184, "components": {"attention_block_ms": 0.0, "cache_append_ms": 0.0, "dense_attention_ms": 0.0, "host_to_gpu_ms": 0.0}, "cuda_ms": 30.079519271850586, "finite": true, "measured": true, "status": "decode_step", "step": 124, "wall_ms": 30.09396279230714}
{"argmax": 7471, "components": {"attention_block_ms": 0.0, "cache_append_ms": 0.0, "dense_attention_ms": 0.0, "host_to_gpu_ms": 0.0}, "cuda_ms": 30.08755111694336, "finite": true, "measured": true, "status": "decode_step", "step": 125, "wall_ms": 30.10284574702382}
{"argmax": 8830, "components": {"attention_block_ms": 0.0, "cache_append_ms": 0.0, "dense_attention_ms": 0.0, "host_to_gpu_ms": 0.0}, "cuda_ms": 30.10086441040039, "finite": true, "measured": true, "status": "decode_step", "step": 126, "wall_ms": 30.117939226329327}
{"argmax": 279, "components": {"attention_block_ms": 0.0, "cache_append_ms": 0.0, "dense_attention_ms": 0.0, "host_to_gpu_ms": 0.0}, "cuda_ms": 30.094463348388672, "finite": true, "measured": true, "status": "decode_step", "step": 127, "wall_ms": 30.108974780887365}
{"argmax": 3388, "components": {"attention_block_ms": 0.0, "cache_append_ms": 0.0, "dense_attention_ms": 0.0, "host_to_gpu_ms": 0.0}, "cuda_ms": 30.09507179260254, "finite": true, "measured": true, "status": "decode_step", "step": 128, "wall_ms": 30.112842097878456}
{"argmax": 369, "components": {"attention_block_ms": 0.0, "cache_append_ms": 0.0, "dense_attention_ms": 0.0, "host_to_gpu_ms": 0.0}, "cuda_ms": 30.125791549682617, "finite": true, "measured": true, "status": "decode_step", "step": 129, "wall_ms": 30.13980109244585}
{"argmax": 37419, "components": {"attention_block_ms": 0.0, "cache_append_ms": 0.0, "dense_attention_ms": 0.0, "host_to_gpu_ms": 0.0}, "cuda_ms": 30.09868812561035, "finite": true, "measured": true, "status": "decode_step", "step": 130, "wall_ms": 30.113711953163147}
{"argmax": 6492, "components": {"attention_block_ms": 0.0, "cache_append_ms": 0.0, "dense_attention_ms": 0.0, "host_to_gpu_ms": 0.0}, "cuda_ms": 30.07587242126465, "finite": true, "measured": true, "status": "decode_step", "step": 131, "wall_ms": 30.092851258814335}
{"argmax": 323, "components": {"attention_block_ms": 0.0, "cache_append_ms": 0.0, "dense_attention_ms": 0.0, "host_to_gpu_ms": 0.0}, "cuda_ms": 30.081087112426758, "finite": true, "measured": true, "status": "decode_step", "step": 132, "wall_ms": 30.094643123447895}
{"argmax": 6020, "components": {"attention_block_ms": 0.0, "cache_append_ms": 0.0, "dense_attention_ms": 0.0, "host_to_gpu_ms": 0.0}, "cuda_ms": 30.078815460205078, "finite": true, "measured": true, "status": "decode_step", "step": 133, "wall_ms": 30.096867121756077}
{"argmax": 24043, "components": {"attention_block_ms": 0.0, "cache_append_ms": 0.0, "dense_attention_ms": 0.0, "host_to_gpu_ms": 0.0}, "cuda_ms": 30.120832443237305, "finite": true, "measured": true, "status": "decode_step", "step": 134, "wall_ms": 30.134493950754404}
{"argmax": 13, "components": {"attention_block_ms": 0.0, "cache_append_ms": 0.0, "dense_attention_ms": 0.0, "host_to_gpu_ms": 0.0}, "cuda_ms": 30.07792091369629, "finite": true, "measured": true, "status": "decode_step", "step": 135, "wall_ms": 30.09303193539381}
{"argmax": 5377, "components": {"attention_block_ms": 0.0, "cache_append_ms": 0.0, "dense_attention_ms": 0.0, "host_to_gpu_ms": 0.0}, "cuda_ms": 30.11212730407715, "finite": true, "measured": true, "status": "decode_step", "step": 136, "wall_ms": 30.12803429737687}
{"argmax": 311, "components": {"attention_block_ms": 0.0, "cache_append_ms": 0.0, "dense_attention_ms": 0.0, "host_to_gpu_ms": 0.0}, "cuda_ms": 30.0795841217041, "finite": true, "measured": true, "status": "decode_step", "step": 137, "wall_ms": 30.09639587253332}
{"argmax": 19816, "components": {"attention_block_ms": 0.0, "cache_append_ms": 0.0, "dense_attention_ms": 0.0, "host_to_gpu_ms": 0.0}, "cuda_ms": 30.13417625427246, "finite": true, "measured": true, "status": "decode_step", "step": 138, "wall_ms": 30.14884516596794}
{"argmax": 468, "components": {"attention_block_ms": 0.0, "cache_append_ms": 0.0, "dense_attention_ms": 0.0, "host_to_gpu_ms": 0.0}, "cuda_ms": 30.104511260986328, "finite": true, "measured": true, "status": "decode_step", "step": 139, "wall_ms": 30.122535303235054}
{"argmax": 13, "components": {"attention_block_ms": 0.0, "cache_append_ms": 0.0, "dense_attention_ms": 0.0, "host_to_gpu_ms": 0.0}, "cuda_ms": 30.087871551513672, "finite": true, "measured": true, "status": "decode_step", "step": 140, "wall_ms": 30.103327240794897}
{"argmax": 2947, "components": {"attention_block_ms": 0.0, "cache_append_ms": 0.0, "dense_attention_ms": 0.0, "host_to_gpu_ms": 0.0}, "cuda_ms": 30.082015991210938, "finite": true, "measured": true, "status": "decode_step", "step": 141, "wall_ms": 30.097028240561485}
{"argmax": 8536, "components": {"attention_block_ms": 0.0, "cache_append_ms": 0.0, "dense_attention_ms": 0.0, "host_to_gpu_ms": 0.0}, "cuda_ms": 30.087360382080078, "finite": true, "measured": true, "status": "decode_step", "step": 142, "wall_ms": 30.104187782853842}
{"argmax": 6150, "components": {"attention_block_ms": 0.0, "cache_append_ms": 0.0, "dense_attention_ms": 0.0, "host_to_gpu_ms": 0.0}, "cuda_ms": 30.068511962890625, "finite": true, "measured": true, "status": "decode_step", "step": 143, "wall_ms": 30.083077028393745}
{"decode_cuda_median_ms": 30.069775581359863, "decode_wall_median_ms": 30.084973899647593, "result": "results/system_benchmarks/tp1_dense_full_v6/formal_dense_local_t32768_r0/benchmark.json", "status": "complete", "validated_layers": 0}
