[transformers] Token indices sequence length is longer than the specified maximum sequence length for this model (2436214 > 131072). Running this sequence through the model will result in indexing errors
LOAD adaptive V96
Loading weights:   0%|          | 0/291 [00:00<?, ?it/s]Loading weights: 100%|██████████| 291/291 [00:00<00:00, 9927.71it/s]
CALIBRATION WT2 train 16 2048
FISHER 1/16 loss=4333.970703
FISHER 2/16 loss=5088.333984
FISHER 3/16 loss=4769.907227
FISHER 4/16 loss=4272.308594
FISHER 5/16 loss=5285.564453
FISHER 6/16 loss=5373.788086
FISHER 7/16 loss=4499.699219
FISHER 8/16 loss=4010.621582
FISHER 9/16 loss=3256.822021
FISHER 10/16 loss=4353.003906
FISHER 11/16 loss=3350.148438
FISHER 12/16 loss=4489.387207
FISHER 13/16 loss=3898.585938
FISHER 14/16 loss=3474.890137
FISHER 15/16 loss=3739.923828
FISHER 16/16 loss=4120.096680
CODEBOOK 0.k
CODEBOOK 0.v
CODEBOOK 1.k
CODEBOOK 1.v
CODEBOOK 2.k
CODEBOOK 2.v
CODEBOOK 3.k
CODEBOOK 3.v
CODEBOOK 4.k
CODEBOOK 4.v
CODEBOOK 5.k
CODEBOOK 5.v
CODEBOOK 6.k
CODEBOOK 6.v
CODEBOOK 7.k
CODEBOOK 7.v
CODEBOOK 8.k
CODEBOOK 8.v
CODEBOOK 9.k
CODEBOOK 9.v
CODEBOOK 10.k
CODEBOOK 10.v
CODEBOOK 11.k
CODEBOOK 11.v
CODEBOOK 12.k
CODEBOOK 12.v
CODEBOOK 13.k
CODEBOOK 13.v
CODEBOOK 14.k
CODEBOOK 14.v
CODEBOOK 15.k
CODEBOOK 15.v
CODEBOOK 16.k
CODEBOOK 16.v
CODEBOOK 17.k
CODEBOOK 17.v
CODEBOOK 18.k
CODEBOOK 18.v
CODEBOOK 19.k
CODEBOOK 19.v
CODEBOOK 20.k
CODEBOOK 20.v
CODEBOOK 21.k
CODEBOOK 21.v
CODEBOOK 22.k
CODEBOOK 22.v
CODEBOOK 23.k
CODEBOOK 23.v
CODEBOOK 24.k
CODEBOOK 24.v
CODEBOOK 25.k
CODEBOOK 25.v
CODEBOOK 26.k
CODEBOOK 26.v
CODEBOOK 27.k
CODEBOOK 27.v
CODEBOOK 28.k
CODEBOOK 28.v
CODEBOOK 29.k
CODEBOOK 29.v
CODEBOOK 30.k
CODEBOOK 30.v
CODEBOOK 31.k
CODEBOOK 31.v
C4 ARM bf16
PPL 1/128 13.142149
PPL 2/128 13.097338
PPL 3/128 11.550221
PPL 4/128 11.609041
PPL 5/128 10.360154
PPL 6/128 10.665562
PPL 7/128 11.235704
PPL 8/128 11.208509
PPL 9/128 11.491282
PPL 10/128 11.514369
PPL 11/128 10.965315
PPL 12/128 10.935843
PPL 13/128 10.917331
PPL 14/128 10.924947
PPL 15/128 10.810756
PPL 16/128 10.860371
PPL 17/128 10.861887
PPL 18/128 11.209554
PPL 19/128 11.005495
PPL 20/128 11.322046
PPL 21/128 11.397759
PPL 22/128 11.477037
PPL 23/128 11.214205
PPL 24/128 11.345371
PPL 25/128 11.264892
PPL 26/128 11.475515
PPL 27/128 11.014093
PPL 28/128 11.362912
PPL 29/128 11.574828
PPL 30/128 11.761627
PPL 31/128 11.563869
PPL 32/128 11.257897
PPL 33/128 11.167306
PPL 34/128 11.096090
PPL 35/128 11.104396
PPL 36/128 11.267454
PPL 37/128 11.055977
PPL 38/128 11.230020
PPL 39/128 10.988434
PPL 40/128 11.066574
PPL 41/128 11.080241
PPL 42/128 11.265990
PPL 43/128 11.392002
PPL 44/128 11.342656
PPL 45/128 11.351822
PPL 46/128 11.307522
PPL 47/128 11.149753
PPL 48/128 11.207827
PPL 49/128 11.242802
PPL 50/128 11.243910
PPL 51/128 11.365685
PPL 52/128 11.408237
PPL 53/128 11.366840
PPL 54/128 11.342934
PPL 55/128 11.345600
PPL 56/128 11.232375
PPL 57/128 11.258008
PPL 58/128 11.313463
PPL 59/128 11.721767
PPL 60/128 11.734782
PPL 61/128 11.688547
PPL 62/128 11.371322
PPL 63/128 11.370418
PPL 64/128 11.437552
PPL 65/128 11.375243
PPL 66/128 11.455642
PPL 67/128 11.292919
PPL 68/128 11.233006
PPL 69/128 11.059756
PPL 70/128 11.100169
PPL 71/128 11.079627
PPL 72/128 11.055663
PPL 73/128 11.074086
PPL 74/128 10.991575
PPL 75/128 10.837588
PPL 76/128 10.906055
PPL 77/128 10.883777
PPL 78/128 10.964304
PPL 79/128 10.999435
PPL 80/128 11.061870
PPL 81/128 10.932144
PPL 82/128 10.764025
PPL 83/128 10.766407
PPL 84/128 10.818149
PPL 85/128 10.828151
PPL 86/128 10.832682
PPL 87/128 10.902586
PPL 88/128 10.835482
PPL 89/128 10.583274
PPL 90/128 10.605488
PPL 91/128 10.540282
PPL 92/128 10.497083
PPL 93/128 10.465016
PPL 94/128 10.516116
PPL 95/128 10.538129
PPL 96/128 10.367191
PPL 97/128 10.444469
PPL 98/128 10.497489
PPL 99/128 10.490542
PPL 100/128 10.547979
PPL 101/128 10.515195
PPL 102/128 10.557608
PPL 103/128 10.582788
PPL 104/128 10.617503
PPL 105/128 10.662917
PPL 106/128 10.626867
PPL 107/128 10.650341
PPL 108/128 10.590710
PPL 109/128 10.582709
PPL 110/128 10.602185
PPL 111/128 10.638618
PPL 112/128 10.718126
PPL 113/128 10.765280
PPL 114/128 10.767788
PPL 115/128 10.761450
PPL 116/128 10.788136
PPL 117/128 10.777243
PPL 118/128 10.726299
PPL 119/128 10.744419
PPL 120/128 10.627723
PPL 121/128 10.646779
PPL 122/128 10.644541
PPL 123/128 10.688710
PPL 124/128 10.704363
PPL 125/128 10.716874
PPL 126/128 10.721506
PPL 127/128 10.749846
PPL 128/128 10.662169
C4 ARM kv4
PPL 1/128 13.238815
PPL 2/128 13.150030
PPL 3/128 11.612915
PPL 4/128 11.667958
PPL 5/128 10.410460
PPL 6/128 10.714519
PPL 7/128 11.304806
PPL 8/128 11.284329
PPL 9/128 11.567448
PPL 10/128 11.584388
PPL 11/128 11.052076
PPL 12/128 11.015667
PPL 13/128 10.994586
PPL 14/128 11.001723
PPL 15/128 10.888629
PPL 16/128 10.948657
PPL 17/128 10.948213
PPL 18/128 11.297447
PPL 19/128 11.091713
PPL 20/128 11.404840
PPL 21/128 11.478238
PPL 22/128 11.554017
PPL 23/128 11.288254
PPL 24/128 11.418757
PPL 25/128 11.339061
PPL 26/128 11.548221
PPL 27/128 11.084800
PPL 28/128 11.433947
PPL 29/128 11.645285
PPL 30/128 11.833953
PPL 31/128 11.634731
PPL 32/128 11.325636
PPL 33/128 11.238730
PPL 34/128 11.165942
PPL 35/128 11.173805
PPL 36/128 11.333974
PPL 37/128 11.118964
PPL 38/128 11.293730
PPL 39/128 11.055737
PPL 40/128 11.135451
PPL 41/128 11.150039
PPL 42/128 11.336286
PPL 43/128 11.461575
PPL 44/128 11.411571
PPL 45/128 11.420007
PPL 46/128 11.375459
PPL 47/128 11.217623
PPL 48/128 11.275558
PPL 49/128 11.310246
PPL 50/128 11.311007
PPL 51/128 11.433857
PPL 52/128 11.476976
PPL 53/128 11.436021
PPL 54/128 11.412573
PPL 55/128 11.414756
PPL 56/128 11.300023
PPL 57/128 11.325721
PPL 58/128 11.381671
PPL 59/128 11.792486
PPL 60/128 11.806018
PPL 61/128 11.759699
PPL 62/128 11.441059
PPL 63/128 11.440846
PPL 64/128 11.508324
PPL 65/128 11.445517
PPL 66/128 11.525817
PPL 67/128 11.362287
PPL 68/128 11.301359
PPL 69/128 11.126028
PPL 70/128 11.166475
PPL 71/128 11.145641
PPL 72/128 11.121621
PPL 73/128 11.140145
PPL 74/128 11.056973
PPL 75/128 10.903670
PPL 76/128 10.972501
PPL 77/128 10.950128
PPL 78/128 11.032012
PPL 79/128 11.067276
PPL 80/128 11.130057
PPL 81/128 11.000966
PPL 82/128 10.830195
PPL 83/128 10.832335
PPL 84/128 10.883397
PPL 85/128 10.893302
PPL 86/128 10.898139
PPL 87/128 10.968132
PPL 88/128 10.900948
PPL 89/128 10.647250
PPL 90/128 10.669010
PPL 91/128 10.603947
PPL 92/128 10.560207
PPL 93/128 10.527453
PPL 94/128 10.579153
PPL 95/128 10.601335
PPL 96/128 10.427986
PPL 97/128 10.505599
PPL 98/128 10.559214
PPL 99/128 10.552192
PPL 100/128 10.610187
PPL 101/128 10.580655
PPL 102/128 10.623196
PPL 103/128 10.648325
PPL 104/128 10.682846
PPL 105/128 10.728541
PPL 106/128 10.692249
PPL 107/128 10.715450
PPL 108/128 10.655766
PPL 109/128 10.647647
PPL 110/128 10.667747
PPL 111/128 10.704573
PPL 112/128 10.784655
PPL 113/128 10.832432
PPL 114/128 10.834653
PPL 115/128 10.828335
PPL 116/128 10.854845
PPL 117/128 10.843792
PPL 118/128 10.792475
PPL 119/128 10.810860
PPL 120/128 10.693882
PPL 121/128 10.712707
PPL 122/128 10.710836
PPL 123/128 10.755219
PPL 124/128 10.771115
PPL 125/128 10.783539
PPL 126/128 10.787851
PPL 127/128 10.816397
PPL 128/128 10.726644
COMPLETE formal BF16 10.662169449534012 KV4 10.726644470873998
