{"context": 16384, "gpu": "NVIDIA L40S", "measure_steps": 128, "profile_components": false, "status": "starting", "storage": "local", "warmup_steps": 16}
Loading weights:   0%|          | 0/291 [00:00<?, ?it/s]Loading weights: 100%|██████████| 291/291 [00:00<00:00, 8286.94it/s]
{"allocated_gib": 16.975168228149414, "exact_kv_gib": 2.017578125, "gpu_staging_gib": 0.0, "host_exact_kv_gib": 0.0, "status": "model_ready"}
{"peak_allocated_gib": 17.928537368774414, "prefill_ms": 2340.374755859375, "status": "prefill_complete"}
{"argmax": 46137, "components": {"attention_block_ms": 0.0, "cache_append_ms": 0.0, "dense_attention_ms": 0.0, "host_to_gpu_ms": 0.0}, "cuda_ms": 98.92658996582031, "finite": true, "measured": false, "status": "decode_step", "step": 0, "wall_ms": 98.93106715753675}
{"argmax": 771, "components": {"attention_block_ms": 0.0, "cache_append_ms": 0.0, "dense_attention_ms": 0.0, "host_to_gpu_ms": 0.0}, "cuda_ms": 27.51728057861328, "finite": true, "measured": false, "status": "decode_step", "step": 1, "wall_ms": 27.534606866538525}
{"argmax": 10016, "components": {"attention_block_ms": 0.0, "cache_append_ms": 0.0, "dense_attention_ms": 0.0, "host_to_gpu_ms": 0.0}, "cuda_ms": 27.20035171508789, "finite": true, "measured": false, "status": "decode_step", "step": 2, "wall_ms": 27.216481044888496}
{"argmax": 7876, "components": {"attention_block_ms": 0.0, "cache_append_ms": 0.0, "dense_attention_ms": 0.0, "host_to_gpu_ms": 0.0}, "cuda_ms": 27.224224090576172, "finite": true, "measured": false, "status": "decode_step", "step": 3, "wall_ms": 27.240566909313202}
{"argmax": 6150, "components": {"attention_block_ms": 0.0, "cache_append_ms": 0.0, "dense_attention_ms": 0.0, "host_to_gpu_ms": 0.0}, "cuda_ms": 27.172704696655273, "finite": true, "measured": false, "status": "decode_step", "step": 4, "wall_ms": 27.19045290723443}
{"argmax": 315, "components": {"attention_block_ms": 0.0, "cache_append_ms": 0.0, "dense_attention_ms": 0.0, "host_to_gpu_ms": 0.0}, "cuda_ms": 27.176767349243164, "finite": true, "measured": false, "status": "decode_step", "step": 5, "wall_ms": 27.193376794457436}
{"argmax": 8184, "components": {"attention_block_ms": 0.0, "cache_append_ms": 0.0, "dense_attention_ms": 0.0, "host_to_gpu_ms": 0.0}, "cuda_ms": 27.16592025756836, "finite": true, "measured": false, "status": "decode_step", "step": 6, "wall_ms": 27.181238867342472}
{"argmax": 323, "components": {"attention_block_ms": 0.0, "cache_append_ms": 0.0, "dense_attention_ms": 0.0, "host_to_gpu_ms": 0.0}, "cuda_ms": 27.143680572509766, "finite": true, "measured": false, "status": "decode_step", "step": 7, "wall_ms": 27.161239180713892}
{"argmax": 279, "components": {"attention_block_ms": 0.0, "cache_append_ms": 0.0, "dense_attention_ms": 0.0, "host_to_gpu_ms": 0.0}, "cuda_ms": 27.1779842376709, "finite": true, "measured": false, "status": "decode_step", "step": 8, "wall_ms": 27.285926043987274}
{"argmax": 23298, "components": {"attention_block_ms": 0.0, "cache_append_ms": 0.0, "dense_attention_ms": 0.0, "host_to_gpu_ms": 0.0}, "cuda_ms": 29.778079986572266, "finite": true, "measured": false, "status": "decode_step", "step": 9, "wall_ms": 29.791519977152348}
{"argmax": 11, "components": {"attention_block_ms": 0.0, "cache_append_ms": 0.0, "dense_attention_ms": 0.0, "host_to_gpu_ms": 0.0}, "cuda_ms": 27.184736251831055, "finite": true, "measured": false, "status": "decode_step", "step": 10, "wall_ms": 27.20268117263913}
{"argmax": 11, "components": {"attention_block_ms": 0.0, "cache_append_ms": 0.0, "dense_attention_ms": 0.0, "host_to_gpu_ms": 0.0}, "cuda_ms": 27.140960693359375, "finite": true, "measured": false, "status": "decode_step", "step": 11, "wall_ms": 27.155570685863495}
{"argmax": 279, "components": {"attention_block_ms": 0.0, "cache_append_ms": 0.0, "dense_attention_ms": 0.0, "host_to_gpu_ms": 0.0}, "cuda_ms": 27.145183563232422, "finite": true, "measured": false, "status": "decode_step", "step": 12, "wall_ms": 27.160258032381535}
{"argmax": 11, "components": {"attention_block_ms": 0.0, "cache_append_ms": 0.0, "dense_attention_ms": 0.0, "host_to_gpu_ms": 0.0}, "cuda_ms": 27.101184844970703, "finite": true, "measured": false, "status": "decode_step", "step": 13, "wall_ms": 27.116932906210423}
{"argmax": 2753, "components": {"attention_block_ms": 0.0, "cache_append_ms": 0.0, "dense_attention_ms": 0.0, "host_to_gpu_ms": 0.0}, "cuda_ms": 27.130687713623047, "finite": true, "measured": false, "status": "decode_step", "step": 14, "wall_ms": 27.14678691700101}
{"argmax": 8536, "components": {"attention_block_ms": 0.0, "cache_append_ms": 0.0, "dense_attention_ms": 0.0, "host_to_gpu_ms": 0.0}, "cuda_ms": 27.157535552978516, "finite": true, "measured": false, "status": "decode_step", "step": 15, "wall_ms": 27.180336881428957}
{"argmax": 6150, "components": {"attention_block_ms": 0.0, "cache_append_ms": 0.0, "dense_attention_ms": 0.0, "host_to_gpu_ms": 0.0}, "cuda_ms": 27.122079849243164, "finite": true, "measured": true, "status": "decode_step", "step": 16, "wall_ms": 27.140398044139147}
{"argmax": 315, "components": {"attention_block_ms": 0.0, "cache_append_ms": 0.0, "dense_attention_ms": 0.0, "host_to_gpu_ms": 0.0}, "cuda_ms": 27.159040451049805, "finite": true, "measured": true, "status": "decode_step", "step": 17, "wall_ms": 27.173887938261032}
{"argmax": 1253, "components": {"attention_block_ms": 0.0, "cache_append_ms": 0.0, "dense_attention_ms": 0.0, "host_to_gpu_ms": 0.0}, "cuda_ms": 27.12646484375, "finite": true, "measured": true, "status": "decode_step", "step": 18, "wall_ms": 27.148008812218904}
{"argmax": 791, "components": {"attention_block_ms": 0.0, "cache_append_ms": 0.0, "dense_attention_ms": 0.0, "host_to_gpu_ms": 0.0}, "cuda_ms": 27.25529670715332, "finite": true, "measured": true, "status": "decode_step", "step": 19, "wall_ms": 27.269810903817415}
{"argmax": 374, "components": {"attention_block_ms": 0.0, "cache_append_ms": 0.0, "dense_attention_ms": 0.0, "host_to_gpu_ms": 0.0}, "cuda_ms": 27.11737632751465, "finite": true, "measured": true, "status": "decode_step", "step": 20, "wall_ms": 27.132986579090357}
{"argmax": 374, "components": {"attention_block_ms": 0.0, "cache_append_ms": 0.0, "dense_attention_ms": 0.0, "host_to_gpu_ms": 0.0}, "cuda_ms": 27.152576446533203, "finite": true, "measured": true, "status": "decode_step", "step": 21, "wall_ms": 27.168961241841316}
{"argmax": 279, "components": {"attention_block_ms": 0.0, "cache_append_ms": 0.0, "dense_attention_ms": 0.0, "host_to_gpu_ms": 0.0}, "cuda_ms": 27.139936447143555, "finite": true, "measured": true, "status": "decode_step", "step": 22, "wall_ms": 27.157092932611704}
{"argmax": 3560, "components": {"attention_block_ms": 0.0, "cache_append_ms": 0.0, "dense_attention_ms": 0.0, "host_to_gpu_ms": 0.0}, "cuda_ms": 27.149280548095703, "finite": true, "measured": true, "status": "decode_step", "step": 23, "wall_ms": 27.163412887603045}
{"argmax": 323, "components": {"attention_block_ms": 0.0, "cache_append_ms": 0.0, "dense_attention_ms": 0.0, "host_to_gpu_ms": 0.0}, "cuda_ms": 27.137887954711914, "finite": true, "measured": true, "status": "decode_step", "step": 24, "wall_ms": 27.152496855705976}
{"argmax": 26411, "components": {"attention_block_ms": 0.0, "cache_append_ms": 0.0, "dense_attention_ms": 0.0, "host_to_gpu_ms": 0.0}, "cuda_ms": 27.14313507080078, "finite": true, "measured": true, "status": "decode_step", "step": 25, "wall_ms": 27.15906733646989}
{"argmax": 1511, "components": {"attention_block_ms": 0.0, "cache_append_ms": 0.0, "dense_attention_ms": 0.0, "host_to_gpu_ms": 0.0}, "cuda_ms": 27.119327545166016, "finite": true, "measured": true, "status": "decode_step", "step": 26, "wall_ms": 27.134299278259277}
{"argmax": 7524, "components": {"attention_block_ms": 0.0, "cache_append_ms": 0.0, "dense_attention_ms": 0.0, "host_to_gpu_ms": 0.0}, "cuda_ms": 27.136127471923828, "finite": true, "measured": true, "status": "decode_step", "step": 27, "wall_ms": 27.153396978974342}
{"argmax": 323, "components": {"attention_block_ms": 0.0, "cache_append_ms": 0.0, "dense_attention_ms": 0.0, "host_to_gpu_ms": 0.0}, "cuda_ms": 27.111103057861328, "finite": true, "measured": true, "status": "decode_step", "step": 28, "wall_ms": 27.126546949148178}
{"argmax": 323, "components": {"attention_block_ms": 0.0, "cache_append_ms": 0.0, "dense_attention_ms": 0.0, "host_to_gpu_ms": 0.0}, "cuda_ms": 27.09814453125, "finite": true, "measured": true, "status": "decode_step", "step": 29, "wall_ms": 27.111444622278214}
{"argmax": 91605, "components": {"attention_block_ms": 0.0, "cache_append_ms": 0.0, "dense_attention_ms": 0.0, "host_to_gpu_ms": 0.0}, "cuda_ms": 27.133920669555664, "finite": true, "measured": true, "status": "decode_step", "step": 30, "wall_ms": 27.160618919879198}
{"argmax": 11006, "components": {"attention_block_ms": 0.0, "cache_append_ms": 0.0, "dense_attention_ms": 0.0, "host_to_gpu_ms": 0.0}, "cuda_ms": 27.468223571777344, "finite": true, "measured": true, "status": "decode_step", "step": 31, "wall_ms": 27.481527999043465}
{"argmax": 369, "components": {"attention_block_ms": 0.0, "cache_append_ms": 0.0, "dense_attention_ms": 0.0, "host_to_gpu_ms": 0.0}, "cuda_ms": 27.154239654541016, "finite": true, "measured": true, "status": "decode_step", "step": 32, "wall_ms": 27.166967745870352}
{"argmax": 586, "components": {"attention_block_ms": 0.0, "cache_append_ms": 0.0, "dense_attention_ms": 0.0, "host_to_gpu_ms": 0.0}, "cuda_ms": 27.155839920043945, "finite": true, "measured": true, "status": "decode_step", "step": 33, "wall_ms": 27.169812005013227}
{"argmax": 7100, "components": {"attention_block_ms": 0.0, "cache_append_ms": 0.0, "dense_attention_ms": 0.0, "host_to_gpu_ms": 0.0}, "cuda_ms": 27.136768341064453, "finite": true, "measured": true, "status": "decode_step", "step": 34, "wall_ms": 27.15115388855338}
{"argmax": 11351, "components": {"attention_block_ms": 0.0, "cache_append_ms": 0.0, "dense_attention_ms": 0.0, "host_to_gpu_ms": 0.0}, "cuda_ms": 27.134336471557617, "finite": true, "measured": true, "status": "decode_step", "step": 35, "wall_ms": 27.14637666940689}
{"argmax": 13, "components": {"attention_block_ms": 0.0, "cache_append_ms": 0.0, "dense_attention_ms": 0.0, "host_to_gpu_ms": 0.0}, "cuda_ms": 27.126272201538086, "finite": true, "measured": true, "status": "decode_step", "step": 36, "wall_ms": 27.139807119965553}
{"argmax": 578, "components": {"attention_block_ms": 0.0, "cache_append_ms": 0.0, "dense_attention_ms": 0.0, "host_to_gpu_ms": 0.0}, "cuda_ms": 27.082304000854492, "finite": true, "measured": true, "status": "decode_step", "step": 37, "wall_ms": 27.109602000564337}
{"argmax": 3388, "components": {"attention_block_ms": 0.0, "cache_append_ms": 0.0, "dense_attention_ms": 0.0, "host_to_gpu_ms": 0.0}, "cuda_ms": 27.31510353088379, "finite": true, "measured": true, "status": "decode_step", "step": 38, "wall_ms": 27.32888888567686}
{"argmax": 374, "components": {"attention_block_ms": 0.0, "cache_append_ms": 0.0, "dense_attention_ms": 0.0, "host_to_gpu_ms": 0.0}, "cuda_ms": 27.10963249206543, "finite": true, "measured": true, "status": "decode_step", "step": 39, "wall_ms": 27.122390922158957}
{"argmax": 389, "components": {"attention_block_ms": 0.0, "cache_append_ms": 0.0, "dense_attention_ms": 0.0, "host_to_gpu_ms": 0.0}, "cuda_ms": 27.127519607543945, "finite": true, "measured": true, "status": "decode_step", "step": 40, "wall_ms": 27.142552193254232}
{"argmax": 279, "components": {"attention_block_ms": 0.0, "cache_append_ms": 0.0, "dense_attention_ms": 0.0, "host_to_gpu_ms": 0.0}, "cuda_ms": 27.107872009277344, "finite": true, "measured": true, "status": "decode_step", "step": 41, "wall_ms": 27.11934596300125}
{"argmax": 3560, "components": {"attention_block_ms": 0.0, "cache_append_ms": 0.0, "dense_attention_ms": 0.0, "host_to_gpu_ms": 0.0}, "cuda_ms": 27.123872756958008, "finite": true, "measured": true, "status": "decode_step", "step": 42, "wall_ms": 27.13693305850029}
{"argmax": 315, "components": {"attention_block_ms": 0.0, "cache_append_ms": 0.0, "dense_attention_ms": 0.0, "host_to_gpu_ms": 0.0}, "cuda_ms": 27.10748863220215, "finite": true, "measured": true, "status": "decode_step", "step": 43, "wall_ms": 27.12366310879588}
{"argmax": 33184, "components": {"attention_block_ms": 0.0, "cache_append_ms": 0.0, "dense_attention_ms": 0.0, "host_to_gpu_ms": 0.0}, "cuda_ms": 27.132959365844727, "finite": true, "measured": true, "status": "decode_step", "step": 44, "wall_ms": 27.144192717969418}
{"argmax": 11335, "components": {"attention_block_ms": 0.0, "cache_append_ms": 0.0, "dense_attention_ms": 0.0, "host_to_gpu_ms": 0.0}, "cuda_ms": 27.103424072265625, "finite": true, "measured": true, "status": "decode_step", "step": 45, "wall_ms": 27.119415812194347}
{"argmax": 304, "components": {"attention_block_ms": 0.0, "cache_append_ms": 0.0, "dense_attention_ms": 0.0, "host_to_gpu_ms": 0.0}, "cuda_ms": 30.763551712036133, "finite": true, "measured": true, "status": "decode_step", "step": 46, "wall_ms": 30.779408290982246}
{"argmax": 279, "components": {"attention_block_ms": 0.0, "cache_append_ms": 0.0, "dense_attention_ms": 0.0, "host_to_gpu_ms": 0.0}, "cuda_ms": 27.166336059570312, "finite": true, "measured": true, "status": "decode_step", "step": 47, "wall_ms": 27.171924710273743}
{"argmax": 4500, "components": {"attention_block_ms": 0.0, "cache_append_ms": 0.0, "dense_attention_ms": 0.0, "host_to_gpu_ms": 0.0}, "cuda_ms": 27.139263153076172, "finite": true, "measured": true, "status": "decode_step", "step": 48, "wall_ms": 27.154037728905678}
{"argmax": 315, "components": {"attention_block_ms": 0.0, "cache_append_ms": 0.0, "dense_attention_ms": 0.0, "host_to_gpu_ms": 0.0}, "cuda_ms": 27.106496810913086, "finite": true, "measured": true, "status": "decode_step", "step": 49, "wall_ms": 27.120869141072035}
{"argmax": 33184, "components": {"attention_block_ms": 0.0, "cache_append_ms": 0.0, "dense_attention_ms": 0.0, "host_to_gpu_ms": 0.0}, "cuda_ms": 27.08812713623047, "finite": true, "measured": true, "status": "decode_step", "step": 50, "wall_ms": 27.10160007700324}
{"argmax": 33184, "components": {"attention_block_ms": 0.0, "cache_append_ms": 0.0, "dense_attention_ms": 0.0, "host_to_gpu_ms": 0.0}, "cuda_ms": 27.13315200805664, "finite": true, "measured": true, "status": "decode_step", "step": 51, "wall_ms": 27.145795989781618}
{"argmax": 10706, "components": {"attention_block_ms": 0.0, "cache_append_ms": 0.0, "dense_attention_ms": 0.0, "host_to_gpu_ms": 0.0}, "cuda_ms": 27.105695724487305, "finite": true, "measured": true, "status": "decode_step", "step": 52, "wall_ms": 27.12082816287875}
{"argmax": 323, "components": {"attention_block_ms": 0.0, "cache_append_ms": 0.0, "dense_attention_ms": 0.0, "host_to_gpu_ms": 0.0}, "cuda_ms": 27.09676742553711, "finite": true, "measured": true, "status": "decode_step", "step": 53, "wall_ms": 27.107297908514738}
{"argmax": 279, "components": {"attention_block_ms": 0.0, "cache_append_ms": 0.0, "dense_attention_ms": 0.0, "host_to_gpu_ms": 0.0}, "cuda_ms": 27.108959197998047, "finite": true, "measured": true, "status": "decode_step", "step": 54, "wall_ms": 27.125987224280834}
{"argmax": 5133, "components": {"attention_block_ms": 0.0, "cache_append_ms": 0.0, "dense_attention_ms": 0.0, "host_to_gpu_ms": 0.0}, "cuda_ms": 27.109376907348633, "finite": true, "measured": true, "status": "decode_step", "step": 55, "wall_ms": 27.124755084514618}
{"argmax": 311, "components": {"attention_block_ms": 0.0, "cache_append_ms": 0.0, "dense_attention_ms": 0.0, "host_to_gpu_ms": 0.0}, "cuda_ms": 27.1296329498291, "finite": true, "measured": true, "status": "decode_step", "step": 56, "wall_ms": 27.14067790657282}
{"argmax": 279, "components": {"attention_block_ms": 0.0, "cache_append_ms": 0.0, "dense_attention_ms": 0.0, "host_to_gpu_ms": 0.0}, "cuda_ms": 27.114944458007812, "finite": true, "measured": true, "status": "decode_step", "step": 57, "wall_ms": 27.123051695525646}
{"argmax": 323, "components": {"attention_block_ms": 0.0, "cache_append_ms": 0.0, "dense_attention_ms": 0.0, "host_to_gpu_ms": 0.0}, "cuda_ms": 27.11187171936035, "finite": true, "measured": true, "status": "decode_step", "step": 58, "wall_ms": 27.12418418377638}
{"argmax": 13, "components": {"attention_block_ms": 0.0, "cache_append_ms": 0.0, "dense_attention_ms": 0.0, "host_to_gpu_ms": 0.0}, "cuda_ms": 27.09702491760254, "finite": true, "measured": true, "status": "decode_step", "step": 59, "wall_ms": 27.107839938253164}
{"argmax": 41582, "components": {"attention_block_ms": 0.0, "cache_append_ms": 0.0, "dense_attention_ms": 0.0, "host_to_gpu_ms": 0.0}, "cuda_ms": 27.5413761138916, "finite": true, "measured": true, "status": "decode_step", "step": 60, "wall_ms": 27.555127162486315}
{"argmax": 11, "components": {"attention_block_ms": 0.0, "cache_append_ms": 0.0, "dense_attention_ms": 0.0, "host_to_gpu_ms": 0.0}, "cuda_ms": 27.097471237182617, "finite": true, "measured": true, "status": "decode_step", "step": 61, "wall_ms": 27.110452763736248}
{"argmax": 323, "components": {"attention_block_ms": 0.0, "cache_append_ms": 0.0, "dense_attention_ms": 0.0, "host_to_gpu_ms": 0.0}, "cuda_ms": 27.13417625427246, "finite": true, "measured": true, "status": "decode_step", "step": 62, "wall_ms": 27.149332221597433}
{"argmax": 1023, "components": {"attention_block_ms": 0.0, "cache_append_ms": 0.0, "dense_attention_ms": 0.0, "host_to_gpu_ms": 0.0}, "cuda_ms": 27.135391235351562, "finite": true, "measured": true, "status": "decode_step", "step": 63, "wall_ms": 27.149200905114412}
{"argmax": 11006, "components": {"attention_block_ms": 0.0, "cache_append_ms": 0.0, "dense_attention_ms": 0.0, "host_to_gpu_ms": 0.0}, "cuda_ms": 27.112319946289062, "finite": true, "measured": true, "status": "decode_step", "step": 64, "wall_ms": 27.127909939736128}
{"argmax": 5315, "components": {"attention_block_ms": 0.0, "cache_append_ms": 0.0, "dense_attention_ms": 0.0, "host_to_gpu_ms": 0.0}, "cuda_ms": 27.11452865600586, "finite": true, "measured": true, "status": "decode_step", "step": 65, "wall_ms": 27.125866152346134}
{"argmax": 519, "components": {"attention_block_ms": 0.0, "cache_append_ms": 0.0, "dense_attention_ms": 0.0, "host_to_gpu_ms": 0.0}, "cuda_ms": 27.09369659423828, "finite": true, "measured": true, "status": "decode_step", "step": 66, "wall_ms": 27.10760897025466}
{"argmax": 28846, "components": {"attention_block_ms": 0.0, "cache_append_ms": 0.0, "dense_attention_ms": 0.0, "host_to_gpu_ms": 0.0}, "cuda_ms": 27.11235237121582, "finite": true, "measured": true, "status": "decode_step", "step": 67, "wall_ms": 27.14499505236745}
{"argmax": 11351, "components": {"attention_block_ms": 0.0, "cache_append_ms": 0.0, "dense_attention_ms": 0.0, "host_to_gpu_ms": 0.0}, "cuda_ms": 27.308704376220703, "finite": true, "measured": true, "status": "decode_step", "step": 68, "wall_ms": 27.320576831698418}
{"argmax": 13, "components": {"attention_block_ms": 0.0, "cache_append_ms": 0.0, "dense_attention_ms": 0.0, "host_to_gpu_ms": 0.0}, "cuda_ms": 27.10678482055664, "finite": true, "measured": true, "status": "decode_step", "step": 69, "wall_ms": 27.120618615299463}
{"argmax": 578, "components": {"attention_block_ms": 0.0, "cache_append_ms": 0.0, "dense_attention_ms": 0.0, "host_to_gpu_ms": 0.0}, "cuda_ms": 27.11292839050293, "finite": true, "measured": true, "status": "decode_step", "step": 70, "wall_ms": 27.128721121698618}
{"argmax": 311, "components": {"attention_block_ms": 0.0, "cache_append_ms": 0.0, "dense_attention_ms": 0.0, "host_to_gpu_ms": 0.0}, "cuda_ms": 27.13430404663086, "finite": true, "measured": true, "status": "decode_step", "step": 71, "wall_ms": 27.146055828779936}
{"argmax": 4236, "components": {"attention_block_ms": 0.0, "cache_append_ms": 0.0, "dense_attention_ms": 0.0, "host_to_gpu_ms": 0.0}, "cuda_ms": 27.11235237121582, "finite": true, "measured": true, "status": "decode_step", "step": 72, "wall_ms": 27.128510177135468}
{"argmax": 468, "components": {"attention_block_ms": 0.0, "cache_append_ms": 0.0, "dense_attention_ms": 0.0, "host_to_gpu_ms": 0.0}, "cuda_ms": 27.12601661682129, "finite": true, "measured": true, "status": "decode_step", "step": 73, "wall_ms": 27.13899640366435}
{"argmax": 13, "components": {"attention_block_ms": 0.0, "cache_append_ms": 0.0, "dense_attention_ms": 0.0, "host_to_gpu_ms": 0.0}, "cuda_ms": 27.10166358947754, "finite": true, "measured": true, "status": "decode_step", "step": 74, "wall_ms": 27.11620181798935}
{"argmax": 2947, "components": {"attention_block_ms": 0.0, "cache_append_ms": 0.0, "dense_attention_ms": 0.0, "host_to_gpu_ms": 0.0}, "cuda_ms": 27.121631622314453, "finite": true, "measured": true, "status": "decode_step", "step": 75, "wall_ms": 27.13712304830551}
{"argmax": 8536, "components": {"attention_block_ms": 0.0, "cache_append_ms": 0.0, "dense_attention_ms": 0.0, "host_to_gpu_ms": 0.0}, "cuda_ms": 27.119327545166016, "finite": true, "measured": true, "status": "decode_step", "step": 76, "wall_ms": 27.131964918226004}
{"argmax": 6150, "components": {"attention_block_ms": 0.0, "cache_append_ms": 0.0, "dense_attention_ms": 0.0, "host_to_gpu_ms": 0.0}, "cuda_ms": 27.130016326904297, "finite": true, "measured": true, "status": "decode_step", "step": 77, "wall_ms": 27.146417181938887}
{"argmax": 315, "components": {"attention_block_ms": 0.0, "cache_append_ms": 0.0, "dense_attention_ms": 0.0, "host_to_gpu_ms": 0.0}, "cuda_ms": 27.146495819091797, "finite": true, "measured": true, "status": "decode_step", "step": 78, "wall_ms": 27.163082268089056}
{"argmax": 3142, "components": {"attention_block_ms": 0.0, "cache_append_ms": 0.0, "dense_attention_ms": 0.0, "host_to_gpu_ms": 0.0}, "cuda_ms": 27.11631965637207, "finite": true, "measured": true, "status": "decode_step", "step": 79, "wall_ms": 27.129510883241892}
{"argmax": 323, "components": {"attention_block_ms": 0.0, "cache_append_ms": 0.0, "dense_attention_ms": 0.0, "host_to_gpu_ms": 0.0}, "cuda_ms": 27.145919799804688, "finite": true, "measured": true, "status": "decode_step", "step": 80, "wall_ms": 27.162181213498116}
{"argmax": 7327, "components": {"attention_block_ms": 0.0, "cache_append_ms": 0.0, "dense_attention_ms": 0.0, "host_to_gpu_ms": 0.0}, "cuda_ms": 27.147808074951172, "finite": true, "measured": true, "status": "decode_step", "step": 81, "wall_ms": 27.16380311176181}
{"argmax": 23298, "components": {"attention_block_ms": 0.0, "cache_append_ms": 0.0, "dense_attention_ms": 0.0, "host_to_gpu_ms": 0.0}, "cuda_ms": 27.117887496948242, "finite": true, "measured": true, "status": "decode_step", "step": 82, "wall_ms": 27.14054798707366}
{"argmax": 4236, "components": {"attention_block_ms": 0.0, "cache_append_ms": 0.0, "dense_attention_ms": 0.0, "host_to_gpu_ms": 0.0}, "cuda_ms": 27.374752044677734, "finite": true, "measured": true, "status": "decode_step", "step": 83, "wall_ms": 27.39159297198057}
{"argmax": 26, "components": {"attention_block_ms": 0.0, "cache_append_ms": 0.0, "dense_attention_ms": 0.0, "host_to_gpu_ms": 0.0}, "cuda_ms": 27.132287979125977, "finite": true, "measured": true, "status": "decode_step", "step": 84, "wall_ms": 27.147968765348196}
{"argmax": 3885, "components": {"attention_block_ms": 0.0, "cache_append_ms": 0.0, "dense_attention_ms": 0.0, "host_to_gpu_ms": 0.0}, "cuda_ms": 27.124736785888672, "finite": true, "measured": true, "status": "decode_step", "step": 85, "wall_ms": 27.140448335558176}
{"argmax": 449, "components": {"attention_block_ms": 0.0, "cache_append_ms": 0.0, "dense_attention_ms": 0.0, "host_to_gpu_ms": 0.0}, "cuda_ms": 27.126272201538086, "finite": true, "measured": true, "status": "decode_step", "step": 86, "wall_ms": 27.143141720443964}
{"argmax": 2947, "components": {"attention_block_ms": 0.0, "cache_append_ms": 0.0, "dense_attention_ms": 0.0, "host_to_gpu_ms": 0.0}, "cuda_ms": 27.11452865600586, "finite": true, "measured": true, "status": "decode_step", "step": 87, "wall_ms": 27.130083180963993}
{"argmax": 8536, "components": {"attention_block_ms": 0.0, "cache_append_ms": 0.0, "dense_attention_ms": 0.0, "host_to_gpu_ms": 0.0}, "cuda_ms": 27.11180877685547, "finite": true, "measured": true, "status": "decode_step", "step": 88, "wall_ms": 27.127839159220457}
{"argmax": 6150, "components": {"attention_block_ms": 0.0, "cache_append_ms": 0.0, "dense_attention_ms": 0.0, "host_to_gpu_ms": 0.0}, "cuda_ms": 27.121471405029297, "finite": true, "measured": true, "status": "decode_step", "step": 89, "wall_ms": 27.13592117652297}
{"argmax": 8041, "components": {"attention_block_ms": 0.0, "cache_append_ms": 0.0, "dense_attention_ms": 0.0, "host_to_gpu_ms": 0.0}, "cuda_ms": 27.14227294921875, "finite": true, "measured": true, "status": "decode_step", "step": 90, "wall_ms": 27.15640189126134}
{"argmax": 627, "components": {"attention_block_ms": 0.0, "cache_append_ms": 0.0, "dense_attention_ms": 0.0, "host_to_gpu_ms": 0.0}, "cuda_ms": 27.117311477661133, "finite": true, "measured": true, "status": "decode_step", "step": 91, "wall_ms": 27.14040782302618}
{"argmax": 791, "components": {"attention_block_ms": 0.0, "cache_append_ms": 0.0, "dense_attention_ms": 0.0, "host_to_gpu_ms": 0.0}, "cuda_ms": 27.32271957397461, "finite": true, "measured": true, "status": "decode_step", "step": 92, "wall_ms": 27.3396959528327}
{"argmax": 3388, "components": {"attention_block_ms": 0.0, "cache_append_ms": 0.0, "dense_attention_ms": 0.0, "host_to_gpu_ms": 0.0}, "cuda_ms": 27.102048873901367, "finite": true, "measured": true, "status": "decode_step", "step": 93, "wall_ms": 27.117392979562283}
{"argmax": 49095, "components": {"attention_block_ms": 0.0, "cache_append_ms": 0.0, "dense_attention_ms": 0.0, "host_to_gpu_ms": 0.0}, "cuda_ms": 27.118751525878906, "finite": true, "measured": true, "status": "decode_step", "step": 94, "wall_ms": 27.132205199450254}
{"argmax": 6319, "components": {"attention_block_ms": 0.0, "cache_append_ms": 0.0, "dense_attention_ms": 0.0, "host_to_gpu_ms": 0.0}, "cuda_ms": 27.105663299560547, "finite": true, "measured": true, "status": "decode_step", "step": 95, "wall_ms": 27.122741099447012}
{"argmax": 4236, "components": {"attention_block_ms": 0.0, "cache_append_ms": 0.0, "dense_attention_ms": 0.0, "host_to_gpu_ms": 0.0}, "cuda_ms": 27.10492706298828, "finite": true, "measured": true, "status": "decode_step", "step": 96, "wall_ms": 27.1169226616621}
{"argmax": 889, "components": {"attention_block_ms": 0.0, "cache_append_ms": 0.0, "dense_attention_ms": 0.0, "host_to_gpu_ms": 0.0}, "cuda_ms": 27.12451171875, "finite": true, "measured": true, "status": "decode_step", "step": 97, "wall_ms": 27.13822526857257}
{"argmax": 6156, "components": {"attention_block_ms": 0.0, "cache_append_ms": 0.0, "dense_attention_ms": 0.0, "host_to_gpu_ms": 0.0}, "cuda_ms": 27.101600646972656, "finite": true, "measured": true, "status": "decode_step", "step": 98, "wall_ms": 27.11656177416444}
{"argmax": 9021, "components": {"attention_block_ms": 0.0, "cache_append_ms": 0.0, "dense_attention_ms": 0.0, "host_to_gpu_ms": 0.0}, "cuda_ms": 27.15283203125, "finite": true, "measured": true, "status": "decode_step", "step": 99, "wall_ms": 27.165124658495188}
{"argmax": 374, "components": {"attention_block_ms": 0.0, "cache_append_ms": 0.0, "dense_attention_ms": 0.0, "host_to_gpu_ms": 0.0}, "cuda_ms": 27.11782455444336, "finite": true, "measured": true, "status": "decode_step", "step": 100, "wall_ms": 27.1324859932065}
{"argmax": 304, "components": {"attention_block_ms": 0.0, "cache_append_ms": 0.0, "dense_attention_ms": 0.0, "host_to_gpu_ms": 0.0}, "cuda_ms": 27.096832275390625, "finite": true, "measured": true, "status": "decode_step", "step": 101, "wall_ms": 27.11139526218176}
{"argmax": 33184, "components": {"attention_block_ms": 0.0, "cache_append_ms": 0.0, "dense_attention_ms": 0.0, "host_to_gpu_ms": 0.0}, "cuda_ms": 27.165855407714844, "finite": true, "measured": true, "status": "decode_step", "step": 102, "wall_ms": 27.180176693946123}
{"argmax": 10706, "components": {"attention_block_ms": 0.0, "cache_append_ms": 0.0, "dense_attention_ms": 0.0, "host_to_gpu_ms": 0.0}, "cuda_ms": 27.128992080688477, "finite": true, "measured": true, "status": "decode_step", "step": 103, "wall_ms": 27.143111918121576}
{"argmax": 13, "components": {"attention_block_ms": 0.0, "cache_append_ms": 0.0, "dense_attention_ms": 0.0, "host_to_gpu_ms": 0.0}, "cuda_ms": 27.108448028564453, "finite": true, "measured": true, "status": "decode_step", "step": 104, "wall_ms": 27.127457782626152}
{"argmax": 889, "components": {"attention_block_ms": 0.0, "cache_append_ms": 0.0, "dense_attention_ms": 0.0, "host_to_gpu_ms": 0.0}, "cuda_ms": 27.146591186523438, "finite": true, "measured": true, "status": "decode_step", "step": 105, "wall_ms": 27.161248959600925}
{"argmax": 311, "components": {"attention_block_ms": 0.0, "cache_append_ms": 0.0, "dense_attention_ms": 0.0, "host_to_gpu_ms": 0.0}, "cuda_ms": 27.12678337097168, "finite": true, "measured": true, "status": "decode_step", "step": 106, "wall_ms": 27.140388265252113}
{"argmax": 387, "components": {"attention_block_ms": 0.0, "cache_append_ms": 0.0, "dense_attention_ms": 0.0, "host_to_gpu_ms": 0.0}, "cuda_ms": 27.0993595123291, "finite": true, "measured": true, "status": "decode_step", "step": 107, "wall_ms": 27.112796902656555}
{"argmax": 264, "components": {"attention_block_ms": 0.0, "cache_append_ms": 0.0, "dense_attention_ms": 0.0, "host_to_gpu_ms": 0.0}, "cuda_ms": 27.106111526489258, "finite": true, "measured": true, "status": "decode_step", "step": 108, "wall_ms": 27.117533143609762}
{"argmax": 6373, "components": {"attention_block_ms": 0.0, "cache_append_ms": 0.0, "dense_attention_ms": 0.0, "host_to_gpu_ms": 0.0}, "cuda_ms": 27.115840911865234, "finite": true, "measured": true, "status": "decode_step", "step": 109, "wall_ms": 27.131654787808657}
{"argmax": 10093, "components": {"attention_block_ms": 0.0, "cache_append_ms": 0.0, "dense_attention_ms": 0.0, "host_to_gpu_ms": 0.0}, "cuda_ms": 27.101951599121094, "finite": true, "measured": true, "status": "decode_step", "step": 110, "wall_ms": 27.117433957755566}
{"argmax": 304, "components": {"attention_block_ms": 0.0, "cache_append_ms": 0.0, "dense_attention_ms": 0.0, "host_to_gpu_ms": 0.0}, "cuda_ms": 27.112640380859375, "finite": true, "measured": true, "status": "decode_step", "step": 111, "wall_ms": 27.126457076519728}
{"argmax": 279, "components": {"attention_block_ms": 0.0, "cache_append_ms": 0.0, "dense_attention_ms": 0.0, "host_to_gpu_ms": 0.0}, "cuda_ms": 28.42835235595703, "finite": true, "measured": true, "status": "decode_step", "step": 112, "wall_ms": 28.44334626570344}
{"argmax": 13, "components": {"attention_block_ms": 0.0, "cache_append_ms": 0.0, "dense_attention_ms": 0.0, "host_to_gpu_ms": 0.0}, "cuda_ms": 27.541120529174805, "finite": true, "measured": true, "status": "decode_step", "step": 113, "wall_ms": 27.555769309401512}
{"argmax": 578, "components": {"attention_block_ms": 0.0, "cache_append_ms": 0.0, "dense_attention_ms": 0.0, "host_to_gpu_ms": 0.0}, "cuda_ms": 27.135295867919922, "finite": true, "measured": true, "status": "decode_step", "step": 114, "wall_ms": 27.146377135068178}
{"argmax": 3388, "components": {"attention_block_ms": 0.0, "cache_append_ms": 0.0, "dense_attention_ms": 0.0, "host_to_gpu_ms": 0.0}, "cuda_ms": 27.117216110229492, "finite": true, "measured": true, "status": "decode_step", "step": 115, "wall_ms": 27.13057305663824}
{"argmax": 24400, "components": {"attention_block_ms": 0.0, "cache_append_ms": 0.0, "dense_attention_ms": 0.0, "host_to_gpu_ms": 0.0}, "cuda_ms": 27.115327835083008, "finite": true, "measured": true, "status": "decode_step", "step": 116, "wall_ms": 27.130533009767532}
{"argmax": 264, "components": {"attention_block_ms": 0.0, "cache_append_ms": 0.0, "dense_attention_ms": 0.0, "host_to_gpu_ms": 0.0}, "cuda_ms": 27.0980167388916, "finite": true, "measured": true, "status": "decode_step", "step": 117, "wall_ms": 27.111565228551626}
{"argmax": 6677, "components": {"attention_block_ms": 0.0, "cache_append_ms": 0.0, "dense_attention_ms": 0.0, "host_to_gpu_ms": 0.0}, "cuda_ms": 27.130943298339844, "finite": true, "measured": true, "status": "decode_step", "step": 118, "wall_ms": 27.14462485164404}
{"argmax": 323, "components": {"attention_block_ms": 0.0, "cache_append_ms": 0.0, "dense_attention_ms": 0.0, "host_to_gpu_ms": 0.0}, "cuda_ms": 27.140480041503906, "finite": true, "measured": true, "status": "decode_step", "step": 119, "wall_ms": 27.154868934303522}
{"argmax": 4236, "components": {"attention_block_ms": 0.0, "cache_append_ms": 0.0, "dense_attention_ms": 0.0, "host_to_gpu_ms": 0.0}, "cuda_ms": 27.122528076171875, "finite": true, "measured": true, "status": "decode_step", "step": 120, "wall_ms": 27.134027797728777}
{"argmax": 287, "components": {"attention_block_ms": 0.0, "cache_append_ms": 0.0, "dense_attention_ms": 0.0, "host_to_gpu_ms": 0.0}, "cuda_ms": 27.125152587890625, "finite": true, "measured": true, "status": "decode_step", "step": 121, "wall_ms": 27.13807485997677}
{"argmax": 11, "components": {"attention_block_ms": 0.0, "cache_append_ms": 0.0, "dense_attention_ms": 0.0, "host_to_gpu_ms": 0.0}, "cuda_ms": 27.11017608642578, "finite": true, "measured": true, "status": "decode_step", "step": 122, "wall_ms": 27.148389723151922}
{"argmax": 279, "components": {"attention_block_ms": 0.0, "cache_append_ms": 0.0, "dense_attention_ms": 0.0, "host_to_gpu_ms": 0.0}, "cuda_ms": 27.302528381347656, "finite": true, "measured": true, "status": "decode_step", "step": 123, "wall_ms": 27.314428240060806}
{"argmax": 33184, "components": {"attention_block_ms": 0.0, "cache_append_ms": 0.0, "dense_attention_ms": 0.0, "host_to_gpu_ms": 0.0}, "cuda_ms": 27.133695602416992, "finite": true, "measured": true, "status": "decode_step", "step": 124, "wall_ms": 27.147397864609957}
{"argmax": 7471, "components": {"attention_block_ms": 0.0, "cache_append_ms": 0.0, "dense_attention_ms": 0.0, "host_to_gpu_ms": 0.0}, "cuda_ms": 27.10518455505371, "finite": true, "measured": true, "status": "decode_step", "step": 125, "wall_ms": 27.118445374071598}
{"argmax": 8830, "components": {"attention_block_ms": 0.0, "cache_append_ms": 0.0, "dense_attention_ms": 0.0, "host_to_gpu_ms": 0.0}, "cuda_ms": 27.127519607543945, "finite": true, "measured": true, "status": "decode_step", "step": 126, "wall_ms": 27.142120990902185}
{"argmax": 279, "components": {"attention_block_ms": 0.0, "cache_append_ms": 0.0, "dense_attention_ms": 0.0, "host_to_gpu_ms": 0.0}, "cuda_ms": 27.150527954101562, "finite": true, "measured": true, "status": "decode_step", "step": 127, "wall_ms": 27.16395305469632}
{"argmax": 3388, "components": {"attention_block_ms": 0.0, "cache_append_ms": 0.0, "dense_attention_ms": 0.0, "host_to_gpu_ms": 0.0}, "cuda_ms": 27.147615432739258, "finite": true, "measured": true, "status": "decode_step", "step": 128, "wall_ms": 27.160617988556623}
{"argmax": 369, "components": {"attention_block_ms": 0.0, "cache_append_ms": 0.0, "dense_attention_ms": 0.0, "host_to_gpu_ms": 0.0}, "cuda_ms": 27.126272201538086, "finite": true, "measured": true, "status": "decode_step", "step": 129, "wall_ms": 27.137664146721363}
{"argmax": 37419, "components": {"attention_block_ms": 0.0, "cache_append_ms": 0.0, "dense_attention_ms": 0.0, "host_to_gpu_ms": 0.0}, "cuda_ms": 27.104736328125, "finite": true, "measured": true, "status": "decode_step", "step": 130, "wall_ms": 27.11848495528102}
{"argmax": 6373, "components": {"attention_block_ms": 0.0, "cache_append_ms": 0.0, "dense_attention_ms": 0.0, "host_to_gpu_ms": 0.0}, "cuda_ms": 27.123647689819336, "finite": true, "measured": true, "status": "decode_step", "step": 131, "wall_ms": 27.137283235788345}
{"argmax": 11, "components": {"attention_block_ms": 0.0, "cache_append_ms": 0.0, "dense_attention_ms": 0.0, "host_to_gpu_ms": 0.0}, "cuda_ms": 27.117055892944336, "finite": true, "measured": true, "status": "decode_step", "step": 132, "wall_ms": 27.129300870001316}
{"argmax": 6020, "components": {"attention_block_ms": 0.0, "cache_append_ms": 0.0, "dense_attention_ms": 0.0, "host_to_gpu_ms": 0.0}, "cuda_ms": 27.11756706237793, "finite": true, "measured": true, "status": "decode_step", "step": 133, "wall_ms": 27.132416144013405}
{"argmax": 24043, "components": {"attention_block_ms": 0.0, "cache_append_ms": 0.0, "dense_attention_ms": 0.0, "host_to_gpu_ms": 0.0}, "cuda_ms": 27.117664337158203, "finite": true, "measured": true, "status": "decode_step", "step": 134, "wall_ms": 27.13316772133112}
{"argmax": 13, "components": {"attention_block_ms": 0.0, "cache_append_ms": 0.0, "dense_attention_ms": 0.0, "host_to_gpu_ms": 0.0}, "cuda_ms": 27.1147518157959, "finite": true, "measured": true, "status": "decode_step", "step": 135, "wall_ms": 27.126577217131853}
{"argmax": 578, "components": {"attention_block_ms": 0.0, "cache_append_ms": 0.0, "dense_attention_ms": 0.0, "host_to_gpu_ms": 0.0}, "cuda_ms": 27.122623443603516, "finite": true, "measured": true, "status": "decode_step", "step": 136, "wall_ms": 27.139547280967236}
{"argmax": 311, "components": {"attention_block_ms": 0.0, "cache_append_ms": 0.0, "dense_attention_ms": 0.0, "host_to_gpu_ms": 0.0}, "cuda_ms": 27.125280380249023, "finite": true, "measured": true, "status": "decode_step", "step": 137, "wall_ms": 27.13819406926632}
{"argmax": 19816, "components": {"attention_block_ms": 0.0, "cache_append_ms": 0.0, "dense_attention_ms": 0.0, "host_to_gpu_ms": 0.0}, "cuda_ms": 27.112672805786133, "finite": true, "measured": true, "status": "decode_step", "step": 138, "wall_ms": 27.124885004013777}
{"argmax": 468, "components": {"attention_block_ms": 0.0, "cache_append_ms": 0.0, "dense_attention_ms": 0.0, "host_to_gpu_ms": 0.0}, "cuda_ms": 27.13033676147461, "finite": true, "measured": true, "status": "decode_step", "step": 139, "wall_ms": 27.14505512267351}
{"argmax": 13, "components": {"attention_block_ms": 0.0, "cache_append_ms": 0.0, "dense_attention_ms": 0.0, "host_to_gpu_ms": 0.0}, "cuda_ms": 27.128543853759766, "finite": true, "measured": true, "status": "decode_step", "step": 140, "wall_ms": 27.142250910401344}
{"argmax": 2947, "components": {"attention_block_ms": 0.0, "cache_append_ms": 0.0, "dense_attention_ms": 0.0, "host_to_gpu_ms": 0.0}, "cuda_ms": 27.093599319458008, "finite": true, "measured": true, "status": "decode_step", "step": 141, "wall_ms": 27.151173911988735}
{"argmax": 8536, "components": {"attention_block_ms": 0.0, "cache_append_ms": 0.0, "dense_attention_ms": 0.0, "host_to_gpu_ms": 0.0}, "cuda_ms": 27.616607666015625, "finite": true, "measured": true, "status": "decode_step", "step": 142, "wall_ms": 27.630992233753204}
{"argmax": 6150, "components": {"attention_block_ms": 0.0, "cache_append_ms": 0.0, "dense_attention_ms": 0.0, "host_to_gpu_ms": 0.0}, "cuda_ms": 27.11952018737793, "finite": true, "measured": true, "status": "decode_step", "step": 143, "wall_ms": 27.13293582201004}
{"decode_cuda_median_ms": 27.123135566711426, "decode_wall_median_ms": 27.139271842315793, "result": "results/system_benchmarks/tp1_dense_full_v6/formal_dense_local_t16384_r1/benchmark.json", "status": "complete", "validated_layers": 0}
