status=running
{"context": 65536, "gpu": "NVIDIA L40S", "measure_steps": 128, "profile_components": false, "status": "starting", "storage": "local", "warmup_steps": 16}
{"allocated_gib": 22.975351333618164, "exact_kv_gib": 8.017578125, "gpu_staging_gib": 0.0, "host_exact_kv_gib": 0.0, "status": "model_ready"}
{"peak_allocated_gib": 26.765024185180664, "prefill_ms": 12694.740234375, "status": "prefill_complete"}
{"argmax": 11, "components": {"attention_block_ms": 0.0, "cache_append_ms": 0.0, "dense_attention_ms": 0.0, "host_to_gpu_ms": 0.0}, "cuda_ms": 99.9900131225586, "finite": true, "measured": false, "status": "decode_step", "step": 0, "wall_ms": 100.00425111502409}
{"argmax": 771, "components": {"attention_block_ms": 0.0, "cache_append_ms": 0.0, "dense_attention_ms": 0.0, "host_to_gpu_ms": 0.0}, "cuda_ms": 36.147552490234375, "finite": true, "measured": false, "status": "decode_step", "step": 1, "wall_ms": 36.163524724543095}
{"argmax": 39037, "components": {"attention_block_ms": 0.0, "cache_append_ms": 0.0, "dense_attention_ms": 0.0, "host_to_gpu_ms": 0.0}, "cuda_ms": 35.909278869628906, "finite": true, "measured": false, "status": "decode_step", "step": 2, "wall_ms": 35.92792293056846}
{"argmax": 698, "components": {"attention_block_ms": 0.0, "cache_append_ms": 0.0, "dense_attention_ms": 0.0, "host_to_gpu_ms": 0.0}, "cuda_ms": 35.939327239990234, "finite": true, "measured": false, "status": "decode_step", "step": 3, "wall_ms": 35.96005216240883}
{"argmax": 11, "components": {"attention_block_ms": 0.0, "cache_append_ms": 0.0, "dense_attention_ms": 0.0, "host_to_gpu_ms": 0.0}, "cuda_ms": 35.897727966308594, "finite": true, "measured": false, "status": "decode_step", "step": 4, "wall_ms": 35.916006192564964}
{"argmax": 315, "components": {"attention_block_ms": 0.0, "cache_append_ms": 0.0, "dense_attention_ms": 0.0, "host_to_gpu_ms": 0.0}, "cuda_ms": 35.916385650634766, "finite": true, "measured": false, "status": "decode_step", "step": 5, "wall_ms": 35.93470389023423}
{"argmax": 8184, "components": {"attention_block_ms": 0.0, "cache_append_ms": 0.0, "dense_attention_ms": 0.0, "host_to_gpu_ms": 0.0}, "cuda_ms": 35.90284729003906, "finite": true, "measured": false, "status": "decode_step", "step": 6, "wall_ms": 35.9171568416059}
{"argmax": 323, "components": {"attention_block_ms": 0.0, "cache_append_ms": 0.0, "dense_attention_ms": 0.0, "host_to_gpu_ms": 0.0}, "cuda_ms": 35.93452835083008, "finite": true, "measured": false, "status": "decode_step", "step": 7, "wall_ms": 35.95068771392107}
{"argmax": 7327, "components": {"attention_block_ms": 0.0, "cache_append_ms": 0.0, "dense_attention_ms": 0.0, "host_to_gpu_ms": 0.0}, "cuda_ms": 35.91212844848633, "finite": true, "measured": false, "status": "decode_step", "step": 8, "wall_ms": 35.92956531792879}
{"argmax": 23298, "components": {"attention_block_ms": 0.0, "cache_append_ms": 0.0, "dense_attention_ms": 0.0, "host_to_gpu_ms": 0.0}, "cuda_ms": 35.88467025756836, "finite": true, "measured": false, "status": "decode_step", "step": 9, "wall_ms": 35.9041984193027}
{"argmax": 11, "components": {"attention_block_ms": 0.0, "cache_append_ms": 0.0, "dense_attention_ms": 0.0, "host_to_gpu_ms": 0.0}, "cuda_ms": 36.09785461425781, "finite": true, "measured": false, "status": "decode_step", "step": 10, "wall_ms": 36.116194911301136}
{"argmax": 11, "components": {"attention_block_ms": 0.0, "cache_append_ms": 0.0, "dense_attention_ms": 0.0, "host_to_gpu_ms": 0.0}, "cuda_ms": 35.8930549621582, "finite": true, "measured": false, "status": "decode_step", "step": 11, "wall_ms": 35.91112792491913}
{"argmax": 323, "components": {"attention_block_ms": 0.0, "cache_append_ms": 0.0, "dense_attention_ms": 0.0, "host_to_gpu_ms": 0.0}, "cuda_ms": 35.897918701171875, "finite": true, "measured": false, "status": "decode_step", "step": 12, "wall_ms": 35.91653611510992}
{"argmax": 527, "components": {"attention_block_ms": 0.0, "cache_append_ms": 0.0, "dense_attention_ms": 0.0, "host_to_gpu_ms": 0.0}, "cuda_ms": 35.9117431640625, "finite": true, "measured": false, "status": "decode_step", "step": 13, "wall_ms": 35.9272132627666}
{"argmax": 264, "components": {"attention_block_ms": 0.0, "cache_append_ms": 0.0, "dense_attention_ms": 0.0, "host_to_gpu_ms": 0.0}, "cuda_ms": 35.914878845214844, "finite": true, "measured": false, "status": "decode_step", "step": 14, "wall_ms": 35.93118814751506}
{"argmax": 8536, "components": {"attention_block_ms": 0.0, "cache_append_ms": 0.0, "dense_attention_ms": 0.0, "host_to_gpu_ms": 0.0}, "cuda_ms": 35.86812973022461, "finite": true, "measured": false, "status": "decode_step", "step": 15, "wall_ms": 35.884296987205744}
{"argmax": 6150, "components": {"attention_block_ms": 0.0, "cache_append_ms": 0.0, "dense_attention_ms": 0.0, "host_to_gpu_ms": 0.0}, "cuda_ms": 35.87456130981445, "finite": true, "measured": true, "status": "decode_step", "step": 16, "wall_ms": 35.89037712663412}
{"argmax": 315, "components": {"attention_block_ms": 0.0, "cache_append_ms": 0.0, "dense_attention_ms": 0.0, "host_to_gpu_ms": 0.0}, "cuda_ms": 35.90118408203125, "finite": true, "measured": true, "status": "decode_step", "step": 17, "wall_ms": 35.919229965656996}
{"argmax": 11, "components": {"attention_block_ms": 0.0, "cache_append_ms": 0.0, "dense_attention_ms": 0.0, "host_to_gpu_ms": 0.0}, "cuda_ms": 35.895294189453125, "finite": true, "measured": true, "status": "decode_step", "step": 18, "wall_ms": 35.914143081754446}
{"argmax": 54, "components": {"attention_block_ms": 0.0, "cache_append_ms": 0.0, "dense_attention_ms": 0.0, "host_to_gpu_ms": 0.0}, "cuda_ms": 35.91958236694336, "finite": true, "measured": true, "status": "decode_step", "step": 19, "wall_ms": 35.93735722824931}
{"argmax": 374, "components": {"attention_block_ms": 0.0, "cache_append_ms": 0.0, "dense_attention_ms": 0.0, "host_to_gpu_ms": 0.0}, "cuda_ms": 35.907936096191406, "finite": true, "measured": true, "status": "decode_step", "step": 20, "wall_ms": 35.92314571142197}
{"argmax": 374, "components": {"attention_block_ms": 0.0, "cache_append_ms": 0.0, "dense_attention_ms": 0.0, "host_to_gpu_ms": 0.0}, "cuda_ms": 35.901119232177734, "finite": true, "measured": true, "status": "decode_step", "step": 21, "wall_ms": 35.9197398647666}
{"argmax": 279, "components": {"attention_block_ms": 0.0, "cache_append_ms": 0.0, "dense_attention_ms": 0.0, "host_to_gpu_ms": 0.0}, "cuda_ms": 35.894752502441406, "finite": true, "measured": true, "status": "decode_step", "step": 22, "wall_ms": 35.91180918738246}
{"argmax": 3560, "components": {"attention_block_ms": 0.0, "cache_append_ms": 0.0, "dense_attention_ms": 0.0, "host_to_gpu_ms": 0.0}, "cuda_ms": 35.89545440673828, "finite": true, "measured": true, "status": "decode_step", "step": 23, "wall_ms": 35.913350991904736}
{"argmax": 323, "components": {"attention_block_ms": 0.0, "cache_append_ms": 0.0, "dense_attention_ms": 0.0, "host_to_gpu_ms": 0.0}, "cuda_ms": 35.883392333984375, "finite": true, "measured": true, "status": "decode_step", "step": 24, "wall_ms": 35.902705043554306}
{"argmax": 26411, "components": {"attention_block_ms": 0.0, "cache_append_ms": 0.0, "dense_attention_ms": 0.0, "host_to_gpu_ms": 0.0}, "cuda_ms": 35.91756820678711, "finite": true, "measured": true, "status": "decode_step", "step": 25, "wall_ms": 35.93650599941611}
{"argmax": 1511, "components": {"attention_block_ms": 0.0, "cache_append_ms": 0.0, "dense_attention_ms": 0.0, "host_to_gpu_ms": 0.0}, "cuda_ms": 35.89993667602539, "finite": true, "measured": true, "status": "decode_step", "step": 26, "wall_ms": 35.918249282985926}
{"argmax": 7524, "components": {"attention_block_ms": 0.0, "cache_append_ms": 0.0, "dense_attention_ms": 0.0, "host_to_gpu_ms": 0.0}, "cuda_ms": 35.90291213989258, "finite": true, "measured": true, "status": "decode_step", "step": 27, "wall_ms": 35.92028236016631}
{"argmax": 11, "components": {"attention_block_ms": 0.0, "cache_append_ms": 0.0, "dense_attention_ms": 0.0, "host_to_gpu_ms": 0.0}, "cuda_ms": 35.910335540771484, "finite": true, "measured": true, "status": "decode_step", "step": 28, "wall_ms": 35.9279029071331}
{"argmax": 8907, "components": {"attention_block_ms": 0.0, "cache_append_ms": 0.0, "dense_attention_ms": 0.0, "host_to_gpu_ms": 0.0}, "cuda_ms": 35.88684844970703, "finite": true, "measured": true, "status": "decode_step", "step": 29, "wall_ms": 35.9020153991878}
{"argmax": 91605, "components": {"attention_block_ms": 0.0, "cache_append_ms": 0.0, "dense_attention_ms": 0.0, "host_to_gpu_ms": 0.0}, "cuda_ms": 35.90652847290039, "finite": true, "measured": true, "status": "decode_step", "step": 30, "wall_ms": 35.923006013035774}
{"argmax": 1862, "components": {"attention_block_ms": 0.0, "cache_append_ms": 0.0, "dense_attention_ms": 0.0, "host_to_gpu_ms": 0.0}, "cuda_ms": 35.891326904296875, "finite": true, "measured": true, "status": "decode_step", "step": 31, "wall_ms": 35.90914513915777}
{"argmax": 369, "components": {"attention_block_ms": 0.0, "cache_append_ms": 0.0, "dense_attention_ms": 0.0, "host_to_gpu_ms": 0.0}, "cuda_ms": 35.867679595947266, "finite": true, "measured": true, "status": "decode_step", "step": 32, "wall_ms": 35.88500898331404}
{"argmax": 586, "components": {"attention_block_ms": 0.0, "cache_append_ms": 0.0, "dense_attention_ms": 0.0, "host_to_gpu_ms": 0.0}, "cuda_ms": 35.91721725463867, "finite": true, "measured": true, "status": "decode_step", "step": 33, "wall_ms": 35.937277134507895}
{"argmax": 323, "components": {"attention_block_ms": 0.0, "cache_append_ms": 0.0, "dense_attention_ms": 0.0, "host_to_gpu_ms": 0.0}, "cuda_ms": 35.88902282714844, "finite": true, "measured": true, "status": "decode_step", "step": 34, "wall_ms": 35.90655094012618}
{"argmax": 11351, "components": {"attention_block_ms": 0.0, "cache_append_ms": 0.0, "dense_attention_ms": 0.0, "host_to_gpu_ms": 0.0}, "cuda_ms": 35.908607482910156, "finite": true, "measured": true, "status": "decode_step", "step": 35, "wall_ms": 35.92590009793639}
{"argmax": 13, "components": {"attention_block_ms": 0.0, "cache_append_ms": 0.0, "dense_attention_ms": 0.0, "host_to_gpu_ms": 0.0}, "cuda_ms": 35.89606475830078, "finite": true, "measured": true, "status": "decode_step", "step": 36, "wall_ms": 35.9116792678833}
{"argmax": 20783, "components": {"attention_block_ms": 0.0, "cache_append_ms": 0.0, "dense_attention_ms": 0.0, "host_to_gpu_ms": 0.0}, "cuda_ms": 35.90748977661133, "finite": true, "measured": true, "status": "decode_step", "step": 37, "wall_ms": 35.924938041716814}
{"argmax": 3388, "components": {"attention_block_ms": 0.0, "cache_append_ms": 0.0, "dense_attention_ms": 0.0, "host_to_gpu_ms": 0.0}, "cuda_ms": 35.87974548339844, "finite": true, "measured": true, "status": "decode_step", "step": 38, "wall_ms": 35.89652571827173}
{"argmax": 14861, "components": {"attention_block_ms": 0.0, "cache_append_ms": 0.0, "dense_attention_ms": 0.0, "host_to_gpu_ms": 0.0}, "cuda_ms": 35.884769439697266, "finite": true, "measured": true, "status": "decode_step", "step": 39, "wall_ms": 35.90378677472472}
{"argmax": 389, "components": {"attention_block_ms": 0.0, "cache_append_ms": 0.0, "dense_attention_ms": 0.0, "host_to_gpu_ms": 0.0}, "cuda_ms": 35.90166473388672, "finite": true, "measured": true, "status": "decode_step", "step": 40, "wall_ms": 35.921232774853706}
{"argmax": 279, "components": {"attention_block_ms": 0.0, "cache_append_ms": 0.0, "dense_attention_ms": 0.0, "host_to_gpu_ms": 0.0}, "cuda_ms": 35.903358459472656, "finite": true, "measured": true, "status": "decode_step", "step": 41, "wall_ms": 35.92166304588318}
{"argmax": 3560, "components": {"attention_block_ms": 0.0, "cache_append_ms": 0.0, "dense_attention_ms": 0.0, "host_to_gpu_ms": 0.0}, "cuda_ms": 35.91398239135742, "finite": true, "measured": true, "status": "decode_step", "step": 42, "wall_ms": 35.930776968598366}
{"argmax": 315, "components": {"attention_block_ms": 0.0, "cache_append_ms": 0.0, "dense_attention_ms": 0.0, "host_to_gpu_ms": 0.0}, "cuda_ms": 35.889888763427734, "finite": true, "measured": true, "status": "decode_step", "step": 43, "wall_ms": 35.90486804023385}
{"argmax": 33184, "components": {"attention_block_ms": 0.0, "cache_append_ms": 0.0, "dense_attention_ms": 0.0, "host_to_gpu_ms": 0.0}, "cuda_ms": 35.88828659057617, "finite": true, "measured": true, "status": "decode_step", "step": 44, "wall_ms": 35.905099008232355}
{"argmax": 11335, "components": {"attention_block_ms": 0.0, "cache_append_ms": 0.0, "dense_attention_ms": 0.0, "host_to_gpu_ms": 0.0}, "cuda_ms": 35.89616012573242, "finite": true, "measured": true, "status": "decode_step", "step": 45, "wall_ms": 35.91377194970846}
{"argmax": 304, "components": {"attention_block_ms": 0.0, "cache_append_ms": 0.0, "dense_attention_ms": 0.0, "host_to_gpu_ms": 0.0}, "cuda_ms": 35.88966369628906, "finite": true, "measured": true, "status": "decode_step", "step": 46, "wall_ms": 35.90833395719528}
{"argmax": 279, "components": {"attention_block_ms": 0.0, "cache_append_ms": 0.0, "dense_attention_ms": 0.0, "host_to_gpu_ms": 0.0}, "cuda_ms": 35.87456130981445, "finite": true, "measured": true, "status": "decode_step", "step": 47, "wall_ms": 35.893681924790144}
{"argmax": 4500, "components": {"attention_block_ms": 0.0, "cache_append_ms": 0.0, "dense_attention_ms": 0.0, "host_to_gpu_ms": 0.0}, "cuda_ms": 35.89507293701172, "finite": true, "measured": true, "status": "decode_step", "step": 48, "wall_ms": 35.9131908044219}
{"argmax": 315, "components": {"attention_block_ms": 0.0, "cache_append_ms": 0.0, "dense_attention_ms": 0.0, "host_to_gpu_ms": 0.0}, "cuda_ms": 35.90278244018555, "finite": true, "measured": true, "status": "decode_step", "step": 49, "wall_ms": 35.92296503484249}
{"argmax": 33184, "components": {"attention_block_ms": 0.0, "cache_append_ms": 0.0, "dense_attention_ms": 0.0, "host_to_gpu_ms": 0.0}, "cuda_ms": 35.89382553100586, "finite": true, "measured": true, "status": "decode_step", "step": 50, "wall_ms": 35.90881358832121}
{"argmax": 33184, "components": {"attention_block_ms": 0.0, "cache_append_ms": 0.0, "dense_attention_ms": 0.0, "host_to_gpu_ms": 0.0}, "cuda_ms": 35.91628646850586, "finite": true, "measured": true, "status": "decode_step", "step": 51, "wall_ms": 35.93344101682305}
{"argmax": 10706, "components": {"attention_block_ms": 0.0, "cache_append_ms": 0.0, "dense_attention_ms": 0.0, "host_to_gpu_ms": 0.0}, "cuda_ms": 35.92390441894531, "finite": true, "measured": true, "status": "decode_step", "step": 52, "wall_ms": 35.94132326543331}
{"argmax": 323, "components": {"attention_block_ms": 0.0, "cache_append_ms": 0.0, "dense_attention_ms": 0.0, "host_to_gpu_ms": 0.0}, "cuda_ms": 35.90607833862305, "finite": true, "measured": true, "status": "decode_step", "step": 53, "wall_ms": 35.93425313010812}
{"argmax": 279, "components": {"attention_block_ms": 0.0, "cache_append_ms": 0.0, "dense_attention_ms": 0.0, "host_to_gpu_ms": 0.0}, "cuda_ms": 35.93948745727539, "finite": true, "measured": true, "status": "decode_step", "step": 54, "wall_ms": 35.95766704529524}
{"argmax": 5133, "components": {"attention_block_ms": 0.0, "cache_append_ms": 0.0, "dense_attention_ms": 0.0, "host_to_gpu_ms": 0.0}, "cuda_ms": 35.90681457519531, "finite": true, "measured": true, "status": "decode_step", "step": 55, "wall_ms": 35.925027914345264}
{"argmax": 311, "components": {"attention_block_ms": 0.0, "cache_append_ms": 0.0, "dense_attention_ms": 0.0, "host_to_gpu_ms": 0.0}, "cuda_ms": 35.905086517333984, "finite": true, "measured": true, "status": "decode_step", "step": 56, "wall_ms": 35.923064686357975}
{"argmax": 279, "components": {"attention_block_ms": 0.0, "cache_append_ms": 0.0, "dense_attention_ms": 0.0, "host_to_gpu_ms": 0.0}, "cuda_ms": 35.919071197509766, "finite": true, "measured": true, "status": "decode_step", "step": 57, "wall_ms": 35.93551367521286}
{"argmax": 323, "components": {"attention_block_ms": 0.0, "cache_append_ms": 0.0, "dense_attention_ms": 0.0, "host_to_gpu_ms": 0.0}, "cuda_ms": 35.90700912475586, "finite": true, "measured": true, "status": "decode_step", "step": 58, "wall_ms": 35.923536866903305}
{"argmax": 323, "components": {"attention_block_ms": 0.0, "cache_append_ms": 0.0, "dense_attention_ms": 0.0, "host_to_gpu_ms": 0.0}, "cuda_ms": 35.8935661315918, "finite": true, "measured": true, "status": "decode_step", "step": 59, "wall_ms": 35.91077821329236}
{"argmax": 41582, "components": {"attention_block_ms": 0.0, "cache_append_ms": 0.0, "dense_attention_ms": 0.0, "host_to_gpu_ms": 0.0}, "cuda_ms": 35.892032623291016, "finite": true, "measured": true, "status": "decode_step", "step": 60, "wall_ms": 35.90905526652932}
{"argmax": 11, "components": {"attention_block_ms": 0.0, "cache_append_ms": 0.0, "dense_attention_ms": 0.0, "host_to_gpu_ms": 0.0}, "cuda_ms": 35.88947296142578, "finite": true, "measured": true, "status": "decode_step", "step": 61, "wall_ms": 35.909105092287064}
{"argmax": 323, "components": {"attention_block_ms": 0.0, "cache_append_ms": 0.0, "dense_attention_ms": 0.0, "host_to_gpu_ms": 0.0}, "cuda_ms": 35.92287826538086, "finite": true, "measured": true, "status": "decode_step", "step": 62, "wall_ms": 35.941602662205696}
{"argmax": 3927, "components": {"attention_block_ms": 0.0, "cache_append_ms": 0.0, "dense_attention_ms": 0.0, "host_to_gpu_ms": 0.0}, "cuda_ms": 35.88671875, "finite": true, "measured": true, "status": "decode_step", "step": 63, "wall_ms": 35.904668271541595}
{"argmax": 11006, "components": {"attention_block_ms": 0.0, "cache_append_ms": 0.0, "dense_attention_ms": 0.0, "host_to_gpu_ms": 0.0}, "cuda_ms": 35.88505554199219, "finite": true, "measured": true, "status": "decode_step", "step": 64, "wall_ms": 35.90173413977027}
{"argmax": 5315, "components": {"attention_block_ms": 0.0, "cache_append_ms": 0.0, "dense_attention_ms": 0.0, "host_to_gpu_ms": 0.0}, "cuda_ms": 35.91996765136719, "finite": true, "measured": true, "status": "decode_step", "step": 65, "wall_ms": 35.9367560595274}
{"argmax": 519, "components": {"attention_block_ms": 0.0, "cache_append_ms": 0.0, "dense_attention_ms": 0.0, "host_to_gpu_ms": 0.0}, "cuda_ms": 35.888511657714844, "finite": true, "measured": true, "status": "decode_step", "step": 66, "wall_ms": 35.90483870357275}
{"argmax": 269, "components": {"attention_block_ms": 0.0, "cache_append_ms": 0.0, "dense_attention_ms": 0.0, "host_to_gpu_ms": 0.0}, "cuda_ms": 35.918880462646484, "finite": true, "measured": true, "status": "decode_step", "step": 67, "wall_ms": 35.93502379953861}
{"argmax": 11351, "components": {"attention_block_ms": 0.0, "cache_append_ms": 0.0, "dense_attention_ms": 0.0, "host_to_gpu_ms": 0.0}, "cuda_ms": 35.90131378173828, "finite": true, "measured": true, "status": "decode_step", "step": 68, "wall_ms": 35.91861017048359}
{"argmax": 13, "components": {"attention_block_ms": 0.0, "cache_append_ms": 0.0, "dense_attention_ms": 0.0, "host_to_gpu_ms": 0.0}, "cuda_ms": 35.90073776245117, "finite": true, "measured": true, "status": "decode_step", "step": 69, "wall_ms": 35.91902879998088}
{"argmax": 20783, "components": {"attention_block_ms": 0.0, "cache_append_ms": 0.0, "dense_attention_ms": 0.0, "host_to_gpu_ms": 0.0}, "cuda_ms": 35.93036651611328, "finite": true, "measured": true, "status": "decode_step", "step": 70, "wall_ms": 35.95032589510083}
{"argmax": 311, "components": {"attention_block_ms": 0.0, "cache_append_ms": 0.0, "dense_attention_ms": 0.0, "host_to_gpu_ms": 0.0}, "cuda_ms": 35.92745590209961, "finite": true, "measured": true, "status": "decode_step", "step": 71, "wall_ms": 35.94651119783521}
{"argmax": 19560, "components": {"attention_block_ms": 0.0, "cache_append_ms": 0.0, "dense_attention_ms": 0.0, "host_to_gpu_ms": 0.0}, "cuda_ms": 35.89673614501953, "finite": true, "measured": true, "status": "decode_step", "step": 72, "wall_ms": 35.920822992920876}
{"argmax": 468, "components": {"attention_block_ms": 0.0, "cache_append_ms": 0.0, "dense_attention_ms": 0.0, "host_to_gpu_ms": 0.0}, "cuda_ms": 35.89632034301758, "finite": true, "measured": true, "status": "decode_step", "step": 73, "wall_ms": 35.91183898970485}
{"argmax": 13, "components": {"attention_block_ms": 0.0, "cache_append_ms": 0.0, "dense_attention_ms": 0.0, "host_to_gpu_ms": 0.0}, "cuda_ms": 35.91708755493164, "finite": true, "measured": true, "status": "decode_step", "step": 74, "wall_ms": 35.93312995508313}
{"argmax": 2947, "components": {"attention_block_ms": 0.0, "cache_append_ms": 0.0, "dense_attention_ms": 0.0, "host_to_gpu_ms": 0.0}, "cuda_ms": 35.895870208740234, "finite": true, "measured": true, "status": "decode_step", "step": 75, "wall_ms": 35.91340221464634}
{"argmax": 8536, "components": {"attention_block_ms": 0.0, "cache_append_ms": 0.0, "dense_attention_ms": 0.0, "host_to_gpu_ms": 0.0}, "cuda_ms": 35.91596984863281, "finite": true, "measured": true, "status": "decode_step", "step": 76, "wall_ms": 35.93409201130271}
{"argmax": 6150, "components": {"attention_block_ms": 0.0, "cache_append_ms": 0.0, "dense_attention_ms": 0.0, "host_to_gpu_ms": 0.0}, "cuda_ms": 35.90483093261719, "finite": true, "measured": true, "status": "decode_step", "step": 77, "wall_ms": 35.92380695044994}
{"argmax": 315, "components": {"attention_block_ms": 0.0, "cache_append_ms": 0.0, "dense_attention_ms": 0.0, "host_to_gpu_ms": 0.0}, "cuda_ms": 35.89817428588867, "finite": true, "measured": true, "status": "decode_step", "step": 78, "wall_ms": 35.9171568416059}
{"argmax": 3142, "components": {"attention_block_ms": 0.0, "cache_append_ms": 0.0, "dense_attention_ms": 0.0, "host_to_gpu_ms": 0.0}, "cuda_ms": 35.929439544677734, "finite": true, "measured": true, "status": "decode_step", "step": 79, "wall_ms": 35.94785276800394}
{"argmax": 323, "components": {"attention_block_ms": 0.0, "cache_append_ms": 0.0, "dense_attention_ms": 0.0, "host_to_gpu_ms": 0.0}, "cuda_ms": 35.8903694152832, "finite": true, "measured": true, "status": "decode_step", "step": 80, "wall_ms": 35.905910190194845}
{"argmax": 7327, "components": {"attention_block_ms": 0.0, "cache_append_ms": 0.0, "dense_attention_ms": 0.0, "host_to_gpu_ms": 0.0}, "cuda_ms": 35.98118209838867, "finite": true, "measured": true, "status": "decode_step", "step": 81, "wall_ms": 35.99797794595361}
{"argmax": 23298, "components": {"attention_block_ms": 0.0, "cache_append_ms": 0.0, "dense_attention_ms": 0.0, "host_to_gpu_ms": 0.0}, "cuda_ms": 35.882049560546875, "finite": true, "measured": true, "status": "decode_step", "step": 82, "wall_ms": 35.899119917303324}
{"argmax": 4236, "components": {"attention_block_ms": 0.0, "cache_append_ms": 0.0, "dense_attention_ms": 0.0, "host_to_gpu_ms": 0.0}, "cuda_ms": 35.894752502441406, "finite": true, "measured": true, "status": "decode_step", "step": 83, "wall_ms": 35.91401223093271}
{"argmax": 26, "components": {"attention_block_ms": 0.0, "cache_append_ms": 0.0, "dense_attention_ms": 0.0, "host_to_gpu_ms": 0.0}, "cuda_ms": 35.92444610595703, "finite": true, "measured": true, "status": "decode_step", "step": 84, "wall_ms": 35.942434798926115}
{"argmax": 3885, "components": {"attention_block_ms": 0.0, "cache_append_ms": 0.0, "dense_attention_ms": 0.0, "host_to_gpu_ms": 0.0}, "cuda_ms": 35.91030502319336, "finite": true, "measured": true, "status": "decode_step", "step": 85, "wall_ms": 35.92824377119541}
{"argmax": 449, "components": {"attention_block_ms": 0.0, "cache_append_ms": 0.0, "dense_attention_ms": 0.0, "host_to_gpu_ms": 0.0}, "cuda_ms": 35.90947341918945, "finite": true, "measured": true, "status": "decode_step", "step": 86, "wall_ms": 35.92701209709048}
{"argmax": 2947, "components": {"attention_block_ms": 0.0, "cache_append_ms": 0.0, "dense_attention_ms": 0.0, "host_to_gpu_ms": 0.0}, "cuda_ms": 35.88479995727539, "finite": true, "measured": true, "status": "decode_step", "step": 87, "wall_ms": 35.90011177584529}
{"argmax": 8536, "components": {"attention_block_ms": 0.0, "cache_append_ms": 0.0, "dense_attention_ms": 0.0, "host_to_gpu_ms": 0.0}, "cuda_ms": 35.916351318359375, "finite": true, "measured": true, "status": "decode_step", "step": 88, "wall_ms": 35.9345730394125}
{"argmax": 6150, "components": {"attention_block_ms": 0.0, "cache_append_ms": 0.0, "dense_attention_ms": 0.0, "host_to_gpu_ms": 0.0}, "cuda_ms": 35.9186897277832, "finite": true, "measured": true, "status": "decode_step", "step": 89, "wall_ms": 35.93637514859438}
{"argmax": 8041, "components": {"attention_block_ms": 0.0, "cache_append_ms": 0.0, "dense_attention_ms": 0.0, "host_to_gpu_ms": 0.0}, "cuda_ms": 35.887454986572266, "finite": true, "measured": true, "status": "decode_step", "step": 90, "wall_ms": 35.90471809729934}
{"argmax": 627, "components": {"attention_block_ms": 0.0, "cache_append_ms": 0.0, "dense_attention_ms": 0.0, "host_to_gpu_ms": 0.0}, "cuda_ms": 35.893470764160156, "finite": true, "measured": true, "status": "decode_step", "step": 91, "wall_ms": 35.9113491140306}
{"argmax": 791, "components": {"attention_block_ms": 0.0, "cache_append_ms": 0.0, "dense_attention_ms": 0.0, "host_to_gpu_ms": 0.0}, "cuda_ms": 35.915103912353516, "finite": true, "measured": true, "status": "decode_step", "step": 92, "wall_ms": 35.93409201130271}
{"argmax": 3388, "components": {"attention_block_ms": 0.0, "cache_append_ms": 0.0, "dense_attention_ms": 0.0, "host_to_gpu_ms": 0.0}, "cuda_ms": 35.91545486450195, "finite": true, "measured": true, "status": "decode_step", "step": 93, "wall_ms": 35.93285987153649}
{"argmax": 49095, "components": {"attention_block_ms": 0.0, "cache_append_ms": 0.0, "dense_attention_ms": 0.0, "host_to_gpu_ms": 0.0}, "cuda_ms": 35.89254379272461, "finite": true, "measured": true, "status": "decode_step", "step": 94, "wall_ms": 35.90882429853082}
{"argmax": 6319, "components": {"attention_block_ms": 0.0, "cache_append_ms": 0.0, "dense_attention_ms": 0.0, "host_to_gpu_ms": 0.0}, "cuda_ms": 35.93779373168945, "finite": true, "measured": true, "status": "decode_step", "step": 95, "wall_ms": 35.95517389476299}
{"argmax": 4236, "components": {"attention_block_ms": 0.0, "cache_append_ms": 0.0, "dense_attention_ms": 0.0, "host_to_gpu_ms": 0.0}, "cuda_ms": 35.90304183959961, "finite": true, "measured": true, "status": "decode_step", "step": 96, "wall_ms": 35.919359885156155}
{"argmax": 889, "components": {"attention_block_ms": 0.0, "cache_append_ms": 0.0, "dense_attention_ms": 0.0, "host_to_gpu_ms": 0.0}, "cuda_ms": 35.91263961791992, "finite": true, "measured": true, "status": "decode_step", "step": 97, "wall_ms": 35.9303867444396}
{"argmax": 6156, "components": {"attention_block_ms": 0.0, "cache_append_ms": 0.0, "dense_attention_ms": 0.0, "host_to_gpu_ms": 0.0}, "cuda_ms": 35.894622802734375, "finite": true, "measured": true, "status": "decode_step", "step": 98, "wall_ms": 35.91239033266902}
{"argmax": 9021, "components": {"attention_block_ms": 0.0, "cache_append_ms": 0.0, "dense_attention_ms": 0.0, "host_to_gpu_ms": 0.0}, "cuda_ms": 35.92345428466797, "finite": true, "measured": true, "status": "decode_step", "step": 99, "wall_ms": 35.94248415902257}
{"argmax": 374, "components": {"attention_block_ms": 0.0, "cache_append_ms": 0.0, "dense_attention_ms": 0.0, "host_to_gpu_ms": 0.0}, "cuda_ms": 35.91654586791992, "finite": true, "measured": true, "status": "decode_step", "step": 100, "wall_ms": 35.93519376590848}
{"argmax": 304, "components": {"attention_block_ms": 0.0, "cache_append_ms": 0.0, "dense_attention_ms": 0.0, "host_to_gpu_ms": 0.0}, "cuda_ms": 35.99958419799805, "finite": true, "measured": true, "status": "decode_step", "step": 101, "wall_ms": 36.016725935041904}
{"argmax": 33184, "components": {"attention_block_ms": 0.0, "cache_append_ms": 0.0, "dense_attention_ms": 0.0, "host_to_gpu_ms": 0.0}, "cuda_ms": 35.926048278808594, "finite": true, "measured": true, "status": "decode_step", "step": 102, "wall_ms": 35.94332607463002}
{"argmax": 10706, "components": {"attention_block_ms": 0.0, "cache_append_ms": 0.0, "dense_attention_ms": 0.0, "host_to_gpu_ms": 0.0}, "cuda_ms": 35.9219856262207, "finite": true, "measured": true, "status": "decode_step", "step": 103, "wall_ms": 35.93783779069781}
{"argmax": 13, "components": {"attention_block_ms": 0.0, "cache_append_ms": 0.0, "dense_attention_ms": 0.0, "host_to_gpu_ms": 0.0}, "cuda_ms": 35.92377471923828, "finite": true, "measured": true, "status": "decode_step", "step": 104, "wall_ms": 35.94185411930084}
{"argmax": 889, "components": {"attention_block_ms": 0.0, "cache_append_ms": 0.0, "dense_attention_ms": 0.0, "host_to_gpu_ms": 0.0}, "cuda_ms": 35.8919677734375, "finite": true, "measured": true, "status": "decode_step", "step": 105, "wall_ms": 35.90999590232968}
{"argmax": 311, "components": {"attention_block_ms": 0.0, "cache_append_ms": 0.0, "dense_attention_ms": 0.0, "host_to_gpu_ms": 0.0}, "cuda_ms": 35.94374465942383, "finite": true, "measured": true, "status": "decode_step", "step": 106, "wall_ms": 35.960471257567406}
{"argmax": 387, "components": {"attention_block_ms": 0.0, "cache_append_ms": 0.0, "dense_attention_ms": 0.0, "host_to_gpu_ms": 0.0}, "cuda_ms": 35.93254470825195, "finite": true, "measured": true, "status": "decode_step", "step": 107, "wall_ms": 35.95239017158747}
{"argmax": 264, "components": {"attention_block_ms": 0.0, "cache_append_ms": 0.0, "dense_attention_ms": 0.0, "host_to_gpu_ms": 0.0}, "cuda_ms": 35.90486526489258, "finite": true, "measured": true, "status": "decode_step", "step": 108, "wall_ms": 35.92290496453643}
{"argmax": 6373, "components": {"attention_block_ms": 0.0, "cache_append_ms": 0.0, "dense_attention_ms": 0.0, "host_to_gpu_ms": 0.0}, "cuda_ms": 35.922462463378906, "finite": true, "measured": true, "status": "decode_step", "step": 109, "wall_ms": 35.93988111242652}
{"argmax": 10093, "components": {"attention_block_ms": 0.0, "cache_append_ms": 0.0, "dense_attention_ms": 0.0, "host_to_gpu_ms": 0.0}, "cuda_ms": 35.91084671020508, "finite": true, "measured": true, "status": "decode_step", "step": 110, "wall_ms": 35.92360718175769}
{"argmax": 304, "components": {"attention_block_ms": 0.0, "cache_append_ms": 0.0, "dense_attention_ms": 0.0, "host_to_gpu_ms": 0.0}, "cuda_ms": 35.98387145996094, "finite": true, "measured": true, "status": "decode_step", "step": 111, "wall_ms": 35.99988017231226}
{"argmax": 37419, "components": {"attention_block_ms": 0.0, "cache_append_ms": 0.0, "dense_attention_ms": 0.0, "host_to_gpu_ms": 0.0}, "cuda_ms": 35.89120101928711, "finite": true, "measured": true, "status": "decode_step", "step": 112, "wall_ms": 35.90750182047486}
{"argmax": 13, "components": {"attention_block_ms": 0.0, "cache_append_ms": 0.0, "dense_attention_ms": 0.0, "host_to_gpu_ms": 0.0}, "cuda_ms": 35.91628646850586, "finite": true, "measured": true, "status": "decode_step", "step": 113, "wall_ms": 35.93230992555618}
{"argmax": 578, "components": {"attention_block_ms": 0.0, "cache_append_ms": 0.0, "dense_attention_ms": 0.0, "host_to_gpu_ms": 0.0}, "cuda_ms": 35.907039642333984, "finite": true, "measured": true, "status": "decode_step", "step": 114, "wall_ms": 35.92398716136813}
{"argmax": 3388, "components": {"attention_block_ms": 0.0, "cache_append_ms": 0.0, "dense_attention_ms": 0.0, "host_to_gpu_ms": 0.0}, "cuda_ms": 35.9200325012207, "finite": true, "measured": true, "status": "decode_step", "step": 115, "wall_ms": 35.93596490100026}
{"argmax": 374, "components": {"attention_block_ms": 0.0, "cache_append_ms": 0.0, "dense_attention_ms": 0.0, "host_to_gpu_ms": 0.0}, "cuda_ms": 35.92287826538086, "finite": true, "measured": true, "status": "decode_step", "step": 116, "wall_ms": 35.937277134507895}
{"argmax": 264, "components": {"attention_block_ms": 0.0, "cache_append_ms": 0.0, "dense_attention_ms": 0.0, "host_to_gpu_ms": 0.0}, "cuda_ms": 35.9087028503418, "finite": true, "measured": true, "status": "decode_step", "step": 117, "wall_ms": 35.92160437256098}
{"argmax": 6677, "components": {"attention_block_ms": 0.0, "cache_append_ms": 0.0, "dense_attention_ms": 0.0, "host_to_gpu_ms": 0.0}, "cuda_ms": 35.905662536621094, "finite": true, "measured": true, "status": "decode_step", "step": 118, "wall_ms": 35.91977059841156}
{"argmax": 323, "components": {"attention_block_ms": 0.0, "cache_append_ms": 0.0, "dense_attention_ms": 0.0, "host_to_gpu_ms": 0.0}, "cuda_ms": 35.89990234375, "finite": true, "measured": true, "status": "decode_step", "step": 119, "wall_ms": 35.91555496677756}
{"argmax": 4236, "components": {"attention_block_ms": 0.0, "cache_append_ms": 0.0, "dense_attention_ms": 0.0, "host_to_gpu_ms": 0.0}, "cuda_ms": 35.91328048706055, "finite": true, "measured": true, "status": "decode_step", "step": 120, "wall_ms": 35.930316895246506}
{"argmax": 287, "components": {"attention_block_ms": 0.0, "cache_append_ms": 0.0, "dense_attention_ms": 0.0, "host_to_gpu_ms": 0.0}, "cuda_ms": 35.90937423706055, "finite": true, "measured": true, "status": "decode_step", "step": 121, "wall_ms": 35.92527890577912}
{"argmax": 11, "components": {"attention_block_ms": 0.0, "cache_append_ms": 0.0, "dense_attention_ms": 0.0, "host_to_gpu_ms": 0.0}, "cuda_ms": 35.89775848388672, "finite": true, "measured": true, "status": "decode_step", "step": 122, "wall_ms": 35.913071129471064}
{"argmax": 279, "components": {"attention_block_ms": 0.0, "cache_append_ms": 0.0, "dense_attention_ms": 0.0, "host_to_gpu_ms": 0.0}, "cuda_ms": 35.924991607666016, "finite": true, "measured": true, "status": "decode_step", "step": 123, "wall_ms": 35.94085294753313}
{"argmax": 33184, "components": {"attention_block_ms": 0.0, "cache_append_ms": 0.0, "dense_attention_ms": 0.0, "host_to_gpu_ms": 0.0}, "cuda_ms": 35.895198822021484, "finite": true, "measured": true, "status": "decode_step", "step": 124, "wall_ms": 35.90869531035423}
{"argmax": 7471, "components": {"attention_block_ms": 0.0, "cache_append_ms": 0.0, "dense_attention_ms": 0.0, "host_to_gpu_ms": 0.0}, "cuda_ms": 35.925537109375, "finite": true, "measured": true, "status": "decode_step", "step": 125, "wall_ms": 35.94002081081271}
{"argmax": 8830, "components": {"attention_block_ms": 0.0, "cache_append_ms": 0.0, "dense_attention_ms": 0.0, "host_to_gpu_ms": 0.0}, "cuda_ms": 35.88489532470703, "finite": true, "measured": true, "status": "decode_step", "step": 126, "wall_ms": 35.90356698259711}
{"argmax": 279, "components": {"attention_block_ms": 0.0, "cache_append_ms": 0.0, "dense_attention_ms": 0.0, "host_to_gpu_ms": 0.0}, "cuda_ms": 35.92019271850586, "finite": true, "measured": true, "status": "decode_step", "step": 127, "wall_ms": 35.93463310971856}
{"argmax": 3388, "components": {"attention_block_ms": 0.0, "cache_append_ms": 0.0, "dense_attention_ms": 0.0, "host_to_gpu_ms": 0.0}, "cuda_ms": 35.884769439697266, "finite": true, "measured": true, "status": "decode_step", "step": 128, "wall_ms": 35.901893861591816}
{"argmax": 369, "components": {"attention_block_ms": 0.0, "cache_append_ms": 0.0, "dense_attention_ms": 0.0, "host_to_gpu_ms": 0.0}, "cuda_ms": 35.91279983520508, "finite": true, "measured": true, "status": "decode_step", "step": 129, "wall_ms": 35.92008072882891}
{"argmax": 37419, "components": {"attention_block_ms": 0.0, "cache_append_ms": 0.0, "dense_attention_ms": 0.0, "host_to_gpu_ms": 0.0}, "cuda_ms": 35.919681549072266, "finite": true, "measured": true, "status": "decode_step", "step": 130, "wall_ms": 35.93587502837181}
{"argmax": 6373, "components": {"attention_block_ms": 0.0, "cache_append_ms": 0.0, "dense_attention_ms": 0.0, "host_to_gpu_ms": 0.0}, "cuda_ms": 35.90012741088867, "finite": true, "measured": true, "status": "decode_step", "step": 131, "wall_ms": 35.9144932590425}
{"argmax": 11, "components": {"attention_block_ms": 0.0, "cache_append_ms": 0.0, "dense_attention_ms": 0.0, "host_to_gpu_ms": 0.0}, "cuda_ms": 35.925662994384766, "finite": true, "measured": true, "status": "decode_step", "step": 132, "wall_ms": 35.94114305451512}
{"argmax": 6020, "components": {"attention_block_ms": 0.0, "cache_append_ms": 0.0, "dense_attention_ms": 0.0, "host_to_gpu_ms": 0.0}, "cuda_ms": 35.92816162109375, "finite": true, "measured": true, "status": "decode_step", "step": 133, "wall_ms": 35.94358591362834}
{"argmax": 24043, "components": {"attention_block_ms": 0.0, "cache_append_ms": 0.0, "dense_attention_ms": 0.0, "host_to_gpu_ms": 0.0}, "cuda_ms": 35.910465240478516, "finite": true, "measured": true, "status": "decode_step", "step": 134, "wall_ms": 35.925238858908415}
{"argmax": 13, "components": {"attention_block_ms": 0.0, "cache_append_ms": 0.0, "dense_attention_ms": 0.0, "host_to_gpu_ms": 0.0}, "cuda_ms": 35.895263671875, "finite": true, "measured": true, "status": "decode_step", "step": 135, "wall_ms": 35.91226879507303}
{"argmax": 578, "components": {"attention_block_ms": 0.0, "cache_append_ms": 0.0, "dense_attention_ms": 0.0, "host_to_gpu_ms": 0.0}, "cuda_ms": 35.89311981201172, "finite": true, "measured": true, "status": "decode_step", "step": 136, "wall_ms": 35.90896539390087}
{"argmax": 311, "components": {"attention_block_ms": 0.0, "cache_append_ms": 0.0, "dense_attention_ms": 0.0, "host_to_gpu_ms": 0.0}, "cuda_ms": 35.915775299072266, "finite": true, "measured": true, "status": "decode_step", "step": 137, "wall_ms": 35.931358113884926}
{"argmax": 19816, "components": {"attention_block_ms": 0.0, "cache_append_ms": 0.0, "dense_attention_ms": 0.0, "host_to_gpu_ms": 0.0}, "cuda_ms": 35.890750885009766, "finite": true, "measured": true, "status": "decode_step", "step": 138, "wall_ms": 35.90445779263973}
{"argmax": 468, "components": {"attention_block_ms": 0.0, "cache_append_ms": 0.0, "dense_attention_ms": 0.0, "host_to_gpu_ms": 0.0}, "cuda_ms": 35.92710494995117, "finite": true, "measured": true, "status": "decode_step", "step": 139, "wall_ms": 35.94152396544814}
{"argmax": 13, "components": {"attention_block_ms": 0.0, "cache_append_ms": 0.0, "dense_attention_ms": 0.0, "host_to_gpu_ms": 0.0}, "cuda_ms": 35.91270446777344, "finite": true, "measured": true, "status": "decode_step", "step": 140, "wall_ms": 35.92684073373675}
{"argmax": 2947, "components": {"attention_block_ms": 0.0, "cache_append_ms": 0.0, "dense_attention_ms": 0.0, "host_to_gpu_ms": 0.0}, "cuda_ms": 35.9062385559082, "finite": true, "measured": true, "status": "decode_step", "step": 141, "wall_ms": 35.92078201472759}
{"argmax": 8536, "components": {"attention_block_ms": 0.0, "cache_append_ms": 0.0, "dense_attention_ms": 0.0, "host_to_gpu_ms": 0.0}, "cuda_ms": 35.909278869628906, "finite": true, "measured": true, "status": "decode_step", "step": 142, "wall_ms": 35.92494921758771}
{"argmax": 6150, "components": {"attention_block_ms": 0.0, "cache_append_ms": 0.0, "dense_attention_ms": 0.0, "host_to_gpu_ms": 0.0}, "cuda_ms": 35.917728424072266, "finite": true, "measured": true, "status": "decode_step", "step": 143, "wall_ms": 35.93291016295552}
{"decode_cuda_median_ms": 35.9063835144043, "decode_wall_median_ms": 35.923035349696875, "result": "results/system_benchmarks/tp1_dense_full_v6/formal_dense_local_t65536_r1/benchmark.json", "status": "complete", "validated_layers": 0}
