[transformers] Token indices sequence length is longer than the specified maximum sequence length for this model (2436214 > 131072). Running this sequence through the model will result in indexing errors
Loading weights:   0%|          | 0/291 [00:00<?, ?it/s]Loading weights: 100%|██████████| 291/291 [00:00<00:00, 9856.68it/s]
FISHER 1/16 loss=4273.393066
FISHER 2/16 loss=4973.766602
FISHER 3/16 loss=4593.019043
FISHER 4/16 loss=4056.859863
FISHER 5/16 loss=5100.050781
FISHER 6/16 loss=5327.748047
FISHER 7/16 loss=4394.875977
FISHER 8/16 loss=3914.050293
FISHER 9/16 loss=3155.475830
FISHER 10/16 loss=4164.578613
FISHER 11/16 loss=3038.057129
FISHER 12/16 loss=4326.377930
FISHER 13/16 loss=3686.563721
FISHER 14/16 loss=3654.104980
FISHER 15/16 loss=3690.979492
FISHER 16/16 loss=3973.336426
CODEBOOK 0.k
CODEBOOK 0.v
CODEBOOK 1.k
CODEBOOK 1.v
CODEBOOK 2.k
CODEBOOK 2.v
CODEBOOK 3.k
CODEBOOK 3.v
CODEBOOK 4.k
CODEBOOK 4.v
CODEBOOK 5.k
CODEBOOK 5.v
CODEBOOK 6.k
CODEBOOK 6.v
CODEBOOK 7.k
CODEBOOK 7.v
CODEBOOK 8.k
CODEBOOK 8.v
CODEBOOK 9.k
CODEBOOK 9.v
CODEBOOK 10.k
CODEBOOK 10.v
CODEBOOK 11.k
CODEBOOK 11.v
CODEBOOK 12.k
CODEBOOK 12.v
CODEBOOK 13.k
CODEBOOK 13.v
CODEBOOK 14.k
CODEBOOK 14.v
CODEBOOK 15.k
CODEBOOK 15.v
CODEBOOK 16.k
CODEBOOK 16.v
CODEBOOK 17.k
CODEBOOK 17.v
CODEBOOK 18.k
CODEBOOK 18.v
CODEBOOK 19.k
CODEBOOK 19.v
CODEBOOK 20.k
CODEBOOK 20.v
CODEBOOK 21.k
CODEBOOK 21.v
CODEBOOK 22.k
CODEBOOK 22.v
CODEBOOK 23.k
CODEBOOK 23.v
CODEBOOK 24.k
CODEBOOK 24.v
CODEBOOK 25.k
CODEBOOK 25.v
CODEBOOK 26.k
CODEBOOK 26.v
CODEBOOK 27.k
CODEBOOK 27.v
CODEBOOK 28.k
CODEBOOK 28.v
CODEBOOK 29.k
CODEBOOK 29.v
CODEBOOK 30.k
CODEBOOK 30.v
CODEBOOK 31.k
CODEBOOK 31.v
FP8_CALIBRATION 1/16
FP8_CALIBRATION 2/16
FP8_CALIBRATION 3/16
FP8_CALIBRATION 4/16
FP8_CALIBRATION 5/16
FP8_CALIBRATION 6/16
FP8_CALIBRATION 7/16
FP8_CALIBRATION 8/16
FP8_CALIBRATION 9/16
FP8_CALIBRATION 10/16
FP8_CALIBRATION 11/16
FP8_CALIBRATION 12/16
FP8_CALIBRATION 13/16
FP8_CALIBRATION 14/16
FP8_CALIBRATION 15/16
FP8_CALIBRATION 16/16
COMPLETE formal 96
