{"context": 131072, "gpu": "NVIDIA L40S", "measure_steps": 128, "profile_components": false, "status": "starting", "storage": "offload", "warmup_steps": 16}
Loading weights:   0%|          | 0/291 [00:00<?, ?it/s]Loading weights: 100%|██████████| 291/291 [00:00<00:00, 9152.79it/s]
{"allocated_gib": 15.458566665649414, "exact_kv_gib": 16.017578125, "gpu_staging_gib": 0.50054931640625, "host_exact_kv_gib": 16.017578125, "status": "model_ready"}
{"peak_allocated_gib": 23.029977798461914, "prefill_ms": 38244.1953125, "status": "prefill_complete"}
{"argmax": 11, "components": {"attention_block_ms": 0.0, "cache_append_ms": 0.0, "dense_attention_ms": 0.0, "host_to_gpu_ms": 0.0}, "cuda_ms": 768.1261596679688, "finite": true, "measured": false, "status": "decode_step", "step": 0, "wall_ms": 768.1902078911662}
{"argmax": 4918, "components": {"attention_block_ms": 0.0, "cache_append_ms": 0.0, "dense_attention_ms": 0.0, "host_to_gpu_ms": 0.0}, "cuda_ms": 685.9080810546875, "finite": true, "measured": false, "status": "decode_step", "step": 1, "wall_ms": 685.9765499830246}
{"argmax": 17200, "components": {"attention_block_ms": 0.0, "cache_append_ms": 0.0, "dense_attention_ms": 0.0, "host_to_gpu_ms": 0.0}, "cuda_ms": 685.9483642578125, "finite": true, "measured": false, "status": "decode_step", "step": 2, "wall_ms": 686.0661939717829}
{"argmax": 7876, "components": {"attention_block_ms": 0.0, "cache_append_ms": 0.0, "dense_attention_ms": 0.0, "host_to_gpu_ms": 0.0}, "cuda_ms": 686.5013427734375, "finite": true, "measured": false, "status": "decode_step", "step": 3, "wall_ms": 686.5514190867543}
{"argmax": 6150, "components": {"attention_block_ms": 0.0, "cache_append_ms": 0.0, "dense_attention_ms": 0.0, "host_to_gpu_ms": 0.0}, "cuda_ms": 685.8754272460938, "finite": true, "measured": false, "status": "decode_step", "step": 4, "wall_ms": 685.9438410028815}
{"argmax": 315, "components": {"attention_block_ms": 0.0, "cache_append_ms": 0.0, "dense_attention_ms": 0.0, "host_to_gpu_ms": 0.0}, "cuda_ms": 685.91796875, "finite": true, "measured": false, "status": "decode_step", "step": 5, "wall_ms": 685.9667552635074}
{"argmax": 7658, "components": {"attention_block_ms": 0.0, "cache_append_ms": 0.0, "dense_attention_ms": 0.0, "host_to_gpu_ms": 0.0}, "cuda_ms": 685.9832763671875, "finite": true, "measured": false, "status": "decode_step", "step": 6, "wall_ms": 686.0292688943446}
{"argmax": 323, "components": {"attention_block_ms": 0.0, "cache_append_ms": 0.0, "dense_attention_ms": 0.0, "host_to_gpu_ms": 0.0}, "cuda_ms": 686.0247802734375, "finite": true, "measured": false, "status": "decode_step", "step": 7, "wall_ms": 686.1058631911874}
{"argmax": 279, "components": {"attention_block_ms": 0.0, "cache_append_ms": 0.0, "dense_attention_ms": 0.0, "host_to_gpu_ms": 0.0}, "cuda_ms": 686.1580810546875, "finite": true, "measured": false, "status": "decode_step", "step": 8, "wall_ms": 686.2585307098925}
{"argmax": 23298, "components": {"attention_block_ms": 0.0, "cache_append_ms": 0.0, "dense_attention_ms": 0.0, "host_to_gpu_ms": 0.0}, "cuda_ms": 686.4951171875, "finite": true, "measured": false, "status": "decode_step", "step": 9, "wall_ms": 686.5395708009601}
{"argmax": 520, "components": {"attention_block_ms": 0.0, "cache_append_ms": 0.0, "dense_attention_ms": 0.0, "host_to_gpu_ms": 0.0}, "cuda_ms": 685.92138671875, "finite": true, "measured": false, "status": "decode_step", "step": 10, "wall_ms": 685.9965799376369}
{"argmax": 311, "components": {"attention_block_ms": 0.0, "cache_append_ms": 0.0, "dense_attention_ms": 0.0, "host_to_gpu_ms": 0.0}, "cuda_ms": 685.9714965820312, "finite": true, "measured": false, "status": "decode_step", "step": 11, "wall_ms": 686.0173400491476}
{"argmax": 358, "components": {"attention_block_ms": 0.0, "cache_append_ms": 0.0, "dense_attention_ms": 0.0, "host_to_gpu_ms": 0.0}, "cuda_ms": 685.874755859375, "finite": true, "measured": false, "status": "decode_step", "step": 12, "wall_ms": 686.0027690418065}
{"argmax": 527, "components": {"attention_block_ms": 0.0, "cache_append_ms": 0.0, "dense_attention_ms": 0.0, "host_to_gpu_ms": 0.0}, "cuda_ms": 686.4773559570312, "finite": true, "measured": false, "status": "decode_step", "step": 13, "wall_ms": 686.5182891488075}
{"argmax": 459, "components": {"attention_block_ms": 0.0, "cache_append_ms": 0.0, "dense_attention_ms": 0.0, "host_to_gpu_ms": 0.0}, "cuda_ms": 685.9055786132812, "finite": true, "measured": false, "status": "decode_step", "step": 14, "wall_ms": 685.9542061574757}
{"argmax": 8536, "components": {"attention_block_ms": 0.0, "cache_append_ms": 0.0, "dense_attention_ms": 0.0, "host_to_gpu_ms": 0.0}, "cuda_ms": 685.9119873046875, "finite": true, "measured": false, "status": "decode_step", "step": 15, "wall_ms": 685.9568497166038}
{"argmax": 13537, "components": {"attention_block_ms": 0.0, "cache_append_ms": 0.0, "dense_attention_ms": 0.0, "host_to_gpu_ms": 0.0}, "cuda_ms": 686.0170288085938, "finite": true, "measured": true, "status": "decode_step", "step": 16, "wall_ms": 686.0886383801699}
{"argmax": 13537, "components": {"attention_block_ms": 0.0, "cache_append_ms": 0.0, "dense_attention_ms": 0.0, "host_to_gpu_ms": 0.0}, "cuda_ms": 685.893798828125, "finite": true, "measured": true, "status": "decode_step", "step": 17, "wall_ms": 685.9964299947023}
{"argmax": 26, "components": {"attention_block_ms": 0.0, "cache_append_ms": 0.0, "dense_attention_ms": 0.0, "host_to_gpu_ms": 0.0}, "cuda_ms": 686.6497192382812, "finite": true, "measured": true, "status": "decode_step", "step": 18, "wall_ms": 686.7189588956535}
{"argmax": 791, "components": {"attention_block_ms": 0.0, "cache_append_ms": 0.0, "dense_attention_ms": 0.0, "host_to_gpu_ms": 0.0}, "cuda_ms": 686.0121459960938, "finite": true, "measured": true, "status": "decode_step", "step": 19, "wall_ms": 686.0553077422082}
{"argmax": 374, "components": {"attention_block_ms": 0.0, "cache_append_ms": 0.0, "dense_attention_ms": 0.0, "host_to_gpu_ms": 0.0}, "cuda_ms": 685.9006958007812, "finite": true, "measured": true, "status": "decode_step", "step": 20, "wall_ms": 685.9491989016533}
{"argmax": 374, "components": {"attention_block_ms": 0.0, "cache_append_ms": 0.0, "dense_attention_ms": 0.0, "host_to_gpu_ms": 0.0}, "cuda_ms": 685.822509765625, "finite": true, "measured": true, "status": "decode_step", "step": 21, "wall_ms": 685.8760388568044}
{"argmax": 279, "components": {"attention_block_ms": 0.0, "cache_append_ms": 0.0, "dense_attention_ms": 0.0, "host_to_gpu_ms": 0.0}, "cuda_ms": 685.9094848632812, "finite": true, "measured": true, "status": "decode_step", "step": 22, "wall_ms": 685.9544557519257}
{"argmax": 3560, "components": {"attention_block_ms": 0.0, "cache_append_ms": 0.0, "dense_attention_ms": 0.0, "host_to_gpu_ms": 0.0}, "cuda_ms": 685.8304443359375, "finite": true, "measured": true, "status": "decode_step", "step": 23, "wall_ms": 685.8840119093657}
{"argmax": 323, "components": {"attention_block_ms": 0.0, "cache_append_ms": 0.0, "dense_attention_ms": 0.0, "host_to_gpu_ms": 0.0}, "cuda_ms": 685.878173828125, "finite": true, "measured": true, "status": "decode_step", "step": 24, "wall_ms": 685.923860874027}
{"argmax": 26411, "components": {"attention_block_ms": 0.0, "cache_append_ms": 0.0, "dense_attention_ms": 0.0, "host_to_gpu_ms": 0.0}, "cuda_ms": 685.9279174804688, "finite": true, "measured": true, "status": "decode_step", "step": 25, "wall_ms": 685.9675161540508}
{"argmax": 1511, "components": {"attention_block_ms": 0.0, "cache_append_ms": 0.0, "dense_attention_ms": 0.0, "host_to_gpu_ms": 0.0}, "cuda_ms": 685.8777465820312, "finite": true, "measured": true, "status": "decode_step", "step": 26, "wall_ms": 685.9244620427489}
{"argmax": 7524, "components": {"attention_block_ms": 0.0, "cache_append_ms": 0.0, "dense_attention_ms": 0.0, "host_to_gpu_ms": 0.0}, "cuda_ms": 685.8513793945312, "finite": true, "measured": true, "status": "decode_step", "step": 27, "wall_ms": 685.8960292302072}
{"argmax": 323, "components": {"attention_block_ms": 0.0, "cache_append_ms": 0.0, "dense_attention_ms": 0.0, "host_to_gpu_ms": 0.0}, "cuda_ms": 685.9490966796875, "finite": true, "measured": true, "status": "decode_step", "step": 28, "wall_ms": 685.9879372641444}
{"argmax": 8907, "components": {"attention_block_ms": 0.0, "cache_append_ms": 0.0, "dense_attention_ms": 0.0, "host_to_gpu_ms": 0.0}, "cuda_ms": 685.8411865234375, "finite": true, "measured": true, "status": "decode_step", "step": 29, "wall_ms": 685.8833995647728}
{"argmax": 91605, "components": {"attention_block_ms": 0.0, "cache_append_ms": 0.0, "dense_attention_ms": 0.0, "host_to_gpu_ms": 0.0}, "cuda_ms": 685.9470825195312, "finite": true, "measured": true, "status": "decode_step", "step": 30, "wall_ms": 686.0015667043626}
{"argmax": 1862, "components": {"attention_block_ms": 0.0, "cache_append_ms": 0.0, "dense_attention_ms": 0.0, "host_to_gpu_ms": 0.0}, "cuda_ms": 685.8916015625, "finite": true, "measured": true, "status": "decode_step", "step": 31, "wall_ms": 685.9331140294671}
{"argmax": 369, "components": {"attention_block_ms": 0.0, "cache_append_ms": 0.0, "dense_attention_ms": 0.0, "host_to_gpu_ms": 0.0}, "cuda_ms": 685.9303588867188, "finite": true, "measured": true, "status": "decode_step", "step": 32, "wall_ms": 685.9850320033729}
{"argmax": 586, "components": {"attention_block_ms": 0.0, "cache_append_ms": 0.0, "dense_attention_ms": 0.0, "host_to_gpu_ms": 0.0}, "cuda_ms": 685.843505859375, "finite": true, "measured": true, "status": "decode_step", "step": 33, "wall_ms": 685.8945270068944}
{"argmax": 7100, "components": {"attention_block_ms": 0.0, "cache_append_ms": 0.0, "dense_attention_ms": 0.0, "host_to_gpu_ms": 0.0}, "cuda_ms": 685.928955078125, "finite": true, "measured": true, "status": "decode_step", "step": 34, "wall_ms": 685.988768003881}
{"argmax": 11351, "components": {"attention_block_ms": 0.0, "cache_append_ms": 0.0, "dense_attention_ms": 0.0, "host_to_gpu_ms": 0.0}, "cuda_ms": 686.1209716796875, "finite": true, "measured": true, "status": "decode_step", "step": 35, "wall_ms": 686.1797431483865}
{"argmax": 13, "components": {"attention_block_ms": 0.0, "cache_append_ms": 0.0, "dense_attention_ms": 0.0, "host_to_gpu_ms": 0.0}, "cuda_ms": 686.6423950195312, "finite": true, "measured": true, "status": "decode_step", "step": 36, "wall_ms": 686.7919089272618}
{"argmax": 578, "components": {"attention_block_ms": 0.0, "cache_append_ms": 0.0, "dense_attention_ms": 0.0, "host_to_gpu_ms": 0.0}, "cuda_ms": 687.2469482421875, "finite": true, "measured": true, "status": "decode_step", "step": 37, "wall_ms": 687.3105731792748}
{"argmax": 3388, "components": {"attention_block_ms": 0.0, "cache_append_ms": 0.0, "dense_attention_ms": 0.0, "host_to_gpu_ms": 0.0}, "cuda_ms": 686.6470947265625, "finite": true, "measured": true, "status": "decode_step", "step": 38, "wall_ms": 686.7378582246602}
{"argmax": 690, "components": {"attention_block_ms": 0.0, "cache_append_ms": 0.0, "dense_attention_ms": 0.0, "host_to_gpu_ms": 0.0}, "cuda_ms": 686.9235229492188, "finite": true, "measured": true, "status": "decode_step", "step": 39, "wall_ms": 687.0153415948153}
{"argmax": 389, "components": {"attention_block_ms": 0.0, "cache_append_ms": 0.0, "dense_attention_ms": 0.0, "host_to_gpu_ms": 0.0}, "cuda_ms": 686.6985473632812, "finite": true, "measured": true, "status": "decode_step", "step": 40, "wall_ms": 686.7945520207286}
{"argmax": 279, "components": {"attention_block_ms": 0.0, "cache_append_ms": 0.0, "dense_attention_ms": 0.0, "host_to_gpu_ms": 0.0}, "cuda_ms": 686.904052734375, "finite": true, "measured": true, "status": "decode_step", "step": 41, "wall_ms": 687.0577060617507}
{"argmax": 3560, "components": {"attention_block_ms": 0.0, "cache_append_ms": 0.0, "dense_attention_ms": 0.0, "host_to_gpu_ms": 0.0}, "cuda_ms": 687.700439453125, "finite": true, "measured": true, "status": "decode_step", "step": 42, "wall_ms": 687.8083283081651}
{"argmax": 315, "components": {"attention_block_ms": 0.0, "cache_append_ms": 0.0, "dense_attention_ms": 0.0, "host_to_gpu_ms": 0.0}, "cuda_ms": 686.7976684570312, "finite": true, "measured": true, "status": "decode_step", "step": 43, "wall_ms": 686.8513468652964}
{"argmax": 33184, "components": {"attention_block_ms": 0.0, "cache_append_ms": 0.0, "dense_attention_ms": 0.0, "host_to_gpu_ms": 0.0}, "cuda_ms": 686.6836547851562, "finite": true, "measured": true, "status": "decode_step", "step": 44, "wall_ms": 686.7759148590267}
{"argmax": 11335, "components": {"attention_block_ms": 0.0, "cache_append_ms": 0.0, "dense_attention_ms": 0.0, "host_to_gpu_ms": 0.0}, "cuda_ms": 686.5982666015625, "finite": true, "measured": true, "status": "decode_step", "step": 45, "wall_ms": 686.7471407167614}
{"argmax": 304, "components": {"attention_block_ms": 0.0, "cache_append_ms": 0.0, "dense_attention_ms": 0.0, "host_to_gpu_ms": 0.0}, "cuda_ms": 687.3455810546875, "finite": true, "measured": true, "status": "decode_step", "step": 46, "wall_ms": 687.4014399945736}
{"argmax": 279, "components": {"attention_block_ms": 0.0, "cache_append_ms": 0.0, "dense_attention_ms": 0.0, "host_to_gpu_ms": 0.0}, "cuda_ms": 685.9390869140625, "finite": true, "measured": true, "status": "decode_step", "step": 47, "wall_ms": 686.0061539337039}
{"argmax": 33184, "components": {"attention_block_ms": 0.0, "cache_append_ms": 0.0, "dense_attention_ms": 0.0, "host_to_gpu_ms": 0.0}, "cuda_ms": 686.7810668945312, "finite": true, "measured": true, "status": "decode_step", "step": 48, "wall_ms": 686.8675108999014}
{"argmax": 315, "components": {"attention_block_ms": 0.0, "cache_append_ms": 0.0, "dense_attention_ms": 0.0, "host_to_gpu_ms": 0.0}, "cuda_ms": 686.6015014648438, "finite": true, "measured": true, "status": "decode_step", "step": 49, "wall_ms": 686.6846377961338}
{"argmax": 33184, "components": {"attention_block_ms": 0.0, "cache_append_ms": 0.0, "dense_attention_ms": 0.0, "host_to_gpu_ms": 0.0}, "cuda_ms": 686.5096435546875, "finite": true, "measured": true, "status": "decode_step", "step": 50, "wall_ms": 686.6073319688439}
{"argmax": 33184, "components": {"attention_block_ms": 0.0, "cache_append_ms": 0.0, "dense_attention_ms": 0.0, "host_to_gpu_ms": 0.0}, "cuda_ms": 686.6738891601562, "finite": true, "measured": true, "status": "decode_step", "step": 51, "wall_ms": 686.8352429009974}
{"argmax": 10706, "components": {"attention_block_ms": 0.0, "cache_append_ms": 0.0, "dense_attention_ms": 0.0, "host_to_gpu_ms": 0.0}, "cuda_ms": 687.4379272460938, "finite": true, "measured": true, "status": "decode_step", "step": 52, "wall_ms": 687.5401167199016}
{"argmax": 323, "components": {"attention_block_ms": 0.0, "cache_append_ms": 0.0, "dense_attention_ms": 0.0, "host_to_gpu_ms": 0.0}, "cuda_ms": 686.564453125, "finite": true, "measured": true, "status": "decode_step", "step": 53, "wall_ms": 686.6243788972497}
{"argmax": 279, "components": {"attention_block_ms": 0.0, "cache_append_ms": 0.0, "dense_attention_ms": 0.0, "host_to_gpu_ms": 0.0}, "cuda_ms": 686.5718994140625, "finite": true, "measured": true, "status": "decode_step", "step": 54, "wall_ms": 686.6503856144845}
{"argmax": 5536, "components": {"attention_block_ms": 0.0, "cache_append_ms": 0.0, "dense_attention_ms": 0.0, "host_to_gpu_ms": 0.0}, "cuda_ms": 686.458984375, "finite": true, "measured": true, "status": "decode_step", "step": 55, "wall_ms": 686.5148940123618}
{"argmax": 311, "components": {"attention_block_ms": 0.0, "cache_append_ms": 0.0, "dense_attention_ms": 0.0, "host_to_gpu_ms": 0.0}, "cuda_ms": 686.5849609375, "finite": true, "measured": true, "status": "decode_step", "step": 56, "wall_ms": 686.6443580947816}
{"argmax": 279, "components": {"attention_block_ms": 0.0, "cache_append_ms": 0.0, "dense_attention_ms": 0.0, "host_to_gpu_ms": 0.0}, "cuda_ms": 686.4224853515625, "finite": true, "measured": true, "status": "decode_step", "step": 57, "wall_ms": 686.5141028538346}
{"argmax": 323, "components": {"attention_block_ms": 0.0, "cache_append_ms": 0.0, "dense_attention_ms": 0.0, "host_to_gpu_ms": 0.0}, "cuda_ms": 686.43017578125, "finite": true, "measured": true, "status": "decode_step", "step": 58, "wall_ms": 686.510288156569}
{"argmax": 13, "components": {"attention_block_ms": 0.0, "cache_append_ms": 0.0, "dense_attention_ms": 0.0, "host_to_gpu_ms": 0.0}, "cuda_ms": 686.4354858398438, "finite": true, "measured": true, "status": "decode_step", "step": 59, "wall_ms": 686.5121200680733}
{"argmax": 41582, "components": {"attention_block_ms": 0.0, "cache_append_ms": 0.0, "dense_attention_ms": 0.0, "host_to_gpu_ms": 0.0}, "cuda_ms": 686.5032348632812, "finite": true, "measured": true, "status": "decode_step", "step": 60, "wall_ms": 686.5700357593596}
{"argmax": 11, "components": {"attention_block_ms": 0.0, "cache_append_ms": 0.0, "dense_attention_ms": 0.0, "host_to_gpu_ms": 0.0}, "cuda_ms": 686.3535766601562, "finite": true, "measured": true, "status": "decode_step", "step": 61, "wall_ms": 686.409727204591}
{"argmax": 323, "components": {"attention_block_ms": 0.0, "cache_append_ms": 0.0, "dense_attention_ms": 0.0, "host_to_gpu_ms": 0.0}, "cuda_ms": 685.9373168945312, "finite": true, "measured": true, "status": "decode_step", "step": 62, "wall_ms": 685.9784633852541}
{"argmax": 3927, "components": {"attention_block_ms": 0.0, "cache_append_ms": 0.0, "dense_attention_ms": 0.0, "host_to_gpu_ms": 0.0}, "cuda_ms": 685.8558349609375, "finite": true, "measured": true, "status": "decode_step", "step": 63, "wall_ms": 685.8977121300995}
{"argmax": 11006, "components": {"attention_block_ms": 0.0, "cache_append_ms": 0.0, "dense_attention_ms": 0.0, "host_to_gpu_ms": 0.0}, "cuda_ms": 685.8885498046875, "finite": true, "measured": true, "status": "decode_step", "step": 64, "wall_ms": 685.9372807666659}
{"argmax": 5315, "components": {"attention_block_ms": 0.0, "cache_append_ms": 0.0, "dense_attention_ms": 0.0, "host_to_gpu_ms": 0.0}, "cuda_ms": 686.1621704101562, "finite": true, "measured": true, "status": "decode_step", "step": 65, "wall_ms": 686.2025880254805}
{"argmax": 519, "components": {"attention_block_ms": 0.0, "cache_append_ms": 0.0, "dense_attention_ms": 0.0, "host_to_gpu_ms": 0.0}, "cuda_ms": 685.9189453125, "finite": true, "measured": true, "status": "decode_step", "step": 66, "wall_ms": 685.9728642739356}
{"argmax": 1105, "components": {"attention_block_ms": 0.0, "cache_append_ms": 0.0, "dense_attention_ms": 0.0, "host_to_gpu_ms": 0.0}, "cuda_ms": 686.117431640625, "finite": true, "measured": true, "status": "decode_step", "step": 67, "wall_ms": 686.1814656294882}
{"argmax": 11351, "components": {"attention_block_ms": 0.0, "cache_append_ms": 0.0, "dense_attention_ms": 0.0, "host_to_gpu_ms": 0.0}, "cuda_ms": 686.1098022460938, "finite": true, "measured": true, "status": "decode_step", "step": 68, "wall_ms": 686.1523520201445}
{"argmax": 13, "components": {"attention_block_ms": 0.0, "cache_append_ms": 0.0, "dense_attention_ms": 0.0, "host_to_gpu_ms": 0.0}, "cuda_ms": 685.9022827148438, "finite": true, "measured": true, "status": "decode_step", "step": 69, "wall_ms": 686.0047718510032}
{"argmax": 578, "components": {"attention_block_ms": 0.0, "cache_append_ms": 0.0, "dense_attention_ms": 0.0, "host_to_gpu_ms": 0.0}, "cuda_ms": 686.6254272460938, "finite": true, "measured": true, "status": "decode_step", "step": 70, "wall_ms": 686.6995897144079}
{"argmax": 311, "components": {"attention_block_ms": 0.0, "cache_append_ms": 0.0, "dense_attention_ms": 0.0, "host_to_gpu_ms": 0.0}, "cuda_ms": 685.9853515625, "finite": true, "measured": true, "status": "decode_step", "step": 71, "wall_ms": 686.026485171169}
{"argmax": 4236, "components": {"attention_block_ms": 0.0, "cache_append_ms": 0.0, "dense_attention_ms": 0.0, "host_to_gpu_ms": 0.0}, "cuda_ms": 685.8904418945312, "finite": true, "measured": true, "status": "decode_step", "step": 72, "wall_ms": 685.9416668303311}
{"argmax": 468, "components": {"attention_block_ms": 0.0, "cache_append_ms": 0.0, "dense_attention_ms": 0.0, "host_to_gpu_ms": 0.0}, "cuda_ms": 685.8856811523438, "finite": true, "measured": true, "status": "decode_step", "step": 73, "wall_ms": 685.9409473836422}
{"argmax": 13, "components": {"attention_block_ms": 0.0, "cache_append_ms": 0.0, "dense_attention_ms": 0.0, "host_to_gpu_ms": 0.0}, "cuda_ms": 686.218994140625, "finite": true, "measured": true, "status": "decode_step", "step": 74, "wall_ms": 686.2590219825506}
{"argmax": 2947, "components": {"attention_block_ms": 0.0, "cache_append_ms": 0.0, "dense_attention_ms": 0.0, "host_to_gpu_ms": 0.0}, "cuda_ms": 685.8993530273438, "finite": true, "measured": true, "status": "decode_step", "step": 75, "wall_ms": 685.9539556317031}
{"argmax": 8536, "components": {"attention_block_ms": 0.0, "cache_append_ms": 0.0, "dense_attention_ms": 0.0, "host_to_gpu_ms": 0.0}, "cuda_ms": 686.1493530273438, "finite": true, "measured": true, "status": "decode_step", "step": 76, "wall_ms": 686.2171096727252}
{"argmax": 6150, "components": {"attention_block_ms": 0.0, "cache_append_ms": 0.0, "dense_attention_ms": 0.0, "host_to_gpu_ms": 0.0}, "cuda_ms": 686.1068725585938, "finite": true, "measured": true, "status": "decode_step", "step": 77, "wall_ms": 686.144941020757}
{"argmax": 315, "components": {"attention_block_ms": 0.0, "cache_append_ms": 0.0, "dense_attention_ms": 0.0, "host_to_gpu_ms": 0.0}, "cuda_ms": 685.9226684570312, "finite": true, "measured": true, "status": "decode_step", "step": 78, "wall_ms": 685.9649121761322}
{"argmax": 3142, "components": {"attention_block_ms": 0.0, "cache_append_ms": 0.0, "dense_attention_ms": 0.0, "host_to_gpu_ms": 0.0}, "cuda_ms": 685.8862915039062, "finite": true, "measured": true, "status": "decode_step", "step": 79, "wall_ms": 685.9905701130629}
{"argmax": 323, "components": {"attention_block_ms": 0.0, "cache_append_ms": 0.0, "dense_attention_ms": 0.0, "host_to_gpu_ms": 0.0}, "cuda_ms": 686.5989379882812, "finite": true, "measured": true, "status": "decode_step", "step": 80, "wall_ms": 686.6645980626345}
{"argmax": 7327, "components": {"attention_block_ms": 0.0, "cache_append_ms": 0.0, "dense_attention_ms": 0.0, "host_to_gpu_ms": 0.0}, "cuda_ms": 685.9429321289062, "finite": true, "measured": true, "status": "decode_step", "step": 81, "wall_ms": 685.9849928878248}
{"argmax": 23298, "components": {"attention_block_ms": 0.0, "cache_append_ms": 0.0, "dense_attention_ms": 0.0, "host_to_gpu_ms": 0.0}, "cuda_ms": 685.9410400390625, "finite": true, "measured": true, "status": "decode_step", "step": 82, "wall_ms": 685.9863447025418}
{"argmax": 4236, "components": {"attention_block_ms": 0.0, "cache_append_ms": 0.0, "dense_attention_ms": 0.0, "host_to_gpu_ms": 0.0}, "cuda_ms": 685.8551635742188, "finite": true, "measured": true, "status": "decode_step", "step": 83, "wall_ms": 685.9056740067899}
{"argmax": 26, "components": {"attention_block_ms": 0.0, "cache_append_ms": 0.0, "dense_attention_ms": 0.0, "host_to_gpu_ms": 0.0}, "cuda_ms": 686.2271728515625, "finite": true, "measured": true, "status": "decode_step", "step": 84, "wall_ms": 686.269667930901}
{"argmax": 3885, "components": {"attention_block_ms": 0.0, "cache_append_ms": 0.0, "dense_attention_ms": 0.0, "host_to_gpu_ms": 0.0}, "cuda_ms": 685.9004516601562, "finite": true, "measured": true, "status": "decode_step", "step": 85, "wall_ms": 685.961436945945}
{"argmax": 449, "components": {"attention_block_ms": 0.0, "cache_append_ms": 0.0, "dense_attention_ms": 0.0, "host_to_gpu_ms": 0.0}, "cuda_ms": 686.1265869140625, "finite": true, "measured": true, "status": "decode_step", "step": 86, "wall_ms": 686.1994829960167}
{"argmax": 2947, "components": {"attention_block_ms": 0.0, "cache_append_ms": 0.0, "dense_attention_ms": 0.0, "host_to_gpu_ms": 0.0}, "cuda_ms": 686.0789794921875, "finite": true, "measured": true, "status": "decode_step", "step": 87, "wall_ms": 686.1287369392812}
{"argmax": 8536, "components": {"attention_block_ms": 0.0, "cache_append_ms": 0.0, "dense_attention_ms": 0.0, "host_to_gpu_ms": 0.0}, "cuda_ms": 685.8974609375, "finite": true, "measured": true, "status": "decode_step", "step": 88, "wall_ms": 685.9438810497522}
{"argmax": 6150, "components": {"attention_block_ms": 0.0, "cache_append_ms": 0.0, "dense_attention_ms": 0.0, "host_to_gpu_ms": 0.0}, "cuda_ms": 686.3069458007812, "finite": true, "measured": true, "status": "decode_step", "step": 89, "wall_ms": 686.3718200474977}
{"argmax": 8041, "components": {"attention_block_ms": 0.0, "cache_append_ms": 0.0, "dense_attention_ms": 0.0, "host_to_gpu_ms": 0.0}, "cuda_ms": 685.9478759765625, "finite": true, "measured": true, "status": "decode_step", "step": 90, "wall_ms": 685.9914921224117}
{"argmax": 627, "components": {"attention_block_ms": 0.0, "cache_append_ms": 0.0, "dense_attention_ms": 0.0, "host_to_gpu_ms": 0.0}, "cuda_ms": 685.9569702148438, "finite": true, "measured": true, "status": "decode_step", "step": 91, "wall_ms": 686.0036202706397}
{"argmax": 2028, "components": {"attention_block_ms": 0.0, "cache_append_ms": 0.0, "dense_attention_ms": 0.0, "host_to_gpu_ms": 0.0}, "cuda_ms": 685.880126953125, "finite": true, "measured": true, "status": "decode_step", "step": 92, "wall_ms": 685.9179721213877}
{"argmax": 3388, "components": {"attention_block_ms": 0.0, "cache_append_ms": 0.0, "dense_attention_ms": 0.0, "host_to_gpu_ms": 0.0}, "cuda_ms": 685.9419555664062, "finite": true, "measured": true, "status": "decode_step", "step": 93, "wall_ms": 686.0226490534842}
{"argmax": 49095, "components": {"attention_block_ms": 0.0, "cache_append_ms": 0.0, "dense_attention_ms": 0.0, "host_to_gpu_ms": 0.0}, "cuda_ms": 686.6779174804688, "finite": true, "measured": true, "status": "decode_step", "step": 94, "wall_ms": 686.7294148541987}
{"argmax": 459, "components": {"attention_block_ms": 0.0, "cache_append_ms": 0.0, "dense_attention_ms": 0.0, "host_to_gpu_ms": 0.0}, "cuda_ms": 686.76171875, "finite": true, "measured": true, "status": "decode_step", "step": 95, "wall_ms": 686.8558237329125}
{"argmax": 4236, "components": {"attention_block_ms": 0.0, "cache_append_ms": 0.0, "dense_attention_ms": 0.0, "host_to_gpu_ms": 0.0}, "cuda_ms": 686.7366943359375, "finite": true, "measured": true, "status": "decode_step", "step": 96, "wall_ms": 686.8214630521834}
{"argmax": 889, "components": {"attention_block_ms": 0.0, "cache_append_ms": 0.0, "dense_attention_ms": 0.0, "host_to_gpu_ms": 0.0}, "cuda_ms": 686.6170654296875, "finite": true, "measured": true, "status": "decode_step", "step": 97, "wall_ms": 686.700682155788}
{"argmax": 6156, "components": {"attention_block_ms": 0.0, "cache_append_ms": 0.0, "dense_attention_ms": 0.0, "host_to_gpu_ms": 0.0}, "cuda_ms": 686.7078857421875, "finite": true, "measured": true, "status": "decode_step", "step": 98, "wall_ms": 686.7769761011004}
{"argmax": 9021, "components": {"attention_block_ms": 0.0, "cache_append_ms": 0.0, "dense_attention_ms": 0.0, "host_to_gpu_ms": 0.0}, "cuda_ms": 686.7156372070312, "finite": true, "measured": true, "status": "decode_step", "step": 99, "wall_ms": 686.808523721993}
{"argmax": 374, "components": {"attention_block_ms": 0.0, "cache_append_ms": 0.0, "dense_attention_ms": 0.0, "host_to_gpu_ms": 0.0}, "cuda_ms": 686.6737670898438, "finite": true, "measured": true, "status": "decode_step", "step": 100, "wall_ms": 686.7392603307962}
{"argmax": 304, "components": {"attention_block_ms": 0.0, "cache_append_ms": 0.0, "dense_attention_ms": 0.0, "host_to_gpu_ms": 0.0}, "cuda_ms": 686.7069702148438, "finite": true, "measured": true, "status": "decode_step", "step": 101, "wall_ms": 686.8590386584401}
{"argmax": 2536, "components": {"attention_block_ms": 0.0, "cache_append_ms": 0.0, "dense_attention_ms": 0.0, "host_to_gpu_ms": 0.0}, "cuda_ms": 687.440673828125, "finite": true, "measured": true, "status": "decode_step", "step": 102, "wall_ms": 687.5081891193986}
{"argmax": 10706, "components": {"attention_block_ms": 0.0, "cache_append_ms": 0.0, "dense_attention_ms": 0.0, "host_to_gpu_ms": 0.0}, "cuda_ms": 686.7593383789062, "finite": true, "measured": true, "status": "decode_step", "step": 103, "wall_ms": 686.8408219888806}
{"argmax": 13, "components": {"attention_block_ms": 0.0, "cache_append_ms": 0.0, "dense_attention_ms": 0.0, "host_to_gpu_ms": 0.0}, "cuda_ms": 686.7030639648438, "finite": true, "measured": true, "status": "decode_step", "step": 104, "wall_ms": 686.7599301040173}
{"argmax": 889, "components": {"attention_block_ms": 0.0, "cache_append_ms": 0.0, "dense_attention_ms": 0.0, "host_to_gpu_ms": 0.0}, "cuda_ms": 686.8151245117188, "finite": true, "measured": true, "status": "decode_step", "step": 105, "wall_ms": 686.882765032351}
{"argmax": 311, "components": {"attention_block_ms": 0.0, "cache_append_ms": 0.0, "dense_attention_ms": 0.0, "host_to_gpu_ms": 0.0}, "cuda_ms": 686.1593017578125, "finite": true, "measured": true, "status": "decode_step", "step": 106, "wall_ms": 686.2635686993599}
{"argmax": 387, "components": {"attention_block_ms": 0.0, "cache_append_ms": 0.0, "dense_attention_ms": 0.0, "host_to_gpu_ms": 0.0}, "cuda_ms": 686.5635986328125, "finite": true, "measured": true, "status": "decode_step", "step": 107, "wall_ms": 686.6209730505943}
{"argmax": 264, "components": {"attention_block_ms": 0.0, "cache_append_ms": 0.0, "dense_attention_ms": 0.0, "host_to_gpu_ms": 0.0}, "cuda_ms": 686.1885986328125, "finite": true, "measured": true, "status": "decode_step", "step": 108, "wall_ms": 686.2707487307489}
{"argmax": 6373, "components": {"attention_block_ms": 0.0, "cache_append_ms": 0.0, "dense_attention_ms": 0.0, "host_to_gpu_ms": 0.0}, "cuda_ms": 686.5188598632812, "finite": true, "measured": true, "status": "decode_step", "step": 109, "wall_ms": 686.6316688247025}
{"argmax": 10093, "components": {"attention_block_ms": 0.0, "cache_append_ms": 0.0, "dense_attention_ms": 0.0, "host_to_gpu_ms": 0.0}, "cuda_ms": 686.5980224609375, "finite": true, "measured": true, "status": "decode_step", "step": 110, "wall_ms": 686.6733911447227}
{"argmax": 13, "components": {"attention_block_ms": 0.0, "cache_append_ms": 0.0, "dense_attention_ms": 0.0, "host_to_gpu_ms": 0.0}, "cuda_ms": 686.53662109375, "finite": true, "measured": true, "status": "decode_step", "step": 111, "wall_ms": 686.668052803725}
{"argmax": 279, "components": {"attention_block_ms": 0.0, "cache_append_ms": 0.0, "dense_attention_ms": 0.0, "host_to_gpu_ms": 0.0}, "cuda_ms": 687.2354125976562, "finite": true, "measured": true, "status": "decode_step", "step": 112, "wall_ms": 687.3240638524294}
{"argmax": 13, "components": {"attention_block_ms": 0.0, "cache_append_ms": 0.0, "dense_attention_ms": 0.0, "host_to_gpu_ms": 0.0}, "cuda_ms": 686.529296875, "finite": true, "measured": true, "status": "decode_step", "step": 113, "wall_ms": 686.6081226617098}
{"argmax": 578, "components": {"attention_block_ms": 0.0, "cache_append_ms": 0.0, "dense_attention_ms": 0.0, "host_to_gpu_ms": 0.0}, "cuda_ms": 686.5465698242188, "finite": true, "measured": true, "status": "decode_step", "step": 114, "wall_ms": 686.6006031632423}
{"argmax": 3388, "components": {"attention_block_ms": 0.0, "cache_append_ms": 0.0, "dense_attention_ms": 0.0, "host_to_gpu_ms": 0.0}, "cuda_ms": 686.7966918945312, "finite": true, "measured": true, "status": "decode_step", "step": 115, "wall_ms": 686.9177771732211}
{"argmax": 374, "components": {"attention_block_ms": 0.0, "cache_append_ms": 0.0, "dense_attention_ms": 0.0, "host_to_gpu_ms": 0.0}, "cuda_ms": 686.7882080078125, "finite": true, "measured": true, "status": "decode_step", "step": 116, "wall_ms": 686.9113268330693}
{"argmax": 264, "components": {"attention_block_ms": 0.0, "cache_append_ms": 0.0, "dense_attention_ms": 0.0, "host_to_gpu_ms": 0.0}, "cuda_ms": 687.258056640625, "finite": true, "measured": true, "status": "decode_step", "step": 117, "wall_ms": 687.3123557306826}
{"argmax": 6677, "components": {"attention_block_ms": 0.0, "cache_append_ms": 0.0, "dense_attention_ms": 0.0, "host_to_gpu_ms": 0.0}, "cuda_ms": 686.524658203125, "finite": true, "measured": true, "status": "decode_step", "step": 118, "wall_ms": 686.6118600592017}
{"argmax": 323, "components": {"attention_block_ms": 0.0, "cache_append_ms": 0.0, "dense_attention_ms": 0.0, "host_to_gpu_ms": 0.0}, "cuda_ms": 686.5670776367188, "finite": true, "measured": true, "status": "decode_step", "step": 119, "wall_ms": 686.6433769464493}
{"argmax": 4236, "components": {"attention_block_ms": 0.0, "cache_append_ms": 0.0, "dense_attention_ms": 0.0, "host_to_gpu_ms": 0.0}, "cuda_ms": 686.459228515625, "finite": true, "measured": true, "status": "decode_step", "step": 120, "wall_ms": 686.5364462137222}
{"argmax": 287, "components": {"attention_block_ms": 0.0, "cache_append_ms": 0.0, "dense_attention_ms": 0.0, "host_to_gpu_ms": 0.0}, "cuda_ms": 686.5577392578125, "finite": true, "measured": true, "status": "decode_step", "step": 121, "wall_ms": 686.5944629535079}
{"argmax": 11, "components": {"attention_block_ms": 0.0, "cache_append_ms": 0.0, "dense_attention_ms": 0.0, "host_to_gpu_ms": 0.0}, "cuda_ms": 685.9639282226562, "finite": true, "measured": true, "status": "decode_step", "step": 122, "wall_ms": 686.0018381848931}
{"argmax": 279, "components": {"attention_block_ms": 0.0, "cache_append_ms": 0.0, "dense_attention_ms": 0.0, "host_to_gpu_ms": 0.0}, "cuda_ms": 685.8494873046875, "finite": true, "measured": true, "status": "decode_step", "step": 123, "wall_ms": 685.9017270617187}
{"argmax": 33184, "components": {"attention_block_ms": 0.0, "cache_append_ms": 0.0, "dense_attention_ms": 0.0, "host_to_gpu_ms": 0.0}, "cuda_ms": 685.892578125, "finite": true, "measured": true, "status": "decode_step", "step": 124, "wall_ms": 685.9417976811528}
{"argmax": 7471, "components": {"attention_block_ms": 0.0, "cache_append_ms": 0.0, "dense_attention_ms": 0.0, "host_to_gpu_ms": 0.0}, "cuda_ms": 685.893798828125, "finite": true, "measured": true, "status": "decode_step", "step": 125, "wall_ms": 685.9332052990794}
{"argmax": 2737, "components": {"attention_block_ms": 0.0, "cache_append_ms": 0.0, "dense_attention_ms": 0.0, "host_to_gpu_ms": 0.0}, "cuda_ms": 685.8651123046875, "finite": true, "measured": true, "status": "decode_step", "step": 126, "wall_ms": 685.9060642309487}
{"argmax": 279, "components": {"attention_block_ms": 0.0, "cache_append_ms": 0.0, "dense_attention_ms": 0.0, "host_to_gpu_ms": 0.0}, "cuda_ms": 685.9012451171875, "finite": true, "measured": true, "status": "decode_step", "step": 127, "wall_ms": 685.9395741485059}
{"argmax": 3388, "components": {"attention_block_ms": 0.0, "cache_append_ms": 0.0, "dense_attention_ms": 0.0, "host_to_gpu_ms": 0.0}, "cuda_ms": 685.9678344726562, "finite": true, "measured": true, "status": "decode_step", "step": 128, "wall_ms": 686.0151481814682}
{"argmax": 369, "components": {"attention_block_ms": 0.0, "cache_append_ms": 0.0, "dense_attention_ms": 0.0, "host_to_gpu_ms": 0.0}, "cuda_ms": 685.9549560546875, "finite": true, "measured": true, "status": "decode_step", "step": 129, "wall_ms": 685.9941063448787}
{"argmax": 37419, "components": {"attention_block_ms": 0.0, "cache_append_ms": 0.0, "dense_attention_ms": 0.0, "host_to_gpu_ms": 0.0}, "cuda_ms": 685.9009399414062, "finite": true, "measured": true, "status": "decode_step", "step": 130, "wall_ms": 686.0030298121274}
{"argmax": 6373, "components": {"attention_block_ms": 0.0, "cache_append_ms": 0.0, "dense_attention_ms": 0.0, "host_to_gpu_ms": 0.0}, "cuda_ms": 686.4472045898438, "finite": true, "measured": true, "status": "decode_step", "step": 131, "wall_ms": 686.4905380643904}
{"argmax": 323, "components": {"attention_block_ms": 0.0, "cache_append_ms": 0.0, "dense_attention_ms": 0.0, "host_to_gpu_ms": 0.0}, "cuda_ms": 685.9235229492188, "finite": true, "measured": true, "status": "decode_step", "step": 132, "wall_ms": 685.9773411415517}
{"argmax": 6020, "components": {"attention_block_ms": 0.0, "cache_append_ms": 0.0, "dense_attention_ms": 0.0, "host_to_gpu_ms": 0.0}, "cuda_ms": 685.986328125, "finite": true, "measured": true, "status": "decode_step", "step": 133, "wall_ms": 686.0699187964201}
{"argmax": 24043, "components": {"attention_block_ms": 0.0, "cache_append_ms": 0.0, "dense_attention_ms": 0.0, "host_to_gpu_ms": 0.0}, "cuda_ms": 686.1519165039062, "finite": true, "measured": true, "status": "decode_step", "step": 134, "wall_ms": 686.2456616945565}
{"argmax": 13, "components": {"attention_block_ms": 0.0, "cache_append_ms": 0.0, "dense_attention_ms": 0.0, "host_to_gpu_ms": 0.0}, "cuda_ms": 686.5172729492188, "finite": true, "measured": true, "status": "decode_step", "step": 135, "wall_ms": 686.5827362053096}
{"argmax": 5377, "components": {"attention_block_ms": 0.0, "cache_append_ms": 0.0, "dense_attention_ms": 0.0, "host_to_gpu_ms": 0.0}, "cuda_ms": 686.0430908203125, "finite": true, "measured": true, "status": "decode_step", "step": 136, "wall_ms": 686.07979407534}
{"argmax": 311, "components": {"attention_block_ms": 0.0, "cache_append_ms": 0.0, "dense_attention_ms": 0.0, "host_to_gpu_ms": 0.0}, "cuda_ms": 685.8815307617188, "finite": true, "measured": true, "status": "decode_step", "step": 137, "wall_ms": 685.9217383898795}
{"argmax": 19816, "components": {"attention_block_ms": 0.0, "cache_append_ms": 0.0, "dense_attention_ms": 0.0, "host_to_gpu_ms": 0.0}, "cuda_ms": 685.9215698242188, "finite": true, "measured": true, "status": "decode_step", "step": 138, "wall_ms": 685.9596138820052}
{"argmax": 468, "components": {"attention_block_ms": 0.0, "cache_append_ms": 0.0, "dense_attention_ms": 0.0, "host_to_gpu_ms": 0.0}, "cuda_ms": 685.911376953125, "finite": true, "measured": true, "status": "decode_step", "step": 139, "wall_ms": 686.0134247690439}
{"argmax": 13, "components": {"attention_block_ms": 0.0, "cache_append_ms": 0.0, "dense_attention_ms": 0.0, "host_to_gpu_ms": 0.0}, "cuda_ms": 686.5099487304688, "finite": true, "measured": true, "status": "decode_step", "step": 140, "wall_ms": 686.5648487582803}
{"argmax": 2947, "components": {"attention_block_ms": 0.0, "cache_append_ms": 0.0, "dense_attention_ms": 0.0, "host_to_gpu_ms": 0.0}, "cuda_ms": 686.1066284179688, "finite": true, "measured": true, "status": "decode_step", "step": 141, "wall_ms": 686.1463538371027}
{"argmax": 8536, "components": {"attention_block_ms": 0.0, "cache_append_ms": 0.0, "dense_attention_ms": 0.0, "host_to_gpu_ms": 0.0}, "cuda_ms": 685.9725952148438, "finite": true, "measured": true, "status": "decode_step", "step": 142, "wall_ms": 686.0129842534661}
{"argmax": 6150, "components": {"attention_block_ms": 0.0, "cache_append_ms": 0.0, "dense_attention_ms": 0.0, "host_to_gpu_ms": 0.0}, "cuda_ms": 685.949951171875, "finite": true, "measured": true, "status": "decode_step", "step": 143, "wall_ms": 686.0481072217226}
{"decode_cuda_median_ms": 686.150634765625, "decode_wall_median_ms": 686.2098488491029, "result": "results/system_benchmarks/tp1_dense_full_v6/formal_dense_offload_t131072_r1/benchmark.json", "status": "complete", "validated_layers": 0}
