[
  {
    "arm": "dense",
    "batch": 1,
    "repeats": 3,
    "wall_s": 1.1059539201669395,
    "throughput_tokens_s": 115.73719091359511,
    "ttft_ms": 272.365003824234,
    "tpot_ms": 6.560536985116915,
    "preemptions_max": null,
    "peak_allocated_gib": 35.48984479904175,
    "request_speedup": 1.0
  },
  {
    "arm": "dense",
    "batch": 2,
    "repeats": 3,
    "wall_s": 1.431501992046833,
    "throughput_tokens_s": 178.8331426866954,
    "ttft_ms": 553.5640120506287,
    "tpot_ms": 6.905621009343487,
    "preemptions_max": null,
    "peak_allocated_gib": 35.48984479904175,
    "request_speedup": 1.0
  },
  {
    "arm": "dense",
    "batch": 4,
    "repeats": 3,
    "wall_s": 2.0696395062841475,
    "throughput_tokens_s": 247.38607783886488,
    "ttft_ms": 831.315417541191,
    "tpot_ms": 9.670472716707296,
    "preemptions_max": null,
    "peak_allocated_gib": 35.48984479904175,
    "request_speedup": 1.0
  },
  {
    "arm": "dense",
    "batch": 8,
    "repeats": 3,
    "wall_s": 3.2599400668404996,
    "throughput_tokens_s": 314.1162042872924,
    "ttft_ms": 1663.642973639071,
    "tpot_ms": 12.457598583758111,
    "preemptions_max": null,
    "peak_allocated_gib": 35.48984479904175,
    "request_speedup": 1.0
  },
  {
    "arm": "dense",
    "batch": 16,
    "repeats": 3,
    "wall_s": 5.763423596974462,
    "throughput_tokens_s": 355.3443479453962,
    "ttft_ms": 2776.866804808378,
    "tpot_ms": 23.28103361284639,
    "preemptions_max": null,
    "peak_allocated_gib": 35.48984479904175,
    "request_speedup": 1.0
  },
  {
    "arm": "dense",
    "batch": 32,
    "repeats": 3,
    "wall_s": 10.795624515973032,
    "throughput_tokens_s": 379.41297364868745,
    "ttft_ms": 5007.670310791582,
    "tpot_ms": 45.03940120266061,
    "preemptions_max": null,
    "peak_allocated_gib": 35.48984479904175,
    "request_speedup": 1.0
  },
  {
    "arm": "dense",
    "batch": 64,
    "repeats": 3,
    "wall_s": 20.879866680130363,
    "throughput_tokens_s": 392.33966985984864,
    "ttft_ms": 9489.74110931158,
    "tpot_ms": 88.28363480325055,
    "preemptions_max": null,
    "peak_allocated_gib": 35.48984479904175,
    "request_speedup": 1.0
  },
  {
    "arm": "dense",
    "batch": 128,
    "repeats": 3,
    "wall_s": 41.12835120363161,
    "throughput_tokens_s": 398.36267490716483,
    "ttft_ms": 18553.16777457483,
    "tpot_ms": 173.58308662037095,
    "preemptions_max": null,
    "peak_allocated_gib": 35.48984479904175,
    "request_speedup": 1.0
  },
  {
    "arm": "dense",
    "batch": 256,
    "repeats": 3,
    "wall_s": 83.66785820014775,
    "throughput_tokens_s": 391.64382481996097,
    "ttft_ms": 37835.355611052364,
    "tpot_ms": 348.1447610318455,
    "preemptions_max": null,
    "peak_allocated_gib": 35.48984479904175,
    "request_speedup": 1.0
  },
  {
    "arm": "r64",
    "batch": 1,
    "repeats": 3,
    "wall_s": 1.40558425989002,
    "throughput_tokens_s": 91.06533393452725,
    "ttft_ms": 252.56822118535638,
    "tpot_ms": 9.073025825631431,
    "preemptions_max": 0,
    "peak_allocated_gib": 35.27340269088745,
    "request_speedup": 0.7868286176265769
  },
  {
    "arm": "r64",
    "batch": 2,
    "repeats": 3,
    "wall_s": 1.6788494908250868,
    "throughput_tokens_s": 152.48537846843337,
    "ttft_ms": 497.18017247505486,
    "tpot_ms": 9.298452583148958,
    "preemptions_max": 0,
    "peak_allocated_gib": 35.27340269088745,
    "request_speedup": 0.852668449357725
  },
  {
    "arm": "r64",
    "batch": 4,
    "repeats": 3,
    "wall_s": 2.2690022229216993,
    "throughput_tokens_s": 225.649845041015,
    "ttft_ms": 747.9911476839334,
    "tpot_ms": 11.850379423905663,
    "preemptions_max": 0,
    "peak_allocated_gib": 35.27340269088745,
    "request_speedup": 0.9121363943042591
  },
  {
    "arm": "r64",
    "batch": 8,
    "repeats": 3,
    "wall_s": 3.4835035339929163,
    "throughput_tokens_s": 293.956928709142,
    "ttft_ms": 1498.5062072519213,
    "tpot_ms": 15.478891005196909,
    "preemptions_max": 0,
    "peak_allocated_gib": 35.27340269088745,
    "request_speedup": 0.9358222361565512
  },
  {
    "arm": "r64",
    "batch": 16,
    "repeats": 3,
    "wall_s": 5.960913462098688,
    "throughput_tokens_s": 343.57150343178284,
    "ttft_ms": 2499.550685985014,
    "tpot_ms": 26.930814509932684,
    "preemptions_max": 0,
    "peak_allocated_gib": 35.27340269088745,
    "request_speedup": 0.9668691943978173
  },
  {
    "arm": "r64",
    "batch": 32,
    "repeats": 3,
    "wall_s": 10.914647906087339,
    "throughput_tokens_s": 375.2755045552657,
    "ttft_ms": 4514.84996615909,
    "tpot_ms": 49.58988047813571,
    "preemptions_max": 0,
    "peak_allocated_gib": 35.27340269088745,
    "request_speedup": 0.9890950774465271
  },
  {
    "arm": "r64",
    "batch": 64,
    "repeats": 3,
    "wall_s": 20.875783598981798,
    "throughput_tokens_s": 392.41640732468403,
    "ttft_ms": 8565.085004782304,
    "tpot_ms": 94.72622217493146,
    "preemptions_max": 0,
    "peak_allocated_gib": 35.27340269088745,
    "request_speedup": 1.0001955893597576
  },
  {
    "arm": "r64",
    "batch": 128,
    "repeats": 3,
    "wall_s": 40.5862904288806,
    "throughput_tokens_s": 403.6831113873218,
    "ttft_ms": 16821.876101661474,
    "tpot_ms": 180.22099882730936,
    "preemptions_max": 0,
    "peak_allocated_gib": 35.27340269088745,
    "request_speedup": 1.013355760504914
  },
  {
    "arm": "r64",
    "batch": 256,
    "repeats": 3,
    "wall_s": 79.629071502015,
    "throughput_tokens_s": 411.5080005569425,
    "ttft_ms": 33944.43766400218,
    "tpot_ms": 335.8910557663611,
    "preemptions_max": 0,
    "peak_allocated_gib": 35.27340269088745,
    "request_speedup": 1.0507200024055354
  },
  {
    "arm": "r96",
    "batch": 1,
    "repeats": 3,
    "wall_s": 1.4361115051433444,
    "throughput_tokens_s": 89.129569355566,
    "ttft_ms": 275.5469982512295,
    "tpot_ms": 9.12855964476668,
    "preemptions_max": 0,
    "peak_allocated_gib": 35.31637907028198,
    "request_speedup": 0.7701030986842136
  },
  {
    "arm": "r96",
    "batch": 2,
    "repeats": 3,
    "wall_s": 1.740631707943976,
    "throughput_tokens_s": 147.07304183398205,
    "ttft_ms": 539.9399849120528,
    "tpot_ms": 9.447506713262928,
    "preemptions_max": 0,
    "peak_allocated_gib": 35.31637907028198,
    "request_speedup": 0.8224037201630177
  },
  {
    "arm": "r96",
    "batch": 4,
    "repeats": 3,
    "wall_s": 2.3874676269479096,
    "throughput_tokens_s": 214.45316963502893,
    "ttft_ms": 811.9315539952368,
    "tpot_ms": 12.291662156669878,
    "preemptions_max": 0,
    "peak_allocated_gib": 35.31637907028198,
    "request_speedup": 0.866876468993187
  },
  {
    "arm": "r96",
    "batch": 8,
    "repeats": 3,
    "wall_s": 3.6713085998781025,
    "throughput_tokens_s": 278.9196201142011,
    "ttft_ms": 1626.5035476535559,
    "tpot_ms": 15.946756762371757,
    "preemptions_max": 0,
    "peak_allocated_gib": 35.31637907028198,
    "request_speedup": 0.8879504346076325
  },
  {
    "arm": "r96",
    "batch": 16,
    "repeats": 3,
    "wall_s": 6.270228858105838,
    "throughput_tokens_s": 326.6228468443298,
    "ttft_ms": 2713.2718074135482,
    "tpot_ms": 27.678273365224207,
    "preemptions_max": 0,
    "peak_allocated_gib": 35.31637907028198,
    "request_speedup": 0.9191727650456963
  },
  {
    "arm": "r96",
    "batch": 32,
    "repeats": 3,
    "wall_s": 11.474997418932617,
    "throughput_tokens_s": 356.9499713561593,
    "ttft_ms": 4893.534188391641,
    "tpot_ms": 51.01251482640899,
    "preemptions_max": 0,
    "peak_allocated_gib": 35.31637907028198,
    "request_speedup": 0.9407953764034241
  },
  {
    "arm": "r96",
    "batch": 64,
    "repeats": 3,
    "wall_s": 22.024216670077294,
    "throughput_tokens_s": 371.9542048970975,
    "ttft_ms": 9296.635456616059,
    "tpot_ms": 98.07420884237045,
    "preemptions_max": 0,
    "peak_allocated_gib": 35.31637907028198,
    "request_speedup": 0.9480412853229111
  },
  {
    "arm": "r96",
    "batch": 128,
    "repeats": 3,
    "wall_s": 42.978213533293456,
    "throughput_tokens_s": 381.21640368574157,
    "ttft_ms": 18280.98349366337,
    "tpot_ms": 187.9219336354533,
    "preemptions_max": 0,
    "peak_allocated_gib": 35.31637907028198,
    "request_speedup": 0.9569581381452993
  },
  {
    "arm": "r96",
    "batch": 256,
    "repeats": 3,
    "wall_s": 84.92176624527201,
    "throughput_tokens_s": 385.8610277294409,
    "ttft_ms": 36915.038981242105,
    "tpot_ms": 355.8960503304568,
    "preemptions_max": 0,
    "peak_allocated_gib": 35.31637907028198,
    "request_speedup": 0.9852345505685467
  }
]
