[transformers] Token indices sequence length is longer than the specified maximum sequence length for this model (2436214 > 131072). Running this sequence through the model will result in indexing errors
LOAD dense k2v2
Loading weights:   0%|          | 0/291 [00:00<?, ?it/s]Loading weights: 100%|██████████| 291/291 [00:00<00:00, 9915.21it/s]
CALIBRATION WT2 train 1 128
FISHER 1/1 loss=300.106201
CODEBOOK 0.k
CODEBOOK 0.v
CODEBOOK 1.k
CODEBOOK 1.v
CODEBOOK 2.k
CODEBOOK 2.v
CODEBOOK 3.k
CODEBOOK 3.v
CODEBOOK 4.k
CODEBOOK 4.v
CODEBOOK 5.k
CODEBOOK 5.v
CODEBOOK 6.k
CODEBOOK 6.v
CODEBOOK 7.k
CODEBOOK 7.v
CODEBOOK 8.k
CODEBOOK 8.v
CODEBOOK 9.k
CODEBOOK 9.v
CODEBOOK 10.k
CODEBOOK 10.v
CODEBOOK 11.k
CODEBOOK 11.v
CODEBOOK 12.k
CODEBOOK 12.v
CODEBOOK 13.k
CODEBOOK 13.v
CODEBOOK 14.k
CODEBOOK 14.v
CODEBOOK 15.k
CODEBOOK 15.v
CODEBOOK 16.k
CODEBOOK 16.v
CODEBOOK 17.k
CODEBOOK 17.v
CODEBOOK 18.k
CODEBOOK 18.v
CODEBOOK 19.k
CODEBOOK 19.v
CODEBOOK 20.k
CODEBOOK 20.v
CODEBOOK 21.k
CODEBOOK 21.v
CODEBOOK 22.k
CODEBOOK 22.v
CODEBOOK 23.k
CODEBOOK 23.v
CODEBOOK 24.k
CODEBOOK 24.v
CODEBOOK 25.k
CODEBOOK 25.v
CODEBOOK 26.k
CODEBOOK 26.v
CODEBOOK 27.k
CODEBOOK 27.v
CODEBOOK 28.k
CODEBOOK 28.v
CODEBOOK 29.k
CODEBOOK 29.v
CODEBOOK 30.k
CODEBOOK 30.v
CODEBOOK 31.k
CODEBOOK 31.v
C4 ARM bf16
PPL 1/2 12.407281
PPL 2/2 12.090564
C4 ARM k2v2
PPL 1/2 14.733174
PPL 2/2 14.441685
COMPLETE smoke k2v2 BF16 12.090564069925207 K2V2 14.44168455631087
