[transformers] Token indices sequence length is longer than the specified maximum sequence length for this model (2436214 > 131072). Running this sequence through the model will result in indexing errors
LOAD dense k2v2
Loading weights:   0%|          | 0/291 [00:00<?, ?it/s]Loading weights: 100%|██████████| 291/291 [00:00<00:00, 9684.69it/s]
CALIBRATION WT2 train 16 2048
FISHER 1/16 loss=4105.218750
FISHER 2/16 loss=4814.446289
FISHER 3/16 loss=4448.050293
FISHER 4/16 loss=3868.650879
FISHER 5/16 loss=4951.753906
FISHER 6/16 loss=5102.565430
FISHER 7/16 loss=4117.718750
FISHER 8/16 loss=3671.750000
FISHER 9/16 loss=3012.037842
FISHER 10/16 loss=4005.699951
FISHER 11/16 loss=2888.669678
FISHER 12/16 loss=4105.726074
FISHER 13/16 loss=3499.438721
FISHER 14/16 loss=2804.035645
FISHER 15/16 loss=3467.578613
FISHER 16/16 loss=3780.114258
CODEBOOK 0.k
CODEBOOK 0.v
CODEBOOK 1.k
CODEBOOK 1.v
CODEBOOK 2.k
CODEBOOK 2.v
CODEBOOK 3.k
CODEBOOK 3.v
CODEBOOK 4.k
CODEBOOK 4.v
CODEBOOK 5.k
CODEBOOK 5.v
CODEBOOK 6.k
CODEBOOK 6.v
CODEBOOK 7.k
CODEBOOK 7.v
CODEBOOK 8.k
CODEBOOK 8.v
CODEBOOK 9.k
CODEBOOK 9.v
CODEBOOK 10.k
CODEBOOK 10.v
CODEBOOK 11.k
CODEBOOK 11.v
CODEBOOK 12.k
CODEBOOK 12.v
CODEBOOK 13.k
CODEBOOK 13.v
CODEBOOK 14.k
CODEBOOK 14.v
CODEBOOK 15.k
CODEBOOK 15.v
CODEBOOK 16.k
CODEBOOK 16.v
CODEBOOK 17.k
CODEBOOK 17.v
CODEBOOK 18.k
CODEBOOK 18.v
CODEBOOK 19.k
CODEBOOK 19.v
CODEBOOK 20.k
CODEBOOK 20.v
CODEBOOK 21.k
CODEBOOK 21.v
CODEBOOK 22.k
CODEBOOK 22.v
CODEBOOK 23.k
CODEBOOK 23.v
CODEBOOK 24.k
CODEBOOK 24.v
CODEBOOK 25.k
CODEBOOK 25.v
CODEBOOK 26.k
CODEBOOK 26.v
CODEBOOK 27.k
CODEBOOK 27.v
CODEBOOK 28.k
CODEBOOK 28.v
CODEBOOK 29.k
CODEBOOK 29.v
CODEBOOK 30.k
CODEBOOK 30.v
CODEBOOK 31.k
CODEBOOK 31.v
C4 ARM bf16
PPL 1/128 12.407281
PPL 2/128 12.090564
PPL 3/128 10.634490
PPL 4/128 10.832343
PPL 5/128 9.687828
PPL 6/128 10.040359
PPL 7/128 10.301907
PPL 8/128 10.288553
PPL 9/128 10.621503
PPL 10/128 10.702615
PPL 11/128 10.074427
PPL 12/128 10.101399
PPL 13/128 10.122933
PPL 14/128 10.154479
PPL 15/128 10.078400
PPL 16/128 10.121926
PPL 17/128 10.133595
PPL 18/128 10.477210
PPL 19/128 10.295890
PPL 20/128 10.597001
PPL 21/128 10.668641
PPL 22/128 10.758472
PPL 23/128 10.491672
PPL 24/128 10.629790
PPL 25/128 10.567933
PPL 26/128 10.775020
PPL 27/128 10.341904
PPL 28/128 10.678346
PPL 29/128 10.883795
PPL 30/128 11.051028
PPL 31/128 10.866760
PPL 32/128 10.585256
PPL 33/128 10.453524
PPL 34/128 10.394754
PPL 35/128 10.401478
PPL 36/128 10.556467
PPL 37/128 10.349612
PPL 38/128 10.519579
PPL 39/128 10.206984
PPL 40/128 10.284255
PPL 41/128 10.294188
PPL 42/128 10.470665
PPL 43/128 10.591986
PPL 44/128 10.545392
PPL 45/128 10.563401
PPL 46/128 10.527374
PPL 47/128 10.383984
PPL 48/128 10.439977
PPL 49/128 10.479991
PPL 50/128 10.482882
PPL 51/128 10.599399
PPL 52/128 10.645255
PPL 53/128 10.609197
PPL 54/128 10.589350
PPL 55/128 10.600258
PPL 56/128 10.483499
PPL 57/128 10.506457
PPL 58/128 10.561540
PPL 59/128 10.939543
PPL 60/128 10.959304
PPL 61/128 10.918955
PPL 62/128 10.587385
PPL 63/128 10.590648
PPL 64/128 10.658923
PPL 65/128 10.600608
PPL 66/128 10.661677
PPL 67/128 10.510486
PPL 68/128 10.457556
PPL 69/128 10.237585
PPL 70/128 10.282912
PPL 71/128 10.271679
PPL 72/128 10.248825
PPL 73/128 10.271054
PPL 74/128 10.200970
PPL 75/128 10.041941
PPL 76/128 10.111344
PPL 77/128 10.095629
PPL 78/128 10.162507
PPL 79/128 10.196107
PPL 80/128 10.250387
PPL 81/128 10.068181
PPL 82/128 9.883206
PPL 83/128 9.888836
PPL 84/128 9.940149
PPL 85/128 9.952663
PPL 86/128 9.956973
PPL 87/128 10.014083
PPL 88/128 9.947346
PPL 89/128 9.722245
PPL 90/128 9.749645
PPL 91/128 9.688406
PPL 92/128 9.652201
PPL 93/128 9.624310
PPL 94/128 9.675126
PPL 95/128 9.697833
PPL 96/128 9.525044
PPL 97/128 9.598292
PPL 98/128 9.651363
PPL 99/128 9.646767
PPL 100/128 9.704277
PPL 101/128 9.615057
PPL 102/128 9.654574
PPL 103/128 9.680152
PPL 104/128 9.711319
PPL 105/128 9.754309
PPL 106/128 9.726764
PPL 107/128 9.753165
PPL 108/128 9.695756
PPL 109/128 9.692309
PPL 110/128 9.713185
PPL 111/128 9.748608
PPL 112/128 9.825750
PPL 113/128 9.872263
PPL 114/128 9.877316
PPL 115/128 9.875420
PPL 116/128 9.902730
PPL 117/128 9.898424
PPL 118/128 9.850586
PPL 119/128 9.871873
PPL 120/128 9.762986
PPL 121/128 9.784269
PPL 122/128 9.783082
PPL 123/128 9.824003
PPL 124/128 9.840668
PPL 125/128 9.854250
PPL 126/128 9.862065
PPL 127/128 9.888624
PPL 128/128 9.773998
C4 ARM k2v2
PPL 1/128 14.844531
PPL 2/128 14.250277
PPL 3/128 12.391088
PPL 4/128 12.565240
PPL 5/128 11.255775
PPL 6/128 11.586589
PPL 7/128 12.291379
PPL 8/128 12.233820
PPL 9/128 12.582544
PPL 10/128 12.638223
PPL 11/128 12.448812
PPL 12/128 12.391120
PPL 13/128 12.350244
PPL 14/128 12.305243
PPL 15/128 12.192752
PPL 16/128 12.268512
PPL 17/128 12.243988
PPL 18/128 12.649608
PPL 19/128 12.414141
PPL 20/128 12.764382
PPL 21/128 12.827838
PPL 22/128 12.891041
PPL 23/128 12.603623
PPL 24/128 12.764050
PPL 25/128 12.671328
PPL 26/128 12.906749
PPL 27/128 12.364972
PPL 28/128 12.760034
PPL 29/128 13.008600
PPL 30/128 13.208393
PPL 31/128 12.971653
PPL 32/128 12.605260
PPL 33/128 12.549888
PPL 34/128 12.472568
PPL 35/128 12.473732
PPL 36/128 12.672807
PPL 37/128 12.424886
PPL 38/128 12.637084
PPL 39/128 12.414925
PPL 40/128 12.493965
PPL 41/128 12.483744
PPL 42/128 12.692373
PPL 43/128 12.834944
PPL 44/128 12.768187
PPL 45/128 12.778699
PPL 46/128 12.738808
PPL 47/128 12.552259
PPL 48/128 12.631630
PPL 49/128 12.683449
PPL 50/128 12.677558
PPL 51/128 12.812022
PPL 52/128 12.852581
PPL 53/128 12.802933
PPL 54/128 12.763719
PPL 55/128 12.767078
PPL 56/128 12.625525
PPL 57/128 12.647322
PPL 58/128 12.702054
PPL 59/128 13.194870
PPL 60/128 13.204691
PPL 61/128 13.141196
PPL 62/128 12.815601
PPL 63/128 12.813139
PPL 64/128 12.893197
PPL 65/128 12.801601
PPL 66/128 12.874273
PPL 67/128 12.688670
PPL 68/128 12.615060
PPL 69/128 12.531390
PPL 70/128 12.560679
PPL 71/128 12.538779
PPL 72/128 12.512726
PPL 73/128 12.514756
PPL 74/128 12.425384
PPL 75/128 12.246643
PPL 76/128 12.322313
PPL 77/128 12.297988
PPL 78/128 12.383243
PPL 79/128 12.422919
PPL 80/128 12.489539
PPL 81/128 12.393374
PPL 82/128 12.352893
PPL 83/128 12.347416
PPL 84/128 12.395022
PPL 85/128 12.397132
PPL 86/128 12.389966
PPL 87/128 12.462401
PPL 88/128 12.386394
PPL 89/128 12.087888
PPL 90/128 12.108234
PPL 91/128 12.024753
PPL 92/128 11.970126
PPL 93/128 11.929695
PPL 94/128 11.990672
PPL 95/128 12.013071
PPL 96/128 11.839646
PPL 97/128 11.929260
PPL 98/128 12.013780
PPL 99/128 11.999616
PPL 100/128 12.069052
PPL 101/128 12.136216
PPL 102/128 12.182987
PPL 103/128 12.206129
PPL 104/128 12.238880
PPL 105/128 12.283173
PPL 106/128 12.233741
PPL 107/128 12.253945
PPL 108/128 12.176639
PPL 109/128 12.158312
PPL 110/128 12.176090
PPL 111/128 12.216798
PPL 112/128 12.340894
PPL 113/128 12.392900
PPL 114/128 12.402638
PPL 115/128 12.392065
PPL 116/128 12.421972
PPL 117/128 12.408743
PPL 118/128 12.341091
PPL 119/128 12.357490
PPL 120/128 12.222157
PPL 121/128 12.230101
PPL 122/128 12.232541
PPL 123/128 12.282114
PPL 124/128 12.303459
PPL 125/128 12.309913
PPL 126/128 12.311324
PPL 127/128 12.342110
PPL 128/128 12.284191
COMPLETE formal k2v2 BF16 9.77399834390029 K2V2 12.28419091608045
