[transformers] Token indices sequence length is longer than the specified maximum sequence length for this model (2436214 > 131072). Running this sequence through the model will result in indexing errors
LOAD dense k4v2
Loading weights:   0%|          | 0/291 [00:00<?, ?it/s]Loading weights: 100%|██████████| 291/291 [00:00<00:00, 9932.40it/s]
CALIBRATION WT2 train 16 2048
FISHER 1/16 loss=4105.218750
FISHER 2/16 loss=4814.446289
FISHER 3/16 loss=4448.050293
FISHER 4/16 loss=3868.650879
FISHER 5/16 loss=4951.753906
FISHER 6/16 loss=5102.565430
FISHER 7/16 loss=4117.718750
FISHER 8/16 loss=3671.750000
FISHER 9/16 loss=3012.037842
FISHER 10/16 loss=4005.699951
FISHER 11/16 loss=2888.669678
FISHER 12/16 loss=4105.726074
FISHER 13/16 loss=3499.438721
FISHER 14/16 loss=2804.035645
FISHER 15/16 loss=3467.578613
FISHER 16/16 loss=3780.114258
CODEBOOK 0.k
CODEBOOK 0.v
CODEBOOK 1.k
CODEBOOK 1.v
CODEBOOK 2.k
CODEBOOK 2.v
CODEBOOK 3.k
CODEBOOK 3.v
CODEBOOK 4.k
CODEBOOK 4.v
CODEBOOK 5.k
CODEBOOK 5.v
CODEBOOK 6.k
CODEBOOK 6.v
CODEBOOK 7.k
CODEBOOK 7.v
CODEBOOK 8.k
CODEBOOK 8.v
CODEBOOK 9.k
CODEBOOK 9.v
CODEBOOK 10.k
CODEBOOK 10.v
CODEBOOK 11.k
CODEBOOK 11.v
CODEBOOK 12.k
CODEBOOK 12.v
CODEBOOK 13.k
CODEBOOK 13.v
CODEBOOK 14.k
CODEBOOK 14.v
CODEBOOK 15.k
CODEBOOK 15.v
CODEBOOK 16.k
CODEBOOK 16.v
CODEBOOK 17.k
CODEBOOK 17.v
CODEBOOK 18.k
CODEBOOK 18.v
CODEBOOK 19.k
CODEBOOK 19.v
CODEBOOK 20.k
CODEBOOK 20.v
CODEBOOK 21.k
CODEBOOK 21.v
CODEBOOK 22.k
CODEBOOK 22.v
CODEBOOK 23.k
CODEBOOK 23.v
CODEBOOK 24.k
CODEBOOK 24.v
CODEBOOK 25.k
CODEBOOK 25.v
CODEBOOK 26.k
CODEBOOK 26.v
CODEBOOK 27.k
CODEBOOK 27.v
CODEBOOK 28.k
CODEBOOK 28.v
CODEBOOK 29.k
CODEBOOK 29.v
CODEBOOK 30.k
CODEBOOK 30.v
CODEBOOK 31.k
CODEBOOK 31.v
C4 ARM bf16
PPL 1/128 12.407281
PPL 2/128 12.090564
PPL 3/128 10.634490
PPL 4/128 10.832343
PPL 5/128 9.687828
PPL 6/128 10.040359
PPL 7/128 10.301907
PPL 8/128 10.288553
PPL 9/128 10.621503
PPL 10/128 10.702615
PPL 11/128 10.074427
PPL 12/128 10.101399
PPL 13/128 10.122933
PPL 14/128 10.154479
PPL 15/128 10.078400
PPL 16/128 10.121926
PPL 17/128 10.133595
PPL 18/128 10.477210
PPL 19/128 10.295890
PPL 20/128 10.597001
PPL 21/128 10.668641
PPL 22/128 10.758472
PPL 23/128 10.491672
PPL 24/128 10.629790
PPL 25/128 10.567933
PPL 26/128 10.775020
PPL 27/128 10.341904
PPL 28/128 10.678346
PPL 29/128 10.883795
PPL 30/128 11.051028
PPL 31/128 10.866760
PPL 32/128 10.585256
PPL 33/128 10.453524
PPL 34/128 10.394754
PPL 35/128 10.401478
PPL 36/128 10.556467
PPL 37/128 10.349612
PPL 38/128 10.519579
PPL 39/128 10.206984
PPL 40/128 10.284255
PPL 41/128 10.294188
PPL 42/128 10.470665
PPL 43/128 10.591986
PPL 44/128 10.545392
PPL 45/128 10.563401
PPL 46/128 10.527374
PPL 47/128 10.383984
PPL 48/128 10.439977
PPL 49/128 10.479991
PPL 50/128 10.482882
PPL 51/128 10.599399
PPL 52/128 10.645255
PPL 53/128 10.609197
PPL 54/128 10.589350
PPL 55/128 10.600258
PPL 56/128 10.483499
PPL 57/128 10.506457
PPL 58/128 10.561540
PPL 59/128 10.939543
PPL 60/128 10.959304
PPL 61/128 10.918955
PPL 62/128 10.587385
PPL 63/128 10.590648
PPL 64/128 10.658923
PPL 65/128 10.600608
PPL 66/128 10.661677
PPL 67/128 10.510486
PPL 68/128 10.457556
PPL 69/128 10.237585
PPL 70/128 10.282912
PPL 71/128 10.271679
PPL 72/128 10.248825
PPL 73/128 10.271054
PPL 74/128 10.200970
PPL 75/128 10.041941
PPL 76/128 10.111344
PPL 77/128 10.095629
PPL 78/128 10.162507
PPL 79/128 10.196107
PPL 80/128 10.250387
PPL 81/128 10.068181
PPL 82/128 9.883206
PPL 83/128 9.888836
PPL 84/128 9.940149
PPL 85/128 9.952663
PPL 86/128 9.956973
PPL 87/128 10.014083
PPL 88/128 9.947346
PPL 89/128 9.722245
PPL 90/128 9.749645
PPL 91/128 9.688406
PPL 92/128 9.652201
PPL 93/128 9.624310
PPL 94/128 9.675126
PPL 95/128 9.697833
PPL 96/128 9.525044
PPL 97/128 9.598292
PPL 98/128 9.651363
PPL 99/128 9.646767
PPL 100/128 9.704277
PPL 101/128 9.615057
PPL 102/128 9.654574
PPL 103/128 9.680152
PPL 104/128 9.711319
PPL 105/128 9.754309
PPL 106/128 9.726764
PPL 107/128 9.753165
PPL 108/128 9.695756
PPL 109/128 9.692309
PPL 110/128 9.713185
PPL 111/128 9.748608
PPL 112/128 9.825750
PPL 113/128 9.872263
PPL 114/128 9.877316
PPL 115/128 9.875420
PPL 116/128 9.902730
PPL 117/128 9.898424
PPL 118/128 9.850586
PPL 119/128 9.871873
PPL 120/128 9.762986
PPL 121/128 9.784269
PPL 122/128 9.783082
PPL 123/128 9.824003
PPL 124/128 9.840668
PPL 125/128 9.854250
PPL 126/128 9.862065
PPL 127/128 9.888624
PPL 128/128 9.773998
C4 ARM k4v2
PPL 1/128 13.590587
PPL 2/128 13.122621
PPL 3/128 11.433325
PPL 4/128 11.683576
PPL 5/128 10.527368
PPL 6/128 10.844380
PPL 7/128 11.404553
PPL 8/128 11.330181
PPL 9/128 11.655355
PPL 10/128 11.716826
PPL 11/128 11.518838
PPL 12/128 11.472666
PPL 13/128 11.443776
PPL 14/128 11.422620
PPL 15/128 11.306371
PPL 16/128 11.357332
PPL 17/128 11.338281
PPL 18/128 11.717474
PPL 19/128 11.504395
PPL 20/128 11.820062
PPL 21/128 11.887028
PPL 22/128 11.954794
PPL 23/128 11.664161
PPL 24/128 11.801179
PPL 25/128 11.713373
PPL 26/128 11.933523
PPL 27/128 11.432136
PPL 28/128 11.790943
PPL 29/128 12.017089
PPL 30/128 12.198251
PPL 31/128 11.982600
PPL 32/128 11.657648
PPL 33/128 11.558900
PPL 34/128 11.488789
PPL 35/128 11.490508
PPL 36/128 11.660015
PPL 37/128 11.434838
PPL 38/128 11.626323
PPL 39/128 11.403486
PPL 40/128 11.475685
PPL 41/128 11.478299
PPL 42/128 11.669277
PPL 43/128 11.796640
PPL 44/128 11.737948
PPL 45/128 11.749174
PPL 46/128 11.706154
PPL 47/128 11.543150
PPL 48/128 11.611157
PPL 49/128 11.652160
PPL 50/128 11.645291
PPL 51/128 11.766385
PPL 52/128 11.808342
PPL 53/128 11.765166
PPL 54/128 11.737429
PPL 55/128 11.742273
PPL 56/128 11.611955
PPL 57/128 11.630442
PPL 58/128 11.682123
PPL 59/128 12.129443
PPL 60/128 12.142085
PPL 61/128 12.089612
PPL 62/128 11.762883
PPL 63/128 11.760338
PPL 64/128 11.831059
PPL 65/128 11.756526
PPL 66/128 11.822200
PPL 67/128 11.647611
PPL 68/128 11.584394
PPL 69/128 11.446736
PPL 70/128 11.484196
PPL 71/128 11.464920
PPL 72/128 11.442070
PPL 73/128 11.452481
PPL 74/128 11.369325
PPL 75/128 11.202937
PPL 76/128 11.275047
PPL 77/128 11.250667
PPL 78/128 11.327239
PPL 79/128 11.361171
PPL 80/128 11.418407
PPL 81/128 11.302969
PPL 82/128 11.149034
PPL 83/128 11.148320
PPL 84/128 11.197511
PPL 85/128 11.203170
PPL 86/128 11.200658
PPL 87/128 11.265554
PPL 88/128 11.197869
PPL 89/128 10.934917
PPL 90/128 10.958605
PPL 91/128 10.886134
PPL 92/128 10.839944
PPL 93/128 10.803719
PPL 94/128 10.858396
PPL 95/128 10.878759
PPL 96/128 10.721977
PPL 97/128 10.803004
PPL 98/128 10.871060
PPL 99/128 10.860076
PPL 100/128 10.923852
PPL 101/128 10.943143
PPL 102/128 10.985360
PPL 103/128 11.010051
PPL 104/128 11.041149
PPL 105/128 11.086431
PPL 106/128 11.047017
PPL 107/128 11.071339
PPL 108/128 11.001998
PPL 109/128 10.990493
PPL 110/128 11.008332
PPL 111/128 11.044985
PPL 112/128 11.149194
PPL 113/128 11.197768
PPL 114/128 11.200983
PPL 115/128 11.192871
PPL 116/128 11.220304
PPL 117/128 11.210906
PPL 118/128 11.152151
PPL 119/128 11.171220
PPL 120/128 11.052113
PPL 121/128 11.066484
PPL 122/128 11.067091
PPL 123/128 11.110746
PPL 124/128 11.131871
PPL 125/128 11.140857
PPL 126/128 11.143150
PPL 127/128 11.169938
PPL 128/128 11.092310
COMPLETE formal k4v2 BF16 9.77399834390029 K4V2 11.09231031376903
