{
  "status": "passed",
  "frozen_files": 22,
  "cache_encoding_unchanged": true,
  "formal_trials": 6,
  "checks": {
    "r64": {
      "original_s": 40.5862904288806,
      "optimized_s": 30.422955248039216,
      "latency_reduction_percent": 25.041301073451415,
      "versus_original_speedup": 1.3340679791946386
    },
    "r96": {
      "original_s": 42.978213533293456,
      "optimized_s": 32.60988277802244,
      "latency_reduction_percent": 24.124620133964147,
      "versus_original_speedup": 1.3179505681099473
    }
  }
}
