[transformers] Token indices sequence length is longer than the specified maximum sequence length for this model (2436214 > 131072). Running this sequence through the model will result in indexing errors
LOAD adaptive V64
Loading weights:   0%|          | 0/291 [00:00<?, ?it/s]Loading weights: 100%|██████████| 291/291 [00:00<00:00, 10485.13it/s]
CALIBRATION WT2 train 16 2048
FISHER 1/16 loss=4836.274414
FISHER 2/16 loss=5511.679688
FISHER 3/16 loss=5203.612793
FISHER 4/16 loss=4877.700195
FISHER 5/16 loss=5714.997070
FISHER 6/16 loss=5906.570312
FISHER 7/16 loss=5153.976074
FISHER 8/16 loss=4593.918945
FISHER 9/16 loss=3723.815430
FISHER 10/16 loss=4893.117676
FISHER 11/16 loss=3969.904297
FISHER 12/16 loss=5157.908691
FISHER 13/16 loss=4484.724121
FISHER 14/16 loss=4494.333984
FISHER 15/16 loss=4212.443848
FISHER 16/16 loss=4665.840820
CODEBOOK 0.k
CODEBOOK 0.v
CODEBOOK 1.k
CODEBOOK 1.v
CODEBOOK 2.k
CODEBOOK 2.v
CODEBOOK 3.k
CODEBOOK 3.v
CODEBOOK 4.k
CODEBOOK 4.v
CODEBOOK 5.k
CODEBOOK 5.v
CODEBOOK 6.k
CODEBOOK 6.v
CODEBOOK 7.k
CODEBOOK 7.v
CODEBOOK 8.k
CODEBOOK 8.v
CODEBOOK 9.k
CODEBOOK 9.v
CODEBOOK 10.k
CODEBOOK 10.v
CODEBOOK 11.k
CODEBOOK 11.v
CODEBOOK 12.k
CODEBOOK 12.v
CODEBOOK 13.k
CODEBOOK 13.v
CODEBOOK 14.k
CODEBOOK 14.v
CODEBOOK 15.k
CODEBOOK 15.v
CODEBOOK 16.k
CODEBOOK 16.v
CODEBOOK 17.k
CODEBOOK 17.v
CODEBOOK 18.k
CODEBOOK 18.v
CODEBOOK 19.k
CODEBOOK 19.v
CODEBOOK 20.k
CODEBOOK 20.v
CODEBOOK 21.k
CODEBOOK 21.v
CODEBOOK 22.k
CODEBOOK 22.v
CODEBOOK 23.k
CODEBOOK 23.v
CODEBOOK 24.k
CODEBOOK 24.v
CODEBOOK 25.k
CODEBOOK 25.v
CODEBOOK 26.k
CODEBOOK 26.v
CODEBOOK 27.k
CODEBOOK 27.v
CODEBOOK 28.k
CODEBOOK 28.v
CODEBOOK 29.k
CODEBOOK 29.v
CODEBOOK 30.k
CODEBOOK 30.v
CODEBOOK 31.k
CODEBOOK 31.v
C4 ARM bf16
PPL 1/128 14.967380
PPL 2/128 15.296446
PPL 3/128 13.587718
PPL 4/128 13.474784
PPL 5/128 11.998830
PPL 6/128 12.237430
PPL 7/128 13.130899
PPL 8/128 13.152489
PPL 9/128 13.356389
PPL 10/128 13.277505
PPL 11/128 13.019002
PPL 12/128 12.868342
PPL 13/128 12.766625
PPL 14/128 12.708899
PPL 15/128 12.545034
PPL 16/128 12.615148
PPL 17/128 12.581598
PPL 18/128 12.950473
PPL 19/128 12.711575
PPL 20/128 13.068318
PPL 21/128 13.167251
PPL 22/128 13.211624
PPL 23/128 12.930512
PPL 24/128 13.065549
PPL 25/128 12.946121
PPL 26/128 13.167382
PPL 27/128 12.646036
PPL 28/128 13.020085
PPL 29/128 13.244410
PPL 30/128 13.488766
PPL 31/128 13.272171
PPL 32/128 12.916826
PPL 33/128 12.852430
PPL 34/128 12.766455
PPL 35/128 12.771968
PPL 36/128 12.960287
PPL 37/128 12.723119
PPL 38/128 12.917017
PPL 39/128 12.756018
PPL 40/128 12.842546
PPL 41/128 12.872005
PPL 42/128 13.073624
PPL 43/128 13.217551
PPL 44/128 13.151182
PPL 45/128 13.148126
PPL 46/128 13.096866
PPL 47/128 12.895405
PPL 48/128 12.967872
PPL 49/128 13.002947
PPL 50/128 12.994857
PPL 51/128 13.134837
PPL 52/128 13.177657
PPL 53/128 13.122257
PPL 54/128 13.089403
PPL 55/128 13.076750
PPL 56/128 12.960638
PPL 57/128 12.991624
PPL 58/128 13.054883
PPL 59/128 13.543300
PPL 60/128 13.547521
PPL 61/128 13.489436
PPL 62/128 13.153460
PPL 63/128 13.151354
PPL 64/128 13.220160
PPL 65/128 13.138964
PPL 66/128 13.237169
PPL 67/128 13.055874
PPL 68/128 12.983704
PPL 69/128 12.831330
PPL 70/128 12.872352
PPL 71/128 12.838909
PPL 72/128 12.819910
PPL 73/128 12.823020
PPL 74/128 12.721391
PPL 75/128 12.554930
PPL 76/128 12.626147
PPL 77/128 12.590170
PPL 78/128 12.694958
PPL 79/128 12.743122
PPL 80/128 12.831008
PPL 81/128 12.721786
PPL 82/128 12.547792
PPL 83/128 12.538493
PPL 84/128 12.593838
PPL 85/128 12.598460
PPL 86/128 12.599610
PPL 87/128 12.675919
PPL 88/128 12.612430
PPL 89/128 12.309282
PPL 90/128 12.328741
PPL 91/128 12.261068
PPL 92/128 12.203249
PPL 93/128 12.167107
PPL 94/128 12.224945
PPL 95/128 12.251383
PPL 96/128 12.064596
PPL 97/128 12.154335
PPL 98/128 12.210670
PPL 99/128 12.210206
PPL 100/128 12.276465
PPL 101/128 12.283667
PPL 102/128 12.336690
PPL 103/128 12.360434
PPL 104/128 12.405159
PPL 105/128 12.459917
PPL 106/128 12.407463
PPL 107/128 12.431837
PPL 108/128 12.398598
PPL 109/128 12.382894
PPL 110/128 12.401095
PPL 111/128 12.444326
PPL 112/128 12.534123
PPL 113/128 12.589032
PPL 114/128 12.590103
PPL 115/128 12.577619
PPL 116/128 12.603791
PPL 117/128 12.585776
PPL 118/128 12.532021
PPL 119/128 12.544470
PPL 120/128 12.402991
PPL 121/128 12.413664
PPL 122/128 12.414672
PPL 123/128 12.464025
PPL 124/128 12.480809
PPL 125/128 12.493654
PPL 126/128 12.492241
PPL 127/128 12.528039
PPL 128/128 12.453613
C4 ARM kv4
PPL 1/128 15.078259
PPL 2/128 15.407192
PPL 3/128 13.704208
PPL 4/128 13.570241
PPL 5/128 12.109011
PPL 6/128 12.354568
PPL 7/128 13.279664
PPL 8/128 13.306427
PPL 9/128 13.503124
PPL 10/128 13.414582
PPL 11/128 13.138840
PPL 12/128 12.985909
PPL 13/128 12.879990
PPL 14/128 12.817760
PPL 15/128 12.655530
PPL 16/128 12.729675
PPL 17/128 12.695843
PPL 18/128 13.070666
PPL 19/128 12.831811
PPL 20/128 13.186787
PPL 21/128 13.284858
PPL 22/128 13.325138
PPL 23/128 13.044265
PPL 24/128 13.184154
PPL 25/128 13.062378
PPL 26/128 13.282489
PPL 27/128 12.757381
PPL 28/128 13.134736
PPL 29/128 13.362603
PPL 30/128 13.608905
PPL 31/128 13.390587
PPL 32/128 13.035697
PPL 33/128 12.973848
PPL 34/128 12.887277
PPL 35/128 12.896234
PPL 36/128 13.088139
PPL 37/128 12.848076
PPL 38/128 13.044960
PPL 39/128 12.891587
PPL 40/128 12.979135
PPL 41/128 13.010800
PPL 42/128 13.213394
PPL 43/128 13.359780
PPL 44/128 13.293176
PPL 45/128 13.289419
PPL 46/128 13.237848
PPL 47/128 13.032678
PPL 48/128 13.107020
PPL 49/128 13.141145
PPL 50/128 13.134060
PPL 51/128 13.276146
PPL 52/128 13.320284
PPL 53/128 13.263408
PPL 54/128 13.230181
PPL 55/128 13.215407
PPL 56/128 13.100294
PPL 57/128 13.133921
PPL 58/128 13.197625
PPL 59/128 13.691815
PPL 60/128 13.696433
PPL 61/128 13.635333
PPL 62/128 13.297211
PPL 63/128 13.294001
PPL 64/128 13.362387
PPL 65/128 13.279196
PPL 66/128 13.377669
PPL 67/128 13.192450
PPL 68/128 13.120332
PPL 69/128 12.970151
PPL 70/128 13.008802
PPL 71/128 12.976132
PPL 72/128 12.955944
PPL 73/128 12.956497
PPL 74/128 12.853484
PPL 75/128 12.687157
PPL 76/128 12.759278
PPL 77/128 12.723046
PPL 78/128 12.829551
PPL 79/128 12.879149
PPL 80/128 12.970257
PPL 81/128 12.860821
PPL 82/128 12.689025
PPL 83/128 12.678717
PPL 84/128 12.734523
PPL 85/128 12.738425
PPL 86/128 12.739441
PPL 87/128 12.815950
PPL 88/128 12.752310
PPL 89/128 12.445205
PPL 90/128 12.464892
PPL 91/128 12.397807
PPL 92/128 12.338384
PPL 93/128 12.302123
PPL 94/128 12.360555
PPL 95/128 12.387123
PPL 96/128 12.200526
PPL 97/128 12.292139
PPL 98/128 12.349100
PPL 99/128 12.348044
PPL 100/128 12.414523
PPL 101/128 12.428000
PPL 102/128 12.481871
PPL 103/128 12.505497
PPL 104/128 12.551163
PPL 105/128 12.606162
PPL 106/128 12.552365
PPL 107/128 12.576446
PPL 108/128 12.541485
PPL 109/128 12.525585
PPL 110/128 12.543512
PPL 111/128 12.586929
PPL 112/128 12.677354
PPL 113/128 12.732203
PPL 114/128 12.734350
PPL 115/128 12.721532
PPL 116/128 12.747844
PPL 117/128 12.729533
PPL 118/128 12.675603
PPL 119/128 12.688252
PPL 120/128 12.545302
PPL 121/128 12.554815
PPL 122/128 12.555336
PPL 123/128 12.604337
PPL 124/128 12.622102
PPL 125/128 12.634844
PPL 126/128 12.633569
PPL 127/128 12.669050
PPL 128/128 12.594977
COMPLETE formal BF16 12.453613234296078 KV4 12.594977016757365
