{"context": 32768, "gpu": "NVIDIA L40S", "measure_steps": 128, "mode": "optimized", "status": "starting", "storage": "offload", "warmup_steps": 16}
{"status": "extensions_ready"}
Loading weights:   0%|          | 0/291 [00:00<?, ?it/s]Loading weights: 100%|██████████| 291/291 [00:00<00:00, 9763.48it/s]
{"allocated_gib": 17.515378952026367, "host_exact_key_gib": 2.0087890625, "status": "model_ready"}
{"peak_allocated_gib": 19.414182662963867, "prefill_ms": 4920.78759765625, "status": "prefill_complete"}
{"argmax": 11, "cuda_ms": 100.4181137084961, "finite": true, "measured": false, "status": "decode_step", "step": 0, "wall_ms": 100.43108928948641}
{"argmax": 396, "cuda_ms": 34.62022399902344, "finite": true, "measured": false, "status": "decode_step", "step": 1, "wall_ms": 34.63602112606168}
{"argmax": 36177, "cuda_ms": 34.35337448120117, "finite": true, "measured": false, "status": "decode_step", "step": 2, "wall_ms": 34.370826091617346}
{"argmax": 220, "cuda_ms": 34.326881408691406, "finite": true, "measured": false, "status": "decode_step", "step": 3, "wall_ms": 34.343534614890814}
{"argmax": 11, "cuda_ms": 34.297183990478516, "finite": true, "measured": false, "status": "decode_step", "step": 4, "wall_ms": 34.31611321866512}
{"argmax": 315, "cuda_ms": 34.31961441040039, "finite": true, "measured": false, "status": "decode_step", "step": 5, "wall_ms": 34.33868708088994}
{"argmax": 7658, "cuda_ms": 34.30316925048828, "finite": true, "measured": false, "status": "decode_step", "step": 6, "wall_ms": 34.32091046124697}
{"argmax": 323, "cuda_ms": 34.33884811401367, "finite": true, "measured": false, "status": "decode_step", "step": 7, "wall_ms": 34.35889817774296}
{"argmax": 7327, "cuda_ms": 34.288352966308594, "finite": true, "measured": false, "status": "decode_step", "step": 8, "wall_ms": 34.30520696565509}
{"argmax": 23298, "cuda_ms": 34.2760009765625, "finite": true, "measured": false, "status": "decode_step", "step": 9, "wall_ms": 34.292217809706926}
{"argmax": 11, "cuda_ms": 34.30636978149414, "finite": true, "measured": false, "status": "decode_step", "step": 10, "wall_ms": 34.32335425168276}
{"argmax": 11, "cuda_ms": 34.26374435424805, "finite": true, "measured": false, "status": "decode_step", "step": 11, "wall_ms": 34.28073087707162}
{"argmax": 323, "cuda_ms": 34.29596710205078, "finite": true, "measured": false, "status": "decode_step", "step": 12, "wall_ms": 34.3133588321507}
{"argmax": 527, "cuda_ms": 34.271263122558594, "finite": true, "measured": false, "status": "decode_step", "step": 13, "wall_ms": 34.290355164557695}
{"argmax": 264, "cuda_ms": 34.2880973815918, "finite": true, "measured": false, "status": "decode_step", "step": 14, "wall_ms": 34.30469706654549}
{"argmax": 8536, "cuda_ms": 34.26889419555664, "finite": true, "measured": false, "status": "decode_step", "step": 15, "wall_ms": 34.28554814308882}
{"argmax": 13537, "cuda_ms": 34.269344329833984, "finite": true, "measured": true, "status": "decode_step", "step": 16, "wall_ms": 34.28511694073677}
{"argmax": 13537, "cuda_ms": 34.29894256591797, "finite": true, "measured": true, "status": "decode_step", "step": 17, "wall_ms": 34.315402153879404}
{"argmax": 13, "cuda_ms": 34.29654312133789, "finite": true, "measured": true, "status": "decode_step", "step": 18, "wall_ms": 34.31130573153496}
{"argmax": 791, "cuda_ms": 34.330078125, "finite": true, "measured": true, "status": "decode_step", "step": 19, "wall_ms": 34.346858970820904}
{"argmax": 374, "cuda_ms": 34.28255844116211, "finite": true, "measured": true, "status": "decode_step", "step": 20, "wall_ms": 34.29798688739538}
{"argmax": 374, "cuda_ms": 34.31932830810547, "finite": true, "measured": true, "status": "decode_step", "step": 21, "wall_ms": 34.335232339799404}
{"argmax": 279, "cuda_ms": 34.29212951660156, "finite": true, "measured": true, "status": "decode_step", "step": 22, "wall_ms": 34.311055671423674}
{"argmax": 3560, "cuda_ms": 34.340065002441406, "finite": true, "measured": true, "status": "decode_step", "step": 23, "wall_ms": 34.35651306062937}
{"argmax": 323, "cuda_ms": 34.298465728759766, "finite": true, "measured": true, "status": "decode_step", "step": 24, "wall_ms": 34.314960706979036}
{"argmax": 12823, "cuda_ms": 34.28940963745117, "finite": true, "measured": true, "status": "decode_step", "step": 25, "wall_ms": 34.3045461922884}
{"argmax": 1511, "cuda_ms": 34.30012893676758, "finite": true, "measured": true, "status": "decode_step", "step": 26, "wall_ms": 34.31665385141969}
{"argmax": 6968, "cuda_ms": 34.319583892822266, "finite": true, "measured": true, "status": "decode_step", "step": 27, "wall_ms": 34.33842584490776}
{"argmax": 323, "cuda_ms": 34.311710357666016, "finite": true, "measured": true, "status": "decode_step", "step": 28, "wall_ms": 34.33029493317008}
{"argmax": 1862, "cuda_ms": 34.3304328918457, "finite": true, "measured": true, "status": "decode_step", "step": 29, "wall_ms": 34.34710018336773}
{"argmax": 91605, "cuda_ms": 34.32646560668945, "finite": true, "measured": true, "status": "decode_step", "step": 30, "wall_ms": 34.3420528806746}
{"argmax": 11006, "cuda_ms": 34.31411361694336, "finite": true, "measured": true, "status": "decode_step", "step": 31, "wall_ms": 34.331115894019604}
{"argmax": 369, "cuda_ms": 34.25484848022461, "finite": true, "measured": true, "status": "decode_step", "step": 32, "wall_ms": 34.27206678315997}
{"argmax": 279, "cuda_ms": 34.283294677734375, "finite": true, "measured": true, "status": "decode_step", "step": 33, "wall_ms": 34.29986909031868}
{"argmax": 19071, "cuda_ms": 34.23571014404297, "finite": true, "measured": true, "status": "decode_step", "step": 34, "wall_ms": 34.252208191901445}
{"argmax": 11351, "cuda_ms": 34.23904037475586, "finite": true, "measured": true, "status": "decode_step", "step": 35, "wall_ms": 34.25492160022259}
{"argmax": 13, "cuda_ms": 34.25788879394531, "finite": true, "measured": true, "status": "decode_step", "step": 36, "wall_ms": 34.27598439157009}
{"argmax": 20783, "cuda_ms": 34.21753692626953, "finite": true, "measured": true, "status": "decode_step", "step": 37, "wall_ms": 34.233159851282835}
{"argmax": 3388, "cuda_ms": 34.23068618774414, "finite": true, "measured": true, "status": "decode_step", "step": 38, "wall_ms": 34.24590779468417}
{"argmax": 690, "cuda_ms": 34.22671890258789, "finite": true, "measured": true, "status": "decode_step", "step": 39, "wall_ms": 34.24441581591964}
{"argmax": 389, "cuda_ms": 34.224449157714844, "finite": true, "measured": true, "status": "decode_step", "step": 40, "wall_ms": 34.24090100452304}
{"argmax": 279, "cuda_ms": 34.25686264038086, "finite": true, "measured": true, "status": "decode_step", "step": 41, "wall_ms": 34.2739000916481}
{"argmax": 3560, "cuda_ms": 34.20851135253906, "finite": true, "measured": true, "status": "decode_step", "step": 42, "wall_ms": 34.24418484792113}
{"argmax": 315, "cuda_ms": 34.2334098815918, "finite": true, "measured": true, "status": "decode_step", "step": 43, "wall_ms": 34.24885217100382}
{"argmax": 37419, "cuda_ms": 34.23276901245117, "finite": true, "measured": true, "status": "decode_step", "step": 44, "wall_ms": 34.25083588808775}
{"argmax": 11335, "cuda_ms": 34.22902297973633, "finite": true, "measured": true, "status": "decode_step", "step": 45, "wall_ms": 34.244636073708534}
{"argmax": 304, "cuda_ms": 34.253631591796875, "finite": true, "measured": true, "status": "decode_step", "step": 46, "wall_ms": 34.270115196704865}
{"argmax": 279, "cuda_ms": 34.22614288330078, "finite": true, "measured": true, "status": "decode_step", "step": 47, "wall_ms": 34.24308402463794}
{"argmax": 8244, "cuda_ms": 34.26380920410156, "finite": true, "measured": true, "status": "decode_step", "step": 48, "wall_ms": 34.280169289559126}
{"argmax": 315, "cuda_ms": 34.23126220703125, "finite": true, "measured": true, "status": "decode_step", "step": 49, "wall_ms": 34.25197768956423}
{"argmax": 33184, "cuda_ms": 34.23295974731445, "finite": true, "measured": true, "status": "decode_step", "step": 50, "wall_ms": 34.24846287816763}
{"argmax": 33184, "cuda_ms": 34.27088165283203, "finite": true, "measured": true, "status": "decode_step", "step": 51, "wall_ms": 34.28852232173085}
{"argmax": 10706, "cuda_ms": 34.24563217163086, "finite": true, "measured": true, "status": "decode_step", "step": 52, "wall_ms": 34.26208300516009}
{"argmax": 323, "cuda_ms": 34.26668930053711, "finite": true, "measured": true, "status": "decode_step", "step": 53, "wall_ms": 34.28471740335226}
{"argmax": 279, "cuda_ms": 34.23379135131836, "finite": true, "measured": true, "status": "decode_step", "step": 54, "wall_ms": 34.24895275384188}
{"argmax": 5133, "cuda_ms": 34.25289535522461, "finite": true, "measured": true, "status": "decode_step", "step": 55, "wall_ms": 34.26837222650647}
{"argmax": 311, "cuda_ms": 34.26793670654297, "finite": true, "measured": true, "status": "decode_step", "step": 56, "wall_ms": 34.28631881251931}
{"argmax": 279, "cuda_ms": 34.242591857910156, "finite": true, "measured": true, "status": "decode_step", "step": 57, "wall_ms": 34.25857704132795}
{"argmax": 323, "cuda_ms": 34.257118225097656, "finite": true, "measured": true, "status": "decode_step", "step": 58, "wall_ms": 34.274150151759386}
{"argmax": 11, "cuda_ms": 34.252193450927734, "finite": true, "measured": true, "status": "decode_step", "step": 59, "wall_ms": 34.26805231720209}
{"argmax": 41582, "cuda_ms": 34.24720001220703, "finite": true, "measured": true, "status": "decode_step", "step": 60, "wall_ms": 34.26371468231082}
{"argmax": 11, "cuda_ms": 34.257022857666016, "finite": true, "measured": true, "status": "decode_step", "step": 61, "wall_ms": 34.322802908718586}
{"argmax": 323, "cuda_ms": 34.59040069580078, "finite": true, "measured": true, "status": "decode_step", "step": 62, "wall_ms": 34.60761904716492}
{"argmax": 3927, "cuda_ms": 34.26713562011719, "finite": true, "measured": true, "status": "decode_step", "step": 63, "wall_ms": 34.28462613373995}
{"argmax": 11006, "cuda_ms": 34.2334098815918, "finite": true, "measured": true, "status": "decode_step", "step": 64, "wall_ms": 34.24865286797285}
{"argmax": 5315, "cuda_ms": 34.28201675415039, "finite": true, "measured": true, "status": "decode_step", "step": 65, "wall_ms": 34.30043999105692}
{"argmax": 519, "cuda_ms": 34.2322883605957, "finite": true, "measured": true, "status": "decode_step", "step": 66, "wall_ms": 34.24815181642771}
{"argmax": 1105, "cuda_ms": 34.25008010864258, "finite": true, "measured": true, "status": "decode_step", "step": 67, "wall_ms": 34.265938680619}
{"argmax": 11351, "cuda_ms": 34.24399948120117, "finite": true, "measured": true, "status": "decode_step", "step": 68, "wall_ms": 34.261942375451326}
{"argmax": 627, "cuda_ms": 34.22515106201172, "finite": true, "measured": true, "status": "decode_step", "step": 69, "wall_ms": 34.24152219668031}
{"argmax": 20783, "cuda_ms": 34.245567321777344, "finite": true, "measured": true, "status": "decode_step", "step": 70, "wall_ms": 34.2624238692224}
{"argmax": 311, "cuda_ms": 34.24281692504883, "finite": true, "measured": true, "status": "decode_step", "step": 71, "wall_ms": 34.257855731993914}
{"argmax": 682, "cuda_ms": 34.23129653930664, "finite": true, "measured": true, "status": "decode_step", "step": 72, "wall_ms": 34.24808196723461}
{"argmax": 468, "cuda_ms": 34.24127960205078, "finite": true, "measured": true, "status": "decode_step", "step": 73, "wall_ms": 34.26019987091422}
{"argmax": 13, "cuda_ms": 34.243263244628906, "finite": true, "measured": true, "status": "decode_step", "step": 74, "wall_ms": 34.26014957949519}
{"argmax": 2947, "cuda_ms": 34.24905776977539, "finite": true, "measured": true, "status": "decode_step", "step": 75, "wall_ms": 34.265708178281784}
{"argmax": 8536, "cuda_ms": 34.245662689208984, "finite": true, "measured": true, "status": "decode_step", "step": 76, "wall_ms": 34.26162200048566}
{"argmax": 6150, "cuda_ms": 34.2341423034668, "finite": true, "measured": true, "status": "decode_step", "step": 77, "wall_ms": 34.250395372509956}
{"argmax": 315, "cuda_ms": 34.239295959472656, "finite": true, "measured": true, "status": "decode_step", "step": 78, "wall_ms": 34.25976913422346}
{"argmax": 3142, "cuda_ms": 34.260257720947266, "finite": true, "measured": true, "status": "decode_step", "step": 79, "wall_ms": 34.27655482664704}
{"argmax": 323, "cuda_ms": 34.22035217285156, "finite": true, "measured": true, "status": "decode_step", "step": 80, "wall_ms": 34.23828678205609}
{"argmax": 7327, "cuda_ms": 34.23049545288086, "finite": true, "measured": true, "status": "decode_step", "step": 81, "wall_ms": 34.252837765961885}
{"argmax": 23298, "cuda_ms": 34.30144119262695, "finite": true, "measured": true, "status": "decode_step", "step": 82, "wall_ms": 34.318697173148394}
{"argmax": 4236, "cuda_ms": 34.21984100341797, "finite": true, "measured": true, "status": "decode_step", "step": 83, "wall_ms": 34.23510165885091}
{"argmax": 26, "cuda_ms": 34.24486541748047, "finite": true, "measured": true, "status": "decode_step", "step": 84, "wall_ms": 34.2605309560895}
{"argmax": 3885, "cuda_ms": 34.306880950927734, "finite": true, "measured": true, "status": "decode_step", "step": 85, "wall_ms": 34.32499570772052}
{"argmax": 449, "cuda_ms": 34.226783752441406, "finite": true, "measured": true, "status": "decode_step", "step": 86, "wall_ms": 34.24180205911398}
{"argmax": 2947, "cuda_ms": 34.274017333984375, "finite": true, "measured": true, "status": "decode_step", "step": 87, "wall_ms": 34.2912171036005}
{"argmax": 8536, "cuda_ms": 34.27372741699219, "finite": true, "measured": true, "status": "decode_step", "step": 88, "wall_ms": 34.28827179595828}
{"argmax": 6150, "cuda_ms": 34.26540756225586, "finite": true, "measured": true, "status": "decode_step", "step": 89, "wall_ms": 34.28205195814371}
{"argmax": 8041, "cuda_ms": 34.26387023925781, "finite": true, "measured": true, "status": "decode_step", "step": 90, "wall_ms": 34.28020887076855}
{"argmax": 627, "cuda_ms": 34.25523376464844, "finite": true, "measured": true, "status": "decode_step", "step": 91, "wall_ms": 34.27148703485727}
{"argmax": 791, "cuda_ms": 34.266239166259766, "finite": true, "measured": true, "status": "decode_step", "step": 92, "wall_ms": 34.28164217621088}
{"argmax": 3388, "cuda_ms": 34.268638610839844, "finite": true, "measured": true, "status": "decode_step", "step": 93, "wall_ms": 34.284597262740135}
{"argmax": 49095, "cuda_ms": 34.26521682739258, "finite": true, "measured": true, "status": "decode_step", "step": 94, "wall_ms": 34.28231319412589}
{"argmax": 6319, "cuda_ms": 34.261505126953125, "finite": true, "measured": true, "status": "decode_step", "step": 95, "wall_ms": 34.27896788343787}
{"argmax": 4236, "cuda_ms": 34.324256896972656, "finite": true, "measured": true, "status": "decode_step", "step": 96, "wall_ms": 34.33918813243508}
{"argmax": 889, "cuda_ms": 34.271392822265625, "finite": true, "measured": true, "status": "decode_step", "step": 97, "wall_ms": 34.29002407938242}
{"argmax": 10068, "cuda_ms": 34.22371292114258, "finite": true, "measured": true, "status": "decode_step", "step": 98, "wall_ms": 34.2394788749516}
{"argmax": 9021, "cuda_ms": 34.25136184692383, "finite": true, "measured": true, "status": "decode_step", "step": 99, "wall_ms": 34.26891332492232}
{"argmax": 374, "cuda_ms": 34.264705657958984, "finite": true, "measured": true, "status": "decode_step", "step": 100, "wall_ms": 34.28021864965558}
{"argmax": 304, "cuda_ms": 34.25347137451172, "finite": true, "measured": true, "status": "decode_step", "step": 101, "wall_ms": 34.26881181076169}
{"argmax": 4500, "cuda_ms": 34.241600036621094, "finite": true, "measured": true, "status": "decode_step", "step": 102, "wall_ms": 34.258967731148005}
{"argmax": 10706, "cuda_ms": 34.251617431640625, "finite": true, "measured": true, "status": "decode_step", "step": 103, "wall_ms": 34.266769886016846}
{"argmax": 13, "cuda_ms": 34.28416061401367, "finite": true, "measured": true, "status": "decode_step", "step": 104, "wall_ms": 34.30050006136298}
{"argmax": 889, "cuda_ms": 34.23116683959961, "finite": true, "measured": true, "status": "decode_step", "step": 105, "wall_ms": 34.24703003838658}
{"argmax": 311, "cuda_ms": 34.2639045715332, "finite": true, "measured": true, "status": "decode_step", "step": 106, "wall_ms": 34.280650317668915}
{"argmax": 387, "cuda_ms": 34.23823928833008, "finite": true, "measured": true, "status": "decode_step", "step": 107, "wall_ms": 34.255352802574635}
{"argmax": 264, "cuda_ms": 34.25699234008789, "finite": true, "measured": true, "status": "decode_step", "step": 108, "wall_ms": 34.27283884957433}
{"argmax": 6373, "cuda_ms": 34.26713562011719, "finite": true, "measured": true, "status": "decode_step", "step": 109, "wall_ms": 34.28574791178107}
{"argmax": 10093, "cuda_ms": 34.24585723876953, "finite": true, "measured": true, "status": "decode_step", "step": 110, "wall_ms": 34.261131193488836}
{"argmax": 13, "cuda_ms": 34.28953552246094, "finite": true, "measured": true, "status": "decode_step", "step": 111, "wall_ms": 34.306779969483614}
{"argmax": 37419, "cuda_ms": 34.259742736816406, "finite": true, "measured": true, "status": "decode_step", "step": 112, "wall_ms": 34.27559323608875}
{"argmax": 13, "cuda_ms": 34.26457595825195, "finite": true, "measured": true, "status": "decode_step", "step": 113, "wall_ms": 34.27942795678973}
{"argmax": 578, "cuda_ms": 34.26569747924805, "finite": true, "measured": true, "status": "decode_step", "step": 114, "wall_ms": 34.28390482440591}
{"argmax": 3388, "cuda_ms": 34.2625617980957, "finite": true, "measured": true, "status": "decode_step", "step": 115, "wall_ms": 34.278457053005695}
{"argmax": 690, "cuda_ms": 34.280670166015625, "finite": true, "measured": true, "status": "decode_step", "step": 116, "wall_ms": 34.29801715537906}
{"argmax": 264, "cuda_ms": 34.24796676635742, "finite": true, "measured": true, "status": "decode_step", "step": 117, "wall_ms": 34.26335426047444}
{"argmax": 6677, "cuda_ms": 34.28025436401367, "finite": true, "measured": true, "status": "decode_step", "step": 118, "wall_ms": 34.29668489843607}
{"argmax": 323, "cuda_ms": 34.307552337646484, "finite": true, "measured": true, "status": "decode_step", "step": 119, "wall_ms": 34.324314910918474}
{"argmax": 33184, "cuda_ms": 34.26777648925781, "finite": true, "measured": true, "status": "decode_step", "step": 120, "wall_ms": 34.284056164324284}
{"argmax": 287, "cuda_ms": 34.27827072143555, "finite": true, "measured": true, "status": "decode_step", "step": 121, "wall_ms": 34.296995028853416}
{"argmax": 11, "cuda_ms": 34.26630401611328, "finite": true, "measured": true, "status": "decode_step", "step": 122, "wall_ms": 34.286389127373695}
{"argmax": 279, "cuda_ms": 34.28249740600586, "finite": true, "measured": true, "status": "decode_step", "step": 123, "wall_ms": 34.29838689044118}
{"argmax": 33184, "cuda_ms": 34.26598358154297, "finite": true, "measured": true, "status": "decode_step", "step": 124, "wall_ms": 34.284005872905254}
{"argmax": 7471, "cuda_ms": 34.29983901977539, "finite": true, "measured": true, "status": "decode_step", "step": 125, "wall_ms": 34.31733511388302}
{"argmax": 6020, "cuda_ms": 34.27427291870117, "finite": true, "measured": true, "status": "decode_step", "step": 126, "wall_ms": 34.29175727069378}
{"argmax": 279, "cuda_ms": 34.27692794799805, "finite": true, "measured": true, "status": "decode_step", "step": 127, "wall_ms": 34.292357973754406}
{"argmax": 3388, "cuda_ms": 34.27260971069336, "finite": true, "measured": true, "status": "decode_step", "step": 128, "wall_ms": 34.28955376148224}
{"argmax": 369, "cuda_ms": 34.24415969848633, "finite": true, "measured": true, "status": "decode_step", "step": 129, "wall_ms": 34.26032979041338}
{"argmax": 37419, "cuda_ms": 34.27167892456055, "finite": true, "measured": true, "status": "decode_step", "step": 130, "wall_ms": 34.28779076784849}
{"argmax": 6373, "cuda_ms": 34.28163146972656, "finite": true, "measured": true, "status": "decode_step", "step": 131, "wall_ms": 34.29877804592252}
{"argmax": 323, "cuda_ms": 34.26313781738281, "finite": true, "measured": true, "status": "decode_step", "step": 132, "wall_ms": 34.27865682169795}
{"argmax": 6020, "cuda_ms": 34.27436828613281, "finite": true, "measured": true, "status": "decode_step", "step": 133, "wall_ms": 34.29085481911898}
{"argmax": 24043, "cuda_ms": 34.238433837890625, "finite": true, "measured": true, "status": "decode_step", "step": 134, "wall_ms": 34.25418073311448}
{"argmax": 13, "cuda_ms": 34.271583557128906, "finite": true, "measured": true, "status": "decode_step", "step": 135, "wall_ms": 34.28782196715474}
{"argmax": 5377, "cuda_ms": 34.2470703125, "finite": true, "measured": true, "status": "decode_step", "step": 136, "wall_ms": 34.26456684246659}
{"argmax": 311, "cuda_ms": 34.25379180908203, "finite": true, "measured": true, "status": "decode_step", "step": 137, "wall_ms": 34.269163850694895}
{"argmax": 19816, "cuda_ms": 34.26611328125, "finite": true, "measured": true, "status": "decode_step", "step": 138, "wall_ms": 34.28346524015069}
{"argmax": 468, "cuda_ms": 34.26976013183594, "finite": true, "measured": true, "status": "decode_step", "step": 139, "wall_ms": 34.284817054867744}
{"argmax": 13, "cuda_ms": 34.28627014160156, "finite": true, "measured": true, "status": "decode_step", "step": 140, "wall_ms": 34.306158777326345}
{"argmax": 2947, "cuda_ms": 34.27827072143555, "finite": true, "measured": true, "status": "decode_step", "step": 141, "wall_ms": 34.29603297263384}
{"argmax": 8536, "cuda_ms": 34.251712799072266, "finite": true, "measured": true, "status": "decode_step", "step": 142, "wall_ms": 34.26647884771228}
{"argmax": 6150, "cuda_ms": 34.27964782714844, "finite": true, "measured": true, "status": "decode_step", "step": 143, "wall_ms": 34.29793566465378}
{"decode_cuda_median_ms": 34.26284980773926, "decode_wall_median_ms": 34.2791979201138, "result": "results/system_benchmarks/tp1_sparse_full_v6/formal_optimized_offload_t32768_r1/benchmark.json", "status": "complete", "validated_layers": 0}
