status=running
{"context": 131072, "gpu": "NVIDIA L40S", "measure_steps": 64, "profile_components": true, "status": "starting", "storage": "local", "warmup_steps": 16}
{"allocated_gib": 30.967782497406006, "exact_kv_gib": 16.009765625, "gpu_staging_gib": 0.0, "host_exact_kv_gib": 0.0, "status": "model_ready"}
{"peak_allocated_gib": 38.539193630218506, "prefill_ms": 37653.47265625, "status": "prefill_complete"}
{"argmax": 11, "components": {"attention_block_ms": 31.12607967853546, "cache_append_ms": 0.2498240009881556, "dense_attention_ms": 30.68172812461853, "host_to_gpu_ms": 0.0}, "cuda_ms": 115.30191802978516, "finite": true, "measured": false, "status": "decode_step", "step": 0, "wall_ms": 115.31996540725231}
{"argmax": 4918, "components": {"attention_block_ms": 23.935712218284607, "cache_append_ms": 0.23244799859821796, "dense_attention_ms": 23.51888006925583, "host_to_gpu_ms": 0.0}, "cuda_ms": 48.02399826049805, "finite": true, "measured": false, "status": "decode_step", "step": 1, "wall_ms": 48.04281098768115}
{"argmax": 17200, "components": {"attention_block_ms": 23.92118412256241, "cache_append_ms": 0.2312960005365312, "dense_attention_ms": 23.509088099002838, "host_to_gpu_ms": 0.0}, "cuda_ms": 47.82876968383789, "finite": true, "measured": false, "status": "decode_step", "step": 2, "wall_ms": 47.848641872406006}
{"argmax": 7876, "components": {"attention_block_ms": 23.9312961101532, "cache_append_ms": 0.2296960004605353, "dense_attention_ms": 23.52287983894348, "host_to_gpu_ms": 0.0}, "cuda_ms": 47.80441665649414, "finite": true, "measured": false, "status": "decode_step", "step": 3, "wall_ms": 47.82180208712816}
{"argmax": 6150, "components": {"attention_block_ms": 23.930719912052155, "cache_append_ms": 0.23046399978920817, "dense_attention_ms": 23.521759808063507, "host_to_gpu_ms": 0.0}, "cuda_ms": 47.82643127441406, "finite": true, "measured": false, "status": "decode_step", "step": 4, "wall_ms": 47.84512612968683}
{"argmax": 315, "components": {"attention_block_ms": 23.918207943439484, "cache_append_ms": 0.23126400168985128, "dense_attention_ms": 23.508351981639862, "host_to_gpu_ms": 0.0}, "cuda_ms": 47.76019287109375, "finite": true, "measured": false, "status": "decode_step", "step": 5, "wall_ms": 47.777836211025715}
{"argmax": 7658, "components": {"attention_block_ms": 23.906784057617188, "cache_append_ms": 0.2294079982675612, "dense_attention_ms": 23.49702399969101, "host_to_gpu_ms": 0.0}, "cuda_ms": 47.78348922729492, "finite": true, "measured": false, "status": "decode_step", "step": 6, "wall_ms": 47.799888998270035}
{"argmax": 323, "components": {"attention_block_ms": 23.927007973194122, "cache_append_ms": 0.23056000005453825, "dense_attention_ms": 23.51942402124405, "host_to_gpu_ms": 0.0}, "cuda_ms": 47.7591667175293, "finite": true, "measured": false, "status": "decode_step", "step": 7, "wall_ms": 47.777154948562384}
{"argmax": 279, "components": {"attention_block_ms": 23.92022395133972, "cache_append_ms": 0.23267199844121933, "dense_attention_ms": 23.506720066070557, "host_to_gpu_ms": 0.0}, "cuda_ms": 47.7938232421875, "finite": true, "measured": false, "status": "decode_step", "step": 8, "wall_ms": 47.81077476218343}
{"argmax": 23298, "components": {"attention_block_ms": 23.919423818588257, "cache_append_ms": 0.23228800063952804, "dense_attention_ms": 23.50441598892212, "host_to_gpu_ms": 0.0}, "cuda_ms": 47.79340744018555, "finite": true, "measured": false, "status": "decode_step", "step": 9, "wall_ms": 47.81191609799862}
{"argmax": 520, "components": {"attention_block_ms": 23.902912139892578, "cache_append_ms": 0.2287039994262159, "dense_attention_ms": 23.495007872581482, "host_to_gpu_ms": 0.0}, "cuda_ms": 47.7628173828125, "finite": true, "measured": false, "status": "decode_step", "step": 10, "wall_ms": 47.7819018997252}
{"argmax": 311, "components": {"attention_block_ms": 23.92547196149826, "cache_append_ms": 0.23212800035253167, "dense_attention_ms": 23.515871942043304, "host_to_gpu_ms": 0.0}, "cuda_ms": 47.774559020996094, "finite": true, "measured": false, "status": "decode_step", "step": 11, "wall_ms": 47.793909907341}
{"argmax": 358, "components": {"attention_block_ms": 23.89849603176117, "cache_append_ms": 0.2277439972385764, "dense_attention_ms": 23.493344128131866, "host_to_gpu_ms": 0.0}, "cuda_ms": 47.7437744140625, "finite": true, "measured": false, "status": "decode_step", "step": 12, "wall_ms": 47.75999905541539}
{"argmax": 527, "components": {"attention_block_ms": 23.923455834388733, "cache_append_ms": 0.23177599860355258, "dense_attention_ms": 23.510559737682343, "host_to_gpu_ms": 0.0}, "cuda_ms": 47.77791976928711, "finite": true, "measured": false, "status": "decode_step", "step": 13, "wall_ms": 47.79469082131982}
{"argmax": 459, "components": {"attention_block_ms": 23.907967925071716, "cache_append_ms": 0.22815999994054437, "dense_attention_ms": 23.50364798307419, "host_to_gpu_ms": 0.0}, "cuda_ms": 47.74531173706055, "finite": true, "measured": false, "status": "decode_step", "step": 14, "wall_ms": 47.76442516595125}
{"argmax": 8536, "components": {"attention_block_ms": 23.929696202278137, "cache_append_ms": 0.23161600064486265, "dense_attention_ms": 23.521983802318573, "host_to_gpu_ms": 0.0}, "cuda_ms": 47.774017333984375, "finite": true, "measured": false, "status": "decode_step", "step": 15, "wall_ms": 47.79171710833907}
{"argmax": 13537, "components": {"attention_block_ms": 23.951359927654266, "cache_append_ms": 0.2384959990158677, "dense_attention_ms": 23.529375910758972, "host_to_gpu_ms": 0.0}, "cuda_ms": 47.81782531738281, "finite": true, "measured": true, "status": "decode_step", "step": 16, "wall_ms": 47.83614259213209}
{"argmax": 13537, "components": {"attention_block_ms": 23.927551805973053, "cache_append_ms": 0.23116799956187606, "dense_attention_ms": 23.51590394973755, "host_to_gpu_ms": 0.0}, "cuda_ms": 47.79062271118164, "finite": true, "measured": true, "status": "decode_step", "step": 17, "wall_ms": 47.81464068219066}
{"argmax": 26, "components": {"attention_block_ms": 23.901472210884094, "cache_append_ms": 0.22943999990820885, "dense_attention_ms": 23.49423998594284, "host_to_gpu_ms": 0.0}, "cuda_ms": 47.76844787597656, "finite": true, "measured": true, "status": "decode_step", "step": 18, "wall_ms": 47.78646770864725}
{"argmax": 791, "components": {"attention_block_ms": 23.908128142356873, "cache_append_ms": 0.23078400129452348, "dense_attention_ms": 23.500351786613464, "host_to_gpu_ms": 0.0}, "cuda_ms": 47.74012756347656, "finite": true, "measured": true, "status": "decode_step", "step": 19, "wall_ms": 47.757775988429785}
{"argmax": 374, "components": {"attention_block_ms": 23.917696058750153, "cache_append_ms": 0.22985599981620908, "dense_attention_ms": 23.506815910339355, "host_to_gpu_ms": 0.0}, "cuda_ms": 47.76726531982422, "finite": true, "measured": true, "status": "decode_step", "step": 20, "wall_ms": 47.784265130758286}
{"argmax": 374, "components": {"attention_block_ms": 23.910720109939575, "cache_append_ms": 0.23232000088319182, "dense_attention_ms": 23.49993622303009, "host_to_gpu_ms": 0.0}, "cuda_ms": 47.754974365234375, "finite": true, "measured": true, "status": "decode_step", "step": 21, "wall_ms": 47.77356004342437}
{"argmax": 279, "components": {"attention_block_ms": 23.919072031974792, "cache_append_ms": 0.2287999982945621, "dense_attention_ms": 23.513696014881134, "host_to_gpu_ms": 0.0}, "cuda_ms": 47.781951904296875, "finite": true, "measured": true, "status": "decode_step", "step": 22, "wall_ms": 47.79923800379038}
{"argmax": 3560, "components": {"attention_block_ms": 23.91872000694275, "cache_append_ms": 0.23043200047686696, "dense_attention_ms": 23.50793594121933, "host_to_gpu_ms": 0.0}, "cuda_ms": 47.77289581298828, "finite": true, "measured": true, "status": "decode_step", "step": 23, "wall_ms": 47.79143584892154}
{"argmax": 323, "components": {"attention_block_ms": 23.921600103378296, "cache_append_ms": 0.22947199875488877, "dense_attention_ms": 23.511167883872986, "host_to_gpu_ms": 0.0}, "cuda_ms": 47.77036666870117, "finite": true, "measured": true, "status": "decode_step", "step": 24, "wall_ms": 47.78922302648425}
{"argmax": 26411, "components": {"attention_block_ms": 23.9235520362854, "cache_append_ms": 0.23065600031986833, "dense_attention_ms": 23.514495849609375, "host_to_gpu_ms": 0.0}, "cuda_ms": 47.765342712402344, "finite": true, "measured": true, "status": "decode_step", "step": 25, "wall_ms": 47.782463021576405}
{"argmax": 1511, "components": {"attention_block_ms": 23.908159971237183, "cache_append_ms": 0.22947199968621135, "dense_attention_ms": 23.50198382139206, "host_to_gpu_ms": 0.0}, "cuda_ms": 47.7611198425293, "finite": true, "measured": true, "status": "decode_step", "step": 26, "wall_ms": 47.77887696400285}
{"argmax": 7524, "components": {"attention_block_ms": 23.920224010944366, "cache_append_ms": 0.2319360007531941, "dense_attention_ms": 23.511808037757874, "host_to_gpu_ms": 0.0}, "cuda_ms": 47.757568359375, "finite": true, "measured": true, "status": "decode_step", "step": 27, "wall_ms": 47.77559218928218}
{"argmax": 323, "components": {"attention_block_ms": 23.927711963653564, "cache_append_ms": 0.22959999972954392, "dense_attention_ms": 23.517311811447144, "host_to_gpu_ms": 0.0}, "cuda_ms": 47.77987289428711, "finite": true, "measured": true, "status": "decode_step", "step": 28, "wall_ms": 47.798475716263056}
{"argmax": 8907, "components": {"attention_block_ms": 23.935072004795074, "cache_append_ms": 0.23091200087219477, "dense_attention_ms": 23.526720106601715, "host_to_gpu_ms": 0.0}, "cuda_ms": 47.800960540771484, "finite": true, "measured": true, "status": "decode_step", "step": 29, "wall_ms": 47.81796596944332}
{"argmax": 91605, "components": {"attention_block_ms": 23.919552087783813, "cache_append_ms": 0.22915199911221862, "dense_attention_ms": 23.512127816677094, "host_to_gpu_ms": 0.0}, "cuda_ms": 47.777503967285156, "finite": true, "measured": true, "status": "decode_step", "step": 30, "wall_ms": 47.79507080093026}
{"argmax": 1862, "components": {"attention_block_ms": 23.934687972068787, "cache_append_ms": 0.2319040009751916, "dense_attention_ms": 23.51945596933365, "host_to_gpu_ms": 0.0}, "cuda_ms": 47.78300857543945, "finite": true, "measured": true, "status": "decode_step", "step": 31, "wall_ms": 47.802613116800785}
{"argmax": 369, "components": {"attention_block_ms": 23.910880148410797, "cache_append_ms": 0.22921600099653006, "dense_attention_ms": 23.500831961631775, "host_to_gpu_ms": 0.0}, "cuda_ms": 47.763648986816406, "finite": true, "measured": true, "status": "decode_step", "step": 32, "wall_ms": 47.7809002622962}
{"argmax": 586, "components": {"attention_block_ms": 23.92793595790863, "cache_append_ms": 0.2314240001142025, "dense_attention_ms": 23.51910400390625, "host_to_gpu_ms": 0.0}, "cuda_ms": 47.76918411254883, "finite": true, "measured": true, "status": "decode_step", "step": 33, "wall_ms": 47.786759212613106}
{"argmax": 7100, "components": {"attention_block_ms": 23.914239943027496, "cache_append_ms": 0.22838399838656187, "dense_attention_ms": 23.509983897209167, "host_to_gpu_ms": 0.0}, "cuda_ms": 47.78963088989258, "finite": true, "measured": true, "status": "decode_step", "step": 34, "wall_ms": 47.80703876167536}
{"argmax": 11351, "components": {"attention_block_ms": 23.923775911331177, "cache_append_ms": 0.23254399979487062, "dense_attention_ms": 23.50902396440506, "host_to_gpu_ms": 0.0}, "cuda_ms": 47.768577575683594, "finite": true, "measured": true, "status": "decode_step", "step": 35, "wall_ms": 47.78757970780134}
{"argmax": 13, "components": {"attention_block_ms": 23.91043186187744, "cache_append_ms": 0.22991999937221408, "dense_attention_ms": 23.502335906028748, "host_to_gpu_ms": 0.0}, "cuda_ms": 47.756446838378906, "finite": true, "measured": true, "status": "decode_step", "step": 36, "wall_ms": 47.77358006685972}
{"argmax": 578, "components": {"attention_block_ms": 23.913888037204742, "cache_append_ms": 0.23244799952954054, "dense_attention_ms": 23.503679990768433, "host_to_gpu_ms": 0.0}, "cuda_ms": 47.745697021484375, "finite": true, "measured": true, "status": "decode_step", "step": 37, "wall_ms": 47.763904090970755}
{"argmax": 3388, "components": {"attention_block_ms": 23.9312961101532, "cache_append_ms": 0.2298239995725453, "dense_attention_ms": 23.519007921218872, "host_to_gpu_ms": 0.0}, "cuda_ms": 47.77833557128906, "finite": true, "measured": true, "status": "decode_step", "step": 38, "wall_ms": 47.79656371101737}
{"argmax": 690, "components": {"attention_block_ms": 23.93443202972412, "cache_append_ms": 0.2320959996432066, "dense_attention_ms": 23.52118408679962, "host_to_gpu_ms": 0.0}, "cuda_ms": 47.78076934814453, "finite": true, "measured": true, "status": "decode_step", "step": 39, "wall_ms": 47.7965441532433}
{"argmax": 389, "components": {"attention_block_ms": 23.92624008655548, "cache_append_ms": 0.22841599863022566, "dense_attention_ms": 23.519615828990936, "host_to_gpu_ms": 0.0}, "cuda_ms": 47.77436828613281, "finite": true, "measured": true, "status": "decode_step", "step": 40, "wall_ms": 47.79188567772508}
{"argmax": 279, "components": {"attention_block_ms": 23.945439994335175, "cache_append_ms": 0.23177599953487515, "dense_attention_ms": 23.535264015197754, "host_to_gpu_ms": 0.0}, "cuda_ms": 47.788543701171875, "finite": true, "measured": true, "status": "decode_step", "step": 41, "wall_ms": 47.80597798526287}
{"argmax": 3560, "components": {"attention_block_ms": 23.914207994937897, "cache_append_ms": 0.22899199929088354, "dense_attention_ms": 23.505887985229492, "host_to_gpu_ms": 0.0}, "cuda_ms": 47.7652473449707, "finite": true, "measured": true, "status": "decode_step", "step": 42, "wall_ms": 47.785097267478704}
{"argmax": 315, "components": {"attention_block_ms": 23.930783987045288, "cache_append_ms": 0.23817600077018142, "dense_attention_ms": 23.5135680437088, "host_to_gpu_ms": 0.0}, "cuda_ms": 47.75651168823242, "finite": true, "measured": true, "status": "decode_step", "step": 43, "wall_ms": 47.7747917175293}
{"argmax": 33184, "components": {"attention_block_ms": 23.90975993871689, "cache_append_ms": 0.22851199936121702, "dense_attention_ms": 23.504416048526764, "host_to_gpu_ms": 0.0}, "cuda_ms": 47.75392150878906, "finite": true, "measured": true, "status": "decode_step", "step": 44, "wall_ms": 47.77195677161217}
{"argmax": 11335, "components": {"attention_block_ms": 23.92435210943222, "cache_append_ms": 0.23107199976220727, "dense_attention_ms": 23.51263999938965, "host_to_gpu_ms": 0.0}, "cuda_ms": 47.75983810424805, "finite": true, "measured": true, "status": "decode_step", "step": 45, "wall_ms": 47.777344938367605}
{"argmax": 304, "components": {"attention_block_ms": 23.928095936775208, "cache_append_ms": 0.2360959998331964, "dense_attention_ms": 23.51030397415161, "host_to_gpu_ms": 0.0}, "cuda_ms": 47.7946891784668, "finite": true, "measured": true, "status": "decode_step", "step": 46, "wall_ms": 47.811306081712246}
{"argmax": 279, "components": {"attention_block_ms": 23.925567984580994, "cache_append_ms": 0.2306880014948547, "dense_attention_ms": 23.51711994409561, "host_to_gpu_ms": 0.0}, "cuda_ms": 47.770687103271484, "finite": true, "measured": true, "status": "decode_step", "step": 47, "wall_ms": 47.790464013814926}
{"argmax": 33184, "components": {"attention_block_ms": 23.912384033203125, "cache_append_ms": 0.22860799869522452, "dense_attention_ms": 23.50761592388153, "host_to_gpu_ms": 0.0}, "cuda_ms": 47.75008010864258, "finite": true, "measured": true, "status": "decode_step", "step": 48, "wall_ms": 47.76649875566363}
{"argmax": 315, "components": {"attention_block_ms": 23.933023989200592, "cache_append_ms": 0.2413760027848184, "dense_attention_ms": 23.512799978256226, "host_to_gpu_ms": 0.0}, "cuda_ms": 47.772544860839844, "finite": true, "measured": true, "status": "decode_step", "step": 49, "wall_ms": 47.79094597324729}
{"argmax": 33184, "components": {"attention_block_ms": 23.920448005199432, "cache_append_ms": 0.2304639993235469, "dense_attention_ms": 23.509119987487793, "host_to_gpu_ms": 0.0}, "cuda_ms": 47.77827072143555, "finite": true, "measured": true, "status": "decode_step", "step": 50, "wall_ms": 47.79631271958351}
{"argmax": 33184, "components": {"attention_block_ms": 23.92143988609314, "cache_append_ms": 0.23116800049319863, "dense_attention_ms": 23.512415945529938, "host_to_gpu_ms": 0.0}, "cuda_ms": 47.76540756225586, "finite": true, "measured": true, "status": "decode_step", "step": 51, "wall_ms": 47.782872803509235}
{"argmax": 10706, "components": {"attention_block_ms": 23.913887917995453, "cache_append_ms": 0.2292479989118874, "dense_attention_ms": 23.506751894950867, "host_to_gpu_ms": 0.0}, "cuda_ms": 47.76438522338867, "finite": true, "measured": true, "status": "decode_step", "step": 52, "wall_ms": 47.78153169900179}
{"argmax": 323, "components": {"attention_block_ms": 23.949184119701385, "cache_append_ms": 0.23680000053718686, "dense_attention_ms": 23.52947199344635, "host_to_gpu_ms": 0.0}, "cuda_ms": 47.7710075378418, "finite": true, "measured": true, "status": "decode_step", "step": 53, "wall_ms": 47.78852220624685}
{"argmax": 279, "components": {"attention_block_ms": 23.92243206501007, "cache_append_ms": 0.2280959994532168, "dense_attention_ms": 23.513535857200623, "host_to_gpu_ms": 0.0}, "cuda_ms": 47.77433776855469, "finite": true, "measured": true, "status": "decode_step", "step": 54, "wall_ms": 47.79455019161105}
{"argmax": 5536, "components": {"attention_block_ms": 23.930847823619843, "cache_append_ms": 0.23084800085052848, "dense_attention_ms": 23.521952033042908, "host_to_gpu_ms": 0.0}, "cuda_ms": 47.76512145996094, "finite": true, "measured": true, "status": "decode_step", "step": 55, "wall_ms": 47.78231307864189}
{"argmax": 311, "components": {"attention_block_ms": 23.91395193338394, "cache_append_ms": 0.2287039994262159, "dense_attention_ms": 23.50809609889984, "host_to_gpu_ms": 0.0}, "cuda_ms": 47.7918701171875, "finite": true, "measured": true, "status": "decode_step", "step": 56, "wall_ms": 47.80975403264165}
{"argmax": 279, "components": {"attention_block_ms": 23.939232051372528, "cache_append_ms": 0.23177600232884288, "dense_attention_ms": 23.52780795097351, "host_to_gpu_ms": 0.0}, "cuda_ms": 47.77897644042969, "finite": true, "measured": true, "status": "decode_step", "step": 57, "wall_ms": 47.79840586706996}
{"argmax": 323, "components": {"attention_block_ms": 23.909792065620422, "cache_append_ms": 0.22803199896588922, "dense_attention_ms": 23.505087971687317, "host_to_gpu_ms": 0.0}, "cuda_ms": 47.777950286865234, "finite": true, "measured": true, "status": "decode_step", "step": 58, "wall_ms": 47.794911079108715}
{"argmax": 13, "components": {"attention_block_ms": 23.94425618648529, "cache_append_ms": 0.2320319996215403, "dense_attention_ms": 23.5349440574646, "host_to_gpu_ms": 0.0}, "cuda_ms": 47.77507019042969, "finite": true, "measured": true, "status": "decode_step", "step": 59, "wall_ms": 47.79305914416909}
{"argmax": 41582, "components": {"attention_block_ms": 23.919840037822723, "cache_append_ms": 0.22876799944788218, "dense_attention_ms": 23.509376108646393, "host_to_gpu_ms": 0.0}, "cuda_ms": 47.78569412231445, "finite": true, "measured": true, "status": "decode_step", "step": 60, "wall_ms": 47.80428484082222}
{"argmax": 11, "components": {"attention_block_ms": 23.92598396539688, "cache_append_ms": 0.23190400144085288, "dense_attention_ms": 23.51315188407898, "host_to_gpu_ms": 0.0}, "cuda_ms": 47.76073455810547, "finite": true, "measured": true, "status": "decode_step", "step": 61, "wall_ms": 47.77969932183623}
{"argmax": 323, "components": {"attention_block_ms": 23.929952085018158, "cache_append_ms": 0.22825599974021316, "dense_attention_ms": 23.524447977542877, "host_to_gpu_ms": 0.0}, "cuda_ms": 47.77212905883789, "finite": true, "measured": true, "status": "decode_step", "step": 62, "wall_ms": 47.789833042770624}
{"argmax": 3927, "components": {"attention_block_ms": 23.92409598827362, "cache_append_ms": 0.23142400151118636, "dense_attention_ms": 23.515167951583862, "host_to_gpu_ms": 0.0}, "cuda_ms": 47.76777648925781, "finite": true, "measured": true, "status": "decode_step", "step": 63, "wall_ms": 47.78588842600584}
{"argmax": 11006, "components": {"attention_block_ms": 23.93071985244751, "cache_append_ms": 0.22947199828922749, "dense_attention_ms": 23.524095952510834, "host_to_gpu_ms": 0.0}, "cuda_ms": 47.79324722290039, "finite": true, "measured": true, "status": "decode_step", "step": 64, "wall_ms": 47.811174765229225}
{"argmax": 5315, "components": {"attention_block_ms": 23.928096115589142, "cache_append_ms": 0.2308160006068647, "dense_attention_ms": 23.517087996006012, "host_to_gpu_ms": 0.0}, "cuda_ms": 47.769569396972656, "finite": true, "measured": true, "status": "decode_step", "step": 65, "wall_ms": 47.78710985556245}
{"argmax": 519, "components": {"attention_block_ms": 23.93315190076828, "cache_append_ms": 0.22934400103986263, "dense_attention_ms": 23.524287819862366, "host_to_gpu_ms": 0.0}, "cuda_ms": 47.774784088134766, "finite": true, "measured": true, "status": "decode_step", "step": 66, "wall_ms": 47.79144609346986}
{"argmax": 1105, "components": {"attention_block_ms": 23.923968136310577, "cache_append_ms": 0.23084799945354462, "dense_attention_ms": 23.514848053455353, "host_to_gpu_ms": 0.0}, "cuda_ms": 47.76396942138672, "finite": true, "measured": true, "status": "decode_step", "step": 67, "wall_ms": 47.78182180598378}
{"argmax": 11351, "components": {"attention_block_ms": 23.93152004480362, "cache_append_ms": 0.22963199811056256, "dense_attention_ms": 23.51971197128296, "host_to_gpu_ms": 0.0}, "cuda_ms": 47.81049728393555, "finite": true, "measured": true, "status": "decode_step", "step": 68, "wall_ms": 47.830003313720226}
{"argmax": 13, "components": {"attention_block_ms": 23.953887939453125, "cache_append_ms": 0.24780800193548203, "dense_attention_ms": 23.526048123836517, "host_to_gpu_ms": 0.0}, "cuda_ms": 47.79443359375, "finite": true, "measured": true, "status": "decode_step", "step": 69, "wall_ms": 47.81260807067156}
{"argmax": 578, "components": {"attention_block_ms": 23.934336125850677, "cache_append_ms": 0.22918399749323726, "dense_attention_ms": 23.527968049049377, "host_to_gpu_ms": 0.0}, "cuda_ms": 47.80134582519531, "finite": true, "measured": true, "status": "decode_step", "step": 70, "wall_ms": 47.81942814588547}
{"argmax": 311, "components": {"attention_block_ms": 23.926975965499878, "cache_append_ms": 0.22992000123485923, "dense_attention_ms": 23.52000004053116, "host_to_gpu_ms": 0.0}, "cuda_ms": 47.77097702026367, "finite": true, "measured": true, "status": "decode_step", "step": 71, "wall_ms": 47.789332922548056}
{"argmax": 4236, "components": {"attention_block_ms": 23.92188811302185, "cache_append_ms": 0.2298239995725453, "dense_attention_ms": 23.509663939476013, "host_to_gpu_ms": 0.0}, "cuda_ms": 47.77881622314453, "finite": true, "measured": true, "status": "decode_step", "step": 72, "wall_ms": 47.79541213065386}
{"argmax": 468, "components": {"attention_block_ms": 23.924799978733063, "cache_append_ms": 0.23113599978387356, "dense_attention_ms": 23.516575872898102, "host_to_gpu_ms": 0.0}, "cuda_ms": 47.774078369140625, "finite": true, "measured": true, "status": "decode_step", "step": 73, "wall_ms": 47.791565768420696}
{"argmax": 13, "components": {"attention_block_ms": 23.929856061935425, "cache_append_ms": 0.22908799955621362, "dense_attention_ms": 23.522879898548126, "host_to_gpu_ms": 0.0}, "cuda_ms": 47.78566360473633, "finite": true, "measured": true, "status": "decode_step", "step": 74, "wall_ms": 47.80396493151784}
{"argmax": 2947, "components": {"attention_block_ms": 23.943679988384247, "cache_append_ms": 0.23200000077486038, "dense_attention_ms": 23.530207931995392, "host_to_gpu_ms": 0.0}, "cuda_ms": 47.78937530517578, "finite": true, "measured": true, "status": "decode_step", "step": 75, "wall_ms": 47.80772980302572}
{"argmax": 8536, "components": {"attention_block_ms": 23.92895996570587, "cache_append_ms": 0.22822399763390422, "dense_attention_ms": 23.52025604248047, "host_to_gpu_ms": 0.0}, "cuda_ms": 47.79363250732422, "finite": true, "measured": true, "status": "decode_step", "step": 76, "wall_ms": 47.81078500673175}
{"argmax": 6150, "components": {"attention_block_ms": 23.920383989810944, "cache_append_ms": 0.2308480003848672, "dense_attention_ms": 23.51126378774643, "host_to_gpu_ms": 0.0}, "cuda_ms": 47.7507209777832, "finite": true, "measured": true, "status": "decode_step", "step": 77, "wall_ms": 47.81433008611202}
{"argmax": 315, "components": {"attention_block_ms": 23.984832048416138, "cache_append_ms": 0.23993599973618984, "dense_attention_ms": 23.559008061885834, "host_to_gpu_ms": 0.0}, "cuda_ms": 48.25539016723633, "finite": true, "measured": true, "status": "decode_step", "step": 78, "wall_ms": 48.27300598844886}
{"argmax": 3142, "components": {"attention_block_ms": 23.92118412256241, "cache_append_ms": 0.23187199980020523, "dense_attention_ms": 23.508735954761505, "host_to_gpu_ms": 0.0}, "cuda_ms": 47.78083038330078, "finite": true, "measured": true, "status": "decode_step", "step": 79, "wall_ms": 47.79748525470495}
{"decode_cuda_median_ms": 47.77348709106445, "decode_wall_median_ms": 47.79150593094528, "result": "results/system_benchmarks/tp1_dense_full_v6/breakdown_dense_local_t131072_r0/benchmark.json", "status": "complete", "validated_layers": 0}
