{"context": 32768, "gpu": "NVIDIA L40S", "measure_steps": 128, "mode": "optimized", "status": "starting", "storage": "offload", "warmup_steps": 16}
{"status": "extensions_ready"}
Loading weights:   0%|          | 0/291 [00:00<?, ?it/s]Loading weights: 100%|██████████| 291/291 [00:00<00:00, 9942.43it/s]
{"allocated_gib": 17.515378952026367, "host_exact_key_gib": 2.0087890625, "status": "model_ready"}
{"peak_allocated_gib": 19.414182662963867, "prefill_ms": 4897.53515625, "status": "prefill_complete"}
{"argmax": 11, "cuda_ms": 98.6984634399414, "finite": true, "measured": false, "status": "decode_step", "step": 0, "wall_ms": 98.71126897633076}
{"argmax": 396, "cuda_ms": 34.57942581176758, "finite": true, "measured": false, "status": "decode_step", "step": 1, "wall_ms": 34.59531022235751}
{"argmax": 36177, "cuda_ms": 34.69404983520508, "finite": true, "measured": false, "status": "decode_step", "step": 2, "wall_ms": 34.71331670880318}
{"argmax": 220, "cuda_ms": 34.31417465209961, "finite": true, "measured": false, "status": "decode_step", "step": 3, "wall_ms": 34.33024510741234}
{"argmax": 11, "cuda_ms": 34.3023681640625, "finite": true, "measured": false, "status": "decode_step", "step": 4, "wall_ms": 34.31763639673591}
{"argmax": 315, "cuda_ms": 34.292030334472656, "finite": true, "measured": false, "status": "decode_step", "step": 5, "wall_ms": 34.30910408496857}
{"argmax": 7658, "cuda_ms": 34.29721450805664, "finite": true, "measured": false, "status": "decode_step", "step": 6, "wall_ms": 34.31304916739464}
{"argmax": 323, "cuda_ms": 34.287296295166016, "finite": true, "measured": false, "status": "decode_step", "step": 7, "wall_ms": 34.30360369384289}
{"argmax": 7327, "cuda_ms": 34.27443313598633, "finite": true, "measured": false, "status": "decode_step", "step": 8, "wall_ms": 34.2896431684494}
{"argmax": 23298, "cuda_ms": 34.30268859863281, "finite": true, "measured": false, "status": "decode_step", "step": 9, "wall_ms": 34.32345483452082}
{"argmax": 11, "cuda_ms": 34.26982498168945, "finite": true, "measured": false, "status": "decode_step", "step": 10, "wall_ms": 34.28484685719013}
{"argmax": 11, "cuda_ms": 34.27891159057617, "finite": true, "measured": false, "status": "decode_step", "step": 11, "wall_ms": 34.294091165065765}
{"argmax": 323, "cuda_ms": 34.27926254272461, "finite": true, "measured": false, "status": "decode_step", "step": 12, "wall_ms": 34.29545275866985}
{"argmax": 527, "cuda_ms": 34.25721740722656, "finite": true, "measured": false, "status": "decode_step", "step": 13, "wall_ms": 34.273870754987}
{"argmax": 264, "cuda_ms": 34.24943923950195, "finite": true, "measured": false, "status": "decode_step", "step": 14, "wall_ms": 34.264867193996906}
{"argmax": 8536, "cuda_ms": 34.27766418457031, "finite": true, "measured": false, "status": "decode_step", "step": 15, "wall_ms": 34.293299075216055}
{"argmax": 13537, "cuda_ms": 34.28144073486328, "finite": true, "measured": true, "status": "decode_step", "step": 16, "wall_ms": 34.297214820981026}
{"argmax": 13537, "cuda_ms": 34.29951858520508, "finite": true, "measured": true, "status": "decode_step", "step": 17, "wall_ms": 34.315121825784445}
{"argmax": 13, "cuda_ms": 34.292606353759766, "finite": true, "measured": true, "status": "decode_step", "step": 18, "wall_ms": 34.308311995118856}
{"argmax": 791, "cuda_ms": 34.26240158081055, "finite": true, "measured": true, "status": "decode_step", "step": 19, "wall_ms": 34.27770594134927}
{"argmax": 374, "cuda_ms": 34.270912170410156, "finite": true, "measured": true, "status": "decode_step", "step": 20, "wall_ms": 34.285456873476505}
{"argmax": 374, "cuda_ms": 34.26153564453125, "finite": true, "measured": true, "status": "decode_step", "step": 21, "wall_ms": 34.276493825018406}
{"argmax": 279, "cuda_ms": 34.279361724853516, "finite": true, "measured": true, "status": "decode_step", "step": 22, "wall_ms": 34.29541178047657}
{"argmax": 3560, "cuda_ms": 34.3416633605957, "finite": true, "measured": true, "status": "decode_step", "step": 23, "wall_ms": 34.35763483867049}
{"argmax": 323, "cuda_ms": 34.28940963745117, "finite": true, "measured": true, "status": "decode_step", "step": 24, "wall_ms": 34.30572710931301}
{"argmax": 12823, "cuda_ms": 34.28752136230469, "finite": true, "measured": true, "status": "decode_step", "step": 25, "wall_ms": 34.30403582751751}
{"argmax": 1511, "cuda_ms": 34.322078704833984, "finite": true, "measured": true, "status": "decode_step", "step": 26, "wall_ms": 34.337094984948635}
{"argmax": 6968, "cuda_ms": 34.299137115478516, "finite": true, "measured": true, "status": "decode_step", "step": 27, "wall_ms": 34.31349899619818}
{"argmax": 323, "cuda_ms": 34.2907829284668, "finite": true, "measured": true, "status": "decode_step", "step": 28, "wall_ms": 34.307691268622875}
{"argmax": 1862, "cuda_ms": 34.34707260131836, "finite": true, "measured": true, "status": "decode_step", "step": 29, "wall_ms": 34.3682118691504}
{"argmax": 91605, "cuda_ms": 34.29625701904297, "finite": true, "measured": true, "status": "decode_step", "step": 30, "wall_ms": 34.312067087739706}
{"argmax": 11006, "cuda_ms": 34.28239822387695, "finite": true, "measured": true, "status": "decode_step", "step": 31, "wall_ms": 34.29741505533457}
{"argmax": 369, "cuda_ms": 34.26716613769531, "finite": true, "measured": true, "status": "decode_step", "step": 32, "wall_ms": 34.2828338034451}
{"argmax": 279, "cuda_ms": 34.22243118286133, "finite": true, "measured": true, "status": "decode_step", "step": 33, "wall_ms": 34.23740481957793}
{"argmax": 19071, "cuda_ms": 34.2360954284668, "finite": true, "measured": true, "status": "decode_step", "step": 34, "wall_ms": 34.252528101205826}
{"argmax": 11351, "cuda_ms": 34.2720947265625, "finite": true, "measured": true, "status": "decode_step", "step": 35, "wall_ms": 34.287882037460804}
{"argmax": 13, "cuda_ms": 34.22848129272461, "finite": true, "measured": true, "status": "decode_step", "step": 36, "wall_ms": 34.245026763528585}
{"argmax": 20783, "cuda_ms": 34.22652816772461, "finite": true, "measured": true, "status": "decode_step", "step": 37, "wall_ms": 34.24197295680642}
{"argmax": 3388, "cuda_ms": 34.20169448852539, "finite": true, "measured": true, "status": "decode_step", "step": 38, "wall_ms": 34.216404892504215}
{"argmax": 690, "cuda_ms": 34.224449157714844, "finite": true, "measured": true, "status": "decode_step", "step": 39, "wall_ms": 34.24007911235094}
{"argmax": 389, "cuda_ms": 34.22364807128906, "finite": true, "measured": true, "status": "decode_step", "step": 40, "wall_ms": 34.23882834613323}
{"argmax": 279, "cuda_ms": 34.271488189697266, "finite": true, "measured": true, "status": "decode_step", "step": 41, "wall_ms": 34.28739123046398}
{"argmax": 3560, "cuda_ms": 34.25312042236328, "finite": true, "measured": true, "status": "decode_step", "step": 42, "wall_ms": 34.272388089448214}
{"argmax": 315, "cuda_ms": 34.224159240722656, "finite": true, "measured": true, "status": "decode_step", "step": 43, "wall_ms": 34.238537307828665}
{"argmax": 37419, "cuda_ms": 34.238529205322266, "finite": true, "measured": true, "status": "decode_step", "step": 44, "wall_ms": 34.25645502284169}
{"argmax": 11335, "cuda_ms": 34.25193786621094, "finite": true, "measured": true, "status": "decode_step", "step": 45, "wall_ms": 34.267581067979336}
{"argmax": 304, "cuda_ms": 34.250431060791016, "finite": true, "measured": true, "status": "decode_step", "step": 46, "wall_ms": 34.26654916256666}
{"argmax": 279, "cuda_ms": 34.247230529785156, "finite": true, "measured": true, "status": "decode_step", "step": 47, "wall_ms": 34.26427626982331}
{"argmax": 8244, "cuda_ms": 34.25724792480469, "finite": true, "measured": true, "status": "decode_step", "step": 48, "wall_ms": 34.27400114014745}
{"argmax": 315, "cuda_ms": 34.272064208984375, "finite": true, "measured": true, "status": "decode_step", "step": 49, "wall_ms": 34.288693219423294}
{"argmax": 33184, "cuda_ms": 34.25062561035156, "finite": true, "measured": true, "status": "decode_step", "step": 50, "wall_ms": 34.266109112650156}
{"argmax": 33184, "cuda_ms": 34.262046813964844, "finite": true, "measured": true, "status": "decode_step", "step": 51, "wall_ms": 34.27851712331176}
{"argmax": 10706, "cuda_ms": 34.296382904052734, "finite": true, "measured": true, "status": "decode_step", "step": 52, "wall_ms": 34.312088042497635}
{"argmax": 323, "cuda_ms": 34.271488189697266, "finite": true, "measured": true, "status": "decode_step", "step": 53, "wall_ms": 34.28831184282899}
{"argmax": 279, "cuda_ms": 34.26134490966797, "finite": true, "measured": true, "status": "decode_step", "step": 54, "wall_ms": 34.27770594134927}
{"argmax": 5133, "cuda_ms": 34.22848129272461, "finite": true, "measured": true, "status": "decode_step", "step": 55, "wall_ms": 34.24389520660043}
{"argmax": 311, "cuda_ms": 34.26243209838867, "finite": true, "measured": true, "status": "decode_step", "step": 56, "wall_ms": 34.27820699289441}
{"argmax": 279, "cuda_ms": 34.2545280456543, "finite": true, "measured": true, "status": "decode_step", "step": 57, "wall_ms": 34.27051613107324}
{"argmax": 323, "cuda_ms": 34.30518341064453, "finite": true, "measured": true, "status": "decode_step", "step": 58, "wall_ms": 34.321732353419065}
{"argmax": 11, "cuda_ms": 34.26512145996094, "finite": true, "measured": true, "status": "decode_step", "step": 59, "wall_ms": 34.28158210590482}
{"argmax": 41582, "cuda_ms": 34.254207611083984, "finite": true, "measured": true, "status": "decode_step", "step": 60, "wall_ms": 34.27039505913854}
{"argmax": 11, "cuda_ms": 34.28131103515625, "finite": true, "measured": true, "status": "decode_step", "step": 61, "wall_ms": 34.296754747629166}
{"argmax": 323, "cuda_ms": 34.256160736083984, "finite": true, "measured": true, "status": "decode_step", "step": 62, "wall_ms": 34.275873098522425}
{"argmax": 3927, "cuda_ms": 34.27427291870117, "finite": true, "measured": true, "status": "decode_step", "step": 63, "wall_ms": 34.29068485274911}
{"argmax": 11006, "cuda_ms": 34.25990295410156, "finite": true, "measured": true, "status": "decode_step", "step": 64, "wall_ms": 34.27562303841114}
{"argmax": 5315, "cuda_ms": 34.242305755615234, "finite": true, "measured": true, "status": "decode_step", "step": 65, "wall_ms": 34.2678721062839}
{"argmax": 519, "cuda_ms": 34.23542404174805, "finite": true, "measured": true, "status": "decode_step", "step": 66, "wall_ms": 34.25137605518103}
{"argmax": 1105, "cuda_ms": 34.2474250793457, "finite": true, "measured": true, "status": "decode_step", "step": 67, "wall_ms": 34.26267299801111}
{"argmax": 11351, "cuda_ms": 34.22310256958008, "finite": true, "measured": true, "status": "decode_step", "step": 68, "wall_ms": 34.23909889534116}
{"argmax": 627, "cuda_ms": 34.21686553955078, "finite": true, "measured": true, "status": "decode_step", "step": 69, "wall_ms": 34.23828724771738}
{"argmax": 20783, "cuda_ms": 34.23612976074219, "finite": true, "measured": true, "status": "decode_step", "step": 70, "wall_ms": 34.250905737280846}
{"argmax": 311, "cuda_ms": 34.208927154541016, "finite": true, "measured": true, "status": "decode_step", "step": 71, "wall_ms": 34.22544803470373}
{"argmax": 682, "cuda_ms": 34.22419357299805, "finite": true, "measured": true, "status": "decode_step", "step": 72, "wall_ms": 34.23968888819218}
{"argmax": 468, "cuda_ms": 34.21567916870117, "finite": true, "measured": true, "status": "decode_step", "step": 73, "wall_ms": 34.231246914714575}
{"argmax": 13, "cuda_ms": 34.24204635620117, "finite": true, "measured": true, "status": "decode_step", "step": 74, "wall_ms": 34.25711626186967}
{"argmax": 2947, "cuda_ms": 34.22732925415039, "finite": true, "measured": true, "status": "decode_step", "step": 75, "wall_ms": 34.243385307490826}
{"argmax": 8536, "cuda_ms": 34.24358367919922, "finite": true, "measured": true, "status": "decode_step", "step": 76, "wall_ms": 34.26024969667196}
{"argmax": 6150, "cuda_ms": 34.216670989990234, "finite": true, "measured": true, "status": "decode_step", "step": 77, "wall_ms": 34.23741599544883}
{"argmax": 315, "cuda_ms": 34.2573127746582, "finite": true, "measured": true, "status": "decode_step", "step": 78, "wall_ms": 34.31868692860007}
{"argmax": 3142, "cuda_ms": 34.751678466796875, "finite": true, "measured": true, "status": "decode_step", "step": 79, "wall_ms": 34.770562779158354}
{"argmax": 323, "cuda_ms": 34.508609771728516, "finite": true, "measured": true, "status": "decode_step", "step": 80, "wall_ms": 34.52683798968792}
{"argmax": 7327, "cuda_ms": 34.387550354003906, "finite": true, "measured": true, "status": "decode_step", "step": 81, "wall_ms": 34.40289292484522}
{"argmax": 23298, "cuda_ms": 34.243167877197266, "finite": true, "measured": true, "status": "decode_step", "step": 82, "wall_ms": 34.259919077157974}
{"argmax": 4236, "cuda_ms": 34.23507308959961, "finite": true, "measured": true, "status": "decode_step", "step": 83, "wall_ms": 34.250244963914156}
{"argmax": 26, "cuda_ms": 34.29654312133789, "finite": true, "measured": true, "status": "decode_step", "step": 84, "wall_ms": 34.3122580088675}
{"argmax": 3885, "cuda_ms": 34.23775863647461, "finite": true, "measured": true, "status": "decode_step", "step": 85, "wall_ms": 34.25245825201273}
{"argmax": 449, "cuda_ms": 34.239295959472656, "finite": true, "measured": true, "status": "decode_step", "step": 86, "wall_ms": 34.25462218001485}
{"argmax": 2947, "cuda_ms": 34.24396896362305, "finite": true, "measured": true, "status": "decode_step", "step": 87, "wall_ms": 34.26597826182842}
{"argmax": 8536, "cuda_ms": 34.313697814941406, "finite": true, "measured": true, "status": "decode_step", "step": 88, "wall_ms": 34.32910284027457}
{"argmax": 6150, "cuda_ms": 34.233856201171875, "finite": true, "measured": true, "status": "decode_step", "step": 89, "wall_ms": 34.24764098599553}
{"argmax": 8041, "cuda_ms": 34.290401458740234, "finite": true, "measured": true, "status": "decode_step", "step": 90, "wall_ms": 34.30571826174855}
{"argmax": 627, "cuda_ms": 34.26323318481445, "finite": true, "measured": true, "status": "decode_step", "step": 91, "wall_ms": 34.27859675139189}
{"argmax": 791, "cuda_ms": 34.26793670654297, "finite": true, "measured": true, "status": "decode_step", "step": 92, "wall_ms": 34.284376073628664}
{"argmax": 3388, "cuda_ms": 34.252864837646484, "finite": true, "measured": true, "status": "decode_step", "step": 93, "wall_ms": 34.26941391080618}
{"argmax": 49095, "cuda_ms": 34.2611198425293, "finite": true, "measured": true, "status": "decode_step", "step": 94, "wall_ms": 34.27693387493491}
{"argmax": 6319, "cuda_ms": 34.25993728637695, "finite": true, "measured": true, "status": "decode_step", "step": 95, "wall_ms": 34.27580324932933}
{"argmax": 4236, "cuda_ms": 34.25328063964844, "finite": true, "measured": true, "status": "decode_step", "step": 96, "wall_ms": 34.268733114004135}
{"argmax": 889, "cuda_ms": 34.243614196777344, "finite": true, "measured": true, "status": "decode_step", "step": 97, "wall_ms": 34.260218963027}
{"argmax": 10068, "cuda_ms": 34.25843048095703, "finite": true, "measured": true, "status": "decode_step", "step": 98, "wall_ms": 34.27372965961695}
{"argmax": 9021, "cuda_ms": 34.23020935058594, "finite": true, "measured": true, "status": "decode_step", "step": 99, "wall_ms": 34.25190784037113}
{"argmax": 374, "cuda_ms": 34.23680114746094, "finite": true, "measured": true, "status": "decode_step", "step": 100, "wall_ms": 34.252338111400604}
{"argmax": 304, "cuda_ms": 34.21548843383789, "finite": true, "measured": true, "status": "decode_step", "step": 101, "wall_ms": 34.231146797537804}
{"argmax": 4500, "cuda_ms": 34.27347183227539, "finite": true, "measured": true, "status": "decode_step", "step": 102, "wall_ms": 34.29002361372113}
{"argmax": 10706, "cuda_ms": 34.23081588745117, "finite": true, "measured": true, "status": "decode_step", "step": 103, "wall_ms": 34.24660908058286}
{"argmax": 13, "cuda_ms": 34.26380920410156, "finite": true, "measured": true, "status": "decode_step", "step": 104, "wall_ms": 34.280369989573956}
{"argmax": 889, "cuda_ms": 34.254974365234375, "finite": true, "measured": true, "status": "decode_step", "step": 105, "wall_ms": 34.27210822701454}
{"argmax": 311, "cuda_ms": 34.254207611083984, "finite": true, "measured": true, "status": "decode_step", "step": 106, "wall_ms": 34.26913311704993}
{"argmax": 387, "cuda_ms": 34.253150939941406, "finite": true, "measured": true, "status": "decode_step", "step": 107, "wall_ms": 34.2685729265213}
{"argmax": 264, "cuda_ms": 34.25881576538086, "finite": true, "measured": true, "status": "decode_step", "step": 108, "wall_ms": 34.27433129400015}
{"argmax": 6373, "cuda_ms": 34.261695861816406, "finite": true, "measured": true, "status": "decode_step", "step": 109, "wall_ms": 34.27657391875982}
{"argmax": 10093, "cuda_ms": 34.24854278564453, "finite": true, "measured": true, "status": "decode_step", "step": 110, "wall_ms": 34.26405508071184}
{"argmax": 13, "cuda_ms": 34.25468826293945, "finite": true, "measured": true, "status": "decode_step", "step": 111, "wall_ms": 34.270255360752344}
{"argmax": 37419, "cuda_ms": 34.266143798828125, "finite": true, "measured": true, "status": "decode_step", "step": 112, "wall_ms": 34.28233275189996}
{"argmax": 13, "cuda_ms": 34.266014099121094, "finite": true, "measured": true, "status": "decode_step", "step": 113, "wall_ms": 34.28121190518141}
{"argmax": 578, "cuda_ms": 34.245662689208984, "finite": true, "measured": true, "status": "decode_step", "step": 114, "wall_ms": 34.26234284415841}
{"argmax": 3388, "cuda_ms": 34.26243209838867, "finite": true, "measured": true, "status": "decode_step", "step": 115, "wall_ms": 34.277696162462234}
{"argmax": 690, "cuda_ms": 34.2757453918457, "finite": true, "measured": true, "status": "decode_step", "step": 116, "wall_ms": 34.29183689877391}
{"argmax": 264, "cuda_ms": 34.2507209777832, "finite": true, "measured": true, "status": "decode_step", "step": 117, "wall_ms": 34.26666930317879}
{"argmax": 6677, "cuda_ms": 34.25462341308594, "finite": true, "measured": true, "status": "decode_step", "step": 118, "wall_ms": 34.268612042069435}
{"argmax": 323, "cuda_ms": 34.25680160522461, "finite": true, "measured": true, "status": "decode_step", "step": 119, "wall_ms": 34.271106123924255}
{"argmax": 33184, "cuda_ms": 34.26764678955078, "finite": true, "measured": true, "status": "decode_step", "step": 120, "wall_ms": 34.28349504247308}
{"argmax": 287, "cuda_ms": 34.278175354003906, "finite": true, "measured": true, "status": "decode_step", "step": 121, "wall_ms": 34.29429093375802}
{"argmax": 11, "cuda_ms": 34.262752532958984, "finite": true, "measured": true, "status": "decode_step", "step": 122, "wall_ms": 34.2710861004889}
{"argmax": 279, "cuda_ms": 34.27961730957031, "finite": true, "measured": true, "status": "decode_step", "step": 123, "wall_ms": 34.29550211876631}
{"argmax": 33184, "cuda_ms": 34.28956985473633, "finite": true, "measured": true, "status": "decode_step", "step": 124, "wall_ms": 34.30519765242934}
{"argmax": 7471, "cuda_ms": 34.26335906982422, "finite": true, "measured": true, "status": "decode_step", "step": 125, "wall_ms": 34.2790181748569}
{"argmax": 6020, "cuda_ms": 34.26464080810547, "finite": true, "measured": true, "status": "decode_step", "step": 126, "wall_ms": 34.28053995594382}
{"argmax": 279, "cuda_ms": 34.276161193847656, "finite": true, "measured": true, "status": "decode_step", "step": 127, "wall_ms": 34.29160686209798}
{"argmax": 3388, "cuda_ms": 34.25983810424805, "finite": true, "measured": true, "status": "decode_step", "step": 128, "wall_ms": 34.27445236593485}
{"argmax": 369, "cuda_ms": 34.25241470336914, "finite": true, "measured": true, "status": "decode_step", "step": 129, "wall_ms": 34.268912859261036}
{"argmax": 37419, "cuda_ms": 34.23878479003906, "finite": true, "measured": true, "status": "decode_step", "step": 130, "wall_ms": 34.25390971824527}
{"argmax": 6373, "cuda_ms": 34.225887298583984, "finite": true, "measured": true, "status": "decode_step", "step": 131, "wall_ms": 34.24208192154765}
{"argmax": 323, "cuda_ms": 34.282752990722656, "finite": true, "measured": true, "status": "decode_step", "step": 132, "wall_ms": 34.29897781461477}
{"argmax": 6020, "cuda_ms": 34.240577697753906, "finite": true, "measured": true, "status": "decode_step", "step": 133, "wall_ms": 34.2558640986681}
{"argmax": 24043, "cuda_ms": 34.23593521118164, "finite": true, "measured": true, "status": "decode_step", "step": 134, "wall_ms": 34.25125731155276}
{"argmax": 13, "cuda_ms": 34.26841735839844, "finite": true, "measured": true, "status": "decode_step", "step": 135, "wall_ms": 34.28274393081665}
{"argmax": 5377, "cuda_ms": 34.25910568237305, "finite": true, "measured": true, "status": "decode_step", "step": 136, "wall_ms": 34.273941069841385}
{"argmax": 311, "cuda_ms": 34.23952102661133, "finite": true, "measured": true, "status": "decode_step", "step": 137, "wall_ms": 34.254110883921385}
{"argmax": 19816, "cuda_ms": 34.27654266357422, "finite": true, "measured": true, "status": "decode_step", "step": 138, "wall_ms": 34.29321898147464}
{"argmax": 468, "cuda_ms": 34.2790412902832, "finite": true, "measured": true, "status": "decode_step", "step": 139, "wall_ms": 34.29429093375802}
{"argmax": 13, "cuda_ms": 34.24822235107422, "finite": true, "measured": true, "status": "decode_step", "step": 140, "wall_ms": 34.26344506442547}
{"argmax": 2947, "cuda_ms": 34.28211212158203, "finite": true, "measured": true, "status": "decode_step", "step": 141, "wall_ms": 34.29950773715973}
{"argmax": 8536, "cuda_ms": 34.25775909423828, "finite": true, "measured": true, "status": "decode_step", "step": 142, "wall_ms": 34.27274897694588}
{"argmax": 6150, "cuda_ms": 34.24515151977539, "finite": true, "measured": true, "status": "decode_step", "step": 143, "wall_ms": 34.26121175289154}
{"decode_cuda_median_ms": 34.258094787597656, "decode_wall_median_ms": 34.273971104994416, "result": "results/system_benchmarks/tp1_sparse_full_v6/formal_optimized_offload_t32768_r0/benchmark.json", "status": "complete", "validated_layers": 0}
