{"context": 131072, "gpu": "NVIDIA L40S", "measure_steps": 128, "mode": "optimized", "status": "starting", "storage": "local", "warmup_steps": 16}
{"status": "extensions_ready"}
Loading weights:   0%|          | 0/291 [00:00<?, ?it/s]Loading weights: 100%|██████████| 291/291 [00:00<00:00, 9780.30it/s]
{"allocated_gib": 33.10554313659668, "host_exact_key_gib": 0.0, "status": "model_ready"}
{"peak_allocated_gib": 40.67695426940918, "prefill_ms": 37431.53125, "status": "prefill_complete"}
{"argmax": 11, "cuda_ms": 109.42723083496094, "finite": true, "measured": false, "status": "decode_step", "step": 0, "wall_ms": 109.439040068537}
{"argmax": 13, "cuda_ms": 40.30534362792969, "finite": true, "measured": false, "status": "decode_step", "step": 1, "wall_ms": 40.320205967873335}
{"argmax": 17200, "cuda_ms": 40.069278717041016, "finite": true, "measured": false, "status": "decode_step", "step": 2, "wall_ms": 40.08676763623953}
{"argmax": 7876, "cuda_ms": 40.07388687133789, "finite": true, "measured": false, "status": "decode_step", "step": 3, "wall_ms": 40.08933203294873}
{"argmax": 32107, "cuda_ms": 40.07651138305664, "finite": true, "measured": false, "status": "decode_step", "step": 4, "wall_ms": 40.094338823109865}
{"argmax": 315, "cuda_ms": 40.027809143066406, "finite": true, "measured": false, "status": "decode_step", "step": 5, "wall_ms": 40.04370328038931}
{"argmax": 8184, "cuda_ms": 40.06351852416992, "finite": true, "measured": false, "status": "decode_step", "step": 6, "wall_ms": 40.10248091071844}
{"argmax": 323, "cuda_ms": 40.22492980957031, "finite": true, "measured": false, "status": "decode_step", "step": 7, "wall_ms": 40.241589304059744}
{"argmax": 7327, "cuda_ms": 40.058494567871094, "finite": true, "measured": false, "status": "decode_step", "step": 8, "wall_ms": 40.07625114172697}
{"argmax": 23298, "cuda_ms": 40.06816101074219, "finite": true, "measured": false, "status": "decode_step", "step": 9, "wall_ms": 40.08346330374479}
{"argmax": 520, "cuda_ms": 40.062721252441406, "finite": true, "measured": false, "status": "decode_step", "step": 10, "wall_ms": 40.08015710860491}
{"argmax": 11, "cuda_ms": 40.04851150512695, "finite": true, "measured": false, "status": "decode_step", "step": 11, "wall_ms": 40.06762895733118}
{"argmax": 279, "cuda_ms": 40.019134521484375, "finite": true, "measured": false, "status": "decode_step", "step": 12, "wall_ms": 40.03697261214256}
{"argmax": 527, "cuda_ms": 40.01232147216797, "finite": true, "measured": false, "status": "decode_step", "step": 13, "wall_ms": 40.02958070486784}
{"argmax": 264, "cuda_ms": 40.053855895996094, "finite": true, "measured": false, "status": "decode_step", "step": 14, "wall_ms": 40.071564726531506}
{"argmax": 8536, "cuda_ms": 40.04060745239258, "finite": true, "measured": false, "status": "decode_step", "step": 15, "wall_ms": 40.05820397287607}
{"argmax": 6150, "cuda_ms": 40.06732940673828, "finite": true, "measured": true, "status": "decode_step", "step": 16, "wall_ms": 40.08400393649936}
{"argmax": 315, "cuda_ms": 40.021087646484375, "finite": true, "measured": true, "status": "decode_step", "step": 17, "wall_ms": 40.03835469484329}
{"argmax": 13, "cuda_ms": 40.03987121582031, "finite": true, "measured": true, "status": "decode_step", "step": 18, "wall_ms": 40.056332014501095}
{"argmax": 791, "cuda_ms": 40.039710998535156, "finite": true, "measured": true, "status": "decode_step", "step": 19, "wall_ms": 40.05650198087096}
{"argmax": 374, "cuda_ms": 40.059200286865234, "finite": true, "measured": true, "status": "decode_step", "step": 20, "wall_ms": 40.073968935757875}
{"argmax": 374, "cuda_ms": 40.06159973144531, "finite": true, "measured": true, "status": "decode_step", "step": 21, "wall_ms": 40.07953591644764}
{"argmax": 279, "cuda_ms": 40.04316711425781, "finite": true, "measured": true, "status": "decode_step", "step": 22, "wall_ms": 40.05807405337691}
{"argmax": 3560, "cuda_ms": 40.063262939453125, "finite": true, "measured": true, "status": "decode_step", "step": 23, "wall_ms": 40.08082812651992}
{"argmax": 323, "cuda_ms": 40.07603073120117, "finite": true, "measured": true, "status": "decode_step", "step": 24, "wall_ms": 40.08433409035206}
{"argmax": 26411, "cuda_ms": 40.04655838012695, "finite": true, "measured": true, "status": "decode_step", "step": 25, "wall_ms": 40.064705070108175}
{"argmax": 1511, "cuda_ms": 40.015296936035156, "finite": true, "measured": true, "status": "decode_step", "step": 26, "wall_ms": 40.03123473376036}
{"argmax": 7524, "cuda_ms": 40.02473449707031, "finite": true, "measured": true, "status": "decode_step", "step": 27, "wall_ms": 40.04176985472441}
{"argmax": 323, "cuda_ms": 40.08009719848633, "finite": true, "measured": true, "status": "decode_step", "step": 28, "wall_ms": 40.102321188896894}
{"argmax": 8907, "cuda_ms": 40.06675338745117, "finite": true, "measured": true, "status": "decode_step", "step": 29, "wall_ms": 40.08433409035206}
{"argmax": 91605, "cuda_ms": 40.06697463989258, "finite": true, "measured": true, "status": "decode_step", "step": 30, "wall_ms": 40.0826008990407}
{"argmax": 11006, "cuda_ms": 40.03065490722656, "finite": true, "measured": true, "status": "decode_step", "step": 31, "wall_ms": 40.047958958894014}
{"argmax": 369, "cuda_ms": 39.98524856567383, "finite": true, "measured": true, "status": "decode_step", "step": 32, "wall_ms": 40.001749992370605}
{"argmax": 586, "cuda_ms": 40.004478454589844, "finite": true, "measured": true, "status": "decode_step", "step": 33, "wall_ms": 40.021250024437904}
{"argmax": 323, "cuda_ms": 39.97238540649414, "finite": true, "measured": true, "status": "decode_step", "step": 34, "wall_ms": 39.987798780202866}
{"argmax": 11351, "cuda_ms": 40.00297546386719, "finite": true, "measured": true, "status": "decode_step", "step": 35, "wall_ms": 40.020898915827274}
{"argmax": 13, "cuda_ms": 39.98854446411133, "finite": true, "measured": true, "status": "decode_step", "step": 36, "wall_ms": 40.00466503202915}
{"argmax": 578, "cuda_ms": 40.00175857543945, "finite": true, "measured": true, "status": "decode_step", "step": 37, "wall_ms": 40.01891566440463}
{"argmax": 3388, "cuda_ms": 39.99638366699219, "finite": true, "measured": true, "status": "decode_step", "step": 38, "wall_ms": 40.011425036937}
{"argmax": 690, "cuda_ms": 40.00454330444336, "finite": true, "measured": true, "status": "decode_step", "step": 39, "wall_ms": 40.02181999385357}
{"argmax": 389, "cuda_ms": 39.97795104980469, "finite": true, "measured": true, "status": "decode_step", "step": 40, "wall_ms": 39.994639810174704}
{"argmax": 279, "cuda_ms": 40.003326416015625, "finite": true, "measured": true, "status": "decode_step", "step": 41, "wall_ms": 40.02110939472914}
{"argmax": 3560, "cuda_ms": 39.98729705810547, "finite": true, "measured": true, "status": "decode_step", "step": 42, "wall_ms": 40.00531602650881}
{"argmax": 315, "cuda_ms": 40.00249481201172, "finite": true, "measured": true, "status": "decode_step", "step": 43, "wall_ms": 40.02003790810704}
{"argmax": 2254, "cuda_ms": 40.02956771850586, "finite": true, "measured": true, "status": "decode_step", "step": 44, "wall_ms": 40.046827867627144}
{"argmax": 11335, "cuda_ms": 40.01145553588867, "finite": true, "measured": true, "status": "decode_step", "step": 45, "wall_ms": 40.027318987995386}
{"argmax": 304, "cuda_ms": 40.012001037597656, "finite": true, "measured": true, "status": "decode_step", "step": 46, "wall_ms": 40.02961190417409}
{"argmax": 279, "cuda_ms": 39.992862701416016, "finite": true, "measured": true, "status": "decode_step", "step": 47, "wall_ms": 40.00913072377443}
{"argmax": 4500, "cuda_ms": 40.03324890136719, "finite": true, "measured": true, "status": "decode_step", "step": 48, "wall_ms": 40.05133360624313}
{"argmax": 315, "cuda_ms": 39.99542236328125, "finite": true, "measured": true, "status": "decode_step", "step": 49, "wall_ms": 40.01052398234606}
{"argmax": 33184, "cuda_ms": 40.00851058959961, "finite": true, "measured": true, "status": "decode_step", "step": 50, "wall_ms": 40.026568342000246}
{"argmax": 33184, "cuda_ms": 40.00492858886719, "finite": true, "measured": true, "status": "decode_step", "step": 51, "wall_ms": 40.02035781741142}
{"argmax": 10706, "cuda_ms": 40.0266227722168, "finite": true, "measured": true, "status": "decode_step", "step": 52, "wall_ms": 40.043051820248365}
{"argmax": 323, "cuda_ms": 40.01808166503906, "finite": true, "measured": true, "status": "decode_step", "step": 53, "wall_ms": 40.03358772024512}
{"argmax": 279, "cuda_ms": 40.043296813964844, "finite": true, "measured": true, "status": "decode_step", "step": 54, "wall_ms": 40.06097884848714}
{"argmax": 5536, "cuda_ms": 39.99184036254883, "finite": true, "measured": true, "status": "decode_step", "step": 55, "wall_ms": 40.007187984883785}
{"argmax": 311, "cuda_ms": 39.997344970703125, "finite": true, "measured": true, "status": "decode_step", "step": 56, "wall_ms": 40.014319121837616}
{"argmax": 279, "cuda_ms": 40.00931167602539, "finite": true, "measured": true, "status": "decode_step", "step": 57, "wall_ms": 40.024423971772194}
{"argmax": 13607, "cuda_ms": 40.011680603027344, "finite": true, "measured": true, "status": "decode_step", "step": 58, "wall_ms": 40.02944193780422}
{"argmax": 627, "cuda_ms": 40.01551818847656, "finite": true, "measured": true, "status": "decode_step", "step": 59, "wall_ms": 40.03180610015988}
{"argmax": 323, "cuda_ms": 40.00105667114258, "finite": true, "measured": true, "status": "decode_step", "step": 60, "wall_ms": 40.01779528334737}
{"argmax": 11, "cuda_ms": 39.996097564697266, "finite": true, "measured": true, "status": "decode_step", "step": 61, "wall_ms": 40.01185484230518}
{"argmax": 323, "cuda_ms": 40.01161575317383, "finite": true, "measured": true, "status": "decode_step", "step": 62, "wall_ms": 40.02898093312979}
{"argmax": 1023, "cuda_ms": 39.99494552612305, "finite": true, "measured": true, "status": "decode_step", "step": 63, "wall_ms": 40.00996286049485}
{"argmax": 11351, "cuda_ms": 40.331329345703125, "finite": true, "measured": true, "status": "decode_step", "step": 64, "wall_ms": 40.34878918901086}
{"argmax": 11351, "cuda_ms": 40.326656341552734, "finite": true, "measured": true, "status": "decode_step", "step": 65, "wall_ms": 40.34190904349089}
{"argmax": 519, "cuda_ms": 40.308990478515625, "finite": true, "measured": true, "status": "decode_step", "step": 66, "wall_ms": 40.32674618065357}
{"argmax": 8336, "cuda_ms": 40.31264114379883, "finite": true, "measured": true, "status": "decode_step", "step": 67, "wall_ms": 40.32965004444122}
{"argmax": 11351, "cuda_ms": 40.34163284301758, "finite": true, "measured": true, "status": "decode_step", "step": 68, "wall_ms": 40.3583231382072}
{"argmax": 627, "cuda_ms": 40.320865631103516, "finite": true, "measured": true, "status": "decode_step", "step": 69, "wall_ms": 40.337882936000824}
{"argmax": 578, "cuda_ms": 40.326751708984375, "finite": true, "measured": true, "status": "decode_step", "step": 70, "wall_ms": 40.343069937080145}
{"argmax": 311, "cuda_ms": 40.329952239990234, "finite": true, "measured": true, "status": "decode_step", "step": 71, "wall_ms": 40.34759709611535}
{"argmax": 682, "cuda_ms": 40.32118225097656, "finite": true, "measured": true, "status": "decode_step", "step": 72, "wall_ms": 40.33817304298282}
{"argmax": 468, "cuda_ms": 40.35209655761719, "finite": true, "measured": true, "status": "decode_step", "step": 73, "wall_ms": 40.37023102864623}
{"argmax": 13, "cuda_ms": 40.31804656982422, "finite": true, "measured": true, "status": "decode_step", "step": 74, "wall_ms": 40.3446932323277}
{"argmax": 2947, "cuda_ms": 40.59056091308594, "finite": true, "measured": true, "status": "decode_step", "step": 75, "wall_ms": 40.60736484825611}
{"argmax": 8536, "cuda_ms": 40.370113372802734, "finite": true, "measured": true, "status": "decode_step", "step": 76, "wall_ms": 40.38602486252785}
{"argmax": 6150, "cuda_ms": 40.33833694458008, "finite": true, "measured": true, "status": "decode_step", "step": 77, "wall_ms": 40.35526793450117}
{"argmax": 315, "cuda_ms": 40.3583984375, "finite": true, "measured": true, "status": "decode_step", "step": 78, "wall_ms": 40.37390695884824}
{"argmax": 3142, "cuda_ms": 40.314208984375, "finite": true, "measured": true, "status": "decode_step", "step": 79, "wall_ms": 40.33235413953662}
{"argmax": 323, "cuda_ms": 40.35945510864258, "finite": true, "measured": true, "status": "decode_step", "step": 80, "wall_ms": 40.374888107180595}
{"argmax": 7327, "cuda_ms": 40.33065414428711, "finite": true, "measured": true, "status": "decode_step", "step": 81, "wall_ms": 40.34886881709099}
{"argmax": 23298, "cuda_ms": 40.37446212768555, "finite": true, "measured": true, "status": "decode_step", "step": 82, "wall_ms": 40.39080208167434}
{"argmax": 4236, "cuda_ms": 40.34048080444336, "finite": true, "measured": true, "status": "decode_step", "step": 83, "wall_ms": 40.35775223746896}
{"argmax": 26, "cuda_ms": 40.33308792114258, "finite": true, "measured": true, "status": "decode_step", "step": 84, "wall_ms": 40.34966975450516}
{"argmax": 3885, "cuda_ms": 40.35740661621094, "finite": true, "measured": true, "status": "decode_step", "step": 85, "wall_ms": 40.37448717281222}
{"argmax": 449, "cuda_ms": 40.3535041809082, "finite": true, "measured": true, "status": "decode_step", "step": 86, "wall_ms": 40.3702212497592}
{"argmax": 2947, "cuda_ms": 40.34038543701172, "finite": true, "measured": true, "status": "decode_step", "step": 87, "wall_ms": 40.35857319831848}
{"argmax": 8536, "cuda_ms": 40.361087799072266, "finite": true, "measured": true, "status": "decode_step", "step": 88, "wall_ms": 40.37744179368019}
{"argmax": 6150, "cuda_ms": 40.36598587036133, "finite": true, "measured": true, "status": "decode_step", "step": 89, "wall_ms": 40.384292136877775}
{"argmax": 8041, "cuda_ms": 40.34515380859375, "finite": true, "measured": true, "status": "decode_step", "step": 90, "wall_ms": 40.360706858336926}
{"argmax": 627, "cuda_ms": 40.36345672607422, "finite": true, "measured": true, "status": "decode_step", "step": 91, "wall_ms": 40.38123833015561}
{"argmax": 2028, "cuda_ms": 40.334110260009766, "finite": true, "measured": true, "status": "decode_step", "step": 92, "wall_ms": 40.35096289590001}
{"argmax": 3388, "cuda_ms": 40.343231201171875, "finite": true, "measured": true, "status": "decode_step", "step": 93, "wall_ms": 40.360847022384405}
{"argmax": 49095, "cuda_ms": 40.354496002197266, "finite": true, "measured": true, "status": "decode_step", "step": 94, "wall_ms": 40.37120193243027}
{"argmax": 6319, "cuda_ms": 40.34233474731445, "finite": true, "measured": true, "status": "decode_step", "step": 95, "wall_ms": 40.360636077821255}
{"argmax": 4236, "cuda_ms": 40.383583068847656, "finite": true, "measured": true, "status": "decode_step", "step": 96, "wall_ms": 40.40077701210976}
{"argmax": 889, "cuda_ms": 40.38361740112305, "finite": true, "measured": true, "status": "decode_step", "step": 97, "wall_ms": 40.400827303528786}
{"argmax": 6156, "cuda_ms": 40.341217041015625, "finite": true, "measured": true, "status": "decode_step", "step": 98, "wall_ms": 40.356420911848545}
{"argmax": 9021, "cuda_ms": 40.359615325927734, "finite": true, "measured": true, "status": "decode_step", "step": 99, "wall_ms": 40.377210825681686}
{"argmax": 374, "cuda_ms": 40.3502082824707, "finite": true, "measured": true, "status": "decode_step", "step": 100, "wall_ms": 40.366105269640684}
{"argmax": 304, "cuda_ms": 40.355743408203125, "finite": true, "measured": true, "status": "decode_step", "step": 101, "wall_ms": 40.373424999415874}
{"argmax": 2536, "cuda_ms": 40.363006591796875, "finite": true, "measured": true, "status": "decode_step", "step": 102, "wall_ms": 40.380456019192934}
{"argmax": 10706, "cuda_ms": 40.33065414428711, "finite": true, "measured": true, "status": "decode_step", "step": 103, "wall_ms": 40.34724598750472}
{"argmax": 13, "cuda_ms": 40.35615921020508, "finite": true, "measured": true, "status": "decode_step", "step": 104, "wall_ms": 40.373015217483044}
{"argmax": 889, "cuda_ms": 40.37251281738281, "finite": true, "measured": true, "status": "decode_step", "step": 105, "wall_ms": 40.38848774507642}
{"argmax": 311, "cuda_ms": 40.338783264160156, "finite": true, "measured": true, "status": "decode_step", "step": 106, "wall_ms": 40.35627096891403}
{"argmax": 387, "cuda_ms": 40.386207580566406, "finite": true, "measured": true, "status": "decode_step", "step": 107, "wall_ms": 40.402069222182035}
{"argmax": 264, "cuda_ms": 40.365726470947266, "finite": true, "measured": true, "status": "decode_step", "step": 108, "wall_ms": 40.38355126976967}
{"argmax": 6373, "cuda_ms": 40.337310791015625, "finite": true, "measured": true, "status": "decode_step", "step": 109, "wall_ms": 40.354307275265455}
{"argmax": 10093, "cuda_ms": 40.3553581237793, "finite": true, "measured": true, "status": "decode_step", "step": 110, "wall_ms": 40.373275987803936}
{"argmax": 13, "cuda_ms": 40.37104034423828, "finite": true, "measured": true, "status": "decode_step", "step": 111, "wall_ms": 40.387006010860205}
{"argmax": 279, "cuda_ms": 40.33603286743164, "finite": true, "measured": true, "status": "decode_step", "step": 112, "wall_ms": 40.3528050519526}
{"argmax": 13, "cuda_ms": 40.34751892089844, "finite": true, "measured": true, "status": "decode_step", "step": 113, "wall_ms": 40.36265937611461}
{"argmax": 578, "cuda_ms": 40.368961334228516, "finite": true, "measured": true, "status": "decode_step", "step": 114, "wall_ms": 40.3865659609437}
{"argmax": 3388, "cuda_ms": 40.397216796875, "finite": true, "measured": true, "status": "decode_step", "step": 115, "wall_ms": 40.412924252450466}
{"argmax": 690, "cuda_ms": 40.41904067993164, "finite": true, "measured": true, "status": "decode_step", "step": 116, "wall_ms": 40.436980314552784}
{"argmax": 264, "cuda_ms": 40.38742446899414, "finite": true, "measured": true, "status": "decode_step", "step": 117, "wall_ms": 40.403991006314754}
{"argmax": 6677, "cuda_ms": 40.39567947387695, "finite": true, "measured": true, "status": "decode_step", "step": 118, "wall_ms": 40.413516107946634}
{"argmax": 323, "cuda_ms": 40.3671989440918, "finite": true, "measured": true, "status": "decode_step", "step": 119, "wall_ms": 40.383981075137854}
{"argmax": 37419, "cuda_ms": 40.3711051940918, "finite": true, "measured": true, "status": "decode_step", "step": 120, "wall_ms": 40.3905208222568}
{"argmax": 287, "cuda_ms": 40.342750549316406, "finite": true, "measured": true, "status": "decode_step", "step": 121, "wall_ms": 40.35908402875066}
{"argmax": 11, "cuda_ms": 40.34272003173828, "finite": true, "measured": true, "status": "decode_step", "step": 122, "wall_ms": 40.359464939683676}
{"argmax": 279, "cuda_ms": 40.34588623046875, "finite": true, "measured": true, "status": "decode_step", "step": 123, "wall_ms": 40.361988358199596}
{"argmax": 33184, "cuda_ms": 40.37356948852539, "finite": true, "measured": true, "status": "decode_step", "step": 124, "wall_ms": 40.39147309958935}
{"argmax": 7471, "cuda_ms": 40.38227081298828, "finite": true, "measured": true, "status": "decode_step", "step": 125, "wall_ms": 40.3985227458179}
{"argmax": 323, "cuda_ms": 40.362239837646484, "finite": true, "measured": true, "status": "decode_step", "step": 126, "wall_ms": 40.379464626312256}
{"argmax": 279, "cuda_ms": 40.349246978759766, "finite": true, "measured": true, "status": "decode_step", "step": 127, "wall_ms": 40.36498302593827}
{"argmax": 3560, "cuda_ms": 40.391902923583984, "finite": true, "measured": true, "status": "decode_step", "step": 128, "wall_ms": 40.4083076864481}
{"argmax": 369, "cuda_ms": 40.356895446777344, "finite": true, "measured": true, "status": "decode_step", "step": 129, "wall_ms": 40.372385177761316}
{"argmax": 37419, "cuda_ms": 40.331966400146484, "finite": true, "measured": true, "status": "decode_step", "step": 130, "wall_ms": 40.35009117797017}
{"argmax": 6373, "cuda_ms": 40.372222900390625, "finite": true, "measured": true, "status": "decode_step", "step": 131, "wall_ms": 40.387216955423355}
{"argmax": 323, "cuda_ms": 40.33366394042969, "finite": true, "measured": true, "status": "decode_step", "step": 132, "wall_ms": 40.35105323418975}
{"argmax": 9293, "cuda_ms": 40.359134674072266, "finite": true, "measured": true, "status": "decode_step", "step": 133, "wall_ms": 40.37418682128191}
{"argmax": 24043, "cuda_ms": 40.37830352783203, "finite": true, "measured": true, "status": "decode_step", "step": 134, "wall_ms": 40.395969059318304}
{"argmax": 13, "cuda_ms": 40.36076736450195, "finite": true, "measured": true, "status": "decode_step", "step": 135, "wall_ms": 40.37676099687815}
{"argmax": 5377, "cuda_ms": 40.35433578491211, "finite": true, "measured": true, "status": "decode_step", "step": 136, "wall_ms": 40.37159401923418}
{"argmax": 311, "cuda_ms": 40.34832000732422, "finite": true, "measured": true, "status": "decode_step", "step": 137, "wall_ms": 40.36607500165701}
{"argmax": 19816, "cuda_ms": 40.375553131103516, "finite": true, "measured": true, "status": "decode_step", "step": 138, "wall_ms": 40.392084047198296}
{"argmax": 468, "cuda_ms": 40.34956741333008, "finite": true, "measured": true, "status": "decode_step", "step": 139, "wall_ms": 40.36815790459514}
{"argmax": 13, "cuda_ms": 40.35023880004883, "finite": true, "measured": true, "status": "decode_step", "step": 140, "wall_ms": 40.36656580865383}
{"argmax": 2947, "cuda_ms": 40.33504104614258, "finite": true, "measured": true, "status": "decode_step", "step": 141, "wall_ms": 40.352484211325645}
{"argmax": 8536, "cuda_ms": 40.33631896972656, "finite": true, "measured": true, "status": "decode_step", "step": 142, "wall_ms": 40.35896388813853}
{"argmax": 6150, "cuda_ms": 40.42329788208008, "finite": true, "measured": true, "status": "decode_step", "step": 143, "wall_ms": 40.44411098584533}
{"decode_cuda_median_ms": 40.33457565307617, "decode_wall_median_ms": 40.3517687227577, "result": "results/system_benchmarks/tp1_sparse_full_v6/formal_optimized_local_t131072_r0/benchmark.json", "status": "complete", "validated_layers": 0}
