status=running
{"context": 65536, "gpu": "NVIDIA L40S", "measure_steps": 128, "profile_components": false, "status": "starting", "storage": "offload", "warmup_steps": 16}
{"allocated_gib": 15.208322525024414, "exact_kv_gib": 8.017578125, "gpu_staging_gib": 0.25054931640625, "host_exact_kv_gib": 8.017578125, "status": "model_ready"}
{"peak_allocated_gib": 18.997995376586914, "prefill_ms": 12509.4541015625, "status": "prefill_complete"}
{"argmax": 11, "components": {"attention_block_ms": 0.0, "cache_append_ms": 0.0, "dense_attention_ms": 0.0, "host_to_gpu_ms": 0.0}, "cuda_ms": 413.9853210449219, "finite": true, "measured": false, "status": "decode_step", "step": 0, "wall_ms": 414.0498978085816}
{"argmax": 771, "components": {"attention_block_ms": 0.0, "cache_append_ms": 0.0, "dense_attention_ms": 0.0, "host_to_gpu_ms": 0.0}, "cuda_ms": 355.8832702636719, "finite": true, "measured": false, "status": "decode_step", "step": 1, "wall_ms": 355.9329276904464}
{"argmax": 39037, "components": {"attention_block_ms": 0.0, "cache_append_ms": 0.0, "dense_attention_ms": 0.0, "host_to_gpu_ms": 0.0}, "cuda_ms": 355.9071960449219, "finite": true, "measured": false, "status": "decode_step", "step": 2, "wall_ms": 355.95682403072715}
{"argmax": 698, "components": {"attention_block_ms": 0.0, "cache_append_ms": 0.0, "dense_attention_ms": 0.0, "host_to_gpu_ms": 0.0}, "cuda_ms": 355.8040771484375, "finite": true, "measured": false, "status": "decode_step", "step": 3, "wall_ms": 355.85415083914995}
{"argmax": 11, "components": {"attention_block_ms": 0.0, "cache_append_ms": 0.0, "dense_attention_ms": 0.0, "host_to_gpu_ms": 0.0}, "cuda_ms": 355.8726501464844, "finite": true, "measured": false, "status": "decode_step", "step": 4, "wall_ms": 355.97987892106175}
{"argmax": 315, "components": {"attention_block_ms": 0.0, "cache_append_ms": 0.0, "dense_attention_ms": 0.0, "host_to_gpu_ms": 0.0}, "cuda_ms": 356.3141784667969, "finite": true, "measured": false, "status": "decode_step", "step": 5, "wall_ms": 356.3640029169619}
{"argmax": 8184, "components": {"attention_block_ms": 0.0, "cache_append_ms": 0.0, "dense_attention_ms": 0.0, "host_to_gpu_ms": 0.0}, "cuda_ms": 355.8499755859375, "finite": true, "measured": false, "status": "decode_step", "step": 6, "wall_ms": 355.894410982728}
{"argmax": 323, "components": {"attention_block_ms": 0.0, "cache_append_ms": 0.0, "dense_attention_ms": 0.0, "host_to_gpu_ms": 0.0}, "cuda_ms": 355.8554382324219, "finite": true, "measured": false, "status": "decode_step", "step": 7, "wall_ms": 355.9038848616183}
{"argmax": 7327, "components": {"attention_block_ms": 0.0, "cache_append_ms": 0.0, "dense_attention_ms": 0.0, "host_to_gpu_ms": 0.0}, "cuda_ms": 355.8682861328125, "finite": true, "measured": false, "status": "decode_step", "step": 8, "wall_ms": 355.9074504300952}
{"argmax": 23298, "components": {"attention_block_ms": 0.0, "cache_append_ms": 0.0, "dense_attention_ms": 0.0, "host_to_gpu_ms": 0.0}, "cuda_ms": 355.8366394042969, "finite": true, "measured": false, "status": "decode_step", "step": 9, "wall_ms": 355.87400989606977}
{"argmax": 11, "components": {"attention_block_ms": 0.0, "cache_append_ms": 0.0, "dense_attention_ms": 0.0, "host_to_gpu_ms": 0.0}, "cuda_ms": 355.93499755859375, "finite": true, "measured": false, "status": "decode_step", "step": 10, "wall_ms": 355.9828931465745}
{"argmax": 11, "components": {"attention_block_ms": 0.0, "cache_append_ms": 0.0, "dense_attention_ms": 0.0, "host_to_gpu_ms": 0.0}, "cuda_ms": 355.85784912109375, "finite": true, "measured": false, "status": "decode_step", "step": 11, "wall_ms": 355.9037046507001}
{"argmax": 323, "components": {"attention_block_ms": 0.0, "cache_append_ms": 0.0, "dense_attention_ms": 0.0, "host_to_gpu_ms": 0.0}, "cuda_ms": 355.8599548339844, "finite": true, "measured": false, "status": "decode_step", "step": 12, "wall_ms": 355.90873286128044}
{"argmax": 527, "components": {"attention_block_ms": 0.0, "cache_append_ms": 0.0, "dense_attention_ms": 0.0, "host_to_gpu_ms": 0.0}, "cuda_ms": 355.84796142578125, "finite": true, "measured": false, "status": "decode_step", "step": 13, "wall_ms": 355.89942801743746}
{"argmax": 264, "components": {"attention_block_ms": 0.0, "cache_append_ms": 0.0, "dense_attention_ms": 0.0, "host_to_gpu_ms": 0.0}, "cuda_ms": 356.0191650390625, "finite": true, "measured": false, "status": "decode_step", "step": 14, "wall_ms": 356.053349096328}
{"argmax": 8536, "components": {"attention_block_ms": 0.0, "cache_append_ms": 0.0, "dense_attention_ms": 0.0, "host_to_gpu_ms": 0.0}, "cuda_ms": 355.8330383300781, "finite": true, "measured": false, "status": "decode_step", "step": 15, "wall_ms": 355.8694743551314}
{"argmax": 6150, "components": {"attention_block_ms": 0.0, "cache_append_ms": 0.0, "dense_attention_ms": 0.0, "host_to_gpu_ms": 0.0}, "cuda_ms": 355.8652648925781, "finite": true, "measured": true, "status": "decode_step", "step": 16, "wall_ms": 355.9022434055805}
{"argmax": 315, "components": {"attention_block_ms": 0.0, "cache_append_ms": 0.0, "dense_attention_ms": 0.0, "host_to_gpu_ms": 0.0}, "cuda_ms": 355.83172607421875, "finite": true, "measured": true, "status": "decode_step", "step": 17, "wall_ms": 355.86827201768756}
{"argmax": 11, "components": {"attention_block_ms": 0.0, "cache_append_ms": 0.0, "dense_attention_ms": 0.0, "host_to_gpu_ms": 0.0}, "cuda_ms": 355.8410339355469, "finite": true, "measured": true, "status": "decode_step", "step": 18, "wall_ms": 355.8934801258147}
{"argmax": 54, "components": {"attention_block_ms": 0.0, "cache_append_ms": 0.0, "dense_attention_ms": 0.0, "host_to_gpu_ms": 0.0}, "cuda_ms": 356.69921875, "finite": true, "measured": true, "status": "decode_step", "step": 19, "wall_ms": 356.73644905909896}
{"argmax": 374, "components": {"attention_block_ms": 0.0, "cache_append_ms": 0.0, "dense_attention_ms": 0.0, "host_to_gpu_ms": 0.0}, "cuda_ms": 355.910400390625, "finite": true, "measured": true, "status": "decode_step", "step": 20, "wall_ms": 355.9469897300005}
{"argmax": 374, "components": {"attention_block_ms": 0.0, "cache_append_ms": 0.0, "dense_attention_ms": 0.0, "host_to_gpu_ms": 0.0}, "cuda_ms": 355.9679260253906, "finite": true, "measured": true, "status": "decode_step", "step": 21, "wall_ms": 355.99877685308456}
{"argmax": 279, "components": {"attention_block_ms": 0.0, "cache_append_ms": 0.0, "dense_attention_ms": 0.0, "host_to_gpu_ms": 0.0}, "cuda_ms": 355.9358825683594, "finite": true, "measured": true, "status": "decode_step", "step": 22, "wall_ms": 355.9815506450832}
{"argmax": 3560, "components": {"attention_block_ms": 0.0, "cache_append_ms": 0.0, "dense_attention_ms": 0.0, "host_to_gpu_ms": 0.0}, "cuda_ms": 355.8392028808594, "finite": true, "measured": true, "status": "decode_step", "step": 23, "wall_ms": 355.8694329112768}
{"argmax": 323, "components": {"attention_block_ms": 0.0, "cache_append_ms": 0.0, "dense_attention_ms": 0.0, "host_to_gpu_ms": 0.0}, "cuda_ms": 355.9367980957031, "finite": true, "measured": true, "status": "decode_step", "step": 24, "wall_ms": 355.9752623550594}
{"argmax": 26411, "components": {"attention_block_ms": 0.0, "cache_append_ms": 0.0, "dense_attention_ms": 0.0, "host_to_gpu_ms": 0.0}, "cuda_ms": 355.8423767089844, "finite": true, "measured": true, "status": "decode_step", "step": 25, "wall_ms": 355.8713970705867}
{"argmax": 1511, "components": {"attention_block_ms": 0.0, "cache_append_ms": 0.0, "dense_attention_ms": 0.0, "host_to_gpu_ms": 0.0}, "cuda_ms": 355.9103698730469, "finite": true, "measured": true, "status": "decode_step", "step": 26, "wall_ms": 355.952437967062}
{"argmax": 7524, "components": {"attention_block_ms": 0.0, "cache_append_ms": 0.0, "dense_attention_ms": 0.0, "host_to_gpu_ms": 0.0}, "cuda_ms": 355.8971862792969, "finite": true, "measured": true, "status": "decode_step", "step": 27, "wall_ms": 355.9276298619807}
{"argmax": 11, "components": {"attention_block_ms": 0.0, "cache_append_ms": 0.0, "dense_attention_ms": 0.0, "host_to_gpu_ms": 0.0}, "cuda_ms": 355.8963928222656, "finite": true, "measured": true, "status": "decode_step", "step": 28, "wall_ms": 355.93315912410617}
{"argmax": 8907, "components": {"attention_block_ms": 0.0, "cache_append_ms": 0.0, "dense_attention_ms": 0.0, "host_to_gpu_ms": 0.0}, "cuda_ms": 355.85784912109375, "finite": true, "measured": true, "status": "decode_step", "step": 29, "wall_ms": 355.8919979259372}
{"argmax": 91605, "components": {"attention_block_ms": 0.0, "cache_append_ms": 0.0, "dense_attention_ms": 0.0, "host_to_gpu_ms": 0.0}, "cuda_ms": 355.8669128417969, "finite": true, "measured": true, "status": "decode_step", "step": 30, "wall_ms": 355.89920869097114}
{"argmax": 1862, "components": {"attention_block_ms": 0.0, "cache_append_ms": 0.0, "dense_attention_ms": 0.0, "host_to_gpu_ms": 0.0}, "cuda_ms": 355.7989807128906, "finite": true, "measured": true, "status": "decode_step", "step": 31, "wall_ms": 355.8417120948434}
{"argmax": 369, "components": {"attention_block_ms": 0.0, "cache_append_ms": 0.0, "dense_attention_ms": 0.0, "host_to_gpu_ms": 0.0}, "cuda_ms": 355.8240661621094, "finite": true, "measured": true, "status": "decode_step", "step": 32, "wall_ms": 355.8555734343827}
{"argmax": 586, "components": {"attention_block_ms": 0.0, "cache_append_ms": 0.0, "dense_attention_ms": 0.0, "host_to_gpu_ms": 0.0}, "cuda_ms": 355.8121032714844, "finite": true, "measured": true, "status": "decode_step", "step": 33, "wall_ms": 355.84730096161366}
{"argmax": 323, "components": {"attention_block_ms": 0.0, "cache_append_ms": 0.0, "dense_attention_ms": 0.0, "host_to_gpu_ms": 0.0}, "cuda_ms": 355.94635009765625, "finite": true, "measured": true, "status": "decode_step", "step": 34, "wall_ms": 355.98929319530725}
{"argmax": 11351, "components": {"attention_block_ms": 0.0, "cache_append_ms": 0.0, "dense_attention_ms": 0.0, "host_to_gpu_ms": 0.0}, "cuda_ms": 355.9205627441406, "finite": true, "measured": true, "status": "decode_step", "step": 35, "wall_ms": 355.95623403787613}
{"argmax": 13, "components": {"attention_block_ms": 0.0, "cache_append_ms": 0.0, "dense_attention_ms": 0.0, "host_to_gpu_ms": 0.0}, "cuda_ms": 356.0626525878906, "finite": true, "measured": true, "status": "decode_step", "step": 36, "wall_ms": 356.09884606674314}
{"argmax": 20783, "components": {"attention_block_ms": 0.0, "cache_append_ms": 0.0, "dense_attention_ms": 0.0, "host_to_gpu_ms": 0.0}, "cuda_ms": 356.0054626464844, "finite": true, "measured": true, "status": "decode_step", "step": 37, "wall_ms": 356.0430430807173}
{"argmax": 3388, "components": {"attention_block_ms": 0.0, "cache_append_ms": 0.0, "dense_attention_ms": 0.0, "host_to_gpu_ms": 0.0}, "cuda_ms": 356.02081298828125, "finite": true, "measured": true, "status": "decode_step", "step": 38, "wall_ms": 356.0798792168498}
{"argmax": 14861, "components": {"attention_block_ms": 0.0, "cache_append_ms": 0.0, "dense_attention_ms": 0.0, "host_to_gpu_ms": 0.0}, "cuda_ms": 356.1990661621094, "finite": true, "measured": true, "status": "decode_step", "step": 39, "wall_ms": 356.2339683994651}
{"argmax": 389, "components": {"attention_block_ms": 0.0, "cache_append_ms": 0.0, "dense_attention_ms": 0.0, "host_to_gpu_ms": 0.0}, "cuda_ms": 356.1828308105469, "finite": true, "measured": true, "status": "decode_step", "step": 40, "wall_ms": 356.21880600228906}
{"argmax": 279, "components": {"attention_block_ms": 0.0, "cache_append_ms": 0.0, "dense_attention_ms": 0.0, "host_to_gpu_ms": 0.0}, "cuda_ms": 355.96734619140625, "finite": true, "measured": true, "status": "decode_step", "step": 41, "wall_ms": 356.02019960060716}
{"argmax": 3560, "components": {"attention_block_ms": 0.0, "cache_append_ms": 0.0, "dense_attention_ms": 0.0, "host_to_gpu_ms": 0.0}, "cuda_ms": 356.2165222167969, "finite": true, "measured": true, "status": "decode_step", "step": 42, "wall_ms": 356.25838581472635}
{"argmax": 315, "components": {"attention_block_ms": 0.0, "cache_append_ms": 0.0, "dense_attention_ms": 0.0, "host_to_gpu_ms": 0.0}, "cuda_ms": 356.1155090332031, "finite": true, "measured": true, "status": "decode_step", "step": 43, "wall_ms": 356.1525270342827}
{"argmax": 33184, "components": {"attention_block_ms": 0.0, "cache_append_ms": 0.0, "dense_attention_ms": 0.0, "host_to_gpu_ms": 0.0}, "cuda_ms": 356.033203125, "finite": true, "measured": true, "status": "decode_step", "step": 44, "wall_ms": 356.0897530987859}
{"argmax": 11335, "components": {"attention_block_ms": 0.0, "cache_append_ms": 0.0, "dense_attention_ms": 0.0, "host_to_gpu_ms": 0.0}, "cuda_ms": 355.9471740722656, "finite": true, "measured": true, "status": "decode_step", "step": 45, "wall_ms": 355.98118091002107}
{"argmax": 304, "components": {"attention_block_ms": 0.0, "cache_append_ms": 0.0, "dense_attention_ms": 0.0, "host_to_gpu_ms": 0.0}, "cuda_ms": 356.0439147949219, "finite": true, "measured": true, "status": "decode_step", "step": 46, "wall_ms": 356.09307838603854}
{"argmax": 279, "components": {"attention_block_ms": 0.0, "cache_append_ms": 0.0, "dense_attention_ms": 0.0, "host_to_gpu_ms": 0.0}, "cuda_ms": 356.2272033691406, "finite": true, "measured": true, "status": "decode_step", "step": 47, "wall_ms": 356.2663379125297}
{"argmax": 4500, "components": {"attention_block_ms": 0.0, "cache_append_ms": 0.0, "dense_attention_ms": 0.0, "host_to_gpu_ms": 0.0}, "cuda_ms": 356.2412414550781, "finite": true, "measured": true, "status": "decode_step", "step": 48, "wall_ms": 356.2961118295789}
{"argmax": 315, "components": {"attention_block_ms": 0.0, "cache_append_ms": 0.0, "dense_attention_ms": 0.0, "host_to_gpu_ms": 0.0}, "cuda_ms": 356.2868347167969, "finite": true, "measured": true, "status": "decode_step", "step": 49, "wall_ms": 356.321619823575}
{"argmax": 33184, "components": {"attention_block_ms": 0.0, "cache_append_ms": 0.0, "dense_attention_ms": 0.0, "host_to_gpu_ms": 0.0}, "cuda_ms": 356.1138610839844, "finite": true, "measured": true, "status": "decode_step", "step": 50, "wall_ms": 356.14566691219807}
{"argmax": 33184, "components": {"attention_block_ms": 0.0, "cache_append_ms": 0.0, "dense_attention_ms": 0.0, "host_to_gpu_ms": 0.0}, "cuda_ms": 355.97705078125, "finite": true, "measured": true, "status": "decode_step", "step": 51, "wall_ms": 356.0320269316435}
{"argmax": 10706, "components": {"attention_block_ms": 0.0, "cache_append_ms": 0.0, "dense_attention_ms": 0.0, "host_to_gpu_ms": 0.0}, "cuda_ms": 356.1557312011719, "finite": true, "measured": true, "status": "decode_step", "step": 52, "wall_ms": 356.20676819235086}
{"argmax": 323, "components": {"attention_block_ms": 0.0, "cache_append_ms": 0.0, "dense_attention_ms": 0.0, "host_to_gpu_ms": 0.0}, "cuda_ms": 356.2539978027344, "finite": true, "measured": true, "status": "decode_step", "step": 53, "wall_ms": 356.30503529682755}
{"argmax": 279, "components": {"attention_block_ms": 0.0, "cache_append_ms": 0.0, "dense_attention_ms": 0.0, "host_to_gpu_ms": 0.0}, "cuda_ms": 356.1235656738281, "finite": true, "measured": true, "status": "decode_step", "step": 54, "wall_ms": 356.1744103208184}
{"argmax": 5133, "components": {"attention_block_ms": 0.0, "cache_append_ms": 0.0, "dense_attention_ms": 0.0, "host_to_gpu_ms": 0.0}, "cuda_ms": 356.11834716796875, "finite": true, "measured": true, "status": "decode_step", "step": 55, "wall_ms": 356.17545107379556}
{"argmax": 311, "components": {"attention_block_ms": 0.0, "cache_append_ms": 0.0, "dense_attention_ms": 0.0, "host_to_gpu_ms": 0.0}, "cuda_ms": 356.1141357421875, "finite": true, "measured": true, "status": "decode_step", "step": 56, "wall_ms": 356.14973260089755}
{"argmax": 279, "components": {"attention_block_ms": 0.0, "cache_append_ms": 0.0, "dense_attention_ms": 0.0, "host_to_gpu_ms": 0.0}, "cuda_ms": 356.0613098144531, "finite": true, "measured": true, "status": "decode_step", "step": 57, "wall_ms": 356.09933780506253}
{"argmax": 323, "components": {"attention_block_ms": 0.0, "cache_append_ms": 0.0, "dense_attention_ms": 0.0, "host_to_gpu_ms": 0.0}, "cuda_ms": 356.32159423828125, "finite": true, "measured": true, "status": "decode_step", "step": 58, "wall_ms": 356.38032807037234}
{"argmax": 323, "components": {"attention_block_ms": 0.0, "cache_append_ms": 0.0, "dense_attention_ms": 0.0, "host_to_gpu_ms": 0.0}, "cuda_ms": 356.2345886230469, "finite": true, "measured": true, "status": "decode_step", "step": 59, "wall_ms": 356.2694410793483}
{"argmax": 41582, "components": {"attention_block_ms": 0.0, "cache_append_ms": 0.0, "dense_attention_ms": 0.0, "host_to_gpu_ms": 0.0}, "cuda_ms": 356.2347717285156, "finite": true, "measured": true, "status": "decode_step", "step": 60, "wall_ms": 356.2701931223273}
{"argmax": 11, "components": {"attention_block_ms": 0.0, "cache_append_ms": 0.0, "dense_attention_ms": 0.0, "host_to_gpu_ms": 0.0}, "cuda_ms": 356.3504943847656, "finite": true, "measured": true, "status": "decode_step", "step": 61, "wall_ms": 356.386577244848}
{"argmax": 323, "components": {"attention_block_ms": 0.0, "cache_append_ms": 0.0, "dense_attention_ms": 0.0, "host_to_gpu_ms": 0.0}, "cuda_ms": 356.3034973144531, "finite": true, "measured": true, "status": "decode_step", "step": 62, "wall_ms": 356.3805469311774}
{"argmax": 3927, "components": {"attention_block_ms": 0.0, "cache_append_ms": 0.0, "dense_attention_ms": 0.0, "host_to_gpu_ms": 0.0}, "cuda_ms": 356.0825500488281, "finite": true, "measured": true, "status": "decode_step", "step": 63, "wall_ms": 356.11490113660693}
{"argmax": 11006, "components": {"attention_block_ms": 0.0, "cache_append_ms": 0.0, "dense_attention_ms": 0.0, "host_to_gpu_ms": 0.0}, "cuda_ms": 356.1419982910156, "finite": true, "measured": true, "status": "decode_step", "step": 64, "wall_ms": 356.19443003088236}
{"argmax": 5315, "components": {"attention_block_ms": 0.0, "cache_append_ms": 0.0, "dense_attention_ms": 0.0, "host_to_gpu_ms": 0.0}, "cuda_ms": 356.10150146484375, "finite": true, "measured": true, "status": "decode_step", "step": 65, "wall_ms": 356.15796595811844}
{"argmax": 519, "components": {"attention_block_ms": 0.0, "cache_append_ms": 0.0, "dense_attention_ms": 0.0, "host_to_gpu_ms": 0.0}, "cuda_ms": 356.3390197753906, "finite": true, "measured": true, "status": "decode_step", "step": 66, "wall_ms": 356.37150425463915}
{"argmax": 269, "components": {"attention_block_ms": 0.0, "cache_append_ms": 0.0, "dense_attention_ms": 0.0, "host_to_gpu_ms": 0.0}, "cuda_ms": 356.0504455566406, "finite": true, "measured": true, "status": "decode_step", "step": 67, "wall_ms": 356.1068591661751}
{"argmax": 11351, "components": {"attention_block_ms": 0.0, "cache_append_ms": 0.0, "dense_attention_ms": 0.0, "host_to_gpu_ms": 0.0}, "cuda_ms": 356.08123779296875, "finite": true, "measured": true, "status": "decode_step", "step": 68, "wall_ms": 356.1190967448056}
{"argmax": 13, "components": {"attention_block_ms": 0.0, "cache_append_ms": 0.0, "dense_attention_ms": 0.0, "host_to_gpu_ms": 0.0}, "cuda_ms": 356.0921936035156, "finite": true, "measured": true, "status": "decode_step", "step": 69, "wall_ms": 356.13324772566557}
{"argmax": 20783, "components": {"attention_block_ms": 0.0, "cache_append_ms": 0.0, "dense_attention_ms": 0.0, "host_to_gpu_ms": 0.0}, "cuda_ms": 355.8676452636719, "finite": true, "measured": true, "status": "decode_step", "step": 70, "wall_ms": 355.8999300003052}
{"argmax": 311, "components": {"attention_block_ms": 0.0, "cache_append_ms": 0.0, "dense_attention_ms": 0.0, "host_to_gpu_ms": 0.0}, "cuda_ms": 355.8001708984375, "finite": true, "measured": true, "status": "decode_step", "step": 71, "wall_ms": 355.8307853527367}
{"argmax": 19560, "components": {"attention_block_ms": 0.0, "cache_append_ms": 0.0, "dense_attention_ms": 0.0, "host_to_gpu_ms": 0.0}, "cuda_ms": 355.87542724609375, "finite": true, "measured": true, "status": "decode_step", "step": 72, "wall_ms": 355.90516682714224}
{"argmax": 468, "components": {"attention_block_ms": 0.0, "cache_append_ms": 0.0, "dense_attention_ms": 0.0, "host_to_gpu_ms": 0.0}, "cuda_ms": 355.85491943359375, "finite": true, "measured": true, "status": "decode_step", "step": 73, "wall_ms": 355.88293382897973}
{"argmax": 13, "components": {"attention_block_ms": 0.0, "cache_append_ms": 0.0, "dense_attention_ms": 0.0, "host_to_gpu_ms": 0.0}, "cuda_ms": 355.9069519042969, "finite": true, "measured": true, "status": "decode_step", "step": 74, "wall_ms": 355.9394381009042}
{"argmax": 2947, "components": {"attention_block_ms": 0.0, "cache_append_ms": 0.0, "dense_attention_ms": 0.0, "host_to_gpu_ms": 0.0}, "cuda_ms": 355.81787109375, "finite": true, "measured": true, "status": "decode_step", "step": 75, "wall_ms": 355.92762008309364}
{"argmax": 8536, "components": {"attention_block_ms": 0.0, "cache_append_ms": 0.0, "dense_attention_ms": 0.0, "host_to_gpu_ms": 0.0}, "cuda_ms": 356.38250732421875, "finite": true, "measured": true, "status": "decode_step", "step": 76, "wall_ms": 356.4144088886678}
{"argmax": 6150, "components": {"attention_block_ms": 0.0, "cache_append_ms": 0.0, "dense_attention_ms": 0.0, "host_to_gpu_ms": 0.0}, "cuda_ms": 355.9117126464844, "finite": true, "measured": true, "status": "decode_step", "step": 77, "wall_ms": 355.9486516751349}
{"argmax": 315, "components": {"attention_block_ms": 0.0, "cache_append_ms": 0.0, "dense_attention_ms": 0.0, "host_to_gpu_ms": 0.0}, "cuda_ms": 355.8781433105469, "finite": true, "measured": true, "status": "decode_step", "step": 78, "wall_ms": 355.9117279946804}
{"argmax": 3142, "components": {"attention_block_ms": 0.0, "cache_append_ms": 0.0, "dense_attention_ms": 0.0, "host_to_gpu_ms": 0.0}, "cuda_ms": 355.849609375, "finite": true, "measured": true, "status": "decode_step", "step": 79, "wall_ms": 355.88593780994415}
{"argmax": 323, "components": {"attention_block_ms": 0.0, "cache_append_ms": 0.0, "dense_attention_ms": 0.0, "host_to_gpu_ms": 0.0}, "cuda_ms": 355.8962097167969, "finite": true, "measured": true, "status": "decode_step", "step": 80, "wall_ms": 355.92561680823565}
{"argmax": 7327, "components": {"attention_block_ms": 0.0, "cache_append_ms": 0.0, "dense_attention_ms": 0.0, "host_to_gpu_ms": 0.0}, "cuda_ms": 355.86871337890625, "finite": true, "measured": true, "status": "decode_step", "step": 81, "wall_ms": 355.89791601523757}
{"argmax": 23298, "components": {"attention_block_ms": 0.0, "cache_append_ms": 0.0, "dense_attention_ms": 0.0, "host_to_gpu_ms": 0.0}, "cuda_ms": 355.8614196777344, "finite": true, "measured": true, "status": "decode_step", "step": 82, "wall_ms": 355.89513229206204}
{"argmax": 4236, "components": {"attention_block_ms": 0.0, "cache_append_ms": 0.0, "dense_attention_ms": 0.0, "host_to_gpu_ms": 0.0}, "cuda_ms": 355.8367004394531, "finite": true, "measured": true, "status": "decode_step", "step": 83, "wall_ms": 355.88267305865884}
{"argmax": 26, "components": {"attention_block_ms": 0.0, "cache_append_ms": 0.0, "dense_attention_ms": 0.0, "host_to_gpu_ms": 0.0}, "cuda_ms": 355.85418701171875, "finite": true, "measured": true, "status": "decode_step", "step": 84, "wall_ms": 355.91817600652575}
{"argmax": 3885, "components": {"attention_block_ms": 0.0, "cache_append_ms": 0.0, "dense_attention_ms": 0.0, "host_to_gpu_ms": 0.0}, "cuda_ms": 355.8954772949219, "finite": true, "measured": true, "status": "decode_step", "step": 85, "wall_ms": 355.948181822896}
{"argmax": 449, "components": {"attention_block_ms": 0.0, "cache_append_ms": 0.0, "dense_attention_ms": 0.0, "host_to_gpu_ms": 0.0}, "cuda_ms": 355.9025573730469, "finite": true, "measured": true, "status": "decode_step", "step": 86, "wall_ms": 355.94753082841635}
{"argmax": 2947, "components": {"attention_block_ms": 0.0, "cache_append_ms": 0.0, "dense_attention_ms": 0.0, "host_to_gpu_ms": 0.0}, "cuda_ms": 355.8325500488281, "finite": true, "measured": true, "status": "decode_step", "step": 87, "wall_ms": 355.8799889869988}
{"argmax": 8536, "components": {"attention_block_ms": 0.0, "cache_append_ms": 0.0, "dense_attention_ms": 0.0, "host_to_gpu_ms": 0.0}, "cuda_ms": 355.90814208984375, "finite": true, "measured": true, "status": "decode_step", "step": 88, "wall_ms": 355.94738088548183}
{"argmax": 6150, "components": {"attention_block_ms": 0.0, "cache_append_ms": 0.0, "dense_attention_ms": 0.0, "host_to_gpu_ms": 0.0}, "cuda_ms": 356.3686218261719, "finite": true, "measured": true, "status": "decode_step", "step": 89, "wall_ms": 356.4541880041361}
{"argmax": 8041, "components": {"attention_block_ms": 0.0, "cache_append_ms": 0.0, "dense_attention_ms": 0.0, "host_to_gpu_ms": 0.0}, "cuda_ms": 356.5878601074219, "finite": true, "measured": true, "status": "decode_step", "step": 90, "wall_ms": 356.6217180341482}
{"argmax": 627, "components": {"attention_block_ms": 0.0, "cache_append_ms": 0.0, "dense_attention_ms": 0.0, "host_to_gpu_ms": 0.0}, "cuda_ms": 355.8263854980469, "finite": true, "measured": true, "status": "decode_step", "step": 91, "wall_ms": 355.8623641729355}
{"argmax": 791, "components": {"attention_block_ms": 0.0, "cache_append_ms": 0.0, "dense_attention_ms": 0.0, "host_to_gpu_ms": 0.0}, "cuda_ms": 355.8629150390625, "finite": true, "measured": true, "status": "decode_step", "step": 92, "wall_ms": 355.89494183659554}
{"argmax": 3388, "components": {"attention_block_ms": 0.0, "cache_append_ms": 0.0, "dense_attention_ms": 0.0, "host_to_gpu_ms": 0.0}, "cuda_ms": 355.8589172363281, "finite": true, "measured": true, "status": "decode_step", "step": 93, "wall_ms": 355.88950384408236}
{"argmax": 49095, "components": {"attention_block_ms": 0.0, "cache_append_ms": 0.0, "dense_attention_ms": 0.0, "host_to_gpu_ms": 0.0}, "cuda_ms": 355.87432861328125, "finite": true, "measured": true, "status": "decode_step", "step": 94, "wall_ms": 355.9058792889118}
{"argmax": 6319, "components": {"attention_block_ms": 0.0, "cache_append_ms": 0.0, "dense_attention_ms": 0.0, "host_to_gpu_ms": 0.0}, "cuda_ms": 355.8837585449219, "finite": true, "measured": true, "status": "decode_step", "step": 95, "wall_ms": 355.9123077429831}
{"argmax": 4236, "components": {"attention_block_ms": 0.0, "cache_append_ms": 0.0, "dense_attention_ms": 0.0, "host_to_gpu_ms": 0.0}, "cuda_ms": 355.8226013183594, "finite": true, "measured": true, "status": "decode_step", "step": 96, "wall_ms": 355.8526891283691}
{"argmax": 889, "components": {"attention_block_ms": 0.0, "cache_append_ms": 0.0, "dense_attention_ms": 0.0, "host_to_gpu_ms": 0.0}, "cuda_ms": 355.8521423339844, "finite": true, "measured": true, "status": "decode_step", "step": 97, "wall_ms": 355.88401602581143}
{"argmax": 6156, "components": {"attention_block_ms": 0.0, "cache_append_ms": 0.0, "dense_attention_ms": 0.0, "host_to_gpu_ms": 0.0}, "cuda_ms": 355.82440185546875, "finite": true, "measured": true, "status": "decode_step", "step": 98, "wall_ms": 355.91861698776484}
{"argmax": 9021, "components": {"attention_block_ms": 0.0, "cache_append_ms": 0.0, "dense_attention_ms": 0.0, "host_to_gpu_ms": 0.0}, "cuda_ms": 356.30816650390625, "finite": true, "measured": true, "status": "decode_step", "step": 99, "wall_ms": 356.33745370432734}
{"argmax": 374, "components": {"attention_block_ms": 0.0, "cache_append_ms": 0.0, "dense_attention_ms": 0.0, "host_to_gpu_ms": 0.0}, "cuda_ms": 355.8619384765625, "finite": true, "measured": true, "status": "decode_step", "step": 100, "wall_ms": 355.89625407010317}
{"argmax": 304, "components": {"attention_block_ms": 0.0, "cache_append_ms": 0.0, "dense_attention_ms": 0.0, "host_to_gpu_ms": 0.0}, "cuda_ms": 355.7835388183594, "finite": true, "measured": true, "status": "decode_step", "step": 101, "wall_ms": 355.812668800354}
{"argmax": 33184, "components": {"attention_block_ms": 0.0, "cache_append_ms": 0.0, "dense_attention_ms": 0.0, "host_to_gpu_ms": 0.0}, "cuda_ms": 355.8345947265625, "finite": true, "measured": true, "status": "decode_step", "step": 102, "wall_ms": 355.8850670233369}
{"argmax": 10706, "components": {"attention_block_ms": 0.0, "cache_append_ms": 0.0, "dense_attention_ms": 0.0, "host_to_gpu_ms": 0.0}, "cuda_ms": 355.9912109375, "finite": true, "measured": true, "status": "decode_step", "step": 103, "wall_ms": 356.02011904120445}
{"argmax": 13, "components": {"attention_block_ms": 0.0, "cache_append_ms": 0.0, "dense_attention_ms": 0.0, "host_to_gpu_ms": 0.0}, "cuda_ms": 355.85577392578125, "finite": true, "measured": true, "status": "decode_step", "step": 104, "wall_ms": 355.89027497917414}
{"argmax": 889, "components": {"attention_block_ms": 0.0, "cache_append_ms": 0.0, "dense_attention_ms": 0.0, "host_to_gpu_ms": 0.0}, "cuda_ms": 355.8489990234375, "finite": true, "measured": true, "status": "decode_step", "step": 105, "wall_ms": 355.878246948123}
{"argmax": 311, "components": {"attention_block_ms": 0.0, "cache_append_ms": 0.0, "dense_attention_ms": 0.0, "host_to_gpu_ms": 0.0}, "cuda_ms": 355.7970275878906, "finite": true, "measured": true, "status": "decode_step", "step": 106, "wall_ms": 355.8280919678509}
{"argmax": 387, "components": {"attention_block_ms": 0.0, "cache_append_ms": 0.0, "dense_attention_ms": 0.0, "host_to_gpu_ms": 0.0}, "cuda_ms": 355.8290100097656, "finite": true, "measured": true, "status": "decode_step", "step": 107, "wall_ms": 355.87872797623277}
{"argmax": 264, "components": {"attention_block_ms": 0.0, "cache_append_ms": 0.0, "dense_attention_ms": 0.0, "host_to_gpu_ms": 0.0}, "cuda_ms": 355.9297180175781, "finite": true, "measured": true, "status": "decode_step", "step": 108, "wall_ms": 355.9584468603134}
{"argmax": 6373, "components": {"attention_block_ms": 0.0, "cache_append_ms": 0.0, "dense_attention_ms": 0.0, "host_to_gpu_ms": 0.0}, "cuda_ms": 355.83148193359375, "finite": true, "measured": true, "status": "decode_step", "step": 109, "wall_ms": 355.8607008308172}
{"argmax": 10093, "components": {"attention_block_ms": 0.0, "cache_append_ms": 0.0, "dense_attention_ms": 0.0, "host_to_gpu_ms": 0.0}, "cuda_ms": 355.83355712890625, "finite": true, "measured": true, "status": "decode_step", "step": 110, "wall_ms": 355.86401587352157}
{"argmax": 304, "components": {"attention_block_ms": 0.0, "cache_append_ms": 0.0, "dense_attention_ms": 0.0, "host_to_gpu_ms": 0.0}, "cuda_ms": 355.8382263183594, "finite": true, "measured": true, "status": "decode_step", "step": 111, "wall_ms": 355.89057533070445}
{"argmax": 37419, "components": {"attention_block_ms": 0.0, "cache_append_ms": 0.0, "dense_attention_ms": 0.0, "host_to_gpu_ms": 0.0}, "cuda_ms": 356.41680908203125, "finite": true, "measured": true, "status": "decode_step", "step": 112, "wall_ms": 356.45095305517316}
{"argmax": 13, "components": {"attention_block_ms": 0.0, "cache_append_ms": 0.0, "dense_attention_ms": 0.0, "host_to_gpu_ms": 0.0}, "cuda_ms": 355.869384765625, "finite": true, "measured": true, "status": "decode_step", "step": 113, "wall_ms": 355.9087128378451}
{"argmax": 578, "components": {"attention_block_ms": 0.0, "cache_append_ms": 0.0, "dense_attention_ms": 0.0, "host_to_gpu_ms": 0.0}, "cuda_ms": 355.81201171875, "finite": true, "measured": true, "status": "decode_step", "step": 114, "wall_ms": 355.8493438176811}
{"argmax": 3388, "components": {"attention_block_ms": 0.0, "cache_append_ms": 0.0, "dense_attention_ms": 0.0, "host_to_gpu_ms": 0.0}, "cuda_ms": 355.804931640625, "finite": true, "measured": true, "status": "decode_step", "step": 115, "wall_ms": 355.841051787138}
{"argmax": 374, "components": {"attention_block_ms": 0.0, "cache_append_ms": 0.0, "dense_attention_ms": 0.0, "host_to_gpu_ms": 0.0}, "cuda_ms": 355.8587646484375, "finite": true, "measured": true, "status": "decode_step", "step": 116, "wall_ms": 355.90617917478085}
{"argmax": 264, "components": {"attention_block_ms": 0.0, "cache_append_ms": 0.0, "dense_attention_ms": 0.0, "host_to_gpu_ms": 0.0}, "cuda_ms": 355.869140625, "finite": true, "measured": true, "status": "decode_step", "step": 117, "wall_ms": 355.9054979123175}
{"argmax": 6677, "components": {"attention_block_ms": 0.0, "cache_append_ms": 0.0, "dense_attention_ms": 0.0, "host_to_gpu_ms": 0.0}, "cuda_ms": 355.81597900390625, "finite": true, "measured": true, "status": "decode_step", "step": 118, "wall_ms": 355.85171822458506}
{"argmax": 323, "components": {"attention_block_ms": 0.0, "cache_append_ms": 0.0, "dense_attention_ms": 0.0, "host_to_gpu_ms": 0.0}, "cuda_ms": 355.9090576171875, "finite": true, "measured": true, "status": "decode_step", "step": 119, "wall_ms": 355.9447769075632}
{"argmax": 4236, "components": {"attention_block_ms": 0.0, "cache_append_ms": 0.0, "dense_attention_ms": 0.0, "host_to_gpu_ms": 0.0}, "cuda_ms": 355.8474426269531, "finite": true, "measured": true, "status": "decode_step", "step": 120, "wall_ms": 355.8829240500927}
{"argmax": 287, "components": {"attention_block_ms": 0.0, "cache_append_ms": 0.0, "dense_attention_ms": 0.0, "host_to_gpu_ms": 0.0}, "cuda_ms": 355.8570556640625, "finite": true, "measured": true, "status": "decode_step", "step": 121, "wall_ms": 355.8936300687492}
{"argmax": 11, "components": {"attention_block_ms": 0.0, "cache_append_ms": 0.0, "dense_attention_ms": 0.0, "host_to_gpu_ms": 0.0}, "cuda_ms": 355.861572265625, "finite": true, "measured": true, "status": "decode_step", "step": 122, "wall_ms": 355.8971448801458}
{"argmax": 279, "components": {"attention_block_ms": 0.0, "cache_append_ms": 0.0, "dense_attention_ms": 0.0, "host_to_gpu_ms": 0.0}, "cuda_ms": 355.86383056640625, "finite": true, "measured": true, "status": "decode_step", "step": 123, "wall_ms": 355.9001898393035}
{"argmax": 33184, "components": {"attention_block_ms": 0.0, "cache_append_ms": 0.0, "dense_attention_ms": 0.0, "host_to_gpu_ms": 0.0}, "cuda_ms": 355.8553466796875, "finite": true, "measured": true, "status": "decode_step", "step": 124, "wall_ms": 355.89113598689437}
{"argmax": 7471, "components": {"attention_block_ms": 0.0, "cache_append_ms": 0.0, "dense_attention_ms": 0.0, "host_to_gpu_ms": 0.0}, "cuda_ms": 355.8902893066406, "finite": true, "measured": true, "status": "decode_step", "step": 125, "wall_ms": 355.9188381768763}
{"argmax": 8830, "components": {"attention_block_ms": 0.0, "cache_append_ms": 0.0, "dense_attention_ms": 0.0, "host_to_gpu_ms": 0.0}, "cuda_ms": 355.82476806640625, "finite": true, "measured": true, "status": "decode_step", "step": 126, "wall_ms": 355.86046101525426}
{"argmax": 279, "components": {"attention_block_ms": 0.0, "cache_append_ms": 0.0, "dense_attention_ms": 0.0, "host_to_gpu_ms": 0.0}, "cuda_ms": 355.8534851074219, "finite": true, "measured": true, "status": "decode_step", "step": 127, "wall_ms": 355.8881217613816}
{"argmax": 3388, "components": {"attention_block_ms": 0.0, "cache_append_ms": 0.0, "dense_attention_ms": 0.0, "host_to_gpu_ms": 0.0}, "cuda_ms": 355.800537109375, "finite": true, "measured": true, "status": "decode_step", "step": 128, "wall_ms": 355.83603428676724}
{"argmax": 369, "components": {"attention_block_ms": 0.0, "cache_append_ms": 0.0, "dense_attention_ms": 0.0, "host_to_gpu_ms": 0.0}, "cuda_ms": 355.8089904785156, "finite": true, "measured": true, "status": "decode_step", "step": 129, "wall_ms": 355.84432585164905}
{"argmax": 37419, "components": {"attention_block_ms": 0.0, "cache_append_ms": 0.0, "dense_attention_ms": 0.0, "host_to_gpu_ms": 0.0}, "cuda_ms": 355.844482421875, "finite": true, "measured": true, "status": "decode_step", "step": 130, "wall_ms": 355.87270790711045}
{"argmax": 6373, "components": {"attention_block_ms": 0.0, "cache_append_ms": 0.0, "dense_attention_ms": 0.0, "host_to_gpu_ms": 0.0}, "cuda_ms": 355.8637390136719, "finite": true, "measured": true, "status": "decode_step", "step": 131, "wall_ms": 355.89294927194715}
{"argmax": 11, "components": {"attention_block_ms": 0.0, "cache_append_ms": 0.0, "dense_attention_ms": 0.0, "host_to_gpu_ms": 0.0}, "cuda_ms": 355.8454284667969, "finite": true, "measured": true, "status": "decode_step", "step": 132, "wall_ms": 355.8794888667762}
{"argmax": 6020, "components": {"attention_block_ms": 0.0, "cache_append_ms": 0.0, "dense_attention_ms": 0.0, "host_to_gpu_ms": 0.0}, "cuda_ms": 355.8797302246094, "finite": true, "measured": true, "status": "decode_step", "step": 133, "wall_ms": 355.915532913059}
{"argmax": 24043, "components": {"attention_block_ms": 0.0, "cache_append_ms": 0.0, "dense_attention_ms": 0.0, "host_to_gpu_ms": 0.0}, "cuda_ms": 355.8409423828125, "finite": true, "measured": true, "status": "decode_step", "step": 134, "wall_ms": 355.87609373033047}
{"argmax": 13, "components": {"attention_block_ms": 0.0, "cache_append_ms": 0.0, "dense_attention_ms": 0.0, "host_to_gpu_ms": 0.0}, "cuda_ms": 355.90325927734375, "finite": true, "measured": true, "status": "decode_step", "step": 135, "wall_ms": 355.9390180744231}
{"argmax": 578, "components": {"attention_block_ms": 0.0, "cache_append_ms": 0.0, "dense_attention_ms": 0.0, "host_to_gpu_ms": 0.0}, "cuda_ms": 355.85919189453125, "finite": true, "measured": true, "status": "decode_step", "step": 136, "wall_ms": 355.89335998520255}
{"argmax": 311, "components": {"attention_block_ms": 0.0, "cache_append_ms": 0.0, "dense_attention_ms": 0.0, "host_to_gpu_ms": 0.0}, "cuda_ms": 355.83843994140625, "finite": true, "measured": true, "status": "decode_step", "step": 137, "wall_ms": 355.87379010394216}
{"argmax": 19816, "components": {"attention_block_ms": 0.0, "cache_append_ms": 0.0, "dense_attention_ms": 0.0, "host_to_gpu_ms": 0.0}, "cuda_ms": 355.8680114746094, "finite": true, "measured": true, "status": "decode_step", "step": 138, "wall_ms": 355.9050769545138}
{"argmax": 468, "components": {"attention_block_ms": 0.0, "cache_append_ms": 0.0, "dense_attention_ms": 0.0, "host_to_gpu_ms": 0.0}, "cuda_ms": 355.9056091308594, "finite": true, "measured": true, "status": "decode_step", "step": 139, "wall_ms": 355.9472803026438}
{"argmax": 13, "components": {"attention_block_ms": 0.0, "cache_append_ms": 0.0, "dense_attention_ms": 0.0, "host_to_gpu_ms": 0.0}, "cuda_ms": 355.8255310058594, "finite": true, "measured": true, "status": "decode_step", "step": 140, "wall_ms": 355.8642161078751}
{"argmax": 2947, "components": {"attention_block_ms": 0.0, "cache_append_ms": 0.0, "dense_attention_ms": 0.0, "host_to_gpu_ms": 0.0}, "cuda_ms": 355.84375, "finite": true, "measured": true, "status": "decode_step", "step": 141, "wall_ms": 355.8797989971936}
{"argmax": 8536, "components": {"attention_block_ms": 0.0, "cache_append_ms": 0.0, "dense_attention_ms": 0.0, "host_to_gpu_ms": 0.0}, "cuda_ms": 355.8374938964844, "finite": true, "measured": true, "status": "decode_step", "step": 142, "wall_ms": 355.8727288618684}
{"argmax": 6150, "components": {"attention_block_ms": 0.0, "cache_append_ms": 0.0, "dense_attention_ms": 0.0, "host_to_gpu_ms": 0.0}, "cuda_ms": 355.8174133300781, "finite": true, "measured": true, "status": "decode_step", "step": 143, "wall_ms": 355.8527189306915}
{"decode_cuda_median_ms": 355.8767852783203, "decode_wall_median_ms": 355.9168544597924, "result": "results/system_benchmarks/tp1_dense_full_v6/formal_dense_offload_t65536_r0/benchmark.json", "status": "complete", "validated_layers": 0}
