status=running
{"context": 32768, "gpu": "NVIDIA L40S", "measure_steps": 128, "profile_components": false, "status": "starting", "storage": "offload", "warmup_steps": 16}
{"allocated_gib": 15.083200454711914, "exact_kv_gib": 4.017578125, "gpu_staging_gib": 0.12554931640625, "host_exact_kv_gib": 4.017578125, "status": "model_ready"}
{"peak_allocated_gib": 16.982004165649414, "prefill_ms": 4859.7099609375, "status": "prefill_complete"}
{"argmax": 11, "components": {"attention_block_ms": 0.0, "cache_append_ms": 0.0, "dense_attention_ms": 0.0, "host_to_gpu_ms": 0.0}, "cuda_ms": 250.11001586914062, "finite": true, "measured": false, "status": "decode_step", "step": 0, "wall_ms": 250.1392951235175}
{"argmax": 396, "components": {"attention_block_ms": 0.0, "cache_append_ms": 0.0, "dense_attention_ms": 0.0, "host_to_gpu_ms": 0.0}, "cuda_ms": 194.12611389160156, "finite": true, "measured": false, "status": "decode_step", "step": 1, "wall_ms": 194.15843719616532}
{"argmax": 21293, "components": {"attention_block_ms": 0.0, "cache_append_ms": 0.0, "dense_attention_ms": 0.0, "host_to_gpu_ms": 0.0}, "cuda_ms": 194.10018920898438, "finite": true, "measured": false, "status": "decode_step", "step": 2, "wall_ms": 194.13344003260136}
{"argmax": 220, "components": {"attention_block_ms": 0.0, "cache_append_ms": 0.0, "dense_attention_ms": 0.0, "host_to_gpu_ms": 0.0}, "cuda_ms": 194.12550354003906, "finite": true, "measured": false, "status": "decode_step", "step": 3, "wall_ms": 194.16911294683814}
{"argmax": 11, "components": {"attention_block_ms": 0.0, "cache_append_ms": 0.0, "dense_attention_ms": 0.0, "host_to_gpu_ms": 0.0}, "cuda_ms": 194.10986328125, "finite": true, "measured": false, "status": "decode_step", "step": 4, "wall_ms": 194.14547784253955}
{"argmax": 315, "components": {"attention_block_ms": 0.0, "cache_append_ms": 0.0, "dense_attention_ms": 0.0, "host_to_gpu_ms": 0.0}, "cuda_ms": 194.13772583007812, "finite": true, "measured": false, "status": "decode_step", "step": 5, "wall_ms": 194.1756634041667}
{"argmax": 7658, "components": {"attention_block_ms": 0.0, "cache_append_ms": 0.0, "dense_attention_ms": 0.0, "host_to_gpu_ms": 0.0}, "cuda_ms": 194.08901977539062, "finite": true, "measured": false, "status": "decode_step", "step": 6, "wall_ms": 194.12487698718905}
{"argmax": 323, "components": {"attention_block_ms": 0.0, "cache_append_ms": 0.0, "dense_attention_ms": 0.0, "host_to_gpu_ms": 0.0}, "cuda_ms": 194.12290954589844, "finite": true, "measured": false, "status": "decode_step", "step": 7, "wall_ms": 194.1519072279334}
{"argmax": 7327, "components": {"attention_block_ms": 0.0, "cache_append_ms": 0.0, "dense_attention_ms": 0.0, "host_to_gpu_ms": 0.0}, "cuda_ms": 194.09776306152344, "finite": true, "measured": false, "status": "decode_step", "step": 8, "wall_ms": 194.1360840573907}
{"argmax": 23298, "components": {"attention_block_ms": 0.0, "cache_append_ms": 0.0, "dense_attention_ms": 0.0, "host_to_gpu_ms": 0.0}, "cuda_ms": 194.116455078125, "finite": true, "measured": false, "status": "decode_step", "step": 9, "wall_ms": 194.14708018302917}
{"argmax": 11, "components": {"attention_block_ms": 0.0, "cache_append_ms": 0.0, "dense_attention_ms": 0.0, "host_to_gpu_ms": 0.0}, "cuda_ms": 194.07916259765625, "finite": true, "measured": false, "status": "decode_step", "step": 10, "wall_ms": 194.10934392362833}
{"argmax": 11, "components": {"attention_block_ms": 0.0, "cache_append_ms": 0.0, "dense_attention_ms": 0.0, "host_to_gpu_ms": 0.0}, "cuda_ms": 194.14854431152344, "finite": true, "measured": false, "status": "decode_step", "step": 11, "wall_ms": 194.18496685102582}
{"argmax": 323, "components": {"attention_block_ms": 0.0, "cache_append_ms": 0.0, "dense_attention_ms": 0.0, "host_to_gpu_ms": 0.0}, "cuda_ms": 194.07632446289062, "finite": true, "measured": false, "status": "decode_step", "step": 12, "wall_ms": 194.10675996914506}
{"argmax": 527, "components": {"attention_block_ms": 0.0, "cache_append_ms": 0.0, "dense_attention_ms": 0.0, "host_to_gpu_ms": 0.0}, "cuda_ms": 194.03427124023438, "finite": true, "measured": false, "status": "decode_step", "step": 13, "wall_ms": 194.06286487355828}
{"argmax": 264, "components": {"attention_block_ms": 0.0, "cache_append_ms": 0.0, "dense_attention_ms": 0.0, "host_to_gpu_ms": 0.0}, "cuda_ms": 194.0997772216797, "finite": true, "measured": false, "status": "decode_step", "step": 14, "wall_ms": 194.18859295547009}
{"argmax": 8536, "components": {"attention_block_ms": 0.0, "cache_append_ms": 0.0, "dense_attention_ms": 0.0, "host_to_gpu_ms": 0.0}, "cuda_ms": 194.57907104492188, "finite": true, "measured": false, "status": "decode_step", "step": 15, "wall_ms": 194.60695795714855}
{"argmax": 13537, "components": {"attention_block_ms": 0.0, "cache_append_ms": 0.0, "dense_attention_ms": 0.0, "host_to_gpu_ms": 0.0}, "cuda_ms": 194.06150817871094, "finite": true, "measured": true, "status": "decode_step", "step": 16, "wall_ms": 194.09758737310767}
{"argmax": 13537, "components": {"attention_block_ms": 0.0, "cache_append_ms": 0.0, "dense_attention_ms": 0.0, "host_to_gpu_ms": 0.0}, "cuda_ms": 194.1031036376953, "finite": true, "measured": true, "status": "decode_step", "step": 17, "wall_ms": 194.1359443590045}
{"argmax": 13, "components": {"attention_block_ms": 0.0, "cache_append_ms": 0.0, "dense_attention_ms": 0.0, "host_to_gpu_ms": 0.0}, "cuda_ms": 194.095458984375, "finite": true, "measured": true, "status": "decode_step", "step": 18, "wall_ms": 194.13125701248646}
{"argmax": 791, "components": {"attention_block_ms": 0.0, "cache_append_ms": 0.0, "dense_attention_ms": 0.0, "host_to_gpu_ms": 0.0}, "cuda_ms": 194.10435485839844, "finite": true, "measured": true, "status": "decode_step", "step": 19, "wall_ms": 194.13747685030103}
{"argmax": 374, "components": {"attention_block_ms": 0.0, "cache_append_ms": 0.0, "dense_attention_ms": 0.0, "host_to_gpu_ms": 0.0}, "cuda_ms": 194.09202575683594, "finite": true, "measured": true, "status": "decode_step", "step": 20, "wall_ms": 194.12810169160366}
{"argmax": 374, "components": {"attention_block_ms": 0.0, "cache_append_ms": 0.0, "dense_attention_ms": 0.0, "host_to_gpu_ms": 0.0}, "cuda_ms": 194.1148223876953, "finite": true, "measured": true, "status": "decode_step", "step": 21, "wall_ms": 194.14840266108513}
{"argmax": 279, "components": {"attention_block_ms": 0.0, "cache_append_ms": 0.0, "dense_attention_ms": 0.0, "host_to_gpu_ms": 0.0}, "cuda_ms": 194.0721893310547, "finite": true, "measured": true, "status": "decode_step", "step": 22, "wall_ms": 194.10493690520525}
{"argmax": 3560, "components": {"attention_block_ms": 0.0, "cache_append_ms": 0.0, "dense_attention_ms": 0.0, "host_to_gpu_ms": 0.0}, "cuda_ms": 194.07379150390625, "finite": true, "measured": true, "status": "decode_step", "step": 23, "wall_ms": 194.11128666251898}
{"argmax": 323, "components": {"attention_block_ms": 0.0, "cache_append_ms": 0.0, "dense_attention_ms": 0.0, "host_to_gpu_ms": 0.0}, "cuda_ms": 194.3612518310547, "finite": true, "measured": true, "status": "decode_step", "step": 24, "wall_ms": 194.39508067443967}
{"argmax": 26411, "components": {"attention_block_ms": 0.0, "cache_append_ms": 0.0, "dense_attention_ms": 0.0, "host_to_gpu_ms": 0.0}, "cuda_ms": 194.08377075195312, "finite": true, "measured": true, "status": "decode_step", "step": 25, "wall_ms": 194.112669210881}
{"argmax": 1511, "components": {"attention_block_ms": 0.0, "cache_append_ms": 0.0, "dense_attention_ms": 0.0, "host_to_gpu_ms": 0.0}, "cuda_ms": 194.07327270507812, "finite": true, "measured": true, "status": "decode_step", "step": 26, "wall_ms": 194.1067799925804}
{"argmax": 6968, "components": {"attention_block_ms": 0.0, "cache_append_ms": 0.0, "dense_attention_ms": 0.0, "host_to_gpu_ms": 0.0}, "cuda_ms": 194.0564422607422, "finite": true, "measured": true, "status": "decode_step", "step": 27, "wall_ms": 194.07995976507664}
{"argmax": 323, "components": {"attention_block_ms": 0.0, "cache_append_ms": 0.0, "dense_attention_ms": 0.0, "host_to_gpu_ms": 0.0}, "cuda_ms": 194.06320190429688, "finite": true, "measured": true, "status": "decode_step", "step": 28, "wall_ms": 194.09019500017166}
{"argmax": 1862, "components": {"attention_block_ms": 0.0, "cache_append_ms": 0.0, "dense_attention_ms": 0.0, "host_to_gpu_ms": 0.0}, "cuda_ms": 194.1005096435547, "finite": true, "measured": true, "status": "decode_step", "step": 29, "wall_ms": 194.1347410902381}
{"argmax": 91605, "components": {"attention_block_ms": 0.0, "cache_append_ms": 0.0, "dense_attention_ms": 0.0, "host_to_gpu_ms": 0.0}, "cuda_ms": 194.12156677246094, "finite": true, "measured": true, "status": "decode_step", "step": 30, "wall_ms": 194.15024481713772}
{"argmax": 11006, "components": {"attention_block_ms": 0.0, "cache_append_ms": 0.0, "dense_attention_ms": 0.0, "host_to_gpu_ms": 0.0}, "cuda_ms": 194.13880920410156, "finite": true, "measured": true, "status": "decode_step", "step": 31, "wall_ms": 194.18511725962162}
{"argmax": 369, "components": {"attention_block_ms": 0.0, "cache_append_ms": 0.0, "dense_attention_ms": 0.0, "host_to_gpu_ms": 0.0}, "cuda_ms": 194.1274871826172, "finite": true, "measured": true, "status": "decode_step", "step": 32, "wall_ms": 194.19060600921512}
{"argmax": 279, "components": {"attention_block_ms": 0.0, "cache_append_ms": 0.0, "dense_attention_ms": 0.0, "host_to_gpu_ms": 0.0}, "cuda_ms": 194.3170928955078, "finite": true, "measured": true, "status": "decode_step", "step": 33, "wall_ms": 194.35037393122911}
{"argmax": 19071, "components": {"attention_block_ms": 0.0, "cache_append_ms": 0.0, "dense_attention_ms": 0.0, "host_to_gpu_ms": 0.0}, "cuda_ms": 194.0806121826172, "finite": true, "measured": true, "status": "decode_step", "step": 34, "wall_ms": 194.10809222608805}
{"argmax": 11351, "components": {"attention_block_ms": 0.0, "cache_append_ms": 0.0, "dense_attention_ms": 0.0, "host_to_gpu_ms": 0.0}, "cuda_ms": 194.07171630859375, "finite": true, "measured": true, "status": "decode_step", "step": 35, "wall_ms": 194.1049569286406}
{"argmax": 13, "components": {"attention_block_ms": 0.0, "cache_append_ms": 0.0, "dense_attention_ms": 0.0, "host_to_gpu_ms": 0.0}, "cuda_ms": 194.10557556152344, "finite": true, "measured": true, "status": "decode_step", "step": 36, "wall_ms": 194.135753903538}
{"argmax": 20783, "components": {"attention_block_ms": 0.0, "cache_append_ms": 0.0, "dense_attention_ms": 0.0, "host_to_gpu_ms": 0.0}, "cuda_ms": 194.07192993164062, "finite": true, "measured": true, "status": "decode_step", "step": 37, "wall_ms": 194.09963907673955}
{"argmax": 3388, "components": {"attention_block_ms": 0.0, "cache_append_ms": 0.0, "dense_attention_ms": 0.0, "host_to_gpu_ms": 0.0}, "cuda_ms": 194.07289123535156, "finite": true, "measured": true, "status": "decode_step", "step": 38, "wall_ms": 194.1193686798215}
{"argmax": 14861, "components": {"attention_block_ms": 0.0, "cache_append_ms": 0.0, "dense_attention_ms": 0.0, "host_to_gpu_ms": 0.0}, "cuda_ms": 194.0866241455078, "finite": true, "measured": true, "status": "decode_step", "step": 39, "wall_ms": 194.11705480888486}
{"argmax": 389, "components": {"attention_block_ms": 0.0, "cache_append_ms": 0.0, "dense_attention_ms": 0.0, "host_to_gpu_ms": 0.0}, "cuda_ms": 194.13424682617188, "finite": true, "measured": true, "status": "decode_step", "step": 40, "wall_ms": 194.16400510817766}
{"argmax": 279, "components": {"attention_block_ms": 0.0, "cache_append_ms": 0.0, "dense_attention_ms": 0.0, "host_to_gpu_ms": 0.0}, "cuda_ms": 194.10015869140625, "finite": true, "measured": true, "status": "decode_step", "step": 41, "wall_ms": 194.12985537201166}
{"argmax": 3560, "components": {"attention_block_ms": 0.0, "cache_append_ms": 0.0, "dense_attention_ms": 0.0, "host_to_gpu_ms": 0.0}, "cuda_ms": 194.09561157226562, "finite": true, "measured": true, "status": "decode_step", "step": 42, "wall_ms": 194.12800204008818}
{"argmax": 315, "components": {"attention_block_ms": 0.0, "cache_append_ms": 0.0, "dense_attention_ms": 0.0, "host_to_gpu_ms": 0.0}, "cuda_ms": 194.7109832763672, "finite": true, "measured": true, "status": "decode_step", "step": 43, "wall_ms": 194.74155921489}
{"argmax": 37419, "components": {"attention_block_ms": 0.0, "cache_append_ms": 0.0, "dense_attention_ms": 0.0, "host_to_gpu_ms": 0.0}, "cuda_ms": 194.16029357910156, "finite": true, "measured": true, "status": "decode_step", "step": 44, "wall_ms": 194.19732503592968}
{"argmax": 11335, "components": {"attention_block_ms": 0.0, "cache_append_ms": 0.0, "dense_attention_ms": 0.0, "host_to_gpu_ms": 0.0}, "cuda_ms": 194.43923950195312, "finite": true, "measured": true, "status": "decode_step", "step": 45, "wall_ms": 194.47036366909742}
{"argmax": 304, "components": {"attention_block_ms": 0.0, "cache_append_ms": 0.0, "dense_attention_ms": 0.0, "host_to_gpu_ms": 0.0}, "cuda_ms": 194.30201721191406, "finite": true, "measured": true, "status": "decode_step", "step": 46, "wall_ms": 194.3328082561493}
{"argmax": 279, "components": {"attention_block_ms": 0.0, "cache_append_ms": 0.0, "dense_attention_ms": 0.0, "host_to_gpu_ms": 0.0}, "cuda_ms": 194.34835815429688, "finite": true, "measured": true, "status": "decode_step", "step": 47, "wall_ms": 194.38010919839144}
{"argmax": 8244, "components": {"attention_block_ms": 0.0, "cache_append_ms": 0.0, "dense_attention_ms": 0.0, "host_to_gpu_ms": 0.0}, "cuda_ms": 194.36029052734375, "finite": true, "measured": true, "status": "decode_step", "step": 48, "wall_ms": 194.39611304551363}
{"argmax": 315, "components": {"attention_block_ms": 0.0, "cache_append_ms": 0.0, "dense_attention_ms": 0.0, "host_to_gpu_ms": 0.0}, "cuda_ms": 194.3158416748047, "finite": true, "measured": true, "status": "decode_step", "step": 49, "wall_ms": 194.3479599431157}
{"argmax": 33184, "components": {"attention_block_ms": 0.0, "cache_append_ms": 0.0, "dense_attention_ms": 0.0, "host_to_gpu_ms": 0.0}, "cuda_ms": 194.11949157714844, "finite": true, "measured": true, "status": "decode_step", "step": 50, "wall_ms": 194.15254890918732}
{"argmax": 33184, "components": {"attention_block_ms": 0.0, "cache_append_ms": 0.0, "dense_attention_ms": 0.0, "host_to_gpu_ms": 0.0}, "cuda_ms": 194.0689239501953, "finite": true, "measured": true, "status": "decode_step", "step": 51, "wall_ms": 194.09976992756128}
{"argmax": 10706, "components": {"attention_block_ms": 0.0, "cache_append_ms": 0.0, "dense_attention_ms": 0.0, "host_to_gpu_ms": 0.0}, "cuda_ms": 194.03744506835938, "finite": true, "measured": true, "status": "decode_step", "step": 52, "wall_ms": 194.07048588618636}
{"argmax": 323, "components": {"attention_block_ms": 0.0, "cache_append_ms": 0.0, "dense_attention_ms": 0.0, "host_to_gpu_ms": 0.0}, "cuda_ms": 194.10086059570312, "finite": true, "measured": true, "status": "decode_step", "step": 53, "wall_ms": 194.1319778561592}
{"argmax": 279, "components": {"attention_block_ms": 0.0, "cache_append_ms": 0.0, "dense_attention_ms": 0.0, "host_to_gpu_ms": 0.0}, "cuda_ms": 194.03977966308594, "finite": true, "measured": true, "status": "decode_step", "step": 54, "wall_ms": 194.0694241784513}
{"argmax": 5133, "components": {"attention_block_ms": 0.0, "cache_append_ms": 0.0, "dense_attention_ms": 0.0, "host_to_gpu_ms": 0.0}, "cuda_ms": 194.11228942871094, "finite": true, "measured": true, "status": "decode_step", "step": 55, "wall_ms": 194.14232298731804}
{"argmax": 311, "components": {"attention_block_ms": 0.0, "cache_append_ms": 0.0, "dense_attention_ms": 0.0, "host_to_gpu_ms": 0.0}, "cuda_ms": 194.10438537597656, "finite": true, "measured": true, "status": "decode_step", "step": 56, "wall_ms": 194.13488171994686}
{"argmax": 279, "components": {"attention_block_ms": 0.0, "cache_append_ms": 0.0, "dense_attention_ms": 0.0, "host_to_gpu_ms": 0.0}, "cuda_ms": 194.10191345214844, "finite": true, "measured": true, "status": "decode_step", "step": 57, "wall_ms": 194.13290871307254}
{"argmax": 323, "components": {"attention_block_ms": 0.0, "cache_append_ms": 0.0, "dense_attention_ms": 0.0, "host_to_gpu_ms": 0.0}, "cuda_ms": 194.13491821289062, "finite": true, "measured": true, "status": "decode_step", "step": 58, "wall_ms": 194.20621870085597}
{"argmax": 323, "components": {"attention_block_ms": 0.0, "cache_append_ms": 0.0, "dense_attention_ms": 0.0, "host_to_gpu_ms": 0.0}, "cuda_ms": 194.65142822265625, "finite": true, "measured": true, "status": "decode_step", "step": 59, "wall_ms": 194.68348193913698}
{"argmax": 41582, "components": {"attention_block_ms": 0.0, "cache_append_ms": 0.0, "dense_attention_ms": 0.0, "host_to_gpu_ms": 0.0}, "cuda_ms": 194.072509765625, "finite": true, "measured": true, "status": "decode_step", "step": 60, "wall_ms": 194.1045168787241}
{"argmax": 11, "components": {"attention_block_ms": 0.0, "cache_append_ms": 0.0, "dense_attention_ms": 0.0, "host_to_gpu_ms": 0.0}, "cuda_ms": 194.11541748046875, "finite": true, "measured": true, "status": "decode_step", "step": 61, "wall_ms": 194.14713000878692}
{"argmax": 323, "components": {"attention_block_ms": 0.0, "cache_append_ms": 0.0, "dense_attention_ms": 0.0, "host_to_gpu_ms": 0.0}, "cuda_ms": 194.06317138671875, "finite": true, "measured": true, "status": "decode_step", "step": 62, "wall_ms": 194.100190885365}
{"argmax": 3927, "components": {"attention_block_ms": 0.0, "cache_append_ms": 0.0, "dense_attention_ms": 0.0, "host_to_gpu_ms": 0.0}, "cuda_ms": 194.11903381347656, "finite": true, "measured": true, "status": "decode_step", "step": 63, "wall_ms": 194.15861694142222}
{"argmax": 11006, "components": {"attention_block_ms": 0.0, "cache_append_ms": 0.0, "dense_attention_ms": 0.0, "host_to_gpu_ms": 0.0}, "cuda_ms": 194.12509155273438, "finite": true, "measured": true, "status": "decode_step", "step": 64, "wall_ms": 194.15836688131094}
{"argmax": 5315, "components": {"attention_block_ms": 0.0, "cache_append_ms": 0.0, "dense_attention_ms": 0.0, "host_to_gpu_ms": 0.0}, "cuda_ms": 194.13868713378906, "finite": true, "measured": true, "status": "decode_step", "step": 65, "wall_ms": 194.17530205100775}
{"argmax": 519, "components": {"attention_block_ms": 0.0, "cache_append_ms": 0.0, "dense_attention_ms": 0.0, "host_to_gpu_ms": 0.0}, "cuda_ms": 194.10269165039062, "finite": true, "measured": true, "status": "decode_step", "step": 66, "wall_ms": 194.13499301299453}
{"argmax": 1105, "components": {"attention_block_ms": 0.0, "cache_append_ms": 0.0, "dense_attention_ms": 0.0, "host_to_gpu_ms": 0.0}, "cuda_ms": 194.0828857421875, "finite": true, "measured": true, "status": "decode_step", "step": 67, "wall_ms": 194.14265360683203}
{"argmax": 11351, "components": {"attention_block_ms": 0.0, "cache_append_ms": 0.0, "dense_attention_ms": 0.0, "host_to_gpu_ms": 0.0}, "cuda_ms": 194.23577880859375, "finite": true, "measured": true, "status": "decode_step", "step": 68, "wall_ms": 194.26743034273386}
{"argmax": 627, "components": {"attention_block_ms": 0.0, "cache_append_ms": 0.0, "dense_attention_ms": 0.0, "host_to_gpu_ms": 0.0}, "cuda_ms": 194.14547729492188, "finite": true, "measured": true, "status": "decode_step", "step": 69, "wall_ms": 194.18649887666106}
{"argmax": 20783, "components": {"attention_block_ms": 0.0, "cache_append_ms": 0.0, "dense_attention_ms": 0.0, "host_to_gpu_ms": 0.0}, "cuda_ms": 194.10067749023438, "finite": true, "measured": true, "status": "decode_step", "step": 70, "wall_ms": 194.13580419495702}
{"argmax": 311, "components": {"attention_block_ms": 0.0, "cache_append_ms": 0.0, "dense_attention_ms": 0.0, "host_to_gpu_ms": 0.0}, "cuda_ms": 194.08224487304688, "finite": true, "measured": true, "status": "decode_step", "step": 71, "wall_ms": 194.11960896104574}
{"argmax": 19560, "components": {"attention_block_ms": 0.0, "cache_append_ms": 0.0, "dense_attention_ms": 0.0, "host_to_gpu_ms": 0.0}, "cuda_ms": 194.1131591796875, "finite": true, "measured": true, "status": "decode_step", "step": 72, "wall_ms": 194.14768228307366}
{"argmax": 468, "components": {"attention_block_ms": 0.0, "cache_append_ms": 0.0, "dense_attention_ms": 0.0, "host_to_gpu_ms": 0.0}, "cuda_ms": 194.08192443847656, "finite": true, "measured": true, "status": "decode_step", "step": 73, "wall_ms": 194.1203409805894}
{"argmax": 13, "components": {"attention_block_ms": 0.0, "cache_append_ms": 0.0, "dense_attention_ms": 0.0, "host_to_gpu_ms": 0.0}, "cuda_ms": 194.157958984375, "finite": true, "measured": true, "status": "decode_step", "step": 74, "wall_ms": 194.19126585125923}
{"argmax": 2947, "components": {"attention_block_ms": 0.0, "cache_append_ms": 0.0, "dense_attention_ms": 0.0, "host_to_gpu_ms": 0.0}, "cuda_ms": 194.09884643554688, "finite": true, "measured": true, "status": "decode_step", "step": 75, "wall_ms": 194.13184700533748}
{"argmax": 8536, "components": {"attention_block_ms": 0.0, "cache_append_ms": 0.0, "dense_attention_ms": 0.0, "host_to_gpu_ms": 0.0}, "cuda_ms": 194.12173461914062, "finite": true, "measured": true, "status": "decode_step", "step": 76, "wall_ms": 194.15476080030203}
{"argmax": 6150, "components": {"attention_block_ms": 0.0, "cache_append_ms": 0.0, "dense_attention_ms": 0.0, "host_to_gpu_ms": 0.0}, "cuda_ms": 194.11500549316406, "finite": true, "measured": true, "status": "decode_step", "step": 77, "wall_ms": 194.14588809013367}
{"argmax": 315, "components": {"attention_block_ms": 0.0, "cache_append_ms": 0.0, "dense_attention_ms": 0.0, "host_to_gpu_ms": 0.0}, "cuda_ms": 194.06463623046875, "finite": true, "measured": true, "status": "decode_step", "step": 78, "wall_ms": 194.09546302631497}
{"argmax": 3142, "components": {"attention_block_ms": 0.0, "cache_append_ms": 0.0, "dense_attention_ms": 0.0, "host_to_gpu_ms": 0.0}, "cuda_ms": 194.0749053955078, "finite": true, "measured": true, "status": "decode_step", "step": 79, "wall_ms": 194.10648988559842}
{"argmax": 323, "components": {"attention_block_ms": 0.0, "cache_append_ms": 0.0, "dense_attention_ms": 0.0, "host_to_gpu_ms": 0.0}, "cuda_ms": 194.07029724121094, "finite": true, "measured": true, "status": "decode_step", "step": 80, "wall_ms": 194.10468684509397}
{"argmax": 7327, "components": {"attention_block_ms": 0.0, "cache_append_ms": 0.0, "dense_attention_ms": 0.0, "host_to_gpu_ms": 0.0}, "cuda_ms": 194.12867736816406, "finite": true, "measured": true, "status": "decode_step", "step": 81, "wall_ms": 194.1612819209695}
{"argmax": 23298, "components": {"attention_block_ms": 0.0, "cache_append_ms": 0.0, "dense_attention_ms": 0.0, "host_to_gpu_ms": 0.0}, "cuda_ms": 194.0948486328125, "finite": true, "measured": true, "status": "decode_step", "step": 82, "wall_ms": 194.1273109987378}
{"argmax": 4236, "components": {"attention_block_ms": 0.0, "cache_append_ms": 0.0, "dense_attention_ms": 0.0, "host_to_gpu_ms": 0.0}, "cuda_ms": 194.084228515625, "finite": true, "measured": true, "status": "decode_step", "step": 83, "wall_ms": 194.1202897578478}
{"argmax": 26, "components": {"attention_block_ms": 0.0, "cache_append_ms": 0.0, "dense_attention_ms": 0.0, "host_to_gpu_ms": 0.0}, "cuda_ms": 194.10064697265625, "finite": true, "measured": true, "status": "decode_step", "step": 84, "wall_ms": 194.13243932649493}
{"argmax": 3885, "components": {"attention_block_ms": 0.0, "cache_append_ms": 0.0, "dense_attention_ms": 0.0, "host_to_gpu_ms": 0.0}, "cuda_ms": 194.10047912597656, "finite": true, "measured": true, "status": "decode_step", "step": 85, "wall_ms": 194.19120578095317}
{"argmax": 449, "components": {"attention_block_ms": 0.0, "cache_append_ms": 0.0, "dense_attention_ms": 0.0, "host_to_gpu_ms": 0.0}, "cuda_ms": 194.6525115966797, "finite": true, "measured": true, "status": "decode_step", "step": 86, "wall_ms": 194.68366168439388}
{"argmax": 2947, "components": {"attention_block_ms": 0.0, "cache_append_ms": 0.0, "dense_attention_ms": 0.0, "host_to_gpu_ms": 0.0}, "cuda_ms": 194.08677673339844, "finite": true, "measured": true, "status": "decode_step", "step": 87, "wall_ms": 194.11724573001266}
{"argmax": 8536, "components": {"attention_block_ms": 0.0, "cache_append_ms": 0.0, "dense_attention_ms": 0.0, "host_to_gpu_ms": 0.0}, "cuda_ms": 194.1538543701172, "finite": true, "measured": true, "status": "decode_step", "step": 88, "wall_ms": 194.1896742209792}
{"argmax": 6150, "components": {"attention_block_ms": 0.0, "cache_append_ms": 0.0, "dense_attention_ms": 0.0, "host_to_gpu_ms": 0.0}, "cuda_ms": 194.08685302734375, "finite": true, "measured": true, "status": "decode_step", "step": 89, "wall_ms": 194.11849789321423}
{"argmax": 8041, "components": {"attention_block_ms": 0.0, "cache_append_ms": 0.0, "dense_attention_ms": 0.0, "host_to_gpu_ms": 0.0}, "cuda_ms": 194.1281280517578, "finite": true, "measured": true, "status": "decode_step", "step": 90, "wall_ms": 194.16029984131455}
{"argmax": 627, "components": {"attention_block_ms": 0.0, "cache_append_ms": 0.0, "dense_attention_ms": 0.0, "host_to_gpu_ms": 0.0}, "cuda_ms": 194.1080322265625, "finite": true, "measured": true, "status": "decode_step", "step": 91, "wall_ms": 194.14150156080723}
{"argmax": 791, "components": {"attention_block_ms": 0.0, "cache_append_ms": 0.0, "dense_attention_ms": 0.0, "host_to_gpu_ms": 0.0}, "cuda_ms": 194.1312713623047, "finite": true, "measured": true, "status": "decode_step", "step": 92, "wall_ms": 194.1632740199566}
{"argmax": 3388, "components": {"attention_block_ms": 0.0, "cache_append_ms": 0.0, "dense_attention_ms": 0.0, "host_to_gpu_ms": 0.0}, "cuda_ms": 194.1763153076172, "finite": true, "measured": true, "status": "decode_step", "step": 93, "wall_ms": 194.20698937028646}
{"argmax": 49095, "components": {"attention_block_ms": 0.0, "cache_append_ms": 0.0, "dense_attention_ms": 0.0, "host_to_gpu_ms": 0.0}, "cuda_ms": 194.15023803710938, "finite": true, "measured": true, "status": "decode_step", "step": 94, "wall_ms": 194.19077597558498}
{"argmax": 459, "components": {"attention_block_ms": 0.0, "cache_append_ms": 0.0, "dense_attention_ms": 0.0, "host_to_gpu_ms": 0.0}, "cuda_ms": 194.1510009765625, "finite": true, "measured": true, "status": "decode_step", "step": 95, "wall_ms": 194.18352469801903}
{"argmax": 4236, "components": {"attention_block_ms": 0.0, "cache_append_ms": 0.0, "dense_attention_ms": 0.0, "host_to_gpu_ms": 0.0}, "cuda_ms": 194.1091766357422, "finite": true, "measured": true, "status": "decode_step", "step": 96, "wall_ms": 194.14637004956603}
{"argmax": 889, "components": {"attention_block_ms": 0.0, "cache_append_ms": 0.0, "dense_attention_ms": 0.0, "host_to_gpu_ms": 0.0}, "cuda_ms": 194.27728271484375, "finite": true, "measured": true, "status": "decode_step", "step": 97, "wall_ms": 194.3089822307229}
{"argmax": 10068, "components": {"attention_block_ms": 0.0, "cache_append_ms": 0.0, "dense_attention_ms": 0.0, "host_to_gpu_ms": 0.0}, "cuda_ms": 194.1438751220703, "finite": true, "measured": true, "status": "decode_step", "step": 98, "wall_ms": 194.1758538596332}
{"argmax": 9021, "components": {"attention_block_ms": 0.0, "cache_append_ms": 0.0, "dense_attention_ms": 0.0, "host_to_gpu_ms": 0.0}, "cuda_ms": 194.13973999023438, "finite": true, "measured": true, "status": "decode_step", "step": 99, "wall_ms": 194.1770762205124}
{"argmax": 374, "components": {"attention_block_ms": 0.0, "cache_append_ms": 0.0, "dense_attention_ms": 0.0, "host_to_gpu_ms": 0.0}, "cuda_ms": 194.14151000976562, "finite": true, "measured": true, "status": "decode_step", "step": 100, "wall_ms": 194.18330397456884}
{"argmax": 304, "components": {"attention_block_ms": 0.0, "cache_append_ms": 0.0, "dense_attention_ms": 0.0, "host_to_gpu_ms": 0.0}, "cuda_ms": 194.16726684570312, "finite": true, "measured": true, "status": "decode_step", "step": 101, "wall_ms": 194.19897720217705}
{"argmax": 2536, "components": {"attention_block_ms": 0.0, "cache_append_ms": 0.0, "dense_attention_ms": 0.0, "host_to_gpu_ms": 0.0}, "cuda_ms": 194.182373046875, "finite": true, "measured": true, "status": "decode_step", "step": 102, "wall_ms": 194.22443583607674}
{"argmax": 10706, "components": {"attention_block_ms": 0.0, "cache_append_ms": 0.0, "dense_attention_ms": 0.0, "host_to_gpu_ms": 0.0}, "cuda_ms": 194.1157684326172, "finite": true, "measured": true, "status": "decode_step", "step": 103, "wall_ms": 194.14614886045456}
{"argmax": 13, "components": {"attention_block_ms": 0.0, "cache_append_ms": 0.0, "dense_attention_ms": 0.0, "host_to_gpu_ms": 0.0}, "cuda_ms": 194.11509704589844, "finite": true, "measured": true, "status": "decode_step", "step": 104, "wall_ms": 194.14754072204232}
{"argmax": 889, "components": {"attention_block_ms": 0.0, "cache_append_ms": 0.0, "dense_attention_ms": 0.0, "host_to_gpu_ms": 0.0}, "cuda_ms": 194.14291381835938, "finite": true, "measured": true, "status": "decode_step", "step": 105, "wall_ms": 194.17696492746472}
{"argmax": 311, "components": {"attention_block_ms": 0.0, "cache_append_ms": 0.0, "dense_attention_ms": 0.0, "host_to_gpu_ms": 0.0}, "cuda_ms": 194.16563415527344, "finite": true, "measured": true, "status": "decode_step", "step": 106, "wall_ms": 194.1951122134924}
{"argmax": 387, "components": {"attention_block_ms": 0.0, "cache_append_ms": 0.0, "dense_attention_ms": 0.0, "host_to_gpu_ms": 0.0}, "cuda_ms": 194.17578125, "finite": true, "measured": true, "status": "decode_step", "step": 107, "wall_ms": 194.22561768442392}
{"argmax": 264, "components": {"attention_block_ms": 0.0, "cache_append_ms": 0.0, "dense_attention_ms": 0.0, "host_to_gpu_ms": 0.0}, "cuda_ms": 194.1386260986328, "finite": true, "measured": true, "status": "decode_step", "step": 108, "wall_ms": 194.17615421116352}
{"argmax": 6373, "components": {"attention_block_ms": 0.0, "cache_append_ms": 0.0, "dense_attention_ms": 0.0, "host_to_gpu_ms": 0.0}, "cuda_ms": 194.07717895507812, "finite": true, "measured": true, "status": "decode_step", "step": 109, "wall_ms": 194.1079618409276}
{"argmax": 10093, "components": {"attention_block_ms": 0.0, "cache_append_ms": 0.0, "dense_attention_ms": 0.0, "host_to_gpu_ms": 0.0}, "cuda_ms": 194.14227294921875, "finite": true, "measured": true, "status": "decode_step", "step": 110, "wall_ms": 194.173869676888}
{"argmax": 13, "components": {"attention_block_ms": 0.0, "cache_append_ms": 0.0, "dense_attention_ms": 0.0, "host_to_gpu_ms": 0.0}, "cuda_ms": 194.15338134765625, "finite": true, "measured": true, "status": "decode_step", "step": 111, "wall_ms": 194.18280385434628}
{"argmax": 37419, "components": {"attention_block_ms": 0.0, "cache_append_ms": 0.0, "dense_attention_ms": 0.0, "host_to_gpu_ms": 0.0}, "cuda_ms": 194.06063842773438, "finite": true, "measured": true, "status": "decode_step", "step": 112, "wall_ms": 194.09552309662104}
{"argmax": 13, "components": {"attention_block_ms": 0.0, "cache_append_ms": 0.0, "dense_attention_ms": 0.0, "host_to_gpu_ms": 0.0}, "cuda_ms": 194.11404418945312, "finite": true, "measured": true, "status": "decode_step", "step": 113, "wall_ms": 194.1536800004542}
{"argmax": 578, "components": {"attention_block_ms": 0.0, "cache_append_ms": 0.0, "dense_attention_ms": 0.0, "host_to_gpu_ms": 0.0}, "cuda_ms": 194.33065795898438, "finite": true, "measured": true, "status": "decode_step", "step": 114, "wall_ms": 194.37994807958603}
{"argmax": 3388, "components": {"attention_block_ms": 0.0, "cache_append_ms": 0.0, "dense_attention_ms": 0.0, "host_to_gpu_ms": 0.0}, "cuda_ms": 194.39305114746094, "finite": true, "measured": true, "status": "decode_step", "step": 115, "wall_ms": 194.42865066230297}
{"argmax": 690, "components": {"attention_block_ms": 0.0, "cache_append_ms": 0.0, "dense_attention_ms": 0.0, "host_to_gpu_ms": 0.0}, "cuda_ms": 194.36927795410156, "finite": true, "measured": true, "status": "decode_step", "step": 116, "wall_ms": 194.4055361673236}
{"argmax": 264, "components": {"attention_block_ms": 0.0, "cache_append_ms": 0.0, "dense_attention_ms": 0.0, "host_to_gpu_ms": 0.0}, "cuda_ms": 194.4231719970703, "finite": true, "measured": true, "status": "decode_step", "step": 117, "wall_ms": 194.45655308663845}
{"argmax": 6677, "components": {"attention_block_ms": 0.0, "cache_append_ms": 0.0, "dense_attention_ms": 0.0, "host_to_gpu_ms": 0.0}, "cuda_ms": 194.19580078125, "finite": true, "measured": true, "status": "decode_step", "step": 118, "wall_ms": 194.25130588933825}
{"argmax": 323, "components": {"attention_block_ms": 0.0, "cache_append_ms": 0.0, "dense_attention_ms": 0.0, "host_to_gpu_ms": 0.0}, "cuda_ms": 194.46768188476562, "finite": true, "measured": true, "status": "decode_step", "step": 119, "wall_ms": 194.55859623849392}
{"argmax": 33184, "components": {"attention_block_ms": 0.0, "cache_append_ms": 0.0, "dense_attention_ms": 0.0, "host_to_gpu_ms": 0.0}, "cuda_ms": 195.10073852539062, "finite": true, "measured": true, "status": "decode_step", "step": 120, "wall_ms": 195.13533730059862}
{"argmax": 287, "components": {"attention_block_ms": 0.0, "cache_append_ms": 0.0, "dense_attention_ms": 0.0, "host_to_gpu_ms": 0.0}, "cuda_ms": 194.19052124023438, "finite": true, "measured": true, "status": "decode_step", "step": 121, "wall_ms": 194.2299739457667}
{"argmax": 11, "components": {"attention_block_ms": 0.0, "cache_append_ms": 0.0, "dense_attention_ms": 0.0, "host_to_gpu_ms": 0.0}, "cuda_ms": 194.39187622070312, "finite": true, "measured": true, "status": "decode_step", "step": 122, "wall_ms": 194.43341810256243}
{"argmax": 279, "components": {"attention_block_ms": 0.0, "cache_append_ms": 0.0, "dense_attention_ms": 0.0, "host_to_gpu_ms": 0.0}, "cuda_ms": 194.23814392089844, "finite": true, "measured": true, "status": "decode_step", "step": 123, "wall_ms": 194.2743700928986}
{"argmax": 33184, "components": {"attention_block_ms": 0.0, "cache_append_ms": 0.0, "dense_attention_ms": 0.0, "host_to_gpu_ms": 0.0}, "cuda_ms": 194.17135620117188, "finite": true, "measured": true, "status": "decode_step", "step": 124, "wall_ms": 194.2079607397318}
{"argmax": 7471, "components": {"attention_block_ms": 0.0, "cache_append_ms": 0.0, "dense_attention_ms": 0.0, "host_to_gpu_ms": 0.0}, "cuda_ms": 194.30784606933594, "finite": true, "measured": true, "status": "decode_step", "step": 125, "wall_ms": 194.3424129858613}
{"argmax": 8830, "components": {"attention_block_ms": 0.0, "cache_append_ms": 0.0, "dense_attention_ms": 0.0, "host_to_gpu_ms": 0.0}, "cuda_ms": 194.3486328125, "finite": true, "measured": true, "status": "decode_step", "step": 126, "wall_ms": 194.38439467921853}
{"argmax": 279, "components": {"attention_block_ms": 0.0, "cache_append_ms": 0.0, "dense_attention_ms": 0.0, "host_to_gpu_ms": 0.0}, "cuda_ms": 194.27859497070312, "finite": true, "measured": true, "status": "decode_step", "step": 127, "wall_ms": 194.3361833691597}
{"argmax": 3388, "components": {"attention_block_ms": 0.0, "cache_append_ms": 0.0, "dense_attention_ms": 0.0, "host_to_gpu_ms": 0.0}, "cuda_ms": 194.73097229003906, "finite": true, "measured": true, "status": "decode_step", "step": 128, "wall_ms": 194.76784812286496}
{"argmax": 369, "components": {"attention_block_ms": 0.0, "cache_append_ms": 0.0, "dense_attention_ms": 0.0, "host_to_gpu_ms": 0.0}, "cuda_ms": 194.33123779296875, "finite": true, "measured": true, "status": "decode_step", "step": 129, "wall_ms": 194.36836102977395}
{"argmax": 37419, "components": {"attention_block_ms": 0.0, "cache_append_ms": 0.0, "dense_attention_ms": 0.0, "host_to_gpu_ms": 0.0}, "cuda_ms": 194.49440002441406, "finite": true, "measured": true, "status": "decode_step", "step": 130, "wall_ms": 194.52867098152637}
{"argmax": 6492, "components": {"attention_block_ms": 0.0, "cache_append_ms": 0.0, "dense_attention_ms": 0.0, "host_to_gpu_ms": 0.0}, "cuda_ms": 194.5319366455078, "finite": true, "measured": true, "status": "decode_step", "step": 131, "wall_ms": 194.60502499714494}
{"argmax": 323, "components": {"attention_block_ms": 0.0, "cache_append_ms": 0.0, "dense_attention_ms": 0.0, "host_to_gpu_ms": 0.0}, "cuda_ms": 194.8547821044922, "finite": true, "measured": true, "status": "decode_step", "step": 132, "wall_ms": 194.89044090732932}
{"argmax": 6020, "components": {"attention_block_ms": 0.0, "cache_append_ms": 0.0, "dense_attention_ms": 0.0, "host_to_gpu_ms": 0.0}, "cuda_ms": 194.48361206054688, "finite": true, "measured": true, "status": "decode_step", "step": 133, "wall_ms": 194.53889597207308}
{"argmax": 24043, "components": {"attention_block_ms": 0.0, "cache_append_ms": 0.0, "dense_attention_ms": 0.0, "host_to_gpu_ms": 0.0}, "cuda_ms": 194.26905822753906, "finite": true, "measured": true, "status": "decode_step", "step": 134, "wall_ms": 194.30469581857324}
{"argmax": 13, "components": {"attention_block_ms": 0.0, "cache_append_ms": 0.0, "dense_attention_ms": 0.0, "host_to_gpu_ms": 0.0}, "cuda_ms": 194.3297576904297, "finite": true, "measured": true, "status": "decode_step", "step": 135, "wall_ms": 194.36422502622008}
{"argmax": 5377, "components": {"attention_block_ms": 0.0, "cache_append_ms": 0.0, "dense_attention_ms": 0.0, "host_to_gpu_ms": 0.0}, "cuda_ms": 194.19520568847656, "finite": true, "measured": true, "status": "decode_step", "step": 136, "wall_ms": 194.23299795016646}
{"argmax": 311, "components": {"attention_block_ms": 0.0, "cache_append_ms": 0.0, "dense_attention_ms": 0.0, "host_to_gpu_ms": 0.0}, "cuda_ms": 194.22508239746094, "finite": true, "measured": true, "status": "decode_step", "step": 137, "wall_ms": 194.26442589610815}
{"argmax": 19816, "components": {"attention_block_ms": 0.0, "cache_append_ms": 0.0, "dense_attention_ms": 0.0, "host_to_gpu_ms": 0.0}, "cuda_ms": 194.3099822998047, "finite": true, "measured": true, "status": "decode_step", "step": 138, "wall_ms": 194.34742024168372}
{"argmax": 468, "components": {"attention_block_ms": 0.0, "cache_append_ms": 0.0, "dense_attention_ms": 0.0, "host_to_gpu_ms": 0.0}, "cuda_ms": 194.3284454345703, "finite": true, "measured": true, "status": "decode_step", "step": 139, "wall_ms": 194.36668790876865}
{"argmax": 13, "components": {"attention_block_ms": 0.0, "cache_append_ms": 0.0, "dense_attention_ms": 0.0, "host_to_gpu_ms": 0.0}, "cuda_ms": 194.4382781982422, "finite": true, "measured": true, "status": "decode_step", "step": 140, "wall_ms": 194.49047418311238}
{"argmax": 2947, "components": {"attention_block_ms": 0.0, "cache_append_ms": 0.0, "dense_attention_ms": 0.0, "host_to_gpu_ms": 0.0}, "cuda_ms": 194.22032165527344, "finite": true, "measured": true, "status": "decode_step", "step": 141, "wall_ms": 194.25550289452076}
{"argmax": 8536, "components": {"attention_block_ms": 0.0, "cache_append_ms": 0.0, "dense_attention_ms": 0.0, "host_to_gpu_ms": 0.0}, "cuda_ms": 194.10726928710938, "finite": true, "measured": true, "status": "decode_step", "step": 142, "wall_ms": 194.15530283004045}
{"argmax": 6150, "components": {"attention_block_ms": 0.0, "cache_append_ms": 0.0, "dense_attention_ms": 0.0, "host_to_gpu_ms": 0.0}, "cuda_ms": 194.22288513183594, "finite": true, "measured": true, "status": "decode_step", "step": 143, "wall_ms": 194.2596691660583}
{"decode_cuda_median_ms": 194.12997436523438, "decode_wall_median_ms": 194.16893739253283, "result": "results/system_benchmarks/tp1_dense_full_v6/formal_dense_offload_t32768_r0/benchmark.json", "status": "complete", "validated_layers": 0}
