{"context": 32768, "gpu": "NVIDIA L40S", "measure_steps": 128, "profile_components": false, "status": "starting", "storage": "offload", "warmup_steps": 16}
Loading weights:   0%|          | 0/291 [00:00<?, ?it/s]Loading weights: 100%|██████████| 291/291 [00:00<00:00, 10288.39it/s]
{"allocated_gib": 15.083200454711914, "exact_kv_gib": 4.017578125, "gpu_staging_gib": 0.12554931640625, "host_exact_kv_gib": 4.017578125, "status": "model_ready"}
{"peak_allocated_gib": 16.982004165649414, "prefill_ms": 4918.302734375, "status": "prefill_complete"}
{"argmax": 11, "components": {"attention_block_ms": 0.0, "cache_append_ms": 0.0, "dense_attention_ms": 0.0, "host_to_gpu_ms": 0.0}, "cuda_ms": 251.75149536132812, "finite": true, "measured": false, "status": "decode_step", "step": 0, "wall_ms": 251.78170995786786}
{"argmax": 396, "components": {"attention_block_ms": 0.0, "cache_append_ms": 0.0, "dense_attention_ms": 0.0, "host_to_gpu_ms": 0.0}, "cuda_ms": 194.15773010253906, "finite": true, "measured": false, "status": "decode_step", "step": 1, "wall_ms": 194.19076619669795}
{"argmax": 21293, "components": {"attention_block_ms": 0.0, "cache_append_ms": 0.0, "dense_attention_ms": 0.0, "host_to_gpu_ms": 0.0}, "cuda_ms": 194.18006896972656, "finite": true, "measured": false, "status": "decode_step", "step": 2, "wall_ms": 194.2114057019353}
{"argmax": 220, "components": {"attention_block_ms": 0.0, "cache_append_ms": 0.0, "dense_attention_ms": 0.0, "host_to_gpu_ms": 0.0}, "cuda_ms": 194.21192932128906, "finite": true, "measured": false, "status": "decode_step", "step": 3, "wall_ms": 194.24292305484414}
{"argmax": 11, "components": {"attention_block_ms": 0.0, "cache_append_ms": 0.0, "dense_attention_ms": 0.0, "host_to_gpu_ms": 0.0}, "cuda_ms": 194.09161376953125, "finite": true, "measured": false, "status": "decode_step", "step": 4, "wall_ms": 194.1248867660761}
{"argmax": 315, "components": {"attention_block_ms": 0.0, "cache_append_ms": 0.0, "dense_attention_ms": 0.0, "host_to_gpu_ms": 0.0}, "cuda_ms": 194.16233825683594, "finite": true, "measured": false, "status": "decode_step", "step": 5, "wall_ms": 194.19369008392096}
{"argmax": 7658, "components": {"attention_block_ms": 0.0, "cache_append_ms": 0.0, "dense_attention_ms": 0.0, "host_to_gpu_ms": 0.0}, "cuda_ms": 194.16220092773438, "finite": true, "measured": false, "status": "decode_step", "step": 6, "wall_ms": 194.19505214318633}
{"argmax": 323, "components": {"attention_block_ms": 0.0, "cache_append_ms": 0.0, "dense_attention_ms": 0.0, "host_to_gpu_ms": 0.0}, "cuda_ms": 194.16943359375, "finite": true, "measured": false, "status": "decode_step", "step": 7, "wall_ms": 194.25685377791524}
{"argmax": 7327, "components": {"attention_block_ms": 0.0, "cache_append_ms": 0.0, "dense_attention_ms": 0.0, "host_to_gpu_ms": 0.0}, "cuda_ms": 194.6544952392578, "finite": true, "measured": false, "status": "decode_step", "step": 8, "wall_ms": 194.68749826774}
{"argmax": 23298, "components": {"attention_block_ms": 0.0, "cache_append_ms": 0.0, "dense_attention_ms": 0.0, "host_to_gpu_ms": 0.0}, "cuda_ms": 194.1394805908203, "finite": true, "measured": false, "status": "decode_step", "step": 9, "wall_ms": 194.17161680758}
{"argmax": 11, "components": {"attention_block_ms": 0.0, "cache_append_ms": 0.0, "dense_attention_ms": 0.0, "host_to_gpu_ms": 0.0}, "cuda_ms": 194.14207458496094, "finite": true, "measured": false, "status": "decode_step", "step": 10, "wall_ms": 194.1770249977708}
{"argmax": 11, "components": {"attention_block_ms": 0.0, "cache_append_ms": 0.0, "dense_attention_ms": 0.0, "host_to_gpu_ms": 0.0}, "cuda_ms": 194.15968322753906, "finite": true, "measured": false, "status": "decode_step", "step": 11, "wall_ms": 194.19227819889784}
{"argmax": 323, "components": {"attention_block_ms": 0.0, "cache_append_ms": 0.0, "dense_attention_ms": 0.0, "host_to_gpu_ms": 0.0}, "cuda_ms": 194.13095092773438, "finite": true, "measured": false, "status": "decode_step", "step": 12, "wall_ms": 194.1642160527408}
{"argmax": 527, "components": {"attention_block_ms": 0.0, "cache_append_ms": 0.0, "dense_attention_ms": 0.0, "host_to_gpu_ms": 0.0}, "cuda_ms": 194.18284606933594, "finite": true, "measured": false, "status": "decode_step", "step": 13, "wall_ms": 194.2153130657971}
{"argmax": 264, "components": {"attention_block_ms": 0.0, "cache_append_ms": 0.0, "dense_attention_ms": 0.0, "host_to_gpu_ms": 0.0}, "cuda_ms": 194.12474060058594, "finite": true, "measured": false, "status": "decode_step", "step": 14, "wall_ms": 194.16379602625966}
{"argmax": 8536, "components": {"attention_block_ms": 0.0, "cache_append_ms": 0.0, "dense_attention_ms": 0.0, "host_to_gpu_ms": 0.0}, "cuda_ms": 194.13510131835938, "finite": true, "measured": false, "status": "decode_step", "step": 15, "wall_ms": 194.16612898930907}
{"argmax": 13537, "components": {"attention_block_ms": 0.0, "cache_append_ms": 0.0, "dense_attention_ms": 0.0, "host_to_gpu_ms": 0.0}, "cuda_ms": 194.1710662841797, "finite": true, "measured": true, "status": "decode_step", "step": 16, "wall_ms": 194.20181214809418}
{"argmax": 13537, "components": {"attention_block_ms": 0.0, "cache_append_ms": 0.0, "dense_attention_ms": 0.0, "host_to_gpu_ms": 0.0}, "cuda_ms": 194.17808532714844, "finite": true, "measured": true, "status": "decode_step", "step": 17, "wall_ms": 194.20810230076313}
{"argmax": 13, "components": {"attention_block_ms": 0.0, "cache_append_ms": 0.0, "dense_attention_ms": 0.0, "host_to_gpu_ms": 0.0}, "cuda_ms": 194.09779357910156, "finite": true, "measured": true, "status": "decode_step", "step": 18, "wall_ms": 194.13072569295764}
{"argmax": 791, "components": {"attention_block_ms": 0.0, "cache_append_ms": 0.0, "dense_attention_ms": 0.0, "host_to_gpu_ms": 0.0}, "cuda_ms": 194.10581970214844, "finite": true, "measured": true, "status": "decode_step", "step": 19, "wall_ms": 194.1378670744598}
{"argmax": 374, "components": {"attention_block_ms": 0.0, "cache_append_ms": 0.0, "dense_attention_ms": 0.0, "host_to_gpu_ms": 0.0}, "cuda_ms": 194.1329345703125, "finite": true, "measured": true, "status": "decode_step", "step": 20, "wall_ms": 194.16507659479976}
{"argmax": 374, "components": {"attention_block_ms": 0.0, "cache_append_ms": 0.0, "dense_attention_ms": 0.0, "host_to_gpu_ms": 0.0}, "cuda_ms": 194.13465881347656, "finite": true, "measured": true, "status": "decode_step", "step": 21, "wall_ms": 194.1662491299212}
{"argmax": 279, "components": {"attention_block_ms": 0.0, "cache_append_ms": 0.0, "dense_attention_ms": 0.0, "host_to_gpu_ms": 0.0}, "cuda_ms": 194.1702117919922, "finite": true, "measured": true, "status": "decode_step", "step": 22, "wall_ms": 194.2050768993795}
{"argmax": 3560, "components": {"attention_block_ms": 0.0, "cache_append_ms": 0.0, "dense_attention_ms": 0.0, "host_to_gpu_ms": 0.0}, "cuda_ms": 194.16502380371094, "finite": true, "measured": true, "status": "decode_step", "step": 23, "wall_ms": 194.2160241305828}
{"argmax": 323, "components": {"attention_block_ms": 0.0, "cache_append_ms": 0.0, "dense_attention_ms": 0.0, "host_to_gpu_ms": 0.0}, "cuda_ms": 194.29983520507812, "finite": true, "measured": true, "status": "decode_step", "step": 24, "wall_ms": 194.33153606951237}
{"argmax": 26411, "components": {"attention_block_ms": 0.0, "cache_append_ms": 0.0, "dense_attention_ms": 0.0, "host_to_gpu_ms": 0.0}, "cuda_ms": 194.11932373046875, "finite": true, "measured": true, "status": "decode_step", "step": 25, "wall_ms": 194.15017496794462}
{"argmax": 1511, "components": {"attention_block_ms": 0.0, "cache_append_ms": 0.0, "dense_attention_ms": 0.0, "host_to_gpu_ms": 0.0}, "cuda_ms": 194.14175415039062, "finite": true, "measured": true, "status": "decode_step", "step": 26, "wall_ms": 194.17442101985216}
{"argmax": 6968, "components": {"attention_block_ms": 0.0, "cache_append_ms": 0.0, "dense_attention_ms": 0.0, "host_to_gpu_ms": 0.0}, "cuda_ms": 194.1153564453125, "finite": true, "measured": true, "status": "decode_step", "step": 27, "wall_ms": 194.14588809013367}
{"argmax": 323, "components": {"attention_block_ms": 0.0, "cache_append_ms": 0.0, "dense_attention_ms": 0.0, "host_to_gpu_ms": 0.0}, "cuda_ms": 194.11605834960938, "finite": true, "measured": true, "status": "decode_step", "step": 28, "wall_ms": 194.1487123258412}
{"argmax": 1862, "components": {"attention_block_ms": 0.0, "cache_append_ms": 0.0, "dense_attention_ms": 0.0, "host_to_gpu_ms": 0.0}, "cuda_ms": 194.1359405517578, "finite": true, "measured": true, "status": "decode_step", "step": 29, "wall_ms": 194.16644936427474}
{"argmax": 91605, "components": {"attention_block_ms": 0.0, "cache_append_ms": 0.0, "dense_attention_ms": 0.0, "host_to_gpu_ms": 0.0}, "cuda_ms": 194.09706115722656, "finite": true, "measured": true, "status": "decode_step", "step": 30, "wall_ms": 194.1275210119784}
{"argmax": 11006, "components": {"attention_block_ms": 0.0, "cache_append_ms": 0.0, "dense_attention_ms": 0.0, "host_to_gpu_ms": 0.0}, "cuda_ms": 194.18246459960938, "finite": true, "measured": true, "status": "decode_step", "step": 31, "wall_ms": 194.21463087201118}
{"argmax": 369, "components": {"attention_block_ms": 0.0, "cache_append_ms": 0.0, "dense_attention_ms": 0.0, "host_to_gpu_ms": 0.0}, "cuda_ms": 194.15206909179688, "finite": true, "measured": true, "status": "decode_step", "step": 32, "wall_ms": 194.19024512171745}
{"argmax": 279, "components": {"attention_block_ms": 0.0, "cache_append_ms": 0.0, "dense_attention_ms": 0.0, "host_to_gpu_ms": 0.0}, "cuda_ms": 194.2406005859375, "finite": true, "measured": true, "status": "decode_step", "step": 33, "wall_ms": 194.2772353067994}
{"argmax": 19071, "components": {"attention_block_ms": 0.0, "cache_append_ms": 0.0, "dense_attention_ms": 0.0, "host_to_gpu_ms": 0.0}, "cuda_ms": 194.16586303710938, "finite": true, "measured": true, "status": "decode_step", "step": 34, "wall_ms": 194.20212181285024}
{"argmax": 11351, "components": {"attention_block_ms": 0.0, "cache_append_ms": 0.0, "dense_attention_ms": 0.0, "host_to_gpu_ms": 0.0}, "cuda_ms": 194.2093048095703, "finite": true, "measured": true, "status": "decode_step", "step": 35, "wall_ms": 194.24004899337888}
{"argmax": 13, "components": {"attention_block_ms": 0.0, "cache_append_ms": 0.0, "dense_attention_ms": 0.0, "host_to_gpu_ms": 0.0}, "cuda_ms": 194.142822265625, "finite": true, "measured": true, "status": "decode_step", "step": 36, "wall_ms": 194.17630322277546}
{"argmax": 20783, "components": {"attention_block_ms": 0.0, "cache_append_ms": 0.0, "dense_attention_ms": 0.0, "host_to_gpu_ms": 0.0}, "cuda_ms": 194.15548706054688, "finite": true, "measured": true, "status": "decode_step", "step": 37, "wall_ms": 194.1883717663586}
{"argmax": 3388, "components": {"attention_block_ms": 0.0, "cache_append_ms": 0.0, "dense_attention_ms": 0.0, "host_to_gpu_ms": 0.0}, "cuda_ms": 194.16554260253906, "finite": true, "measured": true, "status": "decode_step", "step": 38, "wall_ms": 194.19744610786438}
{"argmax": 14861, "components": {"attention_block_ms": 0.0, "cache_append_ms": 0.0, "dense_attention_ms": 0.0, "host_to_gpu_ms": 0.0}, "cuda_ms": 194.1844482421875, "finite": true, "measured": true, "status": "decode_step", "step": 39, "wall_ms": 194.2160241305828}
{"argmax": 389, "components": {"attention_block_ms": 0.0, "cache_append_ms": 0.0, "dense_attention_ms": 0.0, "host_to_gpu_ms": 0.0}, "cuda_ms": 194.15945434570312, "finite": true, "measured": true, "status": "decode_step", "step": 40, "wall_ms": 194.19560208916664}
{"argmax": 279, "components": {"attention_block_ms": 0.0, "cache_append_ms": 0.0, "dense_attention_ms": 0.0, "host_to_gpu_ms": 0.0}, "cuda_ms": 194.1685791015625, "finite": true, "measured": true, "status": "decode_step", "step": 41, "wall_ms": 194.20195231214166}
{"argmax": 3560, "components": {"attention_block_ms": 0.0, "cache_append_ms": 0.0, "dense_attention_ms": 0.0, "host_to_gpu_ms": 0.0}, "cuda_ms": 194.1393585205078, "finite": true, "measured": true, "status": "decode_step", "step": 42, "wall_ms": 194.17201774194837}
{"argmax": 315, "components": {"attention_block_ms": 0.0, "cache_append_ms": 0.0, "dense_attention_ms": 0.0, "host_to_gpu_ms": 0.0}, "cuda_ms": 194.04144287109375, "finite": true, "measured": true, "status": "decode_step", "step": 43, "wall_ms": 194.07508336007595}
{"argmax": 37419, "components": {"attention_block_ms": 0.0, "cache_append_ms": 0.0, "dense_attention_ms": 0.0, "host_to_gpu_ms": 0.0}, "cuda_ms": 194.1366729736328, "finite": true, "measured": true, "status": "decode_step", "step": 44, "wall_ms": 194.16021974757314}
{"argmax": 11335, "components": {"attention_block_ms": 0.0, "cache_append_ms": 0.0, "dense_attention_ms": 0.0, "host_to_gpu_ms": 0.0}, "cuda_ms": 194.12197875976562, "finite": true, "measured": true, "status": "decode_step", "step": 45, "wall_ms": 194.1543910652399}
{"argmax": 304, "components": {"attention_block_ms": 0.0, "cache_append_ms": 0.0, "dense_attention_ms": 0.0, "host_to_gpu_ms": 0.0}, "cuda_ms": 194.16748046875, "finite": true, "measured": true, "status": "decode_step", "step": 46, "wall_ms": 194.19989874586463}
{"argmax": 279, "components": {"attention_block_ms": 0.0, "cache_append_ms": 0.0, "dense_attention_ms": 0.0, "host_to_gpu_ms": 0.0}, "cuda_ms": 194.1900177001953, "finite": true, "measured": true, "status": "decode_step", "step": 47, "wall_ms": 194.22435574233532}
{"argmax": 8244, "components": {"attention_block_ms": 0.0, "cache_append_ms": 0.0, "dense_attention_ms": 0.0, "host_to_gpu_ms": 0.0}, "cuda_ms": 194.10121154785156, "finite": true, "measured": true, "status": "decode_step", "step": 48, "wall_ms": 194.1337501630187}
{"argmax": 315, "components": {"attention_block_ms": 0.0, "cache_append_ms": 0.0, "dense_attention_ms": 0.0, "host_to_gpu_ms": 0.0}, "cuda_ms": 194.1612091064453, "finite": true, "measured": true, "status": "decode_step", "step": 49, "wall_ms": 194.19127609580755}
{"argmax": 33184, "components": {"attention_block_ms": 0.0, "cache_append_ms": 0.0, "dense_attention_ms": 0.0, "host_to_gpu_ms": 0.0}, "cuda_ms": 194.1128387451172, "finite": true, "measured": true, "status": "decode_step", "step": 50, "wall_ms": 194.1519184038043}
{"argmax": 33184, "components": {"attention_block_ms": 0.0, "cache_append_ms": 0.0, "dense_attention_ms": 0.0, "host_to_gpu_ms": 0.0}, "cuda_ms": 194.2018585205078, "finite": true, "measured": true, "status": "decode_step", "step": 51, "wall_ms": 194.2337197251618}
{"argmax": 10706, "components": {"attention_block_ms": 0.0, "cache_append_ms": 0.0, "dense_attention_ms": 0.0, "host_to_gpu_ms": 0.0}, "cuda_ms": 194.13462829589844, "finite": true, "measured": true, "status": "decode_step", "step": 52, "wall_ms": 194.16616903617978}
{"argmax": 323, "components": {"attention_block_ms": 0.0, "cache_append_ms": 0.0, "dense_attention_ms": 0.0, "host_to_gpu_ms": 0.0}, "cuda_ms": 194.1612548828125, "finite": true, "measured": true, "status": "decode_step", "step": 53, "wall_ms": 194.1928891465068}
{"argmax": 279, "components": {"attention_block_ms": 0.0, "cache_append_ms": 0.0, "dense_attention_ms": 0.0, "host_to_gpu_ms": 0.0}, "cuda_ms": 194.17315673828125, "finite": true, "measured": true, "status": "decode_step", "step": 54, "wall_ms": 194.20238304883242}
{"argmax": 5133, "components": {"attention_block_ms": 0.0, "cache_append_ms": 0.0, "dense_attention_ms": 0.0, "host_to_gpu_ms": 0.0}, "cuda_ms": 194.17039489746094, "finite": true, "measured": true, "status": "decode_step", "step": 55, "wall_ms": 194.20361472293735}
{"argmax": 311, "components": {"attention_block_ms": 0.0, "cache_append_ms": 0.0, "dense_attention_ms": 0.0, "host_to_gpu_ms": 0.0}, "cuda_ms": 194.11158752441406, "finite": true, "measured": true, "status": "decode_step", "step": 56, "wall_ms": 194.1938498057425}
{"argmax": 279, "components": {"attention_block_ms": 0.0, "cache_append_ms": 0.0, "dense_attention_ms": 0.0, "host_to_gpu_ms": 0.0}, "cuda_ms": 194.7818603515625, "finite": true, "measured": true, "status": "decode_step", "step": 57, "wall_ms": 194.81676071882248}
{"argmax": 323, "components": {"attention_block_ms": 0.0, "cache_append_ms": 0.0, "dense_attention_ms": 0.0, "host_to_gpu_ms": 0.0}, "cuda_ms": 194.1959686279297, "finite": true, "measured": true, "status": "decode_step", "step": 58, "wall_ms": 194.22588823363185}
{"argmax": 323, "components": {"attention_block_ms": 0.0, "cache_append_ms": 0.0, "dense_attention_ms": 0.0, "host_to_gpu_ms": 0.0}, "cuda_ms": 194.16732788085938, "finite": true, "measured": true, "status": "decode_step", "step": 59, "wall_ms": 194.19846730306745}
{"argmax": 41582, "components": {"attention_block_ms": 0.0, "cache_append_ms": 0.0, "dense_attention_ms": 0.0, "host_to_gpu_ms": 0.0}, "cuda_ms": 194.12860107421875, "finite": true, "measured": true, "status": "decode_step", "step": 60, "wall_ms": 194.16146213188767}
{"argmax": 11, "components": {"attention_block_ms": 0.0, "cache_append_ms": 0.0, "dense_attention_ms": 0.0, "host_to_gpu_ms": 0.0}, "cuda_ms": 194.1373748779297, "finite": true, "measured": true, "status": "decode_step", "step": 61, "wall_ms": 194.1698151640594}
{"argmax": 323, "components": {"attention_block_ms": 0.0, "cache_append_ms": 0.0, "dense_attention_ms": 0.0, "host_to_gpu_ms": 0.0}, "cuda_ms": 194.12339782714844, "finite": true, "measured": true, "status": "decode_step", "step": 62, "wall_ms": 194.15607396513224}
{"argmax": 3927, "components": {"attention_block_ms": 0.0, "cache_append_ms": 0.0, "dense_attention_ms": 0.0, "host_to_gpu_ms": 0.0}, "cuda_ms": 194.0849609375, "finite": true, "measured": true, "status": "decode_step", "step": 63, "wall_ms": 194.11595398560166}
{"argmax": 11006, "components": {"attention_block_ms": 0.0, "cache_append_ms": 0.0, "dense_attention_ms": 0.0, "host_to_gpu_ms": 0.0}, "cuda_ms": 194.1077423095703, "finite": true, "measured": true, "status": "decode_step", "step": 64, "wall_ms": 194.1654677502811}
{"argmax": 5315, "components": {"attention_block_ms": 0.0, "cache_append_ms": 0.0, "dense_attention_ms": 0.0, "host_to_gpu_ms": 0.0}, "cuda_ms": 194.30125427246094, "finite": true, "measured": true, "status": "decode_step", "step": 65, "wall_ms": 194.33405995368958}
{"argmax": 519, "components": {"attention_block_ms": 0.0, "cache_append_ms": 0.0, "dense_attention_ms": 0.0, "host_to_gpu_ms": 0.0}, "cuda_ms": 194.1848907470703, "finite": true, "measured": true, "status": "decode_step", "step": 66, "wall_ms": 194.21682367101312}
{"argmax": 1105, "components": {"attention_block_ms": 0.0, "cache_append_ms": 0.0, "dense_attention_ms": 0.0, "host_to_gpu_ms": 0.0}, "cuda_ms": 194.1254119873047, "finite": true, "measured": true, "status": "decode_step", "step": 67, "wall_ms": 194.15848795324564}
{"argmax": 11351, "components": {"attention_block_ms": 0.0, "cache_append_ms": 0.0, "dense_attention_ms": 0.0, "host_to_gpu_ms": 0.0}, "cuda_ms": 194.12733459472656, "finite": true, "measured": true, "status": "decode_step", "step": 68, "wall_ms": 194.1584567539394}
{"argmax": 627, "components": {"attention_block_ms": 0.0, "cache_append_ms": 0.0, "dense_attention_ms": 0.0, "host_to_gpu_ms": 0.0}, "cuda_ms": 194.1490936279297, "finite": true, "measured": true, "status": "decode_step", "step": 69, "wall_ms": 194.18131234124303}
{"argmax": 20783, "components": {"attention_block_ms": 0.0, "cache_append_ms": 0.0, "dense_attention_ms": 0.0, "host_to_gpu_ms": 0.0}, "cuda_ms": 194.17417907714844, "finite": true, "measured": true, "status": "decode_step", "step": 70, "wall_ms": 194.20567667111754}
{"argmax": 311, "components": {"attention_block_ms": 0.0, "cache_append_ms": 0.0, "dense_attention_ms": 0.0, "host_to_gpu_ms": 0.0}, "cuda_ms": 194.1878662109375, "finite": true, "measured": true, "status": "decode_step", "step": 71, "wall_ms": 194.2193191498518}
{"argmax": 19560, "components": {"attention_block_ms": 0.0, "cache_append_ms": 0.0, "dense_attention_ms": 0.0, "host_to_gpu_ms": 0.0}, "cuda_ms": 194.17071533203125, "finite": true, "measured": true, "status": "decode_step", "step": 72, "wall_ms": 194.20335395261645}
{"argmax": 468, "components": {"attention_block_ms": 0.0, "cache_append_ms": 0.0, "dense_attention_ms": 0.0, "host_to_gpu_ms": 0.0}, "cuda_ms": 194.170654296875, "finite": true, "measured": true, "status": "decode_step", "step": 73, "wall_ms": 194.2038252018392}
{"argmax": 13, "components": {"attention_block_ms": 0.0, "cache_append_ms": 0.0, "dense_attention_ms": 0.0, "host_to_gpu_ms": 0.0}, "cuda_ms": 194.18255615234375, "finite": true, "measured": true, "status": "decode_step", "step": 74, "wall_ms": 194.21397102996707}
{"argmax": 2947, "components": {"attention_block_ms": 0.0, "cache_append_ms": 0.0, "dense_attention_ms": 0.0, "host_to_gpu_ms": 0.0}, "cuda_ms": 194.14732360839844, "finite": true, "measured": true, "status": "decode_step", "step": 75, "wall_ms": 194.1789179109037}
{"argmax": 8536, "components": {"attention_block_ms": 0.0, "cache_append_ms": 0.0, "dense_attention_ms": 0.0, "host_to_gpu_ms": 0.0}, "cuda_ms": 194.1246795654297, "finite": true, "measured": true, "status": "decode_step", "step": 76, "wall_ms": 194.15590399876237}
{"argmax": 6150, "components": {"attention_block_ms": 0.0, "cache_append_ms": 0.0, "dense_attention_ms": 0.0, "host_to_gpu_ms": 0.0}, "cuda_ms": 194.14630126953125, "finite": true, "measured": true, "status": "decode_step", "step": 77, "wall_ms": 194.17791720479727}
{"argmax": 315, "components": {"attention_block_ms": 0.0, "cache_append_ms": 0.0, "dense_attention_ms": 0.0, "host_to_gpu_ms": 0.0}, "cuda_ms": 194.19212341308594, "finite": true, "measured": true, "status": "decode_step", "step": 78, "wall_ms": 194.22079995274544}
{"argmax": 3142, "components": {"attention_block_ms": 0.0, "cache_append_ms": 0.0, "dense_attention_ms": 0.0, "host_to_gpu_ms": 0.0}, "cuda_ms": 194.18569946289062, "finite": true, "measured": true, "status": "decode_step", "step": 79, "wall_ms": 194.21787606552243}
{"argmax": 323, "components": {"attention_block_ms": 0.0, "cache_append_ms": 0.0, "dense_attention_ms": 0.0, "host_to_gpu_ms": 0.0}, "cuda_ms": 194.13629150390625, "finite": true, "measured": true, "status": "decode_step", "step": 80, "wall_ms": 194.21771727502346}
{"argmax": 7327, "components": {"attention_block_ms": 0.0, "cache_append_ms": 0.0, "dense_attention_ms": 0.0, "host_to_gpu_ms": 0.0}, "cuda_ms": 194.66744995117188, "finite": true, "measured": true, "status": "decode_step", "step": 81, "wall_ms": 194.70083806663752}
{"argmax": 23298, "components": {"attention_block_ms": 0.0, "cache_append_ms": 0.0, "dense_attention_ms": 0.0, "host_to_gpu_ms": 0.0}, "cuda_ms": 194.08848571777344, "finite": true, "measured": true, "status": "decode_step", "step": 82, "wall_ms": 194.12087090313435}
{"argmax": 4236, "components": {"attention_block_ms": 0.0, "cache_append_ms": 0.0, "dense_attention_ms": 0.0, "host_to_gpu_ms": 0.0}, "cuda_ms": 194.16268920898438, "finite": true, "measured": true, "status": "decode_step", "step": 83, "wall_ms": 194.1975150257349}
{"argmax": 26, "components": {"attention_block_ms": 0.0, "cache_append_ms": 0.0, "dense_attention_ms": 0.0, "host_to_gpu_ms": 0.0}, "cuda_ms": 194.13682556152344, "finite": true, "measured": true, "status": "decode_step", "step": 84, "wall_ms": 194.175333250314}
{"argmax": 3885, "components": {"attention_block_ms": 0.0, "cache_append_ms": 0.0, "dense_attention_ms": 0.0, "host_to_gpu_ms": 0.0}, "cuda_ms": 194.19757080078125, "finite": true, "measured": true, "status": "decode_step", "step": 85, "wall_ms": 194.24118101596832}
{"argmax": 449, "components": {"attention_block_ms": 0.0, "cache_append_ms": 0.0, "dense_attention_ms": 0.0, "host_to_gpu_ms": 0.0}, "cuda_ms": 194.14845275878906, "finite": true, "measured": true, "status": "decode_step", "step": 86, "wall_ms": 194.1819228231907}
{"argmax": 2947, "components": {"attention_block_ms": 0.0, "cache_append_ms": 0.0, "dense_attention_ms": 0.0, "host_to_gpu_ms": 0.0}, "cuda_ms": 194.11622619628906, "finite": true, "measured": true, "status": "decode_step", "step": 87, "wall_ms": 194.15533170104027}
{"argmax": 8536, "components": {"attention_block_ms": 0.0, "cache_append_ms": 0.0, "dense_attention_ms": 0.0, "host_to_gpu_ms": 0.0}, "cuda_ms": 194.12217712402344, "finite": true, "measured": true, "status": "decode_step", "step": 88, "wall_ms": 194.15804697200656}
{"argmax": 6150, "components": {"attention_block_ms": 0.0, "cache_append_ms": 0.0, "dense_attention_ms": 0.0, "host_to_gpu_ms": 0.0}, "cuda_ms": 194.12950134277344, "finite": true, "measured": true, "status": "decode_step", "step": 89, "wall_ms": 194.1619231365621}
{"argmax": 8041, "components": {"attention_block_ms": 0.0, "cache_append_ms": 0.0, "dense_attention_ms": 0.0, "host_to_gpu_ms": 0.0}, "cuda_ms": 194.1741180419922, "finite": true, "measured": true, "status": "decode_step", "step": 90, "wall_ms": 194.20545687898993}
{"argmax": 627, "components": {"attention_block_ms": 0.0, "cache_append_ms": 0.0, "dense_attention_ms": 0.0, "host_to_gpu_ms": 0.0}, "cuda_ms": 194.17318725585938, "finite": true, "measured": true, "status": "decode_step", "step": 91, "wall_ms": 194.22443583607674}
{"argmax": 791, "components": {"attention_block_ms": 0.0, "cache_append_ms": 0.0, "dense_attention_ms": 0.0, "host_to_gpu_ms": 0.0}, "cuda_ms": 194.33462524414062, "finite": true, "measured": true, "status": "decode_step", "step": 92, "wall_ms": 194.3648662418127}
{"argmax": 3388, "components": {"attention_block_ms": 0.0, "cache_append_ms": 0.0, "dense_attention_ms": 0.0, "host_to_gpu_ms": 0.0}, "cuda_ms": 194.1866912841797, "finite": true, "measured": true, "status": "decode_step", "step": 93, "wall_ms": 194.2173857241869}
{"argmax": 49095, "components": {"attention_block_ms": 0.0, "cache_append_ms": 0.0, "dense_attention_ms": 0.0, "host_to_gpu_ms": 0.0}, "cuda_ms": 194.16444396972656, "finite": true, "measured": true, "status": "decode_step", "step": 94, "wall_ms": 194.19507076963782}
{"argmax": 459, "components": {"attention_block_ms": 0.0, "cache_append_ms": 0.0, "dense_attention_ms": 0.0, "host_to_gpu_ms": 0.0}, "cuda_ms": 194.1724090576172, "finite": true, "measured": true, "status": "decode_step", "step": 95, "wall_ms": 194.20292368158698}
{"argmax": 4236, "components": {"attention_block_ms": 0.0, "cache_append_ms": 0.0, "dense_attention_ms": 0.0, "host_to_gpu_ms": 0.0}, "cuda_ms": 194.11334228515625, "finite": true, "measured": true, "status": "decode_step", "step": 96, "wall_ms": 194.13472106680274}
{"argmax": 889, "components": {"attention_block_ms": 0.0, "cache_append_ms": 0.0, "dense_attention_ms": 0.0, "host_to_gpu_ms": 0.0}, "cuda_ms": 194.1643524169922, "finite": true, "measured": true, "status": "decode_step", "step": 97, "wall_ms": 194.1945510916412}
{"argmax": 10068, "components": {"attention_block_ms": 0.0, "cache_append_ms": 0.0, "dense_attention_ms": 0.0, "host_to_gpu_ms": 0.0}, "cuda_ms": 194.13673400878906, "finite": true, "measured": true, "status": "decode_step", "step": 98, "wall_ms": 194.16797207668424}
{"argmax": 9021, "components": {"attention_block_ms": 0.0, "cache_append_ms": 0.0, "dense_attention_ms": 0.0, "host_to_gpu_ms": 0.0}, "cuda_ms": 194.10870361328125, "finite": true, "measured": true, "status": "decode_step", "step": 99, "wall_ms": 194.1415718756616}
{"argmax": 374, "components": {"attention_block_ms": 0.0, "cache_append_ms": 0.0, "dense_attention_ms": 0.0, "host_to_gpu_ms": 0.0}, "cuda_ms": 194.1162872314453, "finite": true, "measured": true, "status": "decode_step", "step": 100, "wall_ms": 194.14729066193104}
{"argmax": 304, "components": {"attention_block_ms": 0.0, "cache_append_ms": 0.0, "dense_attention_ms": 0.0, "host_to_gpu_ms": 0.0}, "cuda_ms": 194.12716674804688, "finite": true, "measured": true, "status": "decode_step", "step": 101, "wall_ms": 194.17717633768916}
{"argmax": 2536, "components": {"attention_block_ms": 0.0, "cache_append_ms": 0.0, "dense_attention_ms": 0.0, "host_to_gpu_ms": 0.0}, "cuda_ms": 194.12319946289062, "finite": true, "measured": true, "status": "decode_step", "step": 102, "wall_ms": 194.1559840925038}
{"argmax": 10706, "components": {"attention_block_ms": 0.0, "cache_append_ms": 0.0, "dense_attention_ms": 0.0, "host_to_gpu_ms": 0.0}, "cuda_ms": 194.16925048828125, "finite": true, "measured": true, "status": "decode_step", "step": 103, "wall_ms": 194.20091109350324}
{"argmax": 13, "components": {"attention_block_ms": 0.0, "cache_append_ms": 0.0, "dense_attention_ms": 0.0, "host_to_gpu_ms": 0.0}, "cuda_ms": 194.12733459472656, "finite": true, "measured": true, "status": "decode_step", "step": 104, "wall_ms": 194.16186213493347}
{"argmax": 889, "components": {"attention_block_ms": 0.0, "cache_append_ms": 0.0, "dense_attention_ms": 0.0, "host_to_gpu_ms": 0.0}, "cuda_ms": 194.11532592773438, "finite": true, "measured": true, "status": "decode_step", "step": 105, "wall_ms": 194.15267929434776}
{"argmax": 311, "components": {"attention_block_ms": 0.0, "cache_append_ms": 0.0, "dense_attention_ms": 0.0, "host_to_gpu_ms": 0.0}, "cuda_ms": 194.13912963867188, "finite": true, "measured": true, "status": "decode_step", "step": 106, "wall_ms": 194.17627388611436}
{"argmax": 387, "components": {"attention_block_ms": 0.0, "cache_append_ms": 0.0, "dense_attention_ms": 0.0, "host_to_gpu_ms": 0.0}, "cuda_ms": 194.1090545654297, "finite": true, "measured": true, "status": "decode_step", "step": 107, "wall_ms": 194.13915881887078}
{"argmax": 264, "components": {"attention_block_ms": 0.0, "cache_append_ms": 0.0, "dense_attention_ms": 0.0, "host_to_gpu_ms": 0.0}, "cuda_ms": 194.1383056640625, "finite": true, "measured": true, "status": "decode_step", "step": 108, "wall_ms": 194.18290397152305}
{"argmax": 6373, "components": {"attention_block_ms": 0.0, "cache_append_ms": 0.0, "dense_attention_ms": 0.0, "host_to_gpu_ms": 0.0}, "cuda_ms": 194.1155242919922, "finite": true, "measured": true, "status": "decode_step", "step": 109, "wall_ms": 194.14719007909298}
{"argmax": 10093, "components": {"attention_block_ms": 0.0, "cache_append_ms": 0.0, "dense_attention_ms": 0.0, "host_to_gpu_ms": 0.0}, "cuda_ms": 194.15257263183594, "finite": true, "measured": true, "status": "decode_step", "step": 110, "wall_ms": 194.18462691828609}
{"argmax": 13, "components": {"attention_block_ms": 0.0, "cache_append_ms": 0.0, "dense_attention_ms": 0.0, "host_to_gpu_ms": 0.0}, "cuda_ms": 194.1952667236328, "finite": true, "measured": true, "status": "decode_step", "step": 111, "wall_ms": 194.22603817656636}
{"argmax": 37419, "components": {"attention_block_ms": 0.0, "cache_append_ms": 0.0, "dense_attention_ms": 0.0, "host_to_gpu_ms": 0.0}, "cuda_ms": 194.10887145996094, "finite": true, "measured": true, "status": "decode_step", "step": 112, "wall_ms": 194.19083604589105}
{"argmax": 13, "components": {"attention_block_ms": 0.0, "cache_append_ms": 0.0, "dense_attention_ms": 0.0, "host_to_gpu_ms": 0.0}, "cuda_ms": 194.86659240722656, "finite": true, "measured": true, "status": "decode_step", "step": 113, "wall_ms": 194.9087791144848}
{"argmax": 578, "components": {"attention_block_ms": 0.0, "cache_append_ms": 0.0, "dense_attention_ms": 0.0, "host_to_gpu_ms": 0.0}, "cuda_ms": 194.1887664794922, "finite": true, "measured": true, "status": "decode_step", "step": 114, "wall_ms": 194.22395480796695}
{"argmax": 3388, "components": {"attention_block_ms": 0.0, "cache_append_ms": 0.0, "dense_attention_ms": 0.0, "host_to_gpu_ms": 0.0}, "cuda_ms": 194.19705200195312, "finite": true, "measured": true, "status": "decode_step", "step": 115, "wall_ms": 194.230233784765}
{"argmax": 690, "components": {"attention_block_ms": 0.0, "cache_append_ms": 0.0, "dense_attention_ms": 0.0, "host_to_gpu_ms": 0.0}, "cuda_ms": 194.22572326660156, "finite": true, "measured": true, "status": "decode_step", "step": 116, "wall_ms": 194.25912806764245}
{"argmax": 264, "components": {"attention_block_ms": 0.0, "cache_append_ms": 0.0, "dense_attention_ms": 0.0, "host_to_gpu_ms": 0.0}, "cuda_ms": 194.1997833251953, "finite": true, "measured": true, "status": "decode_step", "step": 117, "wall_ms": 194.22900211066008}
{"argmax": 6677, "components": {"attention_block_ms": 0.0, "cache_append_ms": 0.0, "dense_attention_ms": 0.0, "host_to_gpu_ms": 0.0}, "cuda_ms": 194.1012420654297, "finite": true, "measured": true, "status": "decode_step", "step": 118, "wall_ms": 194.1367951221764}
{"argmax": 323, "components": {"attention_block_ms": 0.0, "cache_append_ms": 0.0, "dense_attention_ms": 0.0, "host_to_gpu_ms": 0.0}, "cuda_ms": 194.14230346679688, "finite": true, "measured": true, "status": "decode_step", "step": 119, "wall_ms": 194.17147617787123}
{"argmax": 33184, "components": {"attention_block_ms": 0.0, "cache_append_ms": 0.0, "dense_attention_ms": 0.0, "host_to_gpu_ms": 0.0}, "cuda_ms": 194.1278076171875, "finite": true, "measured": true, "status": "decode_step", "step": 120, "wall_ms": 194.16022021323442}
{"argmax": 287, "components": {"attention_block_ms": 0.0, "cache_append_ms": 0.0, "dense_attention_ms": 0.0, "host_to_gpu_ms": 0.0}, "cuda_ms": 194.10617065429688, "finite": true, "measured": true, "status": "decode_step", "step": 121, "wall_ms": 194.13627311587334}
{"argmax": 11, "components": {"attention_block_ms": 0.0, "cache_append_ms": 0.0, "dense_attention_ms": 0.0, "host_to_gpu_ms": 0.0}, "cuda_ms": 194.1493377685547, "finite": true, "measured": true, "status": "decode_step", "step": 122, "wall_ms": 194.18111070990562}
{"argmax": 279, "components": {"attention_block_ms": 0.0, "cache_append_ms": 0.0, "dense_attention_ms": 0.0, "host_to_gpu_ms": 0.0}, "cuda_ms": 194.16085815429688, "finite": true, "measured": true, "status": "decode_step", "step": 123, "wall_ms": 194.2174262367189}
{"argmax": 33184, "components": {"attention_block_ms": 0.0, "cache_append_ms": 0.0, "dense_attention_ms": 0.0, "host_to_gpu_ms": 0.0}, "cuda_ms": 194.51075744628906, "finite": true, "measured": true, "status": "decode_step", "step": 124, "wall_ms": 194.55683277919888}
{"argmax": 7471, "components": {"attention_block_ms": 0.0, "cache_append_ms": 0.0, "dense_attention_ms": 0.0, "host_to_gpu_ms": 0.0}, "cuda_ms": 194.710693359375, "finite": true, "measured": true, "status": "decode_step", "step": 125, "wall_ms": 194.75723337382078}
{"argmax": 8830, "components": {"attention_block_ms": 0.0, "cache_append_ms": 0.0, "dense_attention_ms": 0.0, "host_to_gpu_ms": 0.0}, "cuda_ms": 194.5782470703125, "finite": true, "measured": true, "status": "decode_step", "step": 126, "wall_ms": 194.63060330599546}
{"argmax": 279, "components": {"attention_block_ms": 0.0, "cache_append_ms": 0.0, "dense_attention_ms": 0.0, "host_to_gpu_ms": 0.0}, "cuda_ms": 194.59068298339844, "finite": true, "measured": true, "status": "decode_step", "step": 127, "wall_ms": 194.63988672941923}
{"argmax": 3388, "components": {"attention_block_ms": 0.0, "cache_append_ms": 0.0, "dense_attention_ms": 0.0, "host_to_gpu_ms": 0.0}, "cuda_ms": 194.61538696289062, "finite": true, "measured": true, "status": "decode_step", "step": 128, "wall_ms": 194.65520000085235}
{"argmax": 369, "components": {"attention_block_ms": 0.0, "cache_append_ms": 0.0, "dense_attention_ms": 0.0, "host_to_gpu_ms": 0.0}, "cuda_ms": 194.61219787597656, "finite": true, "measured": true, "status": "decode_step", "step": 129, "wall_ms": 194.6658161468804}
{"argmax": 37419, "components": {"attention_block_ms": 0.0, "cache_append_ms": 0.0, "dense_attention_ms": 0.0, "host_to_gpu_ms": 0.0}, "cuda_ms": 194.54296875, "finite": true, "measured": true, "status": "decode_step", "step": 130, "wall_ms": 194.5824008435011}
{"argmax": 6492, "components": {"attention_block_ms": 0.0, "cache_append_ms": 0.0, "dense_attention_ms": 0.0, "host_to_gpu_ms": 0.0}, "cuda_ms": 194.59622192382812, "finite": true, "measured": true, "status": "decode_step", "step": 131, "wall_ms": 194.64389327913523}
{"argmax": 323, "components": {"attention_block_ms": 0.0, "cache_append_ms": 0.0, "dense_attention_ms": 0.0, "host_to_gpu_ms": 0.0}, "cuda_ms": 194.6868438720703, "finite": true, "measured": true, "status": "decode_step", "step": 132, "wall_ms": 194.73547022789717}
{"argmax": 6020, "components": {"attention_block_ms": 0.0, "cache_append_ms": 0.0, "dense_attention_ms": 0.0, "host_to_gpu_ms": 0.0}, "cuda_ms": 194.681884765625, "finite": true, "measured": true, "status": "decode_step", "step": 133, "wall_ms": 194.73134400323033}
{"argmax": 24043, "components": {"attention_block_ms": 0.0, "cache_append_ms": 0.0, "dense_attention_ms": 0.0, "host_to_gpu_ms": 0.0}, "cuda_ms": 194.69935607910156, "finite": true, "measured": true, "status": "decode_step", "step": 134, "wall_ms": 194.75171389058232}
{"argmax": 13, "components": {"attention_block_ms": 0.0, "cache_append_ms": 0.0, "dense_attention_ms": 0.0, "host_to_gpu_ms": 0.0}, "cuda_ms": 194.7049560546875, "finite": true, "measured": true, "status": "decode_step", "step": 135, "wall_ms": 194.7559299878776}
{"argmax": 5377, "components": {"attention_block_ms": 0.0, "cache_append_ms": 0.0, "dense_attention_ms": 0.0, "host_to_gpu_ms": 0.0}, "cuda_ms": 194.6214141845703, "finite": true, "measured": true, "status": "decode_step", "step": 136, "wall_ms": 194.66067804023623}
{"argmax": 311, "components": {"attention_block_ms": 0.0, "cache_append_ms": 0.0, "dense_attention_ms": 0.0, "host_to_gpu_ms": 0.0}, "cuda_ms": 194.55929565429688, "finite": true, "measured": true, "status": "decode_step", "step": 137, "wall_ms": 194.60860965773463}
{"argmax": 19816, "components": {"attention_block_ms": 0.0, "cache_append_ms": 0.0, "dense_attention_ms": 0.0, "host_to_gpu_ms": 0.0}, "cuda_ms": 194.5546875, "finite": true, "measured": true, "status": "decode_step", "step": 138, "wall_ms": 194.60707809776068}
{"argmax": 468, "components": {"attention_block_ms": 0.0, "cache_append_ms": 0.0, "dense_attention_ms": 0.0, "host_to_gpu_ms": 0.0}, "cuda_ms": 194.62684631347656, "finite": true, "measured": true, "status": "decode_step", "step": 139, "wall_ms": 194.66060819104314}
{"argmax": 13, "components": {"attention_block_ms": 0.0, "cache_append_ms": 0.0, "dense_attention_ms": 0.0, "host_to_gpu_ms": 0.0}, "cuda_ms": 194.47914123535156, "finite": true, "measured": true, "status": "decode_step", "step": 140, "wall_ms": 194.51375911012292}
{"argmax": 2947, "components": {"attention_block_ms": 0.0, "cache_append_ms": 0.0, "dense_attention_ms": 0.0, "host_to_gpu_ms": 0.0}, "cuda_ms": 194.41830444335938, "finite": true, "measured": true, "status": "decode_step", "step": 141, "wall_ms": 194.46070864796638}
{"argmax": 8536, "components": {"attention_block_ms": 0.0, "cache_append_ms": 0.0, "dense_attention_ms": 0.0, "host_to_gpu_ms": 0.0}, "cuda_ms": 194.53724670410156, "finite": true, "measured": true, "status": "decode_step", "step": 142, "wall_ms": 194.58161992952228}
{"argmax": 6150, "components": {"attention_block_ms": 0.0, "cache_append_ms": 0.0, "dense_attention_ms": 0.0, "host_to_gpu_ms": 0.0}, "cuda_ms": 194.39756774902344, "finite": true, "measured": true, "status": "decode_step", "step": 143, "wall_ms": 194.44915233179927}
{"decode_cuda_median_ms": 194.16439819335938, "decode_wall_median_ms": 194.19799116440117, "result": "results/system_benchmarks/tp1_dense_full_v6/formal_dense_offload_t32768_r1/benchmark.json", "status": "complete", "validated_layers": 0}
