status=running
{"context": 131072, "gpu": "NVIDIA L40S", "measure_steps": 128, "profile_components": false, "status": "starting", "storage": "local", "warmup_steps": 16}
{"allocated_gib": 30.975595474243164, "exact_kv_gib": 16.017578125, "gpu_staging_gib": 0.0, "host_exact_kv_gib": 0.0, "status": "model_ready"}
{"peak_allocated_gib": 38.547006607055664, "prefill_ms": 36394.41015625, "status": "prefill_complete"}
{"argmax": 11, "components": {"attention_block_ms": 0.0, "cache_append_ms": 0.0, "dense_attention_ms": 0.0, "host_to_gpu_ms": 0.0}, "cuda_ms": 113.44182586669922, "finite": true, "measured": false, "status": "decode_step", "step": 0, "wall_ms": 113.46111493185163}
{"argmax": 4918, "components": {"attention_block_ms": 0.0, "cache_append_ms": 0.0, "dense_attention_ms": 0.0, "host_to_gpu_ms": 0.0}, "cuda_ms": 47.7239990234375, "finite": true, "measured": false, "status": "decode_step", "step": 1, "wall_ms": 47.74176189675927}
{"argmax": 17200, "components": {"attention_block_ms": 0.0, "cache_append_ms": 0.0, "dense_attention_ms": 0.0, "host_to_gpu_ms": 0.0}, "cuda_ms": 47.56710433959961, "finite": true, "measured": false, "status": "decode_step", "step": 2, "wall_ms": 47.59016586467624}
{"argmax": 7876, "components": {"attention_block_ms": 0.0, "cache_append_ms": 0.0, "dense_attention_ms": 0.0, "host_to_gpu_ms": 0.0}, "cuda_ms": 47.57551956176758, "finite": true, "measured": false, "status": "decode_step", "step": 3, "wall_ms": 47.58596885949373}
{"argmax": 6150, "components": {"attention_block_ms": 0.0, "cache_append_ms": 0.0, "dense_attention_ms": 0.0, "host_to_gpu_ms": 0.0}, "cuda_ms": 47.52006530761719, "finite": true, "measured": false, "status": "decode_step", "step": 4, "wall_ms": 47.54500789567828}
{"argmax": 315, "components": {"attention_block_ms": 0.0, "cache_append_ms": 0.0, "dense_attention_ms": 0.0, "host_to_gpu_ms": 0.0}, "cuda_ms": 47.50175857543945, "finite": true, "measured": false, "status": "decode_step", "step": 5, "wall_ms": 47.524136025458574}
{"argmax": 7658, "components": {"attention_block_ms": 0.0, "cache_append_ms": 0.0, "dense_attention_ms": 0.0, "host_to_gpu_ms": 0.0}, "cuda_ms": 47.52547073364258, "finite": true, "measured": false, "status": "decode_step", "step": 6, "wall_ms": 47.546468675136566}
{"argmax": 323, "components": {"attention_block_ms": 0.0, "cache_append_ms": 0.0, "dense_attention_ms": 0.0, "host_to_gpu_ms": 0.0}, "cuda_ms": 47.504478454589844, "finite": true, "measured": false, "status": "decode_step", "step": 7, "wall_ms": 47.528804279863834}
{"argmax": 279, "components": {"attention_block_ms": 0.0, "cache_append_ms": 0.0, "dense_attention_ms": 0.0, "host_to_gpu_ms": 0.0}, "cuda_ms": 47.532958984375, "finite": true, "measured": false, "status": "decode_step", "step": 8, "wall_ms": 47.5531299598515}
{"argmax": 23298, "components": {"attention_block_ms": 0.0, "cache_append_ms": 0.0, "dense_attention_ms": 0.0, "host_to_gpu_ms": 0.0}, "cuda_ms": 47.49747085571289, "finite": true, "measured": false, "status": "decode_step", "step": 9, "wall_ms": 47.52027103677392}
{"argmax": 520, "components": {"attention_block_ms": 0.0, "cache_append_ms": 0.0, "dense_attention_ms": 0.0, "host_to_gpu_ms": 0.0}, "cuda_ms": 47.55827331542969, "finite": true, "measured": false, "status": "decode_step", "step": 10, "wall_ms": 47.57919814437628}
{"argmax": 311, "components": {"attention_block_ms": 0.0, "cache_append_ms": 0.0, "dense_attention_ms": 0.0, "host_to_gpu_ms": 0.0}, "cuda_ms": 47.50236892700195, "finite": true, "measured": false, "status": "decode_step", "step": 11, "wall_ms": 47.531557735055685}
{"argmax": 358, "components": {"attention_block_ms": 0.0, "cache_append_ms": 0.0, "dense_attention_ms": 0.0, "host_to_gpu_ms": 0.0}, "cuda_ms": 47.51683044433594, "finite": true, "measured": false, "status": "decode_step", "step": 12, "wall_ms": 47.53854824230075}
{"argmax": 527, "components": {"attention_block_ms": 0.0, "cache_append_ms": 0.0, "dense_attention_ms": 0.0, "host_to_gpu_ms": 0.0}, "cuda_ms": 47.50614547729492, "finite": true, "measured": false, "status": "decode_step", "step": 13, "wall_ms": 47.52624873071909}
{"argmax": 459, "components": {"attention_block_ms": 0.0, "cache_append_ms": 0.0, "dense_attention_ms": 0.0, "host_to_gpu_ms": 0.0}, "cuda_ms": 47.501216888427734, "finite": true, "measured": false, "status": "decode_step", "step": 14, "wall_ms": 47.524597961455584}
{"argmax": 8536, "components": {"attention_block_ms": 0.0, "cache_append_ms": 0.0, "dense_attention_ms": 0.0, "host_to_gpu_ms": 0.0}, "cuda_ms": 47.484737396240234, "finite": true, "measured": false, "status": "decode_step", "step": 15, "wall_ms": 47.503144945949316}
{"argmax": 13537, "components": {"attention_block_ms": 0.0, "cache_append_ms": 0.0, "dense_attention_ms": 0.0, "host_to_gpu_ms": 0.0}, "cuda_ms": 47.5167350769043, "finite": true, "measured": true, "status": "decode_step", "step": 16, "wall_ms": 47.5386381149292}
{"argmax": 13537, "components": {"attention_block_ms": 0.0, "cache_append_ms": 0.0, "dense_attention_ms": 0.0, "host_to_gpu_ms": 0.0}, "cuda_ms": 47.519168853759766, "finite": true, "measured": true, "status": "decode_step", "step": 17, "wall_ms": 47.538177110254765}
{"argmax": 26, "components": {"attention_block_ms": 0.0, "cache_append_ms": 0.0, "dense_attention_ms": 0.0, "host_to_gpu_ms": 0.0}, "cuda_ms": 47.504737854003906, "finite": true, "measured": true, "status": "decode_step", "step": 18, "wall_ms": 47.526719979941845}
{"argmax": 791, "components": {"attention_block_ms": 0.0, "cache_append_ms": 0.0, "dense_attention_ms": 0.0, "host_to_gpu_ms": 0.0}, "cuda_ms": 47.48486328125, "finite": true, "measured": true, "status": "decode_step", "step": 19, "wall_ms": 47.50595893710852}
{"argmax": 374, "components": {"attention_block_ms": 0.0, "cache_append_ms": 0.0, "dense_attention_ms": 0.0, "host_to_gpu_ms": 0.0}, "cuda_ms": 47.51590347290039, "finite": true, "measured": true, "status": "decode_step", "step": 20, "wall_ms": 47.53525275737047}
{"argmax": 374, "components": {"attention_block_ms": 0.0, "cache_append_ms": 0.0, "dense_attention_ms": 0.0, "host_to_gpu_ms": 0.0}, "cuda_ms": 47.46739196777344, "finite": true, "measured": true, "status": "decode_step", "step": 21, "wall_ms": 47.491246834397316}
{"argmax": 279, "components": {"attention_block_ms": 0.0, "cache_append_ms": 0.0, "dense_attention_ms": 0.0, "host_to_gpu_ms": 0.0}, "cuda_ms": 47.49903869628906, "finite": true, "measured": true, "status": "decode_step", "step": 22, "wall_ms": 47.51641396433115}
{"argmax": 3560, "components": {"attention_block_ms": 0.0, "cache_append_ms": 0.0, "dense_attention_ms": 0.0, "host_to_gpu_ms": 0.0}, "cuda_ms": 47.47983932495117, "finite": true, "measured": true, "status": "decode_step", "step": 23, "wall_ms": 47.50265507027507}
{"argmax": 323, "components": {"attention_block_ms": 0.0, "cache_append_ms": 0.0, "dense_attention_ms": 0.0, "host_to_gpu_ms": 0.0}, "cuda_ms": 47.50892639160156, "finite": true, "measured": true, "status": "decode_step", "step": 24, "wall_ms": 47.52853373065591}
{"argmax": 26411, "components": {"attention_block_ms": 0.0, "cache_append_ms": 0.0, "dense_attention_ms": 0.0, "host_to_gpu_ms": 0.0}, "cuda_ms": 47.5153923034668, "finite": true, "measured": true, "status": "decode_step", "step": 25, "wall_ms": 47.53563413396478}
{"argmax": 1511, "components": {"attention_block_ms": 0.0, "cache_append_ms": 0.0, "dense_attention_ms": 0.0, "host_to_gpu_ms": 0.0}, "cuda_ms": 47.49747085571289, "finite": true, "measured": true, "status": "decode_step", "step": 26, "wall_ms": 47.519720159471035}
{"argmax": 7524, "components": {"attention_block_ms": 0.0, "cache_append_ms": 0.0, "dense_attention_ms": 0.0, "host_to_gpu_ms": 0.0}, "cuda_ms": 47.49705505371094, "finite": true, "measured": true, "status": "decode_step", "step": 27, "wall_ms": 47.518058214336634}
{"argmax": 323, "components": {"attention_block_ms": 0.0, "cache_append_ms": 0.0, "dense_attention_ms": 0.0, "host_to_gpu_ms": 0.0}, "cuda_ms": 47.49651336669922, "finite": true, "measured": true, "status": "decode_step", "step": 28, "wall_ms": 47.5255879573524}
{"argmax": 8907, "components": {"attention_block_ms": 0.0, "cache_append_ms": 0.0, "dense_attention_ms": 0.0, "host_to_gpu_ms": 0.0}, "cuda_ms": 47.52048110961914, "finite": true, "measured": true, "status": "decode_step", "step": 29, "wall_ms": 47.54007002338767}
{"argmax": 91605, "components": {"attention_block_ms": 0.0, "cache_append_ms": 0.0, "dense_attention_ms": 0.0, "host_to_gpu_ms": 0.0}, "cuda_ms": 47.52012634277344, "finite": true, "measured": true, "status": "decode_step", "step": 30, "wall_ms": 47.54116199910641}
{"argmax": 1862, "components": {"attention_block_ms": 0.0, "cache_append_ms": 0.0, "dense_attention_ms": 0.0, "host_to_gpu_ms": 0.0}, "cuda_ms": 47.481536865234375, "finite": true, "measured": true, "status": "decode_step", "step": 31, "wall_ms": 47.50240407884121}
{"argmax": 369, "components": {"attention_block_ms": 0.0, "cache_append_ms": 0.0, "dense_attention_ms": 0.0, "host_to_gpu_ms": 0.0}, "cuda_ms": 47.51222229003906, "finite": true, "measured": true, "status": "decode_step", "step": 32, "wall_ms": 47.53444204106927}
{"argmax": 586, "components": {"attention_block_ms": 0.0, "cache_append_ms": 0.0, "dense_attention_ms": 0.0, "host_to_gpu_ms": 0.0}, "cuda_ms": 47.47993469238281, "finite": true, "measured": true, "status": "decode_step", "step": 33, "wall_ms": 47.5011020898819}
{"argmax": 7100, "components": {"attention_block_ms": 0.0, "cache_append_ms": 0.0, "dense_attention_ms": 0.0, "host_to_gpu_ms": 0.0}, "cuda_ms": 47.53260803222656, "finite": true, "measured": true, "status": "decode_step", "step": 34, "wall_ms": 47.55189782008529}
{"argmax": 11351, "components": {"attention_block_ms": 0.0, "cache_append_ms": 0.0, "dense_attention_ms": 0.0, "host_to_gpu_ms": 0.0}, "cuda_ms": 47.47081756591797, "finite": true, "measured": true, "status": "decode_step", "step": 35, "wall_ms": 47.493471298366785}
{"argmax": 13, "components": {"attention_block_ms": 0.0, "cache_append_ms": 0.0, "dense_attention_ms": 0.0, "host_to_gpu_ms": 0.0}, "cuda_ms": 47.505184173583984, "finite": true, "measured": true, "status": "decode_step", "step": 36, "wall_ms": 47.5292238406837}
{"argmax": 578, "components": {"attention_block_ms": 0.0, "cache_append_ms": 0.0, "dense_attention_ms": 0.0, "host_to_gpu_ms": 0.0}, "cuda_ms": 47.5035514831543, "finite": true, "measured": true, "status": "decode_step", "step": 37, "wall_ms": 47.524085734039545}
{"argmax": 3388, "components": {"attention_block_ms": 0.0, "cache_append_ms": 0.0, "dense_attention_ms": 0.0, "host_to_gpu_ms": 0.0}, "cuda_ms": 47.52364730834961, "finite": true, "measured": true, "status": "decode_step", "step": 38, "wall_ms": 47.54326492547989}
{"argmax": 690, "components": {"attention_block_ms": 0.0, "cache_append_ms": 0.0, "dense_attention_ms": 0.0, "host_to_gpu_ms": 0.0}, "cuda_ms": 47.49203109741211, "finite": true, "measured": true, "status": "decode_step", "step": 39, "wall_ms": 47.51505330204964}
{"argmax": 389, "components": {"attention_block_ms": 0.0, "cache_append_ms": 0.0, "dense_attention_ms": 0.0, "host_to_gpu_ms": 0.0}, "cuda_ms": 47.50825500488281, "finite": true, "measured": true, "status": "decode_step", "step": 40, "wall_ms": 47.52952419221401}
{"argmax": 279, "components": {"attention_block_ms": 0.0, "cache_append_ms": 0.0, "dense_attention_ms": 0.0, "host_to_gpu_ms": 0.0}, "cuda_ms": 47.50236892700195, "finite": true, "measured": true, "status": "decode_step", "step": 41, "wall_ms": 47.52357583492994}
{"argmax": 3560, "components": {"attention_block_ms": 0.0, "cache_append_ms": 0.0, "dense_attention_ms": 0.0, "host_to_gpu_ms": 0.0}, "cuda_ms": 47.51551818847656, "finite": true, "measured": true, "status": "decode_step", "step": 42, "wall_ms": 47.53940971568227}
{"argmax": 315, "components": {"attention_block_ms": 0.0, "cache_append_ms": 0.0, "dense_attention_ms": 0.0, "host_to_gpu_ms": 0.0}, "cuda_ms": 47.49417495727539, "finite": true, "measured": true, "status": "decode_step", "step": 43, "wall_ms": 47.5133010186255}
{"argmax": 33184, "components": {"attention_block_ms": 0.0, "cache_append_ms": 0.0, "dense_attention_ms": 0.0, "host_to_gpu_ms": 0.0}, "cuda_ms": 47.5316162109375, "finite": true, "measured": true, "status": "decode_step", "step": 44, "wall_ms": 47.55363008007407}
{"argmax": 11335, "components": {"attention_block_ms": 0.0, "cache_append_ms": 0.0, "dense_attention_ms": 0.0, "host_to_gpu_ms": 0.0}, "cuda_ms": 47.50387191772461, "finite": true, "measured": true, "status": "decode_step", "step": 45, "wall_ms": 47.52374580129981}
{"argmax": 304, "components": {"attention_block_ms": 0.0, "cache_append_ms": 0.0, "dense_attention_ms": 0.0, "host_to_gpu_ms": 0.0}, "cuda_ms": 47.52284622192383, "finite": true, "measured": true, "status": "decode_step", "step": 46, "wall_ms": 47.54500696435571}
{"argmax": 279, "components": {"attention_block_ms": 0.0, "cache_append_ms": 0.0, "dense_attention_ms": 0.0, "host_to_gpu_ms": 0.0}, "cuda_ms": 47.47001647949219, "finite": true, "measured": true, "status": "decode_step", "step": 47, "wall_ms": 47.49259911477566}
{"argmax": 33184, "components": {"attention_block_ms": 0.0, "cache_append_ms": 0.0, "dense_attention_ms": 0.0, "host_to_gpu_ms": 0.0}, "cuda_ms": 47.51881790161133, "finite": true, "measured": true, "status": "decode_step", "step": 48, "wall_ms": 47.539099119603634}
{"argmax": 315, "components": {"attention_block_ms": 0.0, "cache_append_ms": 0.0, "dense_attention_ms": 0.0, "host_to_gpu_ms": 0.0}, "cuda_ms": 47.49766540527344, "finite": true, "measured": true, "status": "decode_step", "step": 49, "wall_ms": 47.521492931991816}
{"argmax": 33184, "components": {"attention_block_ms": 0.0, "cache_append_ms": 0.0, "dense_attention_ms": 0.0, "host_to_gpu_ms": 0.0}, "cuda_ms": 47.506431579589844, "finite": true, "measured": true, "status": "decode_step", "step": 50, "wall_ms": 47.525017987936735}
{"argmax": 33184, "components": {"attention_block_ms": 0.0, "cache_append_ms": 0.0, "dense_attention_ms": 0.0, "host_to_gpu_ms": 0.0}, "cuda_ms": 47.49900817871094, "finite": true, "measured": true, "status": "decode_step", "step": 51, "wall_ms": 47.52058116719127}
{"argmax": 10706, "components": {"attention_block_ms": 0.0, "cache_append_ms": 0.0, "dense_attention_ms": 0.0, "host_to_gpu_ms": 0.0}, "cuda_ms": 47.51084899902344, "finite": true, "measured": true, "status": "decode_step", "step": 52, "wall_ms": 47.53581387922168}
{"argmax": 323, "components": {"attention_block_ms": 0.0, "cache_append_ms": 0.0, "dense_attention_ms": 0.0, "host_to_gpu_ms": 0.0}, "cuda_ms": 47.500831604003906, "finite": true, "measured": true, "status": "decode_step", "step": 53, "wall_ms": 47.52383613958955}
{"argmax": 279, "components": {"attention_block_ms": 0.0, "cache_append_ms": 0.0, "dense_attention_ms": 0.0, "host_to_gpu_ms": 0.0}, "cuda_ms": 47.51225662231445, "finite": true, "measured": true, "status": "decode_step", "step": 54, "wall_ms": 47.53362061455846}
{"argmax": 5536, "components": {"attention_block_ms": 0.0, "cache_append_ms": 0.0, "dense_attention_ms": 0.0, "host_to_gpu_ms": 0.0}, "cuda_ms": 47.51804733276367, "finite": true, "measured": true, "status": "decode_step", "step": 55, "wall_ms": 47.539188992232084}
{"argmax": 311, "components": {"attention_block_ms": 0.0, "cache_append_ms": 0.0, "dense_attention_ms": 0.0, "host_to_gpu_ms": 0.0}, "cuda_ms": 47.539615631103516, "finite": true, "measured": true, "status": "decode_step", "step": 56, "wall_ms": 47.5624343380332}
{"argmax": 279, "components": {"attention_block_ms": 0.0, "cache_append_ms": 0.0, "dense_attention_ms": 0.0, "host_to_gpu_ms": 0.0}, "cuda_ms": 47.51456069946289, "finite": true, "measured": true, "status": "decode_step", "step": 57, "wall_ms": 47.53368999809027}
{"argmax": 323, "components": {"attention_block_ms": 0.0, "cache_append_ms": 0.0, "dense_attention_ms": 0.0, "host_to_gpu_ms": 0.0}, "cuda_ms": 47.52969741821289, "finite": true, "measured": true, "status": "decode_step", "step": 58, "wall_ms": 47.55254881456494}
{"argmax": 13, "components": {"attention_block_ms": 0.0, "cache_append_ms": 0.0, "dense_attention_ms": 0.0, "host_to_gpu_ms": 0.0}, "cuda_ms": 47.486270904541016, "finite": true, "measured": true, "status": "decode_step", "step": 59, "wall_ms": 47.50641854479909}
{"argmax": 41582, "components": {"attention_block_ms": 0.0, "cache_append_ms": 0.0, "dense_attention_ms": 0.0, "host_to_gpu_ms": 0.0}, "cuda_ms": 47.5142707824707, "finite": true, "measured": true, "status": "decode_step", "step": 60, "wall_ms": 47.53676522523165}
{"argmax": 11, "components": {"attention_block_ms": 0.0, "cache_append_ms": 0.0, "dense_attention_ms": 0.0, "host_to_gpu_ms": 0.0}, "cuda_ms": 47.48223876953125, "finite": true, "measured": true, "status": "decode_step", "step": 61, "wall_ms": 47.50286415219307}
{"argmax": 323, "components": {"attention_block_ms": 0.0, "cache_append_ms": 0.0, "dense_attention_ms": 0.0, "host_to_gpu_ms": 0.0}, "cuda_ms": 47.50960159301758, "finite": true, "measured": true, "status": "decode_step", "step": 62, "wall_ms": 47.530014999210835}
{"argmax": 3927, "components": {"attention_block_ms": 0.0, "cache_append_ms": 0.0, "dense_attention_ms": 0.0, "host_to_gpu_ms": 0.0}, "cuda_ms": 47.472286224365234, "finite": true, "measured": true, "status": "decode_step", "step": 63, "wall_ms": 47.49305918812752}
{"argmax": 11006, "components": {"attention_block_ms": 0.0, "cache_append_ms": 0.0, "dense_attention_ms": 0.0, "host_to_gpu_ms": 0.0}, "cuda_ms": 47.507328033447266, "finite": true, "measured": true, "status": "decode_step", "step": 64, "wall_ms": 47.52646014094353}
{"argmax": 5315, "components": {"attention_block_ms": 0.0, "cache_append_ms": 0.0, "dense_attention_ms": 0.0, "host_to_gpu_ms": 0.0}, "cuda_ms": 47.50729751586914, "finite": true, "measured": true, "status": "decode_step", "step": 65, "wall_ms": 47.529435250908136}
{"argmax": 519, "components": {"attention_block_ms": 0.0, "cache_append_ms": 0.0, "dense_attention_ms": 0.0, "host_to_gpu_ms": 0.0}, "cuda_ms": 47.534751892089844, "finite": true, "measured": true, "status": "decode_step", "step": 66, "wall_ms": 47.553079668432474}
{"argmax": 1105, "components": {"attention_block_ms": 0.0, "cache_append_ms": 0.0, "dense_attention_ms": 0.0, "host_to_gpu_ms": 0.0}, "cuda_ms": 47.48384094238281, "finite": true, "measured": true, "status": "decode_step", "step": 67, "wall_ms": 47.50626999884844}
{"argmax": 11351, "components": {"attention_block_ms": 0.0, "cache_append_ms": 0.0, "dense_attention_ms": 0.0, "host_to_gpu_ms": 0.0}, "cuda_ms": 47.49260711669922, "finite": true, "measured": true, "status": "decode_step", "step": 68, "wall_ms": 47.51431103795767}
{"argmax": 13, "components": {"attention_block_ms": 0.0, "cache_append_ms": 0.0, "dense_attention_ms": 0.0, "host_to_gpu_ms": 0.0}, "cuda_ms": 47.47993469238281, "finite": true, "measured": true, "status": "decode_step", "step": 69, "wall_ms": 47.5003900937736}
{"argmax": 578, "components": {"attention_block_ms": 0.0, "cache_append_ms": 0.0, "dense_attention_ms": 0.0, "host_to_gpu_ms": 0.0}, "cuda_ms": 47.496543884277344, "finite": true, "measured": true, "status": "decode_step", "step": 70, "wall_ms": 47.518748324364424}
{"argmax": 311, "components": {"attention_block_ms": 0.0, "cache_append_ms": 0.0, "dense_attention_ms": 0.0, "host_to_gpu_ms": 0.0}, "cuda_ms": 47.52659225463867, "finite": true, "measured": true, "status": "decode_step", "step": 71, "wall_ms": 47.546450048685074}
{"argmax": 4236, "components": {"attention_block_ms": 0.0, "cache_append_ms": 0.0, "dense_attention_ms": 0.0, "host_to_gpu_ms": 0.0}, "cuda_ms": 47.503902435302734, "finite": true, "measured": true, "status": "decode_step", "step": 72, "wall_ms": 47.525607980787754}
{"argmax": 468, "components": {"attention_block_ms": 0.0, "cache_append_ms": 0.0, "dense_attention_ms": 0.0, "host_to_gpu_ms": 0.0}, "cuda_ms": 47.50300979614258, "finite": true, "measured": true, "status": "decode_step", "step": 73, "wall_ms": 47.522724606096745}
{"argmax": 13, "components": {"attention_block_ms": 0.0, "cache_append_ms": 0.0, "dense_attention_ms": 0.0, "host_to_gpu_ms": 0.0}, "cuda_ms": 47.5096321105957, "finite": true, "measured": true, "status": "decode_step", "step": 74, "wall_ms": 47.532598953694105}
{"argmax": 2947, "components": {"attention_block_ms": 0.0, "cache_append_ms": 0.0, "dense_attention_ms": 0.0, "host_to_gpu_ms": 0.0}, "cuda_ms": 47.49942398071289, "finite": true, "measured": true, "status": "decode_step", "step": 75, "wall_ms": 47.52202285453677}
{"argmax": 8536, "components": {"attention_block_ms": 0.0, "cache_append_ms": 0.0, "dense_attention_ms": 0.0, "host_to_gpu_ms": 0.0}, "cuda_ms": 47.52595138549805, "finite": true, "measured": true, "status": "decode_step", "step": 76, "wall_ms": 47.54530778154731}
{"argmax": 6150, "components": {"attention_block_ms": 0.0, "cache_append_ms": 0.0, "dense_attention_ms": 0.0, "host_to_gpu_ms": 0.0}, "cuda_ms": 47.502784729003906, "finite": true, "measured": true, "status": "decode_step", "step": 77, "wall_ms": 47.5245569832623}
{"argmax": 315, "components": {"attention_block_ms": 0.0, "cache_append_ms": 0.0, "dense_attention_ms": 0.0, "host_to_gpu_ms": 0.0}, "cuda_ms": 47.50825500488281, "finite": true, "measured": true, "status": "decode_step", "step": 78, "wall_ms": 47.5266701541841}
{"argmax": 3142, "components": {"attention_block_ms": 0.0, "cache_append_ms": 0.0, "dense_attention_ms": 0.0, "host_to_gpu_ms": 0.0}, "cuda_ms": 47.503231048583984, "finite": true, "measured": true, "status": "decode_step", "step": 79, "wall_ms": 47.526600770652294}
{"argmax": 323, "components": {"attention_block_ms": 0.0, "cache_append_ms": 0.0, "dense_attention_ms": 0.0, "host_to_gpu_ms": 0.0}, "cuda_ms": 47.524288177490234, "finite": true, "measured": true, "status": "decode_step", "step": 80, "wall_ms": 47.54466796293855}
{"argmax": 7327, "components": {"attention_block_ms": 0.0, "cache_append_ms": 0.0, "dense_attention_ms": 0.0, "host_to_gpu_ms": 0.0}, "cuda_ms": 47.48976135253906, "finite": true, "measured": true, "status": "decode_step", "step": 81, "wall_ms": 47.51090705394745}
{"argmax": 23298, "components": {"attention_block_ms": 0.0, "cache_append_ms": 0.0, "dense_attention_ms": 0.0, "host_to_gpu_ms": 0.0}, "cuda_ms": 47.5118408203125, "finite": true, "measured": true, "status": "decode_step", "step": 82, "wall_ms": 47.533679753541946}
{"argmax": 4236, "components": {"attention_block_ms": 0.0, "cache_append_ms": 0.0, "dense_attention_ms": 0.0, "host_to_gpu_ms": 0.0}, "cuda_ms": 47.485408782958984, "finite": true, "measured": true, "status": "decode_step", "step": 83, "wall_ms": 47.505988739430904}
{"argmax": 26, "components": {"attention_block_ms": 0.0, "cache_append_ms": 0.0, "dense_attention_ms": 0.0, "host_to_gpu_ms": 0.0}, "cuda_ms": 47.51027297973633, "finite": true, "measured": true, "status": "decode_step", "step": 84, "wall_ms": 47.533710952848196}
{"argmax": 3885, "components": {"attention_block_ms": 0.0, "cache_append_ms": 0.0, "dense_attention_ms": 0.0, "host_to_gpu_ms": 0.0}, "cuda_ms": 47.494911193847656, "finite": true, "measured": true, "status": "decode_step", "step": 85, "wall_ms": 47.515793703496456}
{"argmax": 449, "components": {"attention_block_ms": 0.0, "cache_append_ms": 0.0, "dense_attention_ms": 0.0, "host_to_gpu_ms": 0.0}, "cuda_ms": 47.520896911621094, "finite": true, "measured": true, "status": "decode_step", "step": 86, "wall_ms": 47.54543909803033}
{"argmax": 2947, "components": {"attention_block_ms": 0.0, "cache_append_ms": 0.0, "dense_attention_ms": 0.0, "host_to_gpu_ms": 0.0}, "cuda_ms": 47.474239349365234, "finite": true, "measured": true, "status": "decode_step", "step": 87, "wall_ms": 47.493510879576206}
{"argmax": 8536, "components": {"attention_block_ms": 0.0, "cache_append_ms": 0.0, "dense_attention_ms": 0.0, "host_to_gpu_ms": 0.0}, "cuda_ms": 47.50707244873047, "finite": true, "measured": true, "status": "decode_step", "step": 88, "wall_ms": 47.57953900843859}
{"argmax": 6150, "components": {"attention_block_ms": 0.0, "cache_append_ms": 0.0, "dense_attention_ms": 0.0, "host_to_gpu_ms": 0.0}, "cuda_ms": 47.95065689086914, "finite": true, "measured": true, "status": "decode_step", "step": 89, "wall_ms": 47.97517089173198}
{"argmax": 8041, "components": {"attention_block_ms": 0.0, "cache_append_ms": 0.0, "dense_attention_ms": 0.0, "host_to_gpu_ms": 0.0}, "cuda_ms": 47.5299186706543, "finite": true, "measured": true, "status": "decode_step", "step": 90, "wall_ms": 47.55049617961049}
{"argmax": 627, "components": {"attention_block_ms": 0.0, "cache_append_ms": 0.0, "dense_attention_ms": 0.0, "host_to_gpu_ms": 0.0}, "cuda_ms": 47.476768493652344, "finite": true, "measured": true, "status": "decode_step", "step": 91, "wall_ms": 47.498867847025394}
{"argmax": 2028, "components": {"attention_block_ms": 0.0, "cache_append_ms": 0.0, "dense_attention_ms": 0.0, "host_to_gpu_ms": 0.0}, "cuda_ms": 47.52524948120117, "finite": true, "measured": true, "status": "decode_step", "step": 92, "wall_ms": 47.54607891663909}
{"argmax": 3388, "components": {"attention_block_ms": 0.0, "cache_append_ms": 0.0, "dense_attention_ms": 0.0, "host_to_gpu_ms": 0.0}, "cuda_ms": 47.491294860839844, "finite": true, "measured": true, "status": "decode_step", "step": 93, "wall_ms": 47.52019979059696}
{"argmax": 49095, "components": {"attention_block_ms": 0.0, "cache_append_ms": 0.0, "dense_attention_ms": 0.0, "host_to_gpu_ms": 0.0}, "cuda_ms": 47.515262603759766, "finite": true, "measured": true, "status": "decode_step", "step": 94, "wall_ms": 47.534411773085594}
{"argmax": 459, "components": {"attention_block_ms": 0.0, "cache_append_ms": 0.0, "dense_attention_ms": 0.0, "host_to_gpu_ms": 0.0}, "cuda_ms": 47.51795196533203, "finite": true, "measured": true, "status": "decode_step", "step": 95, "wall_ms": 47.54098132252693}
{"argmax": 4236, "components": {"attention_block_ms": 0.0, "cache_append_ms": 0.0, "dense_attention_ms": 0.0, "host_to_gpu_ms": 0.0}, "cuda_ms": 47.510047912597656, "finite": true, "measured": true, "status": "decode_step", "step": 96, "wall_ms": 47.53981018438935}
{"argmax": 889, "components": {"attention_block_ms": 0.0, "cache_append_ms": 0.0, "dense_attention_ms": 0.0, "host_to_gpu_ms": 0.0}, "cuda_ms": 47.51030349731445, "finite": true, "measured": true, "status": "decode_step", "step": 97, "wall_ms": 47.53127787262201}
{"argmax": 6156, "components": {"attention_block_ms": 0.0, "cache_append_ms": 0.0, "dense_attention_ms": 0.0, "host_to_gpu_ms": 0.0}, "cuda_ms": 47.51446533203125, "finite": true, "measured": true, "status": "decode_step", "step": 98, "wall_ms": 47.537867445498705}
{"argmax": 9021, "components": {"attention_block_ms": 0.0, "cache_append_ms": 0.0, "dense_attention_ms": 0.0, "host_to_gpu_ms": 0.0}, "cuda_ms": 47.541534423828125, "finite": true, "measured": true, "status": "decode_step", "step": 99, "wall_ms": 47.56089113652706}
{"argmax": 374, "components": {"attention_block_ms": 0.0, "cache_append_ms": 0.0, "dense_attention_ms": 0.0, "host_to_gpu_ms": 0.0}, "cuda_ms": 47.51155090332031, "finite": true, "measured": true, "status": "decode_step", "step": 100, "wall_ms": 47.53472190350294}
{"argmax": 304, "components": {"attention_block_ms": 0.0, "cache_append_ms": 0.0, "dense_attention_ms": 0.0, "host_to_gpu_ms": 0.0}, "cuda_ms": 47.49942398071289, "finite": true, "measured": true, "status": "decode_step", "step": 101, "wall_ms": 47.52050107344985}
{"argmax": 2536, "components": {"attention_block_ms": 0.0, "cache_append_ms": 0.0, "dense_attention_ms": 0.0, "host_to_gpu_ms": 0.0}, "cuda_ms": 47.52396774291992, "finite": true, "measured": true, "status": "decode_step", "step": 102, "wall_ms": 47.546589747071266}
{"argmax": 10706, "components": {"attention_block_ms": 0.0, "cache_append_ms": 0.0, "dense_attention_ms": 0.0, "host_to_gpu_ms": 0.0}, "cuda_ms": 47.49203109741211, "finite": true, "measured": true, "status": "decode_step", "step": 103, "wall_ms": 47.5144418887794}
{"argmax": 13, "components": {"attention_block_ms": 0.0, "cache_append_ms": 0.0, "dense_attention_ms": 0.0, "host_to_gpu_ms": 0.0}, "cuda_ms": 47.52608108520508, "finite": true, "measured": true, "status": "decode_step", "step": 104, "wall_ms": 47.55143681541085}
{"argmax": 889, "components": {"attention_block_ms": 0.0, "cache_append_ms": 0.0, "dense_attention_ms": 0.0, "host_to_gpu_ms": 0.0}, "cuda_ms": 47.523681640625, "finite": true, "measured": true, "status": "decode_step", "step": 105, "wall_ms": 47.55224799737334}
{"argmax": 311, "components": {"attention_block_ms": 0.0, "cache_append_ms": 0.0, "dense_attention_ms": 0.0, "host_to_gpu_ms": 0.0}, "cuda_ms": 47.539615631103516, "finite": true, "measured": true, "status": "decode_step", "step": 106, "wall_ms": 47.55944898352027}
{"argmax": 387, "components": {"attention_block_ms": 0.0, "cache_append_ms": 0.0, "dense_attention_ms": 0.0, "host_to_gpu_ms": 0.0}, "cuda_ms": 47.503841400146484, "finite": true, "measured": true, "status": "decode_step", "step": 107, "wall_ms": 47.52632975578308}
{"argmax": 264, "components": {"attention_block_ms": 0.0, "cache_append_ms": 0.0, "dense_attention_ms": 0.0, "host_to_gpu_ms": 0.0}, "cuda_ms": 47.51065444946289, "finite": true, "measured": true, "status": "decode_step", "step": 108, "wall_ms": 47.53016587346792}
{"argmax": 6373, "components": {"attention_block_ms": 0.0, "cache_append_ms": 0.0, "dense_attention_ms": 0.0, "host_to_gpu_ms": 0.0}, "cuda_ms": 47.51510238647461, "finite": true, "measured": true, "status": "decode_step", "step": 109, "wall_ms": 47.539329156279564}
{"argmax": 10093, "components": {"attention_block_ms": 0.0, "cache_append_ms": 0.0, "dense_attention_ms": 0.0, "host_to_gpu_ms": 0.0}, "cuda_ms": 47.52105712890625, "finite": true, "measured": true, "status": "decode_step", "step": 110, "wall_ms": 47.54712991416454}
{"argmax": 13, "components": {"attention_block_ms": 0.0, "cache_append_ms": 0.0, "dense_attention_ms": 0.0, "host_to_gpu_ms": 0.0}, "cuda_ms": 47.49555206298828, "finite": true, "measured": true, "status": "decode_step", "step": 111, "wall_ms": 47.51920932903886}
{"argmax": 279, "components": {"attention_block_ms": 0.0, "cache_append_ms": 0.0, "dense_attention_ms": 0.0, "host_to_gpu_ms": 0.0}, "cuda_ms": 47.54022216796875, "finite": true, "measured": true, "status": "decode_step", "step": 112, "wall_ms": 47.56261361762881}
{"argmax": 13, "components": {"attention_block_ms": 0.0, "cache_append_ms": 0.0, "dense_attention_ms": 0.0, "host_to_gpu_ms": 0.0}, "cuda_ms": 47.51545715332031, "finite": true, "measured": true, "status": "decode_step", "step": 113, "wall_ms": 47.53547301515937}
{"argmax": 578, "components": {"attention_block_ms": 0.0, "cache_append_ms": 0.0, "dense_attention_ms": 0.0, "host_to_gpu_ms": 0.0}, "cuda_ms": 47.532798767089844, "finite": true, "measured": true, "status": "decode_step", "step": 114, "wall_ms": 47.55609389394522}
{"argmax": 3388, "components": {"attention_block_ms": 0.0, "cache_append_ms": 0.0, "dense_attention_ms": 0.0, "host_to_gpu_ms": 0.0}, "cuda_ms": 47.49990463256836, "finite": true, "measured": true, "status": "decode_step", "step": 115, "wall_ms": 47.52032086253166}
{"argmax": 374, "components": {"attention_block_ms": 0.0, "cache_append_ms": 0.0, "dense_attention_ms": 0.0, "host_to_gpu_ms": 0.0}, "cuda_ms": 47.52783966064453, "finite": true, "measured": true, "status": "decode_step", "step": 116, "wall_ms": 47.549134120345116}
{"argmax": 264, "components": {"attention_block_ms": 0.0, "cache_append_ms": 0.0, "dense_attention_ms": 0.0, "host_to_gpu_ms": 0.0}, "cuda_ms": 47.4917106628418, "finite": true, "measured": true, "status": "decode_step", "step": 117, "wall_ms": 47.515072859823704}
{"argmax": 6677, "components": {"attention_block_ms": 0.0, "cache_append_ms": 0.0, "dense_attention_ms": 0.0, "host_to_gpu_ms": 0.0}, "cuda_ms": 47.54377746582031, "finite": true, "measured": true, "status": "decode_step", "step": 118, "wall_ms": 47.564066015183926}
{"argmax": 323, "components": {"attention_block_ms": 0.0, "cache_append_ms": 0.0, "dense_attention_ms": 0.0, "host_to_gpu_ms": 0.0}, "cuda_ms": 47.49977493286133, "finite": true, "measured": true, "status": "decode_step", "step": 119, "wall_ms": 47.523163724690676}
{"argmax": 4236, "components": {"attention_block_ms": 0.0, "cache_append_ms": 0.0, "dense_attention_ms": 0.0, "host_to_gpu_ms": 0.0}, "cuda_ms": 47.511905670166016, "finite": true, "measured": true, "status": "decode_step", "step": 120, "wall_ms": 47.53528302535415}
{"argmax": 287, "components": {"attention_block_ms": 0.0, "cache_append_ms": 0.0, "dense_attention_ms": 0.0, "host_to_gpu_ms": 0.0}, "cuda_ms": 47.50969696044922, "finite": true, "measured": true, "status": "decode_step", "step": 121, "wall_ms": 47.533068805933}
{"argmax": 11, "components": {"attention_block_ms": 0.0, "cache_append_ms": 0.0, "dense_attention_ms": 0.0, "host_to_gpu_ms": 0.0}, "cuda_ms": 47.488224029541016, "finite": true, "measured": true, "status": "decode_step", "step": 122, "wall_ms": 47.50803206115961}
{"argmax": 279, "components": {"attention_block_ms": 0.0, "cache_append_ms": 0.0, "dense_attention_ms": 0.0, "host_to_gpu_ms": 0.0}, "cuda_ms": 47.50566482543945, "finite": true, "measured": true, "status": "decode_step", "step": 123, "wall_ms": 47.52795211970806}
{"argmax": 33184, "components": {"attention_block_ms": 0.0, "cache_append_ms": 0.0, "dense_attention_ms": 0.0, "host_to_gpu_ms": 0.0}, "cuda_ms": 47.51696014404297, "finite": true, "measured": true, "status": "decode_step", "step": 124, "wall_ms": 47.53931984305382}
{"argmax": 7471, "components": {"attention_block_ms": 0.0, "cache_append_ms": 0.0, "dense_attention_ms": 0.0, "host_to_gpu_ms": 0.0}, "cuda_ms": 47.53104019165039, "finite": true, "measured": true, "status": "decode_step", "step": 125, "wall_ms": 47.551306895911694}
{"argmax": 2737, "components": {"attention_block_ms": 0.0, "cache_append_ms": 0.0, "dense_attention_ms": 0.0, "host_to_gpu_ms": 0.0}, "cuda_ms": 47.572959899902344, "finite": true, "measured": true, "status": "decode_step", "step": 126, "wall_ms": 47.59345017373562}
{"argmax": 279, "components": {"attention_block_ms": 0.0, "cache_append_ms": 0.0, "dense_attention_ms": 0.0, "host_to_gpu_ms": 0.0}, "cuda_ms": 47.49350357055664, "finite": true, "measured": true, "status": "decode_step", "step": 127, "wall_ms": 47.51410102471709}
{"argmax": 3388, "components": {"attention_block_ms": 0.0, "cache_append_ms": 0.0, "dense_attention_ms": 0.0, "host_to_gpu_ms": 0.0}, "cuda_ms": 47.536865234375, "finite": true, "measured": true, "status": "decode_step", "step": 128, "wall_ms": 47.56108205765486}
{"argmax": 369, "components": {"attention_block_ms": 0.0, "cache_append_ms": 0.0, "dense_attention_ms": 0.0, "host_to_gpu_ms": 0.0}, "cuda_ms": 47.4920654296875, "finite": true, "measured": true, "status": "decode_step", "step": 129, "wall_ms": 47.512148041278124}
{"argmax": 37419, "components": {"attention_block_ms": 0.0, "cache_append_ms": 0.0, "dense_attention_ms": 0.0, "host_to_gpu_ms": 0.0}, "cuda_ms": 47.521278381347656, "finite": true, "measured": true, "status": "decode_step", "step": 130, "wall_ms": 47.545308247208595}
{"argmax": 6373, "components": {"attention_block_ms": 0.0, "cache_append_ms": 0.0, "dense_attention_ms": 0.0, "host_to_gpu_ms": 0.0}, "cuda_ms": 47.51456069946289, "finite": true, "measured": true, "status": "decode_step", "step": 131, "wall_ms": 47.53617523238063}
{"argmax": 323, "components": {"attention_block_ms": 0.0, "cache_append_ms": 0.0, "dense_attention_ms": 0.0, "host_to_gpu_ms": 0.0}, "cuda_ms": 47.52396774291992, "finite": true, "measured": true, "status": "decode_step", "step": 132, "wall_ms": 47.54499765112996}
{"argmax": 6020, "components": {"attention_block_ms": 0.0, "cache_append_ms": 0.0, "dense_attention_ms": 0.0, "host_to_gpu_ms": 0.0}, "cuda_ms": 47.48649597167969, "finite": true, "measured": true, "status": "decode_step", "step": 133, "wall_ms": 47.50792169943452}
{"argmax": 24043, "components": {"attention_block_ms": 0.0, "cache_append_ms": 0.0, "dense_attention_ms": 0.0, "host_to_gpu_ms": 0.0}, "cuda_ms": 47.51536178588867, "finite": true, "measured": true, "status": "decode_step", "step": 134, "wall_ms": 47.53493284806609}
{"argmax": 13, "components": {"attention_block_ms": 0.0, "cache_append_ms": 0.0, "dense_attention_ms": 0.0, "host_to_gpu_ms": 0.0}, "cuda_ms": 47.50089645385742, "finite": true, "measured": true, "status": "decode_step", "step": 135, "wall_ms": 47.52305522561073}
{"argmax": 5377, "components": {"attention_block_ms": 0.0, "cache_append_ms": 0.0, "dense_attention_ms": 0.0, "host_to_gpu_ms": 0.0}, "cuda_ms": 47.50252914428711, "finite": true, "measured": true, "status": "decode_step", "step": 136, "wall_ms": 47.51439206302166}
{"argmax": 311, "components": {"attention_block_ms": 0.0, "cache_append_ms": 0.0, "dense_attention_ms": 0.0, "host_to_gpu_ms": 0.0}, "cuda_ms": 47.504798889160156, "finite": true, "measured": true, "status": "decode_step", "step": 137, "wall_ms": 47.52484802156687}
{"argmax": 19816, "components": {"attention_block_ms": 0.0, "cache_append_ms": 0.0, "dense_attention_ms": 0.0, "host_to_gpu_ms": 0.0}, "cuda_ms": 47.53548812866211, "finite": true, "measured": true, "status": "decode_step", "step": 138, "wall_ms": 47.55942989140749}
{"argmax": 468, "components": {"attention_block_ms": 0.0, "cache_append_ms": 0.0, "dense_attention_ms": 0.0, "host_to_gpu_ms": 0.0}, "cuda_ms": 47.50294494628906, "finite": true, "measured": true, "status": "decode_step", "step": 139, "wall_ms": 47.523465007543564}
{"argmax": 13, "components": {"attention_block_ms": 0.0, "cache_append_ms": 0.0, "dense_attention_ms": 0.0, "host_to_gpu_ms": 0.0}, "cuda_ms": 47.51980972290039, "finite": true, "measured": true, "status": "decode_step", "step": 140, "wall_ms": 47.54307493567467}
{"argmax": 2947, "components": {"attention_block_ms": 0.0, "cache_append_ms": 0.0, "dense_attention_ms": 0.0, "host_to_gpu_ms": 0.0}, "cuda_ms": 47.48259353637695, "finite": true, "measured": true, "status": "decode_step", "step": 141, "wall_ms": 47.50225367024541}
{"argmax": 8536, "components": {"attention_block_ms": 0.0, "cache_append_ms": 0.0, "dense_attention_ms": 0.0, "host_to_gpu_ms": 0.0}, "cuda_ms": 47.53580856323242, "finite": true, "measured": true, "status": "decode_step", "step": 142, "wall_ms": 47.55908902734518}
{"argmax": 6150, "components": {"attention_block_ms": 0.0, "cache_append_ms": 0.0, "dense_attention_ms": 0.0, "host_to_gpu_ms": 0.0}, "cuda_ms": 47.507774353027344, "finite": true, "measured": true, "status": "decode_step", "step": 143, "wall_ms": 47.529254108667374}
{"decode_cuda_median_ms": 47.50926399230957, "decode_wall_median_ms": 47.53009043633938, "result": "results/system_benchmarks/tp1_dense_full_v6/formal_dense_local_t131072_r0/benchmark.json", "status": "complete", "validated_layers": 0}
