{"context": 131072, "gpu": "NVIDIA L40S", "measure_steps": 128, "mode": "legacy", "status": "starting", "storage": "local", "warmup_steps": 16}
{"status": "extensions_ready"}
Loading weights:   0%|          | 0/291 [00:00<?, ?it/s]Loading weights: 100%|██████████| 291/291 [00:00<00:00, 9764.34it/s]
{"allocated_gib": 33.10554313659668, "host_exact_key_gib": 0.0, "status": "model_ready"}
{"peak_allocated_gib": 40.67695426940918, "prefill_ms": 36491.19140625, "status": "prefill_complete"}
{"argmax": 11, "cuda_ms": 125.35485076904297, "finite": true, "measured": false, "status": "decode_step", "step": 0, "wall_ms": 125.36541186273098}
{"argmax": 13, "cuda_ms": 47.373409271240234, "finite": true, "measured": false, "status": "decode_step", "step": 1, "wall_ms": 47.39025281742215}
{"argmax": 17200, "cuda_ms": 47.21865463256836, "finite": true, "measured": false, "status": "decode_step", "step": 2, "wall_ms": 47.234459314495325}
{"argmax": 7876, "cuda_ms": 47.18479919433594, "finite": true, "measured": false, "status": "decode_step", "step": 3, "wall_ms": 47.20269190147519}
{"argmax": 32107, "cuda_ms": 47.21043014526367, "finite": true, "measured": false, "status": "decode_step", "step": 4, "wall_ms": 47.22712794318795}
{"argmax": 315, "cuda_ms": 47.19535827636719, "finite": true, "measured": false, "status": "decode_step", "step": 5, "wall_ms": 47.2122966311872}
{"argmax": 8184, "cuda_ms": 47.223838806152344, "finite": true, "measured": false, "status": "decode_step", "step": 6, "wall_ms": 47.239706851541996}
{"argmax": 323, "cuda_ms": 47.198272705078125, "finite": true, "measured": false, "status": "decode_step", "step": 7, "wall_ms": 47.21386777237058}
{"argmax": 7327, "cuda_ms": 47.14976119995117, "finite": true, "measured": false, "status": "decode_step", "step": 8, "wall_ms": 47.16790001839399}
{"argmax": 23298, "cuda_ms": 47.180641174316406, "finite": true, "measured": false, "status": "decode_step", "step": 9, "wall_ms": 47.19706391915679}
{"argmax": 520, "cuda_ms": 47.16819381713867, "finite": true, "measured": false, "status": "decode_step", "step": 10, "wall_ms": 47.186046838760376}
{"argmax": 11, "cuda_ms": 47.19001770019531, "finite": true, "measured": false, "status": "decode_step", "step": 11, "wall_ms": 47.20814013853669}
{"argmax": 279, "cuda_ms": 47.17251205444336, "finite": true, "measured": false, "status": "decode_step", "step": 12, "wall_ms": 47.18836024403572}
{"argmax": 527, "cuda_ms": 47.167327880859375, "finite": true, "measured": false, "status": "decode_step", "step": 13, "wall_ms": 47.18568595126271}
{"argmax": 264, "cuda_ms": 47.161598205566406, "finite": true, "measured": false, "status": "decode_step", "step": 14, "wall_ms": 47.17804491519928}
{"argmax": 8536, "cuda_ms": 47.17465591430664, "finite": true, "measured": false, "status": "decode_step", "step": 15, "wall_ms": 47.192736994475126}
{"argmax": 6150, "cuda_ms": 47.18880081176758, "finite": true, "measured": true, "status": "decode_step", "step": 16, "wall_ms": 47.20635712146759}
{"argmax": 315, "cuda_ms": 47.156097412109375, "finite": true, "measured": true, "status": "decode_step", "step": 17, "wall_ms": 47.172767110168934}
{"argmax": 13, "cuda_ms": 47.20771026611328, "finite": true, "measured": true, "status": "decode_step", "step": 18, "wall_ms": 47.22602711990476}
{"argmax": 791, "cuda_ms": 47.15273666381836, "finite": true, "measured": true, "status": "decode_step", "step": 19, "wall_ms": 47.16824134811759}
{"argmax": 374, "cuda_ms": 47.1703987121582, "finite": true, "measured": true, "status": "decode_step", "step": 20, "wall_ms": 47.18751925975084}
{"argmax": 374, "cuda_ms": 47.10688018798828, "finite": true, "measured": true, "status": "decode_step", "step": 21, "wall_ms": 47.12338279932737}
{"argmax": 279, "cuda_ms": 47.16633605957031, "finite": true, "measured": true, "status": "decode_step", "step": 22, "wall_ms": 47.18377301469445}
{"argmax": 3560, "cuda_ms": 47.16972732543945, "finite": true, "measured": true, "status": "decode_step", "step": 23, "wall_ms": 47.186237294226885}
{"argmax": 323, "cuda_ms": 47.19664001464844, "finite": true, "measured": true, "status": "decode_step", "step": 24, "wall_ms": 47.21553111448884}
{"argmax": 26411, "cuda_ms": 47.217472076416016, "finite": true, "measured": true, "status": "decode_step", "step": 25, "wall_ms": 47.23330773413181}
{"argmax": 1511, "cuda_ms": 47.188926696777344, "finite": true, "measured": true, "status": "decode_step", "step": 26, "wall_ms": 47.2062174230814}
{"argmax": 7524, "cuda_ms": 47.16239929199219, "finite": true, "measured": true, "status": "decode_step", "step": 27, "wall_ms": 47.17858601361513}
{"argmax": 323, "cuda_ms": 47.182369232177734, "finite": true, "measured": true, "status": "decode_step", "step": 28, "wall_ms": 47.19929629936814}
{"argmax": 8907, "cuda_ms": 47.15488052368164, "finite": true, "measured": true, "status": "decode_step", "step": 29, "wall_ms": 47.17130400240421}
{"argmax": 91605, "cuda_ms": 47.181758880615234, "finite": true, "measured": true, "status": "decode_step", "step": 30, "wall_ms": 47.19735402613878}
{"argmax": 11006, "cuda_ms": 47.194847106933594, "finite": true, "measured": true, "status": "decode_step", "step": 31, "wall_ms": 47.21249593421817}
{"argmax": 369, "cuda_ms": 47.545536041259766, "finite": true, "measured": true, "status": "decode_step", "step": 32, "wall_ms": 47.56184900179505}
{"argmax": 586, "cuda_ms": 47.100833892822266, "finite": true, "measured": true, "status": "decode_step", "step": 33, "wall_ms": 47.11819579824805}
{"argmax": 323, "cuda_ms": 47.136512756347656, "finite": true, "measured": true, "status": "decode_step", "step": 34, "wall_ms": 47.15317813679576}
{"argmax": 11351, "cuda_ms": 47.11782455444336, "finite": true, "measured": true, "status": "decode_step", "step": 35, "wall_ms": 47.13469138368964}
{"argmax": 13, "cuda_ms": 47.115840911865234, "finite": true, "measured": true, "status": "decode_step", "step": 36, "wall_ms": 47.13180614635348}
{"argmax": 578, "cuda_ms": 47.098880767822266, "finite": true, "measured": true, "status": "decode_step", "step": 37, "wall_ms": 47.11609287187457}
{"argmax": 3388, "cuda_ms": 47.147743225097656, "finite": true, "measured": true, "status": "decode_step", "step": 38, "wall_ms": 47.16525645926595}
{"argmax": 690, "cuda_ms": 47.13894271850586, "finite": true, "measured": true, "status": "decode_step", "step": 39, "wall_ms": 47.15614207088947}
{"argmax": 389, "cuda_ms": 47.11638259887695, "finite": true, "measured": true, "status": "decode_step", "step": 40, "wall_ms": 47.1439640969038}
{"argmax": 279, "cuda_ms": 47.13545608520508, "finite": true, "measured": true, "status": "decode_step", "step": 41, "wall_ms": 47.15309711173177}
{"argmax": 3560, "cuda_ms": 47.13417434692383, "finite": true, "measured": true, "status": "decode_step", "step": 42, "wall_ms": 47.149873338639736}
{"argmax": 315, "cuda_ms": 47.132320404052734, "finite": true, "measured": true, "status": "decode_step", "step": 43, "wall_ms": 47.15076508000493}
{"argmax": 2254, "cuda_ms": 47.100128173828125, "finite": true, "measured": true, "status": "decode_step", "step": 44, "wall_ms": 47.11593221873045}
{"argmax": 11335, "cuda_ms": 47.124961853027344, "finite": true, "measured": true, "status": "decode_step", "step": 45, "wall_ms": 47.14372428134084}
{"argmax": 304, "cuda_ms": 47.15660858154297, "finite": true, "measured": true, "status": "decode_step", "step": 46, "wall_ms": 47.17182507738471}
{"argmax": 279, "cuda_ms": 47.1280632019043, "finite": true, "measured": true, "status": "decode_step", "step": 47, "wall_ms": 47.14595712721348}
{"argmax": 4500, "cuda_ms": 47.114017486572266, "finite": true, "measured": true, "status": "decode_step", "step": 48, "wall_ms": 47.13169485330582}
{"argmax": 315, "cuda_ms": 47.12073516845703, "finite": true, "measured": true, "status": "decode_step", "step": 49, "wall_ms": 47.136712819337845}
{"argmax": 33184, "cuda_ms": 47.11888122558594, "finite": true, "measured": true, "status": "decode_step", "step": 50, "wall_ms": 47.13666392490268}
{"argmax": 33184, "cuda_ms": 47.11827087402344, "finite": true, "measured": true, "status": "decode_step", "step": 51, "wall_ms": 47.134448774158955}
{"argmax": 10706, "cuda_ms": 47.131553649902344, "finite": true, "measured": true, "status": "decode_step", "step": 52, "wall_ms": 47.148431185632944}
{"argmax": 323, "cuda_ms": 47.10761642456055, "finite": true, "measured": true, "status": "decode_step", "step": 53, "wall_ms": 47.124824952334166}
{"argmax": 279, "cuda_ms": 47.11449432373047, "finite": true, "measured": true, "status": "decode_step", "step": 54, "wall_ms": 47.1322862431407}
{"argmax": 5536, "cuda_ms": 47.12723159790039, "finite": true, "measured": true, "status": "decode_step", "step": 55, "wall_ms": 47.14290285483003}
{"argmax": 311, "cuda_ms": 47.106239318847656, "finite": true, "measured": true, "status": "decode_step", "step": 56, "wall_ms": 47.12285194545984}
{"argmax": 279, "cuda_ms": 47.10460662841797, "finite": true, "measured": true, "status": "decode_step", "step": 57, "wall_ms": 47.121970914304256}
{"argmax": 13607, "cuda_ms": 47.14371109008789, "finite": true, "measured": true, "status": "decode_step", "step": 58, "wall_ms": 47.15994792059064}
{"argmax": 627, "cuda_ms": 47.13859176635742, "finite": true, "measured": true, "status": "decode_step", "step": 59, "wall_ms": 47.15594230219722}
{"argmax": 323, "cuda_ms": 47.142974853515625, "finite": true, "measured": true, "status": "decode_step", "step": 60, "wall_ms": 47.1601989120245}
{"argmax": 11, "cuda_ms": 47.07990264892578, "finite": true, "measured": true, "status": "decode_step", "step": 61, "wall_ms": 47.097915317863226}
{"argmax": 323, "cuda_ms": 47.13129425048828, "finite": true, "measured": true, "status": "decode_step", "step": 62, "wall_ms": 47.14945191517472}
{"argmax": 1023, "cuda_ms": 47.1135368347168, "finite": true, "measured": true, "status": "decode_step", "step": 63, "wall_ms": 47.130654100328684}
{"argmax": 11351, "cuda_ms": 47.46656036376953, "finite": true, "measured": true, "status": "decode_step", "step": 64, "wall_ms": 47.482669819146395}
{"argmax": 11351, "cuda_ms": 47.44822311401367, "finite": true, "measured": true, "status": "decode_step", "step": 65, "wall_ms": 47.46395209804177}
{"argmax": 519, "cuda_ms": 47.47545623779297, "finite": true, "measured": true, "status": "decode_step", "step": 66, "wall_ms": 47.49226476997137}
{"argmax": 8336, "cuda_ms": 47.4516487121582, "finite": true, "measured": true, "status": "decode_step", "step": 67, "wall_ms": 47.46753815561533}
{"argmax": 11351, "cuda_ms": 47.47830581665039, "finite": true, "measured": true, "status": "decode_step", "step": 68, "wall_ms": 47.49521892517805}
{"argmax": 627, "cuda_ms": 47.46870422363281, "finite": true, "measured": true, "status": "decode_step", "step": 69, "wall_ms": 47.486194875091314}
{"argmax": 578, "cuda_ms": 47.476097106933594, "finite": true, "measured": true, "status": "decode_step", "step": 70, "wall_ms": 47.492795158177614}
{"argmax": 311, "cuda_ms": 47.48527908325195, "finite": true, "measured": true, "status": "decode_step", "step": 71, "wall_ms": 47.503522131592035}
{"argmax": 682, "cuda_ms": 47.445823669433594, "finite": true, "measured": true, "status": "decode_step", "step": 72, "wall_ms": 47.462048940360546}
{"argmax": 468, "cuda_ms": 47.4398078918457, "finite": true, "measured": true, "status": "decode_step", "step": 73, "wall_ms": 47.45751200243831}
{"argmax": 13, "cuda_ms": 47.461727142333984, "finite": true, "measured": true, "status": "decode_step", "step": 74, "wall_ms": 47.47712193056941}
{"argmax": 2947, "cuda_ms": 47.47711944580078, "finite": true, "measured": true, "status": "decode_step", "step": 75, "wall_ms": 47.4944980815053}
{"argmax": 8536, "cuda_ms": 47.45657730102539, "finite": true, "measured": true, "status": "decode_step", "step": 76, "wall_ms": 47.47160291299224}
{"argmax": 6150, "cuda_ms": 47.44412612915039, "finite": true, "measured": true, "status": "decode_step", "step": 77, "wall_ms": 47.45984636247158}
{"argmax": 315, "cuda_ms": 47.590911865234375, "finite": true, "measured": true, "status": "decode_step", "step": 78, "wall_ms": 47.608527820557356}
{"argmax": 3142, "cuda_ms": 47.47209548950195, "finite": true, "measured": true, "status": "decode_step", "step": 79, "wall_ms": 47.48814785853028}
{"argmax": 323, "cuda_ms": 47.456031799316406, "finite": true, "measured": true, "status": "decode_step", "step": 80, "wall_ms": 47.47552005574107}
{"argmax": 7327, "cuda_ms": 47.45830535888672, "finite": true, "measured": true, "status": "decode_step", "step": 81, "wall_ms": 47.474568244069815}
{"argmax": 23298, "cuda_ms": 47.420352935791016, "finite": true, "measured": true, "status": "decode_step", "step": 82, "wall_ms": 47.43772279471159}
{"argmax": 4236, "cuda_ms": 47.47596740722656, "finite": true, "measured": true, "status": "decode_step", "step": 83, "wall_ms": 47.494747675955296}
{"argmax": 26, "cuda_ms": 47.6228141784668, "finite": true, "measured": true, "status": "decode_step", "step": 84, "wall_ms": 47.641376964747906}
{"argmax": 3885, "cuda_ms": 47.62752151489258, "finite": true, "measured": true, "status": "decode_step", "step": 85, "wall_ms": 47.64516279101372}
{"argmax": 449, "cuda_ms": 47.44374465942383, "finite": true, "measured": true, "status": "decode_step", "step": 86, "wall_ms": 47.46042704209685}
{"argmax": 2947, "cuda_ms": 47.50755310058594, "finite": true, "measured": true, "status": "decode_step", "step": 87, "wall_ms": 47.528518829494715}
{"argmax": 8536, "cuda_ms": 47.65024185180664, "finite": true, "measured": true, "status": "decode_step", "step": 88, "wall_ms": 47.665614169090986}
{"argmax": 6150, "cuda_ms": 47.4714241027832, "finite": true, "measured": true, "status": "decode_step", "step": 89, "wall_ms": 47.488739248365164}
{"argmax": 8041, "cuda_ms": 47.47244644165039, "finite": true, "measured": true, "status": "decode_step", "step": 90, "wall_ms": 47.48910013586283}
{"argmax": 627, "cuda_ms": 47.48003387451172, "finite": true, "measured": true, "status": "decode_step", "step": 91, "wall_ms": 47.49688087031245}
{"argmax": 2028, "cuda_ms": 47.46419143676758, "finite": true, "measured": true, "status": "decode_step", "step": 92, "wall_ms": 47.48170915991068}
{"argmax": 3388, "cuda_ms": 47.454654693603516, "finite": true, "measured": true, "status": "decode_step", "step": 93, "wall_ms": 47.47118288651109}
{"argmax": 49095, "cuda_ms": 47.491233825683594, "finite": true, "measured": true, "status": "decode_step", "step": 94, "wall_ms": 47.51089168712497}
{"argmax": 6319, "cuda_ms": 47.463680267333984, "finite": true, "measured": true, "status": "decode_step", "step": 95, "wall_ms": 47.4798153154552}
{"argmax": 4236, "cuda_ms": 47.46547317504883, "finite": true, "measured": true, "status": "decode_step", "step": 96, "wall_ms": 47.487317118793726}
{"argmax": 889, "cuda_ms": 47.68694305419922, "finite": true, "measured": true, "status": "decode_step", "step": 97, "wall_ms": 47.70413087680936}
{"argmax": 6156, "cuda_ms": 47.46489715576172, "finite": true, "measured": true, "status": "decode_step", "step": 98, "wall_ms": 47.4821999669075}
{"argmax": 9021, "cuda_ms": 47.499935150146484, "finite": true, "measured": true, "status": "decode_step", "step": 99, "wall_ms": 47.51652106642723}
{"argmax": 374, "cuda_ms": 47.478336334228516, "finite": true, "measured": true, "status": "decode_step", "step": 100, "wall_ms": 47.49552998691797}
{"argmax": 304, "cuda_ms": 47.49379348754883, "finite": true, "measured": true, "status": "decode_step", "step": 101, "wall_ms": 47.51253500580788}
{"argmax": 2536, "cuda_ms": 47.46207809448242, "finite": true, "measured": true, "status": "decode_step", "step": 102, "wall_ms": 47.47890494763851}
{"argmax": 10706, "cuda_ms": 47.47187042236328, "finite": true, "measured": true, "status": "decode_step", "step": 103, "wall_ms": 47.48881887644529}
{"argmax": 13, "cuda_ms": 47.501182556152344, "finite": true, "measured": true, "status": "decode_step", "step": 104, "wall_ms": 47.51831339672208}
{"argmax": 889, "cuda_ms": 47.478816986083984, "finite": true, "measured": true, "status": "decode_step", "step": 105, "wall_ms": 47.49545035883784}
{"argmax": 311, "cuda_ms": 47.49728012084961, "finite": true, "measured": true, "status": "decode_step", "step": 106, "wall_ms": 47.51611966639757}
{"argmax": 387, "cuda_ms": 47.46870422363281, "finite": true, "measured": true, "status": "decode_step", "step": 107, "wall_ms": 47.4842619150877}
{"argmax": 264, "cuda_ms": 47.50249481201172, "finite": true, "measured": true, "status": "decode_step", "step": 108, "wall_ms": 47.52093693241477}
{"argmax": 6373, "cuda_ms": 47.47398376464844, "finite": true, "measured": true, "status": "decode_step", "step": 109, "wall_ms": 47.48910991474986}
{"argmax": 10093, "cuda_ms": 47.48191833496094, "finite": true, "measured": true, "status": "decode_step", "step": 110, "wall_ms": 47.49888414517045}
{"argmax": 13, "cuda_ms": 47.48070526123047, "finite": true, "measured": true, "status": "decode_step", "step": 111, "wall_ms": 47.49726131558418}
{"argmax": 279, "cuda_ms": 47.47689437866211, "finite": true, "measured": true, "status": "decode_step", "step": 112, "wall_ms": 47.49393695965409}
{"argmax": 13, "cuda_ms": 47.475582122802734, "finite": true, "measured": true, "status": "decode_step", "step": 113, "wall_ms": 47.49239468947053}
{"argmax": 578, "cuda_ms": 47.4576301574707, "finite": true, "measured": true, "status": "decode_step", "step": 114, "wall_ms": 47.473326325416565}
{"argmax": 3388, "cuda_ms": 47.47267150878906, "finite": true, "measured": true, "status": "decode_step", "step": 115, "wall_ms": 47.491072211414576}
{"argmax": 690, "cuda_ms": 47.48582458496094, "finite": true, "measured": true, "status": "decode_step", "step": 116, "wall_ms": 47.50147880986333}
{"argmax": 264, "cuda_ms": 47.50825500488281, "finite": true, "measured": true, "status": "decode_step", "step": 117, "wall_ms": 47.52481309697032}
{"argmax": 6677, "cuda_ms": 47.519744873046875, "finite": true, "measured": true, "status": "decode_step", "step": 118, "wall_ms": 47.5354790687561}
{"argmax": 323, "cuda_ms": 47.51839828491211, "finite": true, "measured": true, "status": "decode_step", "step": 119, "wall_ms": 47.53604996949434}
{"argmax": 37419, "cuda_ms": 47.5379524230957, "finite": true, "measured": true, "status": "decode_step", "step": 120, "wall_ms": 47.555629163980484}
{"argmax": 287, "cuda_ms": 47.47209548950195, "finite": true, "measured": true, "status": "decode_step", "step": 121, "wall_ms": 47.48855857178569}
{"argmax": 11, "cuda_ms": 47.46867370605469, "finite": true, "measured": true, "status": "decode_step", "step": 122, "wall_ms": 47.48608497902751}
{"argmax": 279, "cuda_ms": 47.46556854248047, "finite": true, "measured": true, "status": "decode_step", "step": 123, "wall_ms": 47.481968998909}
{"argmax": 33184, "cuda_ms": 47.505313873291016, "finite": true, "measured": true, "status": "decode_step", "step": 124, "wall_ms": 47.52220865339041}
{"argmax": 7471, "cuda_ms": 47.50841522216797, "finite": true, "measured": true, "status": "decode_step", "step": 125, "wall_ms": 47.52559494227171}
{"argmax": 323, "cuda_ms": 47.47235107421875, "finite": true, "measured": true, "status": "decode_step", "step": 126, "wall_ms": 47.4893101491034}
{"argmax": 279, "cuda_ms": 47.4925422668457, "finite": true, "measured": true, "status": "decode_step", "step": 127, "wall_ms": 47.511233016848564}
{"argmax": 3560, "cuda_ms": 47.49456024169922, "finite": true, "measured": true, "status": "decode_step", "step": 128, "wall_ms": 47.511122189462185}
{"argmax": 369, "cuda_ms": 47.456478118896484, "finite": true, "measured": true, "status": "decode_step", "step": 129, "wall_ms": 47.47533891350031}
{"argmax": 37419, "cuda_ms": 47.45267105102539, "finite": true, "measured": true, "status": "decode_step", "step": 130, "wall_ms": 47.468147706240416}
{"argmax": 6373, "cuda_ms": 47.464447021484375, "finite": true, "measured": true, "status": "decode_step", "step": 131, "wall_ms": 47.48240998014808}
{"argmax": 323, "cuda_ms": 47.484832763671875, "finite": true, "measured": true, "status": "decode_step", "step": 132, "wall_ms": 47.501358203589916}
{"argmax": 9293, "cuda_ms": 47.47062301635742, "finite": true, "measured": true, "status": "decode_step", "step": 133, "wall_ms": 47.4880482070148}
{"argmax": 24043, "cuda_ms": 47.4901123046875, "finite": true, "measured": true, "status": "decode_step", "step": 134, "wall_ms": 47.50674590468407}
{"argmax": 13, "cuda_ms": 47.46895980834961, "finite": true, "measured": true, "status": "decode_step", "step": 135, "wall_ms": 47.48432291671634}
{"argmax": 5377, "cuda_ms": 47.47407913208008, "finite": true, "measured": true, "status": "decode_step", "step": 136, "wall_ms": 47.49150341376662}
{"argmax": 311, "cuda_ms": 47.45395278930664, "finite": true, "measured": true, "status": "decode_step", "step": 137, "wall_ms": 47.47096309438348}
{"argmax": 19816, "cuda_ms": 47.50396728515625, "finite": true, "measured": true, "status": "decode_step", "step": 138, "wall_ms": 47.521659173071384}
{"argmax": 468, "cuda_ms": 47.47292709350586, "finite": true, "measured": true, "status": "decode_step", "step": 139, "wall_ms": 47.48870898038149}
{"argmax": 13, "cuda_ms": 47.449951171875, "finite": true, "measured": true, "status": "decode_step", "step": 140, "wall_ms": 47.46691603213549}
{"argmax": 2947, "cuda_ms": 47.46876907348633, "finite": true, "measured": true, "status": "decode_step", "step": 141, "wall_ms": 47.485435381531715}
{"argmax": 8536, "cuda_ms": 47.47248077392578, "finite": true, "measured": true, "status": "decode_step", "step": 142, "wall_ms": 47.48865868896246}
{"argmax": 6150, "cuda_ms": 47.48575973510742, "finite": true, "measured": true, "status": "decode_step", "step": 143, "wall_ms": 47.503010369837284}
{"decode_cuda_median_ms": 47.4619026184082, "decode_wall_median_ms": 47.47801343910396, "result": "results/system_benchmarks/tp1_sparse_full_v6/formal_legacy_local_t131072_r0/benchmark.json", "status": "complete", "validated_layers": 0}
