{"context": 16384, "gpu": "NVIDIA L40S", "measure_steps": 128, "mode": "optimized", "status": "starting", "storage": "local", "warmup_steps": 16}
{"status": "extensions_ready"}
Loading weights:   0%|          | 0/291 [00:00<?, ?it/s]Loading weights: 100%|██████████| 291/291 [00:00<00:00, 9914.08it/s]
{"allocated_gib": 17.264341354370117, "host_exact_key_gib": 0.0, "status": "model_ready"}
{"peak_allocated_gib": 18.217710494995117, "prefill_ms": 2370.64697265625, "status": "prefill_complete"}
{"argmax": 46137, "cuda_ms": 92.91149139404297, "finite": true, "measured": false, "status": "decode_step", "step": 0, "wall_ms": 94.41384579986334}
{"argmax": 396, "cuda_ms": 30.55708885192871, "finite": true, "measured": false, "status": "decode_step", "step": 1, "wall_ms": 30.57032497599721}
{"argmax": 386, "cuda_ms": 29.774463653564453, "finite": true, "measured": false, "status": "decode_step", "step": 2, "wall_ms": 29.78922799229622}
{"argmax": 7876, "cuda_ms": 29.75279998779297, "finite": true, "measured": false, "status": "decode_step", "step": 3, "wall_ms": 29.767767060548067}
{"argmax": 6150, "cuda_ms": 29.744991302490234, "finite": true, "measured": false, "status": "decode_step", "step": 4, "wall_ms": 29.75871181115508}
{"argmax": 315, "cuda_ms": 29.71900749206543, "finite": true, "measured": false, "status": "decode_step", "step": 5, "wall_ms": 29.731973074376583}
{"argmax": 8184, "cuda_ms": 29.707744598388672, "finite": true, "measured": false, "status": "decode_step", "step": 6, "wall_ms": 29.722158331423998}
{"argmax": 323, "cuda_ms": 29.743999481201172, "finite": true, "measured": false, "status": "decode_step", "step": 7, "wall_ms": 29.758102260529995}
{"argmax": 279, "cuda_ms": 29.73263931274414, "finite": true, "measured": false, "status": "decode_step", "step": 8, "wall_ms": 29.745833948254585}
{"argmax": 23298, "cuda_ms": 29.717824935913086, "finite": true, "measured": false, "status": "decode_step", "step": 9, "wall_ms": 29.730780981481075}
{"argmax": 11, "cuda_ms": 29.725696563720703, "finite": true, "measured": false, "status": "decode_step", "step": 10, "wall_ms": 29.740555677562952}
{"argmax": 11, "cuda_ms": 29.697887420654297, "finite": true, "measured": false, "status": "decode_step", "step": 11, "wall_ms": 29.710590839385986}
{"argmax": 323, "cuda_ms": 29.694976806640625, "finite": true, "measured": false, "status": "decode_step", "step": 12, "wall_ms": 29.70967022702098}
{"argmax": 1253, "cuda_ms": 29.79327964782715, "finite": true, "measured": false, "status": "decode_step", "step": 13, "wall_ms": 29.807506129145622}
{"argmax": 2753, "cuda_ms": 29.709728240966797, "finite": true, "measured": false, "status": "decode_step", "step": 14, "wall_ms": 29.72225798293948}
{"argmax": 8536, "cuda_ms": 29.70572853088379, "finite": true, "measured": false, "status": "decode_step", "step": 15, "wall_ms": 29.71863280981779}
{"argmax": 6150, "cuda_ms": 29.719520568847656, "finite": true, "measured": true, "status": "decode_step", "step": 16, "wall_ms": 29.732953757047653}
{"argmax": 315, "cuda_ms": 29.69001579284668, "finite": true, "measured": true, "status": "decode_step", "step": 17, "wall_ms": 29.704461805522442}
{"argmax": 1253, "cuda_ms": 29.687360763549805, "finite": true, "measured": true, "status": "decode_step", "step": 18, "wall_ms": 29.70045618712902}
{"argmax": 791, "cuda_ms": 29.69968032836914, "finite": true, "measured": true, "status": "decode_step", "step": 19, "wall_ms": 29.712502844631672}
{"argmax": 374, "cuda_ms": 29.71251106262207, "finite": true, "measured": true, "status": "decode_step", "step": 20, "wall_ms": 29.7266049310565}
{"argmax": 374, "cuda_ms": 29.693599700927734, "finite": true, "measured": true, "status": "decode_step", "step": 21, "wall_ms": 29.707496985793114}
{"argmax": 279, "cuda_ms": 29.6691837310791, "finite": true, "measured": true, "status": "decode_step", "step": 22, "wall_ms": 29.682639054954052}
{"argmax": 3560, "cuda_ms": 29.686559677124023, "finite": true, "measured": true, "status": "decode_step", "step": 23, "wall_ms": 29.701136983931065}
{"argmax": 323, "cuda_ms": 29.70534324645996, "finite": true, "measured": true, "status": "decode_step", "step": 24, "wall_ms": 29.72059464082122}
{"argmax": 10396, "cuda_ms": 29.806623458862305, "finite": true, "measured": true, "status": "decode_step", "step": 25, "wall_ms": 29.819623567163944}
{"argmax": 1511, "cuda_ms": 29.671968460083008, "finite": true, "measured": true, "status": "decode_step", "step": 26, "wall_ms": 29.686395078897476}
{"argmax": 7524, "cuda_ms": 29.706687927246094, "finite": true, "measured": true, "status": "decode_step", "step": 27, "wall_ms": 29.721366707235575}
{"argmax": 323, "cuda_ms": 29.69183921813965, "finite": true, "measured": true, "status": "decode_step", "step": 28, "wall_ms": 29.705954249948263}
{"argmax": 323, "cuda_ms": 29.68764877319336, "finite": true, "measured": true, "status": "decode_step", "step": 29, "wall_ms": 29.700706247240305}
{"argmax": 91605, "cuda_ms": 29.714336395263672, "finite": true, "measured": true, "status": "decode_step", "step": 30, "wall_ms": 29.729029163718224}
{"argmax": 11006, "cuda_ms": 29.69708824157715, "finite": true, "measured": true, "status": "decode_step", "step": 31, "wall_ms": 29.711661860346794}
{"argmax": 369, "cuda_ms": 29.679424285888672, "finite": true, "measured": true, "status": "decode_step", "step": 32, "wall_ms": 29.692222829908133}
{"argmax": 586, "cuda_ms": 29.664384841918945, "finite": true, "measured": true, "status": "decode_step", "step": 33, "wall_ms": 29.677540995180607}
{"argmax": 323, "cuda_ms": 29.7043514251709, "finite": true, "measured": true, "status": "decode_step", "step": 34, "wall_ms": 29.718251898884773}
{"argmax": 11351, "cuda_ms": 29.70150375366211, "finite": true, "measured": true, "status": "decode_step", "step": 35, "wall_ms": 29.715178068727255}
{"argmax": 13, "cuda_ms": 29.690975189208984, "finite": true, "measured": true, "status": "decode_step", "step": 36, "wall_ms": 29.707946814596653}
{"argmax": 578, "cuda_ms": 29.67251205444336, "finite": true, "measured": true, "status": "decode_step", "step": 37, "wall_ms": 29.687046073377132}
{"argmax": 3388, "cuda_ms": 29.693727493286133, "finite": true, "measured": true, "status": "decode_step", "step": 38, "wall_ms": 29.708317946642637}
{"argmax": 374, "cuda_ms": 29.6844482421875, "finite": true, "measured": true, "status": "decode_step", "step": 39, "wall_ms": 29.697821009904146}
{"argmax": 389, "cuda_ms": 29.670623779296875, "finite": true, "measured": true, "status": "decode_step", "step": 40, "wall_ms": 29.68696504831314}
{"argmax": 279, "cuda_ms": 29.701984405517578, "finite": true, "measured": true, "status": "decode_step", "step": 41, "wall_ms": 29.715897981077433}
{"argmax": 3560, "cuda_ms": 29.691551208496094, "finite": true, "measured": true, "status": "decode_step", "step": 42, "wall_ms": 29.78298906236887}
{"argmax": 315, "cuda_ms": 30.221567153930664, "finite": true, "measured": true, "status": "decode_step", "step": 43, "wall_ms": 30.235715210437775}
{"argmax": 33184, "cuda_ms": 29.67136001586914, "finite": true, "measured": true, "status": "decode_step", "step": 44, "wall_ms": 29.685312882065773}
{"argmax": 11335, "cuda_ms": 29.708736419677734, "finite": true, "measured": true, "status": "decode_step", "step": 45, "wall_ms": 29.72290012985468}
{"argmax": 304, "cuda_ms": 29.666303634643555, "finite": true, "measured": true, "status": "decode_step", "step": 46, "wall_ms": 29.67933379113674}
{"argmax": 279, "cuda_ms": 29.676095962524414, "finite": true, "measured": true, "status": "decode_step", "step": 47, "wall_ms": 29.68877786770463}
{"argmax": 4500, "cuda_ms": 29.666240692138672, "finite": true, "measured": true, "status": "decode_step", "step": 48, "wall_ms": 29.68293009325862}
{"argmax": 315, "cuda_ms": 29.71126365661621, "finite": true, "measured": true, "status": "decode_step", "step": 49, "wall_ms": 29.72555300220847}
{"argmax": 33184, "cuda_ms": 29.70355224609375, "finite": true, "measured": true, "status": "decode_step", "step": 50, "wall_ms": 29.716589953750372}
{"argmax": 33184, "cuda_ms": 29.668832778930664, "finite": true, "measured": true, "status": "decode_step", "step": 51, "wall_ms": 29.68367002904415}
{"argmax": 10706, "cuda_ms": 29.70204734802246, "finite": true, "measured": true, "status": "decode_step", "step": 52, "wall_ms": 29.716358985751867}
{"argmax": 11, "cuda_ms": 30.515871047973633, "finite": true, "measured": true, "status": "decode_step", "step": 53, "wall_ms": 30.532469041645527}
{"argmax": 279, "cuda_ms": 29.913728713989258, "finite": true, "measured": true, "status": "decode_step", "step": 54, "wall_ms": 29.928335919976234}
{"argmax": 5536, "cuda_ms": 29.723424911499023, "finite": true, "measured": true, "status": "decode_step", "step": 55, "wall_ms": 29.73749116063118}
{"argmax": 311, "cuda_ms": 29.72870445251465, "finite": true, "measured": true, "status": "decode_step", "step": 56, "wall_ms": 29.74303998053074}
{"argmax": 279, "cuda_ms": 29.65398406982422, "finite": true, "measured": true, "status": "decode_step", "step": 57, "wall_ms": 29.66763637959957}
{"argmax": 323, "cuda_ms": 29.705791473388672, "finite": true, "measured": true, "status": "decode_step", "step": 58, "wall_ms": 29.716690070927143}
{"argmax": 13, "cuda_ms": 29.656991958618164, "finite": true, "measured": true, "status": "decode_step", "step": 59, "wall_ms": 29.670782387256622}
{"argmax": 41582, "cuda_ms": 29.703231811523438, "finite": true, "measured": true, "status": "decode_step", "step": 60, "wall_ms": 29.71792221069336}
{"argmax": 11, "cuda_ms": 29.69536018371582, "finite": true, "measured": true, "status": "decode_step", "step": 61, "wall_ms": 29.71681021153927}
{"argmax": 323, "cuda_ms": 29.680639266967773, "finite": true, "measured": true, "status": "decode_step", "step": 62, "wall_ms": 29.694397002458572}
{"argmax": 1023, "cuda_ms": 29.670143127441406, "finite": true, "measured": true, "status": "decode_step", "step": 63, "wall_ms": 29.685792978852987}
{"argmax": 11006, "cuda_ms": 29.783679962158203, "finite": true, "measured": true, "status": "decode_step", "step": 64, "wall_ms": 29.798691626638174}
{"argmax": 11351, "cuda_ms": 29.72812843322754, "finite": true, "measured": true, "status": "decode_step", "step": 65, "wall_ms": 29.74367095157504}
{"argmax": 519, "cuda_ms": 29.763423919677734, "finite": true, "measured": true, "status": "decode_step", "step": 66, "wall_ms": 29.778052121400833}
{"argmax": 28846, "cuda_ms": 29.7445125579834, "finite": true, "measured": true, "status": "decode_step", "step": 67, "wall_ms": 29.758221935480833}
{"argmax": 11351, "cuda_ms": 29.73526382446289, "finite": true, "measured": true, "status": "decode_step", "step": 68, "wall_ms": 29.748598113656044}
{"argmax": 13, "cuda_ms": 29.671775817871094, "finite": true, "measured": true, "status": "decode_step", "step": 69, "wall_ms": 29.684992972761393}
{"argmax": 578, "cuda_ms": 29.716991424560547, "finite": true, "measured": true, "status": "decode_step", "step": 70, "wall_ms": 29.730400070548058}
{"argmax": 311, "cuda_ms": 29.723167419433594, "finite": true, "measured": true, "status": "decode_step", "step": 71, "wall_ms": 29.736259020864964}
{"argmax": 4236, "cuda_ms": 29.729312896728516, "finite": true, "measured": true, "status": "decode_step", "step": 72, "wall_ms": 29.743048828095198}
{"argmax": 468, "cuda_ms": 29.711360931396484, "finite": true, "measured": true, "status": "decode_step", "step": 73, "wall_ms": 29.962857253849506}
{"argmax": 13, "cuda_ms": 29.76291275024414, "finite": true, "measured": true, "status": "decode_step", "step": 74, "wall_ms": 29.777169693261385}
{"argmax": 2947, "cuda_ms": 29.701120376586914, "finite": true, "measured": true, "status": "decode_step", "step": 75, "wall_ms": 29.71426583826542}
{"argmax": 8536, "cuda_ms": 29.744192123413086, "finite": true, "measured": true, "status": "decode_step", "step": 76, "wall_ms": 29.758010990917683}
{"argmax": 6150, "cuda_ms": 29.71958351135254, "finite": true, "measured": true, "status": "decode_step", "step": 77, "wall_ms": 29.734776820987463}
{"argmax": 315, "cuda_ms": 29.753280639648438, "finite": true, "measured": true, "status": "decode_step", "step": 78, "wall_ms": 29.766053892672062}
{"argmax": 3142, "cuda_ms": 29.689983367919922, "finite": true, "measured": true, "status": "decode_step", "step": 79, "wall_ms": 29.706004075706005}
{"argmax": 323, "cuda_ms": 29.731264114379883, "finite": true, "measured": true, "status": "decode_step", "step": 80, "wall_ms": 29.74534220993519}
{"argmax": 7327, "cuda_ms": 29.702783584594727, "finite": true, "measured": true, "status": "decode_step", "step": 81, "wall_ms": 29.716760385781527}
{"argmax": 23298, "cuda_ms": 29.735872268676758, "finite": true, "measured": true, "status": "decode_step", "step": 82, "wall_ms": 29.749498702585697}
{"argmax": 4236, "cuda_ms": 29.702783584594727, "finite": true, "measured": true, "status": "decode_step", "step": 83, "wall_ms": 29.71687028184533}
{"argmax": 26, "cuda_ms": 29.728864669799805, "finite": true, "measured": true, "status": "decode_step", "step": 84, "wall_ms": 29.742419254034758}
{"argmax": 3885, "cuda_ms": 29.72764778137207, "finite": true, "measured": true, "status": "decode_step", "step": 85, "wall_ms": 29.74393079057336}
{"argmax": 449, "cuda_ms": 29.72662353515625, "finite": true, "measured": true, "status": "decode_step", "step": 86, "wall_ms": 29.740015044808388}
{"argmax": 2947, "cuda_ms": 29.782304763793945, "finite": true, "measured": true, "status": "decode_step", "step": 87, "wall_ms": 29.796820133924484}
{"argmax": 8536, "cuda_ms": 29.98681640625, "finite": true, "measured": true, "status": "decode_step", "step": 88, "wall_ms": 30.030698981136084}
{"argmax": 6150, "cuda_ms": 30.06528091430664, "finite": true, "measured": true, "status": "decode_step", "step": 89, "wall_ms": 30.078209936618805}
{"argmax": 8041, "cuda_ms": 29.750272750854492, "finite": true, "measured": true, "status": "decode_step", "step": 90, "wall_ms": 29.765723273158073}
{"argmax": 627, "cuda_ms": 29.757919311523438, "finite": true, "measured": true, "status": "decode_step", "step": 91, "wall_ms": 29.772403184324503}
{"argmax": 2028, "cuda_ms": 29.73664093017578, "finite": true, "measured": true, "status": "decode_step", "step": 92, "wall_ms": 29.7517329454422}
{"argmax": 3388, "cuda_ms": 29.78633689880371, "finite": true, "measured": true, "status": "decode_step", "step": 93, "wall_ms": 29.802537988871336}
{"argmax": 49095, "cuda_ms": 29.738880157470703, "finite": true, "measured": true, "status": "decode_step", "step": 94, "wall_ms": 29.753063805401325}
{"argmax": 6319, "cuda_ms": 29.742431640625, "finite": true, "measured": true, "status": "decode_step", "step": 95, "wall_ms": 29.757259879261255}
{"argmax": 4236, "cuda_ms": 29.720991134643555, "finite": true, "measured": true, "status": "decode_step", "step": 96, "wall_ms": 29.734826646745205}
{"argmax": 889, "cuda_ms": 29.759584426879883, "finite": true, "measured": true, "status": "decode_step", "step": 97, "wall_ms": 29.773925896734}
{"argmax": 6156, "cuda_ms": 29.745759963989258, "finite": true, "measured": true, "status": "decode_step", "step": 98, "wall_ms": 29.759915079921484}
{"argmax": 9021, "cuda_ms": 29.736255645751953, "finite": true, "measured": true, "status": "decode_step", "step": 99, "wall_ms": 29.750089161098003}
{"argmax": 374, "cuda_ms": 29.72390365600586, "finite": true, "measured": true, "status": "decode_step", "step": 100, "wall_ms": 29.736489057540894}
{"argmax": 304, "cuda_ms": 29.6976318359375, "finite": true, "measured": true, "status": "decode_step", "step": 101, "wall_ms": 29.71280412748456}
{"argmax": 33184, "cuda_ms": 29.772544860839844, "finite": true, "measured": true, "status": "decode_step", "step": 102, "wall_ms": 29.788106214255095}
{"argmax": 10706, "cuda_ms": 29.70515251159668, "finite": true, "measured": true, "status": "decode_step", "step": 103, "wall_ms": 29.71829194575548}
{"argmax": 13, "cuda_ms": 29.801183700561523, "finite": true, "measured": true, "status": "decode_step", "step": 104, "wall_ms": 29.816769063472748}
{"argmax": 889, "cuda_ms": 29.728511810302734, "finite": true, "measured": true, "status": "decode_step", "step": 105, "wall_ms": 29.743229039013386}
{"argmax": 311, "cuda_ms": 29.75606346130371, "finite": true, "measured": true, "status": "decode_step", "step": 106, "wall_ms": 29.770759865641594}
{"argmax": 387, "cuda_ms": 29.71001625061035, "finite": true, "measured": true, "status": "decode_step", "step": 107, "wall_ms": 29.724732041358948}
{"argmax": 264, "cuda_ms": 29.745952606201172, "finite": true, "measured": true, "status": "decode_step", "step": 108, "wall_ms": 29.760055243968964}
{"argmax": 10093, "cuda_ms": 29.720767974853516, "finite": true, "measured": true, "status": "decode_step", "step": 109, "wall_ms": 29.733333736658096}
{"argmax": 10093, "cuda_ms": 29.740575790405273, "finite": true, "measured": true, "status": "decode_step", "step": 110, "wall_ms": 29.754326213151217}
{"argmax": 304, "cuda_ms": 29.718751907348633, "finite": true, "measured": true, "status": "decode_step", "step": 111, "wall_ms": 29.731852933764458}
{"argmax": 279, "cuda_ms": 29.693344116210938, "finite": true, "measured": true, "status": "decode_step", "step": 112, "wall_ms": 29.707946814596653}
{"argmax": 11, "cuda_ms": 29.730655670166016, "finite": true, "measured": true, "status": "decode_step", "step": 113, "wall_ms": 29.745403211563826}
{"argmax": 578, "cuda_ms": 29.724416732788086, "finite": true, "measured": true, "status": "decode_step", "step": 114, "wall_ms": 29.737400822341442}
{"argmax": 3388, "cuda_ms": 29.695871353149414, "finite": true, "measured": true, "status": "decode_step", "step": 115, "wall_ms": 29.710181057453156}
{"argmax": 374, "cuda_ms": 29.73961639404297, "finite": true, "measured": true, "status": "decode_step", "step": 116, "wall_ms": 29.754837043583393}
{"argmax": 264, "cuda_ms": 29.72265625, "finite": true, "measured": true, "status": "decode_step", "step": 117, "wall_ms": 29.736509080976248}
{"argmax": 6677, "cuda_ms": 29.744287490844727, "finite": true, "measured": true, "status": "decode_step", "step": 118, "wall_ms": 29.76003522053361}
{"argmax": 323, "cuda_ms": 29.75481605529785, "finite": true, "measured": true, "status": "decode_step", "step": 119, "wall_ms": 29.769028071314096}
{"argmax": 4236, "cuda_ms": 29.72764778137207, "finite": true, "measured": true, "status": "decode_step", "step": 120, "wall_ms": 29.74121691659093}
{"argmax": 287, "cuda_ms": 29.721920013427734, "finite": true, "measured": true, "status": "decode_step", "step": 121, "wall_ms": 29.735867865383625}
{"argmax": 11, "cuda_ms": 29.7260799407959, "finite": true, "measured": true, "status": "decode_step", "step": 122, "wall_ms": 31.427396927028894}
{"argmax": 279, "cuda_ms": 30.297855377197266, "finite": true, "measured": true, "status": "decode_step", "step": 123, "wall_ms": 30.31189925968647}
{"argmax": 33184, "cuda_ms": 29.740991592407227, "finite": true, "measured": true, "status": "decode_step", "step": 124, "wall_ms": 29.754405841231346}
{"argmax": 7471, "cuda_ms": 29.73859214782715, "finite": true, "measured": true, "status": "decode_step", "step": 125, "wall_ms": 29.75138183683157}
{"argmax": 8830, "cuda_ms": 29.742944717407227, "finite": true, "measured": true, "status": "decode_step", "step": 126, "wall_ms": 29.757800977677107}
{"argmax": 279, "cuda_ms": 29.739168167114258, "finite": true, "measured": true, "status": "decode_step", "step": 127, "wall_ms": 29.75522680208087}
{"argmax": 3388, "cuda_ms": 29.738496780395508, "finite": true, "measured": true, "status": "decode_step", "step": 128, "wall_ms": 29.751902911812067}
{"argmax": 369, "cuda_ms": 29.74947166442871, "finite": true, "measured": true, "status": "decode_step", "step": 129, "wall_ms": 29.76507181301713}
{"argmax": 37419, "cuda_ms": 29.73027229309082, "finite": true, "measured": true, "status": "decode_step", "step": 130, "wall_ms": 29.744640924036503}
{"argmax": 6373, "cuda_ms": 29.703519821166992, "finite": true, "measured": true, "status": "decode_step", "step": 131, "wall_ms": 29.717370867729187}
{"argmax": 11, "cuda_ms": 29.721824645996094, "finite": true, "measured": true, "status": "decode_step", "step": 132, "wall_ms": 29.735678806900978}
{"argmax": 6020, "cuda_ms": 29.72902488708496, "finite": true, "measured": true, "status": "decode_step", "step": 133, "wall_ms": 29.74351029843092}
{"argmax": 24043, "cuda_ms": 29.747488021850586, "finite": true, "measured": true, "status": "decode_step", "step": 134, "wall_ms": 29.761617071926594}
{"argmax": 13, "cuda_ms": 29.699583053588867, "finite": true, "measured": true, "status": "decode_step", "step": 135, "wall_ms": 29.72086612135172}
{"argmax": 578, "cuda_ms": 29.775711059570312, "finite": true, "measured": true, "status": "decode_step", "step": 136, "wall_ms": 29.788796789944172}
{"argmax": 311, "cuda_ms": 29.73619270324707, "finite": true, "measured": true, "status": "decode_step", "step": 137, "wall_ms": 29.7502800822258}
{"argmax": 19816, "cuda_ms": 29.714048385620117, "finite": true, "measured": true, "status": "decode_step", "step": 138, "wall_ms": 29.72771693021059}
{"argmax": 468, "cuda_ms": 29.70572853088379, "finite": true, "measured": true, "status": "decode_step", "step": 139, "wall_ms": 29.71913293004036}
{"argmax": 13, "cuda_ms": 29.743743896484375, "finite": true, "measured": true, "status": "decode_step", "step": 140, "wall_ms": 29.757750686258078}
{"argmax": 2947, "cuda_ms": 29.74073600769043, "finite": true, "measured": true, "status": "decode_step", "step": 141, "wall_ms": 29.75536696612835}
{"argmax": 8536, "cuda_ms": 29.74278450012207, "finite": true, "measured": true, "status": "decode_step", "step": 142, "wall_ms": 29.755927622318268}
{"argmax": 6150, "cuda_ms": 29.73356819152832, "finite": true, "measured": true, "status": "decode_step", "step": 143, "wall_ms": 29.74899811670184}
{"decode_cuda_median_ms": 29.722288131713867, "decode_wall_median_ms": 29.73649906925857, "result": "results/system_benchmarks/tp1_sparse_full_v6/formal_optimized_local_t16384_r1/benchmark.json", "status": "complete", "validated_layers": 0}
