{"context": 131072, "gpu": "NVIDIA L40S", "measure_steps": 128, "mode": "legacy", "status": "starting", "storage": "offload", "warmup_steps": 16}
{"status": "extensions_ready"}
Loading weights:   0%|          | 0/291 [00:00<?, ?it/s]Loading weights: 100%|██████████| 291/291 [00:00<00:00, 9693.62it/s]
{"allocated_gib": 25.09675407409668, "host_exact_key_gib": 8.0087890625, "status": "model_ready"}
{"peak_allocated_gib": 32.66816520690918, "prefill_ms": 37731.96875, "status": "prefill_complete"}
{"argmax": 11, "cuda_ms": 122.71376037597656, "finite": true, "measured": false, "status": "decode_step", "step": 0, "wall_ms": 122.73173639550805}
{"argmax": 13, "cuda_ms": 51.49542236328125, "finite": true, "measured": false, "status": "decode_step", "step": 1, "wall_ms": 51.51571799069643}
{"argmax": 17200, "cuda_ms": 51.34239959716797, "finite": true, "measured": false, "status": "decode_step", "step": 2, "wall_ms": 51.36399017646909}
{"argmax": 7876, "cuda_ms": 51.329952239990234, "finite": true, "measured": false, "status": "decode_step", "step": 3, "wall_ms": 51.35365482419729}
{"argmax": 32107, "cuda_ms": 51.356319427490234, "finite": true, "measured": false, "status": "decode_step", "step": 4, "wall_ms": 51.378182135522366}
{"argmax": 315, "cuda_ms": 51.356544494628906, "finite": true, "measured": false, "status": "decode_step", "step": 5, "wall_ms": 51.37929413467646}
{"argmax": 8184, "cuda_ms": 51.31264114379883, "finite": true, "measured": false, "status": "decode_step", "step": 6, "wall_ms": 51.33387539535761}
{"argmax": 323, "cuda_ms": 51.32735824584961, "finite": true, "measured": false, "status": "decode_step", "step": 7, "wall_ms": 51.34815722703934}
{"argmax": 7327, "cuda_ms": 51.31488037109375, "finite": true, "measured": false, "status": "decode_step", "step": 8, "wall_ms": 51.33988428860903}
{"argmax": 23298, "cuda_ms": 51.31683349609375, "finite": true, "measured": false, "status": "decode_step", "step": 9, "wall_ms": 51.342749036848545}
{"argmax": 520, "cuda_ms": 51.272705078125, "finite": true, "measured": false, "status": "decode_step", "step": 10, "wall_ms": 51.29430675879121}
{"argmax": 11, "cuda_ms": 51.297119140625, "finite": true, "measured": false, "status": "decode_step", "step": 11, "wall_ms": 51.32014397531748}
{"argmax": 279, "cuda_ms": 51.30108642578125, "finite": true, "measured": false, "status": "decode_step", "step": 12, "wall_ms": 51.32106738165021}
{"argmax": 527, "cuda_ms": 51.3540153503418, "finite": true, "measured": false, "status": "decode_step", "step": 13, "wall_ms": 51.37804104015231}
{"argmax": 264, "cuda_ms": 51.31865692138672, "finite": true, "measured": false, "status": "decode_step", "step": 14, "wall_ms": 51.339884754270315}
{"argmax": 8536, "cuda_ms": 51.270111083984375, "finite": true, "measured": false, "status": "decode_step", "step": 15, "wall_ms": 51.29172280430794}
{"argmax": 6150, "cuda_ms": 51.31388854980469, "finite": true, "measured": true, "status": "decode_step", "step": 16, "wall_ms": 51.33650032803416}
{"argmax": 315, "cuda_ms": 51.28249740600586, "finite": true, "measured": true, "status": "decode_step", "step": 17, "wall_ms": 51.30377085879445}
{"argmax": 13, "cuda_ms": 51.29894256591797, "finite": true, "measured": true, "status": "decode_step", "step": 18, "wall_ms": 51.32235819473863}
{"argmax": 791, "cuda_ms": 51.294334411621094, "finite": true, "measured": true, "status": "decode_step", "step": 19, "wall_ms": 51.31617886945605}
{"argmax": 374, "cuda_ms": 51.26380920410156, "finite": true, "measured": true, "status": "decode_step", "step": 20, "wall_ms": 51.2848817743361}
{"argmax": 374, "cuda_ms": 51.281246185302734, "finite": true, "measured": true, "status": "decode_step", "step": 21, "wall_ms": 51.30597297102213}
{"argmax": 279, "cuda_ms": 51.299678802490234, "finite": true, "measured": true, "status": "decode_step", "step": 22, "wall_ms": 51.32064502686262}
{"argmax": 3560, "cuda_ms": 51.24825668334961, "finite": true, "measured": true, "status": "decode_step", "step": 23, "wall_ms": 51.26905906945467}
{"argmax": 323, "cuda_ms": 51.250816345214844, "finite": true, "measured": true, "status": "decode_step", "step": 24, "wall_ms": 51.27283511683345}
{"argmax": 26411, "cuda_ms": 51.32556915283203, "finite": true, "measured": true, "status": "decode_step", "step": 25, "wall_ms": 51.346274092793465}
{"argmax": 1511, "cuda_ms": 51.28668975830078, "finite": true, "measured": true, "status": "decode_step", "step": 26, "wall_ms": 51.31012015044689}
{"argmax": 7524, "cuda_ms": 51.327903747558594, "finite": true, "measured": true, "status": "decode_step", "step": 27, "wall_ms": 51.34822707623243}
{"argmax": 323, "cuda_ms": 51.26128005981445, "finite": true, "measured": true, "status": "decode_step", "step": 28, "wall_ms": 51.28274019807577}
{"argmax": 8907, "cuda_ms": 51.251583099365234, "finite": true, "measured": true, "status": "decode_step", "step": 29, "wall_ms": 51.27585865557194}
{"argmax": 91605, "cuda_ms": 51.251102447509766, "finite": true, "measured": true, "status": "decode_step", "step": 30, "wall_ms": 51.27139203250408}
{"argmax": 11006, "cuda_ms": 51.277313232421875, "finite": true, "measured": true, "status": "decode_step", "step": 31, "wall_ms": 51.298962906003}
{"argmax": 369, "cuda_ms": 51.22768020629883, "finite": true, "measured": true, "status": "decode_step", "step": 32, "wall_ms": 51.24925868585706}
{"argmax": 586, "cuda_ms": 51.20073699951172, "finite": true, "measured": true, "status": "decode_step", "step": 33, "wall_ms": 51.225573755800724}
{"argmax": 323, "cuda_ms": 51.21839904785156, "finite": true, "measured": true, "status": "decode_step", "step": 34, "wall_ms": 51.24261975288391}
{"argmax": 11351, "cuda_ms": 51.23936080932617, "finite": true, "measured": true, "status": "decode_step", "step": 35, "wall_ms": 51.26061709597707}
{"argmax": 13, "cuda_ms": 51.19148635864258, "finite": true, "measured": true, "status": "decode_step", "step": 36, "wall_ms": 51.2127042748034}
{"argmax": 578, "cuda_ms": 51.22502517700195, "finite": true, "measured": true, "status": "decode_step", "step": 37, "wall_ms": 51.25134205445647}
{"argmax": 3388, "cuda_ms": 51.206783294677734, "finite": true, "measured": true, "status": "decode_step", "step": 38, "wall_ms": 51.22753605246544}
{"argmax": 690, "cuda_ms": 51.272735595703125, "finite": true, "measured": true, "status": "decode_step", "step": 39, "wall_ms": 51.298141945153475}
{"argmax": 389, "cuda_ms": 51.27475357055664, "finite": true, "measured": true, "status": "decode_step", "step": 40, "wall_ms": 51.29451723769307}
{"argmax": 279, "cuda_ms": 51.20003128051758, "finite": true, "measured": true, "status": "decode_step", "step": 41, "wall_ms": 51.220616325736046}
{"argmax": 3560, "cuda_ms": 51.240318298339844, "finite": true, "measured": true, "status": "decode_step", "step": 42, "wall_ms": 51.26356100663543}
{"argmax": 315, "cuda_ms": 51.2276496887207, "finite": true, "measured": true, "status": "decode_step", "step": 43, "wall_ms": 51.264270674437284}
{"argmax": 2254, "cuda_ms": 51.25785446166992, "finite": true, "measured": true, "status": "decode_step", "step": 44, "wall_ms": 51.278674043715}
{"argmax": 11335, "cuda_ms": 51.267295837402344, "finite": true, "measured": true, "status": "decode_step", "step": 45, "wall_ms": 51.2891779653728}
{"argmax": 304, "cuda_ms": 51.21315383911133, "finite": true, "measured": true, "status": "decode_step", "step": 46, "wall_ms": 51.23533820733428}
{"argmax": 279, "cuda_ms": 51.224510192871094, "finite": true, "measured": true, "status": "decode_step", "step": 47, "wall_ms": 51.248358096927404}
{"argmax": 4500, "cuda_ms": 51.22563171386719, "finite": true, "measured": true, "status": "decode_step", "step": 48, "wall_ms": 51.246986258774996}
{"argmax": 315, "cuda_ms": 51.18819046020508, "finite": true, "measured": true, "status": "decode_step", "step": 49, "wall_ms": 51.210620906203985}
{"argmax": 33184, "cuda_ms": 51.222015380859375, "finite": true, "measured": true, "status": "decode_step", "step": 50, "wall_ms": 51.245652604848146}
{"argmax": 33184, "cuda_ms": 51.23078536987305, "finite": true, "measured": true, "status": "decode_step", "step": 51, "wall_ms": 51.25099094584584}
{"argmax": 10706, "cuda_ms": 51.208927154541016, "finite": true, "measured": true, "status": "decode_step", "step": 52, "wall_ms": 51.23081197962165}
{"argmax": 323, "cuda_ms": 51.190399169921875, "finite": true, "measured": true, "status": "decode_step", "step": 53, "wall_ms": 51.215027924627066}
{"argmax": 279, "cuda_ms": 51.20640182495117, "finite": true, "measured": true, "status": "decode_step", "step": 54, "wall_ms": 51.23372608795762}
{"argmax": 5536, "cuda_ms": 51.24662399291992, "finite": true, "measured": true, "status": "decode_step", "step": 55, "wall_ms": 51.26947909593582}
{"argmax": 311, "cuda_ms": 51.22796630859375, "finite": true, "measured": true, "status": "decode_step", "step": 56, "wall_ms": 51.24946869909763}
{"argmax": 279, "cuda_ms": 51.244991302490234, "finite": true, "measured": true, "status": "decode_step", "step": 57, "wall_ms": 51.26827722415328}
{"argmax": 13607, "cuda_ms": 51.21392059326172, "finite": true, "measured": true, "status": "decode_step", "step": 58, "wall_ms": 51.23506812378764}
{"argmax": 627, "cuda_ms": 51.25494384765625, "finite": true, "measured": true, "status": "decode_step", "step": 59, "wall_ms": 51.276430021971464}
{"argmax": 323, "cuda_ms": 51.219905853271484, "finite": true, "measured": true, "status": "decode_step", "step": 60, "wall_ms": 51.245192997157574}
{"argmax": 11, "cuda_ms": 51.228607177734375, "finite": true, "measured": true, "status": "decode_step", "step": 61, "wall_ms": 51.250040996819735}
{"argmax": 323, "cuda_ms": 51.23846435546875, "finite": true, "measured": true, "status": "decode_step", "step": 62, "wall_ms": 51.25899286940694}
{"argmax": 1023, "cuda_ms": 51.19267272949219, "finite": true, "measured": true, "status": "decode_step", "step": 63, "wall_ms": 51.215117797255516}
{"argmax": 11351, "cuda_ms": 51.535518646240234, "finite": true, "measured": true, "status": "decode_step", "step": 64, "wall_ms": 51.55647825449705}
{"argmax": 11351, "cuda_ms": 51.590049743652344, "finite": true, "measured": true, "status": "decode_step", "step": 65, "wall_ms": 51.60562228411436}
{"argmax": 519, "cuda_ms": 51.54118347167969, "finite": true, "measured": true, "status": "decode_step", "step": 66, "wall_ms": 51.56145477667451}
{"argmax": 8336, "cuda_ms": 51.576927185058594, "finite": true, "measured": true, "status": "decode_step", "step": 67, "wall_ms": 51.59716913476586}
{"argmax": 11351, "cuda_ms": 51.584800720214844, "finite": true, "measured": true, "status": "decode_step", "step": 68, "wall_ms": 51.607645116746426}
{"argmax": 627, "cuda_ms": 51.57078552246094, "finite": true, "measured": true, "status": "decode_step", "step": 69, "wall_ms": 51.592862233519554}
{"argmax": 578, "cuda_ms": 51.56742477416992, "finite": true, "measured": true, "status": "decode_step", "step": 70, "wall_ms": 51.58927710726857}
{"argmax": 311, "cuda_ms": 51.545631408691406, "finite": true, "measured": true, "status": "decode_step", "step": 71, "wall_ms": 51.5743438154459}
{"argmax": 682, "cuda_ms": 51.517921447753906, "finite": true, "measured": true, "status": "decode_step", "step": 72, "wall_ms": 51.54500110074878}
{"argmax": 468, "cuda_ms": 51.52742385864258, "finite": true, "measured": true, "status": "decode_step", "step": 73, "wall_ms": 51.55173083767295}
{"argmax": 13, "cuda_ms": 51.859745025634766, "finite": true, "measured": true, "status": "decode_step", "step": 74, "wall_ms": 51.88603000715375}
{"argmax": 2947, "cuda_ms": 51.804481506347656, "finite": true, "measured": true, "status": "decode_step", "step": 75, "wall_ms": 51.82740278542042}
{"argmax": 8536, "cuda_ms": 51.588096618652344, "finite": true, "measured": true, "status": "decode_step", "step": 76, "wall_ms": 51.611790899187326}
{"argmax": 6150, "cuda_ms": 51.525150299072266, "finite": true, "measured": true, "status": "decode_step", "step": 77, "wall_ms": 51.546813920140266}
{"argmax": 315, "cuda_ms": 51.525760650634766, "finite": true, "measured": true, "status": "decode_step", "step": 78, "wall_ms": 51.548766903579235}
{"argmax": 3142, "cuda_ms": 51.57254409790039, "finite": true, "measured": true, "status": "decode_step", "step": 79, "wall_ms": 51.59400403499603}
{"argmax": 323, "cuda_ms": 51.567134857177734, "finite": true, "measured": true, "status": "decode_step", "step": 80, "wall_ms": 51.58796580508351}
{"argmax": 7327, "cuda_ms": 51.58720016479492, "finite": true, "measured": true, "status": "decode_step", "step": 81, "wall_ms": 51.611821167171}
{"argmax": 23298, "cuda_ms": 51.5750732421875, "finite": true, "measured": true, "status": "decode_step", "step": 82, "wall_ms": 51.59557657316327}
{"argmax": 4236, "cuda_ms": 51.55974578857422, "finite": true, "measured": true, "status": "decode_step", "step": 83, "wall_ms": 51.58179719001055}
{"argmax": 26, "cuda_ms": 51.58256149291992, "finite": true, "measured": true, "status": "decode_step", "step": 84, "wall_ms": 51.610819064080715}
{"argmax": 3885, "cuda_ms": 51.62611389160156, "finite": true, "measured": true, "status": "decode_step", "step": 85, "wall_ms": 51.647404208779335}
{"argmax": 449, "cuda_ms": 51.6071662902832, "finite": true, "measured": true, "status": "decode_step", "step": 86, "wall_ms": 51.63032887503505}
{"argmax": 2947, "cuda_ms": 51.5404167175293, "finite": true, "measured": true, "status": "decode_step", "step": 87, "wall_ms": 51.56181612983346}
{"argmax": 8536, "cuda_ms": 51.707969665527344, "finite": true, "measured": true, "status": "decode_step", "step": 88, "wall_ms": 51.72843486070633}
{"argmax": 6150, "cuda_ms": 51.5549430847168, "finite": true, "measured": true, "status": "decode_step", "step": 89, "wall_ms": 51.57860089093447}
{"argmax": 8041, "cuda_ms": 51.56198501586914, "finite": true, "measured": true, "status": "decode_step", "step": 90, "wall_ms": 51.5829068608582}
{"argmax": 627, "cuda_ms": 51.58563232421875, "finite": true, "measured": true, "status": "decode_step", "step": 91, "wall_ms": 51.607855129987}
{"argmax": 2028, "cuda_ms": 51.55446243286133, "finite": true, "measured": true, "status": "decode_step", "step": 92, "wall_ms": 51.57638806849718}
{"argmax": 3388, "cuda_ms": 51.594112396240234, "finite": true, "measured": true, "status": "decode_step", "step": 93, "wall_ms": 51.6147050075233}
{"argmax": 49095, "cuda_ms": 51.626590728759766, "finite": true, "measured": true, "status": "decode_step", "step": 94, "wall_ms": 51.64965707808733}
{"argmax": 6319, "cuda_ms": 51.57174301147461, "finite": true, "measured": true, "status": "decode_step", "step": 95, "wall_ms": 51.59212090075016}
{"argmax": 4236, "cuda_ms": 51.59843063354492, "finite": true, "measured": true, "status": "decode_step", "step": 96, "wall_ms": 51.61898210644722}
{"argmax": 889, "cuda_ms": 51.57129669189453, "finite": true, "measured": true, "status": "decode_step", "step": 97, "wall_ms": 51.59361381083727}
{"argmax": 6156, "cuda_ms": 51.555423736572266, "finite": true, "measured": true, "status": "decode_step", "step": 98, "wall_ms": 51.57686909660697}
{"argmax": 9021, "cuda_ms": 51.576351165771484, "finite": true, "measured": true, "status": "decode_step", "step": 99, "wall_ms": 51.59795004874468}
{"argmax": 374, "cuda_ms": 51.51270294189453, "finite": true, "measured": true, "status": "decode_step", "step": 100, "wall_ms": 51.53627786785364}
{"argmax": 304, "cuda_ms": 51.546112060546875, "finite": true, "measured": true, "status": "decode_step", "step": 101, "wall_ms": 51.56589299440384}
{"argmax": 2536, "cuda_ms": 51.56460952758789, "finite": true, "measured": true, "status": "decode_step", "step": 102, "wall_ms": 51.58943822607398}
{"argmax": 10706, "cuda_ms": 51.567806243896484, "finite": true, "measured": true, "status": "decode_step", "step": 103, "wall_ms": 51.58730410039425}
{"argmax": 13, "cuda_ms": 51.56403350830078, "finite": true, "measured": true, "status": "decode_step", "step": 104, "wall_ms": 51.5871737152338}
{"argmax": 889, "cuda_ms": 51.608097076416016, "finite": true, "measured": true, "status": "decode_step", "step": 105, "wall_ms": 51.63128999993205}
{"argmax": 311, "cuda_ms": 51.615135192871094, "finite": true, "measured": true, "status": "decode_step", "step": 106, "wall_ms": 51.63590703159571}
{"argmax": 387, "cuda_ms": 51.58134460449219, "finite": true, "measured": true, "status": "decode_step", "step": 107, "wall_ms": 51.60384997725487}
{"argmax": 264, "cuda_ms": 51.54227066040039, "finite": true, "measured": true, "status": "decode_step", "step": 108, "wall_ms": 51.56372860074043}
{"argmax": 6373, "cuda_ms": 51.577598571777344, "finite": true, "measured": true, "status": "decode_step", "step": 109, "wall_ms": 51.599282305687666}
{"argmax": 10093, "cuda_ms": 51.57494354248047, "finite": true, "measured": true, "status": "decode_step", "step": 110, "wall_ms": 51.59880081191659}
{"argmax": 13, "cuda_ms": 51.6220817565918, "finite": true, "measured": true, "status": "decode_step", "step": 111, "wall_ms": 51.64358811452985}
{"argmax": 279, "cuda_ms": 51.54851150512695, "finite": true, "measured": true, "status": "decode_step", "step": 112, "wall_ms": 51.5697980299592}
{"argmax": 13, "cuda_ms": 51.557247161865234, "finite": true, "measured": true, "status": "decode_step", "step": 113, "wall_ms": 51.58013291656971}
{"argmax": 578, "cuda_ms": 51.532222747802734, "finite": true, "measured": true, "status": "decode_step", "step": 114, "wall_ms": 51.55201070010662}
{"argmax": 3388, "cuda_ms": 51.55587387084961, "finite": true, "measured": true, "status": "decode_step", "step": 115, "wall_ms": 51.57886212691665}
{"argmax": 690, "cuda_ms": 51.593505859375, "finite": true, "measured": true, "status": "decode_step", "step": 116, "wall_ms": 51.61346308887005}
{"argmax": 264, "cuda_ms": 51.63865661621094, "finite": true, "measured": true, "status": "decode_step", "step": 117, "wall_ms": 51.659331656992435}
{"argmax": 6677, "cuda_ms": 51.591007232666016, "finite": true, "measured": true, "status": "decode_step", "step": 118, "wall_ms": 51.613172981888056}
{"argmax": 323, "cuda_ms": 51.57952117919922, "finite": true, "measured": true, "status": "decode_step", "step": 119, "wall_ms": 51.60033376887441}
{"argmax": 37419, "cuda_ms": 51.5423698425293, "finite": true, "measured": true, "status": "decode_step", "step": 120, "wall_ms": 51.56584223732352}
{"argmax": 287, "cuda_ms": 51.590110778808594, "finite": true, "measured": true, "status": "decode_step", "step": 121, "wall_ms": 51.6127017326653}
{"argmax": 11, "cuda_ms": 51.58448028564453, "finite": true, "measured": true, "status": "decode_step", "step": 122, "wall_ms": 51.60438036546111}
{"argmax": 279, "cuda_ms": 51.601566314697266, "finite": true, "measured": true, "status": "decode_step", "step": 123, "wall_ms": 51.62571091204882}
{"argmax": 33184, "cuda_ms": 51.60396957397461, "finite": true, "measured": true, "status": "decode_step", "step": 124, "wall_ms": 51.62469996139407}
{"argmax": 7471, "cuda_ms": 51.590145111083984, "finite": true, "measured": true, "status": "decode_step", "step": 125, "wall_ms": 51.610678900033236}
{"argmax": 323, "cuda_ms": 51.59619140625, "finite": true, "measured": true, "status": "decode_step", "step": 126, "wall_ms": 51.61907197907567}
{"argmax": 279, "cuda_ms": 51.607967376708984, "finite": true, "measured": true, "status": "decode_step", "step": 127, "wall_ms": 51.629748195409775}
{"argmax": 3560, "cuda_ms": 51.588768005371094, "finite": true, "measured": true, "status": "decode_step", "step": 128, "wall_ms": 51.611600909382105}
{"argmax": 369, "cuda_ms": 51.5753288269043, "finite": true, "measured": true, "status": "decode_step", "step": 129, "wall_ms": 51.59693770110607}
{"argmax": 37419, "cuda_ms": 51.54403305053711, "finite": true, "measured": true, "status": "decode_step", "step": 130, "wall_ms": 51.56561220064759}
{"argmax": 6373, "cuda_ms": 51.572959899902344, "finite": true, "measured": true, "status": "decode_step", "step": 131, "wall_ms": 51.59937171265483}
{"argmax": 323, "cuda_ms": 51.61065673828125, "finite": true, "measured": true, "status": "decode_step", "step": 132, "wall_ms": 51.63191072642803}
{"argmax": 9293, "cuda_ms": 51.58803176879883, "finite": true, "measured": true, "status": "decode_step", "step": 133, "wall_ms": 51.60758504644036}
{"argmax": 24043, "cuda_ms": 51.57555389404297, "finite": true, "measured": true, "status": "decode_step", "step": 134, "wall_ms": 51.61507613956928}
{"argmax": 13, "cuda_ms": 51.772064208984375, "finite": true, "measured": true, "status": "decode_step", "step": 135, "wall_ms": 51.79314175620675}
{"argmax": 5377, "cuda_ms": 51.617088317871094, "finite": true, "measured": true, "status": "decode_step", "step": 136, "wall_ms": 51.64063395932317}
{"argmax": 311, "cuda_ms": 51.56399917602539, "finite": true, "measured": true, "status": "decode_step", "step": 137, "wall_ms": 51.58508103340864}
{"argmax": 19816, "cuda_ms": 51.56086349487305, "finite": true, "measured": true, "status": "decode_step", "step": 138, "wall_ms": 51.59100005403161}
{"argmax": 468, "cuda_ms": 51.567134857177734, "finite": true, "measured": true, "status": "decode_step", "step": 139, "wall_ms": 51.593693904578686}
{"argmax": 13, "cuda_ms": 51.58531188964844, "finite": true, "measured": true, "status": "decode_step", "step": 140, "wall_ms": 51.60647304728627}
{"argmax": 2947, "cuda_ms": 51.58127975463867, "finite": true, "measured": true, "status": "decode_step", "step": 141, "wall_ms": 51.603708416223526}
{"argmax": 8536, "cuda_ms": 51.613311767578125, "finite": true, "measured": true, "status": "decode_step", "step": 142, "wall_ms": 51.64172500371933}
{"argmax": 6150, "cuda_ms": 51.63296127319336, "finite": true, "measured": true, "status": "decode_step", "step": 143, "wall_ms": 51.653814036399126}
{"decode_cuda_median_ms": 51.55470275878906, "decode_wall_median_ms": 51.576628582552075, "result": "results/system_benchmarks/tp1_sparse_full_v6/formal_legacy_offload_t131072_r0/benchmark.json", "status": "complete", "validated_layers": 0}
