{"context": 16384, "gpu": "NVIDIA L40S", "measure_steps": 128, "profile_components": false, "status": "starting", "storage": "offload", "warmup_steps": 16}
Loading weights:   0%|          | 0/291 [00:00<?, ?it/s]Loading weights: 100%|██████████| 291/291 [00:00<00:00, 9691.31it/s]
{"allocated_gib": 15.020639419555664, "exact_kv_gib": 2.017578125, "gpu_staging_gib": 0.06304931640625, "host_exact_kv_gib": 2.017578125, "status": "model_ready"}
{"peak_allocated_gib": 15.974008560180664, "prefill_ms": 2389.041259765625, "status": "prefill_complete"}
{"argmax": 46137, "components": {"attention_block_ms": 0.0, "cache_append_ms": 0.0, "dense_attention_ms": 0.0, "host_to_gpu_ms": 0.0}, "cuda_ms": 165.4561004638672, "finite": true, "measured": false, "status": "decode_step", "step": 0, "wall_ms": 165.48754228278995}
{"argmax": 771, "components": {"attention_block_ms": 0.0, "cache_append_ms": 0.0, "dense_attention_ms": 0.0, "host_to_gpu_ms": 0.0}, "cuda_ms": 106.64915466308594, "finite": true, "measured": false, "status": "decode_step", "step": 1, "wall_ms": 106.68439604341984}
{"argmax": 10016, "components": {"attention_block_ms": 0.0, "cache_append_ms": 0.0, "dense_attention_ms": 0.0, "host_to_gpu_ms": 0.0}, "cuda_ms": 106.6600341796875, "finite": true, "measured": false, "status": "decode_step", "step": 2, "wall_ms": 106.6941199824214}
{"argmax": 7876, "components": {"attention_block_ms": 0.0, "cache_append_ms": 0.0, "dense_attention_ms": 0.0, "host_to_gpu_ms": 0.0}, "cuda_ms": 106.65580749511719, "finite": true, "measured": false, "status": "decode_step", "step": 3, "wall_ms": 106.68941307812929}
{"argmax": 6150, "components": {"attention_block_ms": 0.0, "cache_append_ms": 0.0, "dense_attention_ms": 0.0, "host_to_gpu_ms": 0.0}, "cuda_ms": 106.64653015136719, "finite": true, "measured": false, "status": "decode_step", "step": 4, "wall_ms": 106.67999926954508}
{"argmax": 315, "components": {"attention_block_ms": 0.0, "cache_append_ms": 0.0, "dense_attention_ms": 0.0, "host_to_gpu_ms": 0.0}, "cuda_ms": 106.58573150634766, "finite": true, "measured": false, "status": "decode_step", "step": 5, "wall_ms": 106.61819716915488}
{"argmax": 8184, "components": {"attention_block_ms": 0.0, "cache_append_ms": 0.0, "dense_attention_ms": 0.0, "host_to_gpu_ms": 0.0}, "cuda_ms": 106.57711791992188, "finite": true, "measured": false, "status": "decode_step", "step": 6, "wall_ms": 106.61024507135153}
{"argmax": 323, "components": {"attention_block_ms": 0.0, "cache_append_ms": 0.0, "dense_attention_ms": 0.0, "host_to_gpu_ms": 0.0}, "cuda_ms": 106.63577270507812, "finite": true, "measured": false, "status": "decode_step", "step": 7, "wall_ms": 106.66926298290491}
{"argmax": 279, "components": {"attention_block_ms": 0.0, "cache_append_ms": 0.0, "dense_attention_ms": 0.0, "host_to_gpu_ms": 0.0}, "cuda_ms": 106.58780670166016, "finite": true, "measured": false, "status": "decode_step", "step": 8, "wall_ms": 106.62088124081492}
{"argmax": 23298, "components": {"attention_block_ms": 0.0, "cache_append_ms": 0.0, "dense_attention_ms": 0.0, "host_to_gpu_ms": 0.0}, "cuda_ms": 106.6049575805664, "finite": true, "measured": false, "status": "decode_step", "step": 9, "wall_ms": 106.63947835564613}
{"argmax": 11, "components": {"attention_block_ms": 0.0, "cache_append_ms": 0.0, "dense_attention_ms": 0.0, "host_to_gpu_ms": 0.0}, "cuda_ms": 106.65865325927734, "finite": true, "measured": false, "status": "decode_step", "step": 10, "wall_ms": 106.69133625924587}
{"argmax": 11, "components": {"attention_block_ms": 0.0, "cache_append_ms": 0.0, "dense_attention_ms": 0.0, "host_to_gpu_ms": 0.0}, "cuda_ms": 106.64790344238281, "finite": true, "measured": false, "status": "decode_step", "step": 11, "wall_ms": 106.6802991554141}
{"argmax": 279, "components": {"attention_block_ms": 0.0, "cache_append_ms": 0.0, "dense_attention_ms": 0.0, "host_to_gpu_ms": 0.0}, "cuda_ms": 106.63196563720703, "finite": true, "measured": false, "status": "decode_step", "step": 12, "wall_ms": 106.66569834575057}
{"argmax": 11, "components": {"attention_block_ms": 0.0, "cache_append_ms": 0.0, "dense_attention_ms": 0.0, "host_to_gpu_ms": 0.0}, "cuda_ms": 106.61619567871094, "finite": true, "measured": false, "status": "decode_step", "step": 13, "wall_ms": 106.6492642275989}
{"argmax": 2753, "components": {"attention_block_ms": 0.0, "cache_append_ms": 0.0, "dense_attention_ms": 0.0, "host_to_gpu_ms": 0.0}, "cuda_ms": 106.64051055908203, "finite": true, "measured": false, "status": "decode_step", "step": 14, "wall_ms": 106.67921788990498}
{"argmax": 8536, "components": {"attention_block_ms": 0.0, "cache_append_ms": 0.0, "dense_attention_ms": 0.0, "host_to_gpu_ms": 0.0}, "cuda_ms": 106.61027526855469, "finite": true, "measured": false, "status": "decode_step", "step": 15, "wall_ms": 106.64198314771056}
{"argmax": 6150, "components": {"attention_block_ms": 0.0, "cache_append_ms": 0.0, "dense_attention_ms": 0.0, "host_to_gpu_ms": 0.0}, "cuda_ms": 106.6734390258789, "finite": true, "measured": true, "status": "decode_step", "step": 16, "wall_ms": 106.72519681975245}
{"argmax": 315, "components": {"attention_block_ms": 0.0, "cache_append_ms": 0.0, "dense_attention_ms": 0.0, "host_to_gpu_ms": 0.0}, "cuda_ms": 106.65773010253906, "finite": true, "measured": true, "status": "decode_step", "step": 17, "wall_ms": 106.69073509052396}
{"argmax": 1253, "components": {"attention_block_ms": 0.0, "cache_append_ms": 0.0, "dense_attention_ms": 0.0, "host_to_gpu_ms": 0.0}, "cuda_ms": 107.02381134033203, "finite": true, "measured": true, "status": "decode_step", "step": 18, "wall_ms": 107.06203989684582}
{"argmax": 791, "components": {"attention_block_ms": 0.0, "cache_append_ms": 0.0, "dense_attention_ms": 0.0, "host_to_gpu_ms": 0.0}, "cuda_ms": 106.66028594970703, "finite": true, "measured": true, "status": "decode_step", "step": 19, "wall_ms": 106.69284919276834}
{"argmax": 374, "components": {"attention_block_ms": 0.0, "cache_append_ms": 0.0, "dense_attention_ms": 0.0, "host_to_gpu_ms": 0.0}, "cuda_ms": 106.63926696777344, "finite": true, "measured": true, "status": "decode_step", "step": 20, "wall_ms": 106.672627851367}
{"argmax": 374, "components": {"attention_block_ms": 0.0, "cache_append_ms": 0.0, "dense_attention_ms": 0.0, "host_to_gpu_ms": 0.0}, "cuda_ms": 106.6388168334961, "finite": true, "measured": true, "status": "decode_step", "step": 21, "wall_ms": 106.67310887947679}
{"argmax": 279, "components": {"attention_block_ms": 0.0, "cache_append_ms": 0.0, "dense_attention_ms": 0.0, "host_to_gpu_ms": 0.0}, "cuda_ms": 106.59830474853516, "finite": true, "measured": true, "status": "decode_step", "step": 22, "wall_ms": 106.63185827434063}
{"argmax": 3560, "components": {"attention_block_ms": 0.0, "cache_append_ms": 0.0, "dense_attention_ms": 0.0, "host_to_gpu_ms": 0.0}, "cuda_ms": 106.66130828857422, "finite": true, "measured": true, "status": "decode_step", "step": 23, "wall_ms": 106.6961232572794}
{"argmax": 323, "components": {"attention_block_ms": 0.0, "cache_append_ms": 0.0, "dense_attention_ms": 0.0, "host_to_gpu_ms": 0.0}, "cuda_ms": 106.65558624267578, "finite": true, "measured": true, "status": "decode_step", "step": 24, "wall_ms": 106.68902285397053}
{"argmax": 26411, "components": {"attention_block_ms": 0.0, "cache_append_ms": 0.0, "dense_attention_ms": 0.0, "host_to_gpu_ms": 0.0}, "cuda_ms": 106.63404846191406, "finite": true, "measured": true, "status": "decode_step", "step": 25, "wall_ms": 106.66678985580802}
{"argmax": 1511, "components": {"attention_block_ms": 0.0, "cache_append_ms": 0.0, "dense_attention_ms": 0.0, "host_to_gpu_ms": 0.0}, "cuda_ms": 106.5799331665039, "finite": true, "measured": true, "status": "decode_step", "step": 26, "wall_ms": 106.67549166828394}
{"argmax": 7524, "components": {"attention_block_ms": 0.0, "cache_append_ms": 0.0, "dense_attention_ms": 0.0, "host_to_gpu_ms": 0.0}, "cuda_ms": 106.94719696044922, "finite": true, "measured": true, "status": "decode_step", "step": 27, "wall_ms": 106.9811088964343}
{"argmax": 323, "components": {"attention_block_ms": 0.0, "cache_append_ms": 0.0, "dense_attention_ms": 0.0, "host_to_gpu_ms": 0.0}, "cuda_ms": 106.62477111816406, "finite": true, "measured": true, "status": "decode_step", "step": 28, "wall_ms": 106.67845699936152}
{"argmax": 323, "components": {"attention_block_ms": 0.0, "cache_append_ms": 0.0, "dense_attention_ms": 0.0, "host_to_gpu_ms": 0.0}, "cuda_ms": 106.83964538574219, "finite": true, "measured": true, "status": "decode_step", "step": 29, "wall_ms": 106.8822918459773}
{"argmax": 91605, "components": {"attention_block_ms": 0.0, "cache_append_ms": 0.0, "dense_attention_ms": 0.0, "host_to_gpu_ms": 0.0}, "cuda_ms": 106.85346984863281, "finite": true, "measured": true, "status": "decode_step", "step": 30, "wall_ms": 106.89807496964931}
{"argmax": 11006, "components": {"attention_block_ms": 0.0, "cache_append_ms": 0.0, "dense_attention_ms": 0.0, "host_to_gpu_ms": 0.0}, "cuda_ms": 106.89337921142578, "finite": true, "measured": true, "status": "decode_step", "step": 31, "wall_ms": 106.94598685950041}
{"argmax": 369, "components": {"attention_block_ms": 0.0, "cache_append_ms": 0.0, "dense_attention_ms": 0.0, "host_to_gpu_ms": 0.0}, "cuda_ms": 106.90086364746094, "finite": true, "measured": true, "status": "decode_step", "step": 32, "wall_ms": 106.94399382919073}
{"argmax": 586, "components": {"attention_block_ms": 0.0, "cache_append_ms": 0.0, "dense_attention_ms": 0.0, "host_to_gpu_ms": 0.0}, "cuda_ms": 106.8884506225586, "finite": true, "measured": true, "status": "decode_step", "step": 33, "wall_ms": 106.95141600444913}
{"argmax": 7100, "components": {"attention_block_ms": 0.0, "cache_append_ms": 0.0, "dense_attention_ms": 0.0, "host_to_gpu_ms": 0.0}, "cuda_ms": 106.90048217773438, "finite": true, "measured": true, "status": "decode_step", "step": 34, "wall_ms": 106.9599068723619}
{"argmax": 11351, "components": {"attention_block_ms": 0.0, "cache_append_ms": 0.0, "dense_attention_ms": 0.0, "host_to_gpu_ms": 0.0}, "cuda_ms": 106.90489959716797, "finite": true, "measured": true, "status": "decode_step", "step": 35, "wall_ms": 106.94900108501315}
{"argmax": 13, "components": {"attention_block_ms": 0.0, "cache_append_ms": 0.0, "dense_attention_ms": 0.0, "host_to_gpu_ms": 0.0}, "cuda_ms": 106.68041229248047, "finite": true, "measured": true, "status": "decode_step", "step": 36, "wall_ms": 106.73563182353973}
{"argmax": 578, "components": {"attention_block_ms": 0.0, "cache_append_ms": 0.0, "dense_attention_ms": 0.0, "host_to_gpu_ms": 0.0}, "cuda_ms": 106.69574737548828, "finite": true, "measured": true, "status": "decode_step", "step": 37, "wall_ms": 106.75970884039998}
{"argmax": 3388, "components": {"attention_block_ms": 0.0, "cache_append_ms": 0.0, "dense_attention_ms": 0.0, "host_to_gpu_ms": 0.0}, "cuda_ms": 106.64838409423828, "finite": true, "measured": true, "status": "decode_step", "step": 38, "wall_ms": 106.68808128684759}
{"argmax": 374, "components": {"attention_block_ms": 0.0, "cache_append_ms": 0.0, "dense_attention_ms": 0.0, "host_to_gpu_ms": 0.0}, "cuda_ms": 106.66867065429688, "finite": true, "measured": true, "status": "decode_step", "step": 39, "wall_ms": 106.71041486784816}
{"argmax": 389, "components": {"attention_block_ms": 0.0, "cache_append_ms": 0.0, "dense_attention_ms": 0.0, "host_to_gpu_ms": 0.0}, "cuda_ms": 106.68287658691406, "finite": true, "measured": true, "status": "decode_step", "step": 40, "wall_ms": 106.72327410429716}
{"argmax": 279, "components": {"attention_block_ms": 0.0, "cache_append_ms": 0.0, "dense_attention_ms": 0.0, "host_to_gpu_ms": 0.0}, "cuda_ms": 106.98242950439453, "finite": true, "measured": true, "status": "decode_step", "step": 41, "wall_ms": 107.03011183068156}
{"argmax": 3560, "components": {"attention_block_ms": 0.0, "cache_append_ms": 0.0, "dense_attention_ms": 0.0, "host_to_gpu_ms": 0.0}, "cuda_ms": 106.87516784667969, "finite": true, "measured": true, "status": "decode_step", "step": 42, "wall_ms": 106.92235175520182}
{"argmax": 315, "components": {"attention_block_ms": 0.0, "cache_append_ms": 0.0, "dense_attention_ms": 0.0, "host_to_gpu_ms": 0.0}, "cuda_ms": 106.82015991210938, "finite": true, "measured": true, "status": "decode_step", "step": 43, "wall_ms": 106.8601286970079}
{"argmax": 33184, "components": {"attention_block_ms": 0.0, "cache_append_ms": 0.0, "dense_attention_ms": 0.0, "host_to_gpu_ms": 0.0}, "cuda_ms": 106.67359924316406, "finite": true, "measured": true, "status": "decode_step", "step": 44, "wall_ms": 106.71556321904063}
{"argmax": 11335, "components": {"attention_block_ms": 0.0, "cache_append_ms": 0.0, "dense_attention_ms": 0.0, "host_to_gpu_ms": 0.0}, "cuda_ms": 106.66304016113281, "finite": true, "measured": true, "status": "decode_step", "step": 45, "wall_ms": 106.70351516455412}
{"argmax": 304, "components": {"attention_block_ms": 0.0, "cache_append_ms": 0.0, "dense_attention_ms": 0.0, "host_to_gpu_ms": 0.0}, "cuda_ms": 106.6053466796875, "finite": true, "measured": true, "status": "decode_step", "step": 46, "wall_ms": 106.64985422044992}
{"argmax": 279, "components": {"attention_block_ms": 0.0, "cache_append_ms": 0.0, "dense_attention_ms": 0.0, "host_to_gpu_ms": 0.0}, "cuda_ms": 106.73126220703125, "finite": true, "measured": true, "status": "decode_step", "step": 47, "wall_ms": 106.77215736359358}
{"argmax": 4500, "components": {"attention_block_ms": 0.0, "cache_append_ms": 0.0, "dense_attention_ms": 0.0, "host_to_gpu_ms": 0.0}, "cuda_ms": 106.66041564941406, "finite": true, "measured": true, "status": "decode_step", "step": 48, "wall_ms": 106.71575181186199}
{"argmax": 315, "components": {"attention_block_ms": 0.0, "cache_append_ms": 0.0, "dense_attention_ms": 0.0, "host_to_gpu_ms": 0.0}, "cuda_ms": 106.63587188720703, "finite": true, "measured": true, "status": "decode_step", "step": 49, "wall_ms": 106.68344423174858}
{"argmax": 33184, "components": {"attention_block_ms": 0.0, "cache_append_ms": 0.0, "dense_attention_ms": 0.0, "host_to_gpu_ms": 0.0}, "cuda_ms": 106.80547332763672, "finite": true, "measured": true, "status": "decode_step", "step": 50, "wall_ms": 106.85043362900615}
{"argmax": 33184, "components": {"attention_block_ms": 0.0, "cache_append_ms": 0.0, "dense_attention_ms": 0.0, "host_to_gpu_ms": 0.0}, "cuda_ms": 106.66569519042969, "finite": true, "measured": true, "status": "decode_step", "step": 51, "wall_ms": 106.71087494120002}
{"argmax": 10706, "components": {"attention_block_ms": 0.0, "cache_append_ms": 0.0, "dense_attention_ms": 0.0, "host_to_gpu_ms": 0.0}, "cuda_ms": 106.64669036865234, "finite": true, "measured": true, "status": "decode_step", "step": 52, "wall_ms": 106.68875323608518}
{"argmax": 323, "components": {"attention_block_ms": 0.0, "cache_append_ms": 0.0, "dense_attention_ms": 0.0, "host_to_gpu_ms": 0.0}, "cuda_ms": 106.84226989746094, "finite": true, "measured": true, "status": "decode_step", "step": 53, "wall_ms": 106.89890570938587}
{"argmax": 279, "components": {"attention_block_ms": 0.0, "cache_append_ms": 0.0, "dense_attention_ms": 0.0, "host_to_gpu_ms": 0.0}, "cuda_ms": 106.85948944091797, "finite": true, "measured": true, "status": "decode_step", "step": 54, "wall_ms": 106.90449457615614}
{"argmax": 5133, "components": {"attention_block_ms": 0.0, "cache_append_ms": 0.0, "dense_attention_ms": 0.0, "host_to_gpu_ms": 0.0}, "cuda_ms": 106.84262084960938, "finite": true, "measured": true, "status": "decode_step", "step": 55, "wall_ms": 106.88266204670072}
{"argmax": 311, "components": {"attention_block_ms": 0.0, "cache_append_ms": 0.0, "dense_attention_ms": 0.0, "host_to_gpu_ms": 0.0}, "cuda_ms": 106.70166778564453, "finite": true, "measured": true, "status": "decode_step", "step": 56, "wall_ms": 106.74369521439075}
{"argmax": 279, "components": {"attention_block_ms": 0.0, "cache_append_ms": 0.0, "dense_attention_ms": 0.0, "host_to_gpu_ms": 0.0}, "cuda_ms": 106.65360260009766, "finite": true, "measured": true, "status": "decode_step", "step": 57, "wall_ms": 106.69547226279974}
{"argmax": 323, "components": {"attention_block_ms": 0.0, "cache_append_ms": 0.0, "dense_attention_ms": 0.0, "host_to_gpu_ms": 0.0}, "cuda_ms": 106.64102172851562, "finite": true, "measured": true, "status": "decode_step", "step": 58, "wall_ms": 106.68327426537871}
{"argmax": 13, "components": {"attention_block_ms": 0.0, "cache_append_ms": 0.0, "dense_attention_ms": 0.0, "host_to_gpu_ms": 0.0}, "cuda_ms": 106.68621063232422, "finite": true, "measured": true, "status": "decode_step", "step": 59, "wall_ms": 106.73330910503864}
{"argmax": 41582, "components": {"attention_block_ms": 0.0, "cache_append_ms": 0.0, "dense_attention_ms": 0.0, "host_to_gpu_ms": 0.0}, "cuda_ms": 106.6704330444336, "finite": true, "measured": true, "status": "decode_step", "step": 60, "wall_ms": 106.71600420027971}
{"argmax": 11, "components": {"attention_block_ms": 0.0, "cache_append_ms": 0.0, "dense_attention_ms": 0.0, "host_to_gpu_ms": 0.0}, "cuda_ms": 106.76185607910156, "finite": true, "measured": true, "status": "decode_step", "step": 61, "wall_ms": 106.80374410003424}
{"argmax": 323, "components": {"attention_block_ms": 0.0, "cache_append_ms": 0.0, "dense_attention_ms": 0.0, "host_to_gpu_ms": 0.0}, "cuda_ms": 106.64201354980469, "finite": true, "measured": true, "status": "decode_step", "step": 62, "wall_ms": 106.68427590280771}
{"argmax": 1023, "components": {"attention_block_ms": 0.0, "cache_append_ms": 0.0, "dense_attention_ms": 0.0, "host_to_gpu_ms": 0.0}, "cuda_ms": 106.8545913696289, "finite": true, "measured": true, "status": "decode_step", "step": 63, "wall_ms": 106.8963622674346}
{"argmax": 11006, "components": {"attention_block_ms": 0.0, "cache_append_ms": 0.0, "dense_attention_ms": 0.0, "host_to_gpu_ms": 0.0}, "cuda_ms": 106.61500549316406, "finite": true, "measured": true, "status": "decode_step", "step": 64, "wall_ms": 106.6679721698165}
{"argmax": 5315, "components": {"attention_block_ms": 0.0, "cache_append_ms": 0.0, "dense_attention_ms": 0.0, "host_to_gpu_ms": 0.0}, "cuda_ms": 106.67616271972656, "finite": true, "measured": true, "status": "decode_step", "step": 65, "wall_ms": 106.72303382307291}
{"argmax": 519, "components": {"attention_block_ms": 0.0, "cache_append_ms": 0.0, "dense_attention_ms": 0.0, "host_to_gpu_ms": 0.0}, "cuda_ms": 106.94217681884766, "finite": true, "measured": true, "status": "decode_step", "step": 66, "wall_ms": 106.98274103924632}
{"argmax": 28846, "components": {"attention_block_ms": 0.0, "cache_append_ms": 0.0, "dense_attention_ms": 0.0, "host_to_gpu_ms": 0.0}, "cuda_ms": 106.64860534667969, "finite": true, "measured": true, "status": "decode_step", "step": 67, "wall_ms": 106.69055627658963}
{"argmax": 11351, "components": {"attention_block_ms": 0.0, "cache_append_ms": 0.0, "dense_attention_ms": 0.0, "host_to_gpu_ms": 0.0}, "cuda_ms": 106.60419464111328, "finite": true, "measured": true, "status": "decode_step", "step": 68, "wall_ms": 106.64391471073031}
{"argmax": 13, "components": {"attention_block_ms": 0.0, "cache_append_ms": 0.0, "dense_attention_ms": 0.0, "host_to_gpu_ms": 0.0}, "cuda_ms": 106.6454086303711, "finite": true, "measured": true, "status": "decode_step", "step": 69, "wall_ms": 106.68625868856907}
{"argmax": 578, "components": {"attention_block_ms": 0.0, "cache_append_ms": 0.0, "dense_attention_ms": 0.0, "host_to_gpu_ms": 0.0}, "cuda_ms": 106.71372985839844, "finite": true, "measured": true, "status": "decode_step", "step": 70, "wall_ms": 106.76954314112663}
{"argmax": 311, "components": {"attention_block_ms": 0.0, "cache_append_ms": 0.0, "dense_attention_ms": 0.0, "host_to_gpu_ms": 0.0}, "cuda_ms": 106.69635009765625, "finite": true, "measured": true, "status": "decode_step", "step": 71, "wall_ms": 106.73849703744054}
{"argmax": 4236, "components": {"attention_block_ms": 0.0, "cache_append_ms": 0.0, "dense_attention_ms": 0.0, "host_to_gpu_ms": 0.0}, "cuda_ms": 106.6487045288086, "finite": true, "measured": true, "status": "decode_step", "step": 72, "wall_ms": 106.69000400230289}
{"argmax": 468, "components": {"attention_block_ms": 0.0, "cache_append_ms": 0.0, "dense_attention_ms": 0.0, "host_to_gpu_ms": 0.0}, "cuda_ms": 106.64060974121094, "finite": true, "measured": true, "status": "decode_step", "step": 73, "wall_ms": 108.12055226415396}
{"argmax": 13, "components": {"attention_block_ms": 0.0, "cache_append_ms": 0.0, "dense_attention_ms": 0.0, "host_to_gpu_ms": 0.0}, "cuda_ms": 107.17056274414062, "finite": true, "measured": true, "status": "decode_step", "step": 74, "wall_ms": 107.21123311668634}
{"argmax": 2947, "components": {"attention_block_ms": 0.0, "cache_append_ms": 0.0, "dense_attention_ms": 0.0, "host_to_gpu_ms": 0.0}, "cuda_ms": 106.7245101928711, "finite": true, "measured": true, "status": "decode_step", "step": 75, "wall_ms": 106.76621831953526}
{"argmax": 8536, "components": {"attention_block_ms": 0.0, "cache_append_ms": 0.0, "dense_attention_ms": 0.0, "host_to_gpu_ms": 0.0}, "cuda_ms": 106.65129852294922, "finite": true, "measured": true, "status": "decode_step", "step": 76, "wall_ms": 106.69513186439872}
{"argmax": 6150, "components": {"attention_block_ms": 0.0, "cache_append_ms": 0.0, "dense_attention_ms": 0.0, "host_to_gpu_ms": 0.0}, "cuda_ms": 106.63471984863281, "finite": true, "measured": true, "status": "decode_step", "step": 77, "wall_ms": 106.67897807434201}
{"argmax": 315, "components": {"attention_block_ms": 0.0, "cache_append_ms": 0.0, "dense_attention_ms": 0.0, "host_to_gpu_ms": 0.0}, "cuda_ms": 106.61587524414062, "finite": true, "measured": true, "status": "decode_step", "step": 78, "wall_ms": 106.65648430585861}
{"argmax": 3142, "components": {"attention_block_ms": 0.0, "cache_append_ms": 0.0, "dense_attention_ms": 0.0, "host_to_gpu_ms": 0.0}, "cuda_ms": 107.33747100830078, "finite": true, "measured": true, "status": "decode_step", "step": 79, "wall_ms": 107.3779328726232}
{"argmax": 323, "components": {"attention_block_ms": 0.0, "cache_append_ms": 0.0, "dense_attention_ms": 0.0, "host_to_gpu_ms": 0.0}, "cuda_ms": 106.85049438476562, "finite": true, "measured": true, "status": "decode_step", "step": 80, "wall_ms": 106.8913652561605}
{"argmax": 7327, "components": {"attention_block_ms": 0.0, "cache_append_ms": 0.0, "dense_attention_ms": 0.0, "host_to_gpu_ms": 0.0}, "cuda_ms": 106.85874938964844, "finite": true, "measured": true, "status": "decode_step", "step": 81, "wall_ms": 106.90267197787762}
{"argmax": 23298, "components": {"attention_block_ms": 0.0, "cache_append_ms": 0.0, "dense_attention_ms": 0.0, "host_to_gpu_ms": 0.0}, "cuda_ms": 106.73235321044922, "finite": true, "measured": true, "status": "decode_step", "step": 82, "wall_ms": 106.77721397951245}
{"argmax": 4236, "components": {"attention_block_ms": 0.0, "cache_append_ms": 0.0, "dense_attention_ms": 0.0, "host_to_gpu_ms": 0.0}, "cuda_ms": 106.73590087890625, "finite": true, "measured": true, "status": "decode_step", "step": 83, "wall_ms": 106.77662398666143}
{"argmax": 26, "components": {"attention_block_ms": 0.0, "cache_append_ms": 0.0, "dense_attention_ms": 0.0, "host_to_gpu_ms": 0.0}, "cuda_ms": 106.67171478271484, "finite": true, "measured": true, "status": "decode_step", "step": 84, "wall_ms": 106.7169951274991}
{"argmax": 3885, "components": {"attention_block_ms": 0.0, "cache_append_ms": 0.0, "dense_attention_ms": 0.0, "host_to_gpu_ms": 0.0}, "cuda_ms": 106.63814544677734, "finite": true, "measured": true, "status": "decode_step", "step": 85, "wall_ms": 106.6811908967793}
{"argmax": 449, "components": {"attention_block_ms": 0.0, "cache_append_ms": 0.0, "dense_attention_ms": 0.0, "host_to_gpu_ms": 0.0}, "cuda_ms": 106.69251251220703, "finite": true, "measured": true, "status": "decode_step", "step": 86, "wall_ms": 106.73813614994287}
{"argmax": 2947, "components": {"attention_block_ms": 0.0, "cache_append_ms": 0.0, "dense_attention_ms": 0.0, "host_to_gpu_ms": 0.0}, "cuda_ms": 106.68163299560547, "finite": true, "measured": true, "status": "decode_step", "step": 87, "wall_ms": 106.7231330089271}
{"argmax": 8536, "components": {"attention_block_ms": 0.0, "cache_append_ms": 0.0, "dense_attention_ms": 0.0, "host_to_gpu_ms": 0.0}, "cuda_ms": 106.6909408569336, "finite": true, "measured": true, "status": "decode_step", "step": 88, "wall_ms": 106.7324080504477}
{"argmax": 6150, "components": {"attention_block_ms": 0.0, "cache_append_ms": 0.0, "dense_attention_ms": 0.0, "host_to_gpu_ms": 0.0}, "cuda_ms": 106.66448211669922, "finite": true, "measured": true, "status": "decode_step", "step": 89, "wall_ms": 106.70662904158235}
{"argmax": 8041, "components": {"attention_block_ms": 0.0, "cache_append_ms": 0.0, "dense_attention_ms": 0.0, "host_to_gpu_ms": 0.0}, "cuda_ms": 109.60969543457031, "finite": true, "measured": true, "status": "decode_step", "step": 90, "wall_ms": 109.66185620054603}
{"argmax": 627, "components": {"attention_block_ms": 0.0, "cache_append_ms": 0.0, "dense_attention_ms": 0.0, "host_to_gpu_ms": 0.0}, "cuda_ms": 106.63961791992188, "finite": true, "measured": true, "status": "decode_step", "step": 91, "wall_ms": 106.68100090697408}
{"argmax": 791, "components": {"attention_block_ms": 0.0, "cache_append_ms": 0.0, "dense_attention_ms": 0.0, "host_to_gpu_ms": 0.0}, "cuda_ms": 106.65702056884766, "finite": true, "measured": true, "status": "decode_step", "step": 92, "wall_ms": 106.69921711087227}
{"argmax": 3388, "components": {"attention_block_ms": 0.0, "cache_append_ms": 0.0, "dense_attention_ms": 0.0, "host_to_gpu_ms": 0.0}, "cuda_ms": 106.64364624023438, "finite": true, "measured": true, "status": "decode_step", "step": 93, "wall_ms": 106.68469686061144}
{"argmax": 49095, "components": {"attention_block_ms": 0.0, "cache_append_ms": 0.0, "dense_attention_ms": 0.0, "host_to_gpu_ms": 0.0}, "cuda_ms": 106.61113739013672, "finite": true, "measured": true, "status": "decode_step", "step": 94, "wall_ms": 106.6523278132081}
{"argmax": 6319, "components": {"attention_block_ms": 0.0, "cache_append_ms": 0.0, "dense_attention_ms": 0.0, "host_to_gpu_ms": 0.0}, "cuda_ms": 106.62335968017578, "finite": true, "measured": true, "status": "decode_step", "step": 95, "wall_ms": 106.66489694267511}
{"argmax": 4236, "components": {"attention_block_ms": 0.0, "cache_append_ms": 0.0, "dense_attention_ms": 0.0, "host_to_gpu_ms": 0.0}, "cuda_ms": 106.62480163574219, "finite": true, "measured": true, "status": "decode_step", "step": 96, "wall_ms": 106.66790092363954}
{"argmax": 889, "components": {"attention_block_ms": 0.0, "cache_append_ms": 0.0, "dense_attention_ms": 0.0, "host_to_gpu_ms": 0.0}, "cuda_ms": 106.72870635986328, "finite": true, "measured": true, "status": "decode_step", "step": 97, "wall_ms": 106.77326936274767}
{"argmax": 6156, "components": {"attention_block_ms": 0.0, "cache_append_ms": 0.0, "dense_attention_ms": 0.0, "host_to_gpu_ms": 0.0}, "cuda_ms": 106.63529968261719, "finite": true, "measured": true, "status": "decode_step", "step": 98, "wall_ms": 106.67636385187507}
{"argmax": 9021, "components": {"attention_block_ms": 0.0, "cache_append_ms": 0.0, "dense_attention_ms": 0.0, "host_to_gpu_ms": 0.0}, "cuda_ms": 106.71593475341797, "finite": true, "measured": true, "status": "decode_step", "step": 99, "wall_ms": 106.76747979596257}
{"argmax": 374, "components": {"attention_block_ms": 0.0, "cache_append_ms": 0.0, "dense_attention_ms": 0.0, "host_to_gpu_ms": 0.0}, "cuda_ms": 106.71670532226562, "finite": true, "measured": true, "status": "decode_step", "step": 100, "wall_ms": 106.76450515165925}
{"argmax": 304, "components": {"attention_block_ms": 0.0, "cache_append_ms": 0.0, "dense_attention_ms": 0.0, "host_to_gpu_ms": 0.0}, "cuda_ms": 106.61724853515625, "finite": true, "measured": true, "status": "decode_step", "step": 101, "wall_ms": 106.66705993935466}
{"argmax": 33184, "components": {"attention_block_ms": 0.0, "cache_append_ms": 0.0, "dense_attention_ms": 0.0, "host_to_gpu_ms": 0.0}, "cuda_ms": 106.82291412353516, "finite": true, "measured": true, "status": "decode_step", "step": 102, "wall_ms": 106.87525197863579}
{"argmax": 10706, "components": {"attention_block_ms": 0.0, "cache_append_ms": 0.0, "dense_attention_ms": 0.0, "host_to_gpu_ms": 0.0}, "cuda_ms": 106.7765121459961, "finite": true, "measured": true, "status": "decode_step", "step": 103, "wall_ms": 106.8303338252008}
{"argmax": 13, "components": {"attention_block_ms": 0.0, "cache_append_ms": 0.0, "dense_attention_ms": 0.0, "host_to_gpu_ms": 0.0}, "cuda_ms": 106.71737670898438, "finite": true, "measured": true, "status": "decode_step", "step": 104, "wall_ms": 106.75879707559943}
{"argmax": 889, "components": {"attention_block_ms": 0.0, "cache_append_ms": 0.0, "dense_attention_ms": 0.0, "host_to_gpu_ms": 0.0}, "cuda_ms": 106.64281463623047, "finite": true, "measured": true, "status": "decode_step", "step": 105, "wall_ms": 106.68813204392791}
{"argmax": 311, "components": {"attention_block_ms": 0.0, "cache_append_ms": 0.0, "dense_attention_ms": 0.0, "host_to_gpu_ms": 0.0}, "cuda_ms": 106.65711975097656, "finite": true, "measured": true, "status": "decode_step", "step": 106, "wall_ms": 106.7136600613594}
{"argmax": 387, "components": {"attention_block_ms": 0.0, "cache_append_ms": 0.0, "dense_attention_ms": 0.0, "host_to_gpu_ms": 0.0}, "cuda_ms": 106.78988647460938, "finite": true, "measured": true, "status": "decode_step", "step": 107, "wall_ms": 106.83162603527308}
{"argmax": 264, "components": {"attention_block_ms": 0.0, "cache_append_ms": 0.0, "dense_attention_ms": 0.0, "host_to_gpu_ms": 0.0}, "cuda_ms": 106.86243438720703, "finite": true, "measured": true, "status": "decode_step", "step": 108, "wall_ms": 106.9025220349431}
{"argmax": 6373, "components": {"attention_block_ms": 0.0, "cache_append_ms": 0.0, "dense_attention_ms": 0.0, "host_to_gpu_ms": 0.0}, "cuda_ms": 106.75564575195312, "finite": true, "measured": true, "status": "decode_step", "step": 109, "wall_ms": 106.80205235257745}
{"argmax": 10093, "components": {"attention_block_ms": 0.0, "cache_append_ms": 0.0, "dense_attention_ms": 0.0, "host_to_gpu_ms": 0.0}, "cuda_ms": 106.71778869628906, "finite": true, "measured": true, "status": "decode_step", "step": 110, "wall_ms": 106.77285818383098}
{"argmax": 304, "components": {"attention_block_ms": 0.0, "cache_append_ms": 0.0, "dense_attention_ms": 0.0, "host_to_gpu_ms": 0.0}, "cuda_ms": 106.66703796386719, "finite": true, "measured": true, "status": "decode_step", "step": 111, "wall_ms": 106.71399999409914}
{"argmax": 279, "components": {"attention_block_ms": 0.0, "cache_append_ms": 0.0, "dense_attention_ms": 0.0, "host_to_gpu_ms": 0.0}, "cuda_ms": 106.76576232910156, "finite": true, "measured": true, "status": "decode_step", "step": 112, "wall_ms": 106.80841095745564}
{"argmax": 13, "components": {"attention_block_ms": 0.0, "cache_append_ms": 0.0, "dense_attention_ms": 0.0, "host_to_gpu_ms": 0.0}, "cuda_ms": 106.7606430053711, "finite": true, "measured": true, "status": "decode_step", "step": 113, "wall_ms": 106.80227214470506}
{"argmax": 578, "components": {"attention_block_ms": 0.0, "cache_append_ms": 0.0, "dense_attention_ms": 0.0, "host_to_gpu_ms": 0.0}, "cuda_ms": 106.68128204345703, "finite": true, "measured": true, "status": "decode_step", "step": 114, "wall_ms": 106.72353440895677}
{"argmax": 3388, "components": {"attention_block_ms": 0.0, "cache_append_ms": 0.0, "dense_attention_ms": 0.0, "host_to_gpu_ms": 0.0}, "cuda_ms": 106.64268493652344, "finite": true, "measured": true, "status": "decode_step", "step": 115, "wall_ms": 106.68532690033317}
{"argmax": 24400, "components": {"attention_block_ms": 0.0, "cache_append_ms": 0.0, "dense_attention_ms": 0.0, "host_to_gpu_ms": 0.0}, "cuda_ms": 106.74867248535156, "finite": true, "measured": true, "status": "decode_step", "step": 116, "wall_ms": 106.79298778995872}
{"argmax": 264, "components": {"attention_block_ms": 0.0, "cache_append_ms": 0.0, "dense_attention_ms": 0.0, "host_to_gpu_ms": 0.0}, "cuda_ms": 106.66390228271484, "finite": true, "measured": true, "status": "decode_step", "step": 117, "wall_ms": 106.70654894784093}
{"argmax": 6677, "components": {"attention_block_ms": 0.0, "cache_append_ms": 0.0, "dense_attention_ms": 0.0, "host_to_gpu_ms": 0.0}, "cuda_ms": 106.65289306640625, "finite": true, "measured": true, "status": "decode_step", "step": 118, "wall_ms": 106.69617401435971}
{"argmax": 323, "components": {"attention_block_ms": 0.0, "cache_append_ms": 0.0, "dense_attention_ms": 0.0, "host_to_gpu_ms": 0.0}, "cuda_ms": 106.6589126586914, "finite": true, "measured": true, "status": "decode_step", "step": 119, "wall_ms": 106.69814702123404}
{"argmax": 4236, "components": {"attention_block_ms": 0.0, "cache_append_ms": 0.0, "dense_attention_ms": 0.0, "host_to_gpu_ms": 0.0}, "cuda_ms": 106.71305847167969, "finite": true, "measured": true, "status": "decode_step", "step": 120, "wall_ms": 106.756332796067}
{"argmax": 287, "components": {"attention_block_ms": 0.0, "cache_append_ms": 0.0, "dense_attention_ms": 0.0, "host_to_gpu_ms": 0.0}, "cuda_ms": 106.65353393554688, "finite": true, "measured": true, "status": "decode_step", "step": 121, "wall_ms": 106.69652419164777}
{"argmax": 11, "components": {"attention_block_ms": 0.0, "cache_append_ms": 0.0, "dense_attention_ms": 0.0, "host_to_gpu_ms": 0.0}, "cuda_ms": 106.69673919677734, "finite": true, "measured": true, "status": "decode_step", "step": 122, "wall_ms": 106.73906793817878}
{"argmax": 279, "components": {"attention_block_ms": 0.0, "cache_append_ms": 0.0, "dense_attention_ms": 0.0, "host_to_gpu_ms": 0.0}, "cuda_ms": 106.67318725585938, "finite": true, "measured": true, "status": "decode_step", "step": 123, "wall_ms": 106.71570291742682}
{"argmax": 33184, "components": {"attention_block_ms": 0.0, "cache_append_ms": 0.0, "dense_attention_ms": 0.0, "host_to_gpu_ms": 0.0}, "cuda_ms": 106.65443420410156, "finite": true, "measured": true, "status": "decode_step", "step": 124, "wall_ms": 106.69507086277008}
{"argmax": 7471, "components": {"attention_block_ms": 0.0, "cache_append_ms": 0.0, "dense_attention_ms": 0.0, "host_to_gpu_ms": 0.0}, "cuda_ms": 106.61398315429688, "finite": true, "measured": true, "status": "decode_step", "step": 125, "wall_ms": 106.66367504745722}
{"argmax": 8830, "components": {"attention_block_ms": 0.0, "cache_append_ms": 0.0, "dense_attention_ms": 0.0, "host_to_gpu_ms": 0.0}, "cuda_ms": 106.6126708984375, "finite": true, "measured": true, "status": "decode_step", "step": 126, "wall_ms": 106.65695369243622}
{"argmax": 279, "components": {"attention_block_ms": 0.0, "cache_append_ms": 0.0, "dense_attention_ms": 0.0, "host_to_gpu_ms": 0.0}, "cuda_ms": 106.80719757080078, "finite": true, "measured": true, "status": "decode_step", "step": 127, "wall_ms": 106.85063386335969}
{"argmax": 3388, "components": {"attention_block_ms": 0.0, "cache_append_ms": 0.0, "dense_attention_ms": 0.0, "host_to_gpu_ms": 0.0}, "cuda_ms": 106.77654266357422, "finite": true, "measured": true, "status": "decode_step", "step": 128, "wall_ms": 106.82161105796695}
{"argmax": 369, "components": {"attention_block_ms": 0.0, "cache_append_ms": 0.0, "dense_attention_ms": 0.0, "host_to_gpu_ms": 0.0}, "cuda_ms": 106.67049407958984, "finite": true, "measured": true, "status": "decode_step", "step": 129, "wall_ms": 106.71878699213266}
{"argmax": 37419, "components": {"attention_block_ms": 0.0, "cache_append_ms": 0.0, "dense_attention_ms": 0.0, "host_to_gpu_ms": 0.0}, "cuda_ms": 106.74127960205078, "finite": true, "measured": true, "status": "decode_step", "step": 130, "wall_ms": 106.78644804283977}
{"argmax": 6373, "components": {"attention_block_ms": 0.0, "cache_append_ms": 0.0, "dense_attention_ms": 0.0, "host_to_gpu_ms": 0.0}, "cuda_ms": 106.73766326904297, "finite": true, "measured": true, "status": "decode_step", "step": 131, "wall_ms": 106.781842187047}
{"argmax": 11, "components": {"attention_block_ms": 0.0, "cache_append_ms": 0.0, "dense_attention_ms": 0.0, "host_to_gpu_ms": 0.0}, "cuda_ms": 106.6058578491211, "finite": true, "measured": true, "status": "decode_step", "step": 132, "wall_ms": 106.6488022916019}
{"argmax": 6020, "components": {"attention_block_ms": 0.0, "cache_append_ms": 0.0, "dense_attention_ms": 0.0, "host_to_gpu_ms": 0.0}, "cuda_ms": 106.82653045654297, "finite": true, "measured": true, "status": "decode_step", "step": 133, "wall_ms": 106.87605291604996}
{"argmax": 24043, "components": {"attention_block_ms": 0.0, "cache_append_ms": 0.0, "dense_attention_ms": 0.0, "host_to_gpu_ms": 0.0}, "cuda_ms": 106.64883422851562, "finite": true, "measured": true, "status": "decode_step", "step": 134, "wall_ms": 106.69471183791757}
{"argmax": 13, "components": {"attention_block_ms": 0.0, "cache_append_ms": 0.0, "dense_attention_ms": 0.0, "host_to_gpu_ms": 0.0}, "cuda_ms": 106.77458953857422, "finite": true, "measured": true, "status": "decode_step", "step": 135, "wall_ms": 106.81549087166786}
{"argmax": 578, "components": {"attention_block_ms": 0.0, "cache_append_ms": 0.0, "dense_attention_ms": 0.0, "host_to_gpu_ms": 0.0}, "cuda_ms": 106.85196685791016, "finite": true, "measured": true, "status": "decode_step", "step": 136, "wall_ms": 106.8891710601747}
{"argmax": 311, "components": {"attention_block_ms": 0.0, "cache_append_ms": 0.0, "dense_attention_ms": 0.0, "host_to_gpu_ms": 0.0}, "cuda_ms": 106.68505859375, "finite": true, "measured": true, "status": "decode_step", "step": 137, "wall_ms": 106.72936309129}
{"argmax": 19816, "components": {"attention_block_ms": 0.0, "cache_append_ms": 0.0, "dense_attention_ms": 0.0, "host_to_gpu_ms": 0.0}, "cuda_ms": 106.64630126953125, "finite": true, "measured": true, "status": "decode_step", "step": 138, "wall_ms": 106.6913460381329}
{"argmax": 468, "components": {"attention_block_ms": 0.0, "cache_append_ms": 0.0, "dense_attention_ms": 0.0, "host_to_gpu_ms": 0.0}, "cuda_ms": 106.83001708984375, "finite": true, "measured": true, "status": "decode_step", "step": 139, "wall_ms": 106.87328781932592}
{"argmax": 13, "components": {"attention_block_ms": 0.0, "cache_append_ms": 0.0, "dense_attention_ms": 0.0, "host_to_gpu_ms": 0.0}, "cuda_ms": 106.62866973876953, "finite": true, "measured": true, "status": "decode_step", "step": 140, "wall_ms": 106.67423065751791}
{"argmax": 2947, "components": {"attention_block_ms": 0.0, "cache_append_ms": 0.0, "dense_attention_ms": 0.0, "host_to_gpu_ms": 0.0}, "cuda_ms": 106.62175750732422, "finite": true, "measured": true, "status": "decode_step", "step": 141, "wall_ms": 106.6639949567616}
{"argmax": 8536, "components": {"attention_block_ms": 0.0, "cache_append_ms": 0.0, "dense_attention_ms": 0.0, "host_to_gpu_ms": 0.0}, "cuda_ms": 106.6490249633789, "finite": true, "measured": true, "status": "decode_step", "step": 142, "wall_ms": 106.69178701937199}
{"argmax": 6150, "components": {"attention_block_ms": 0.0, "cache_append_ms": 0.0, "dense_attention_ms": 0.0, "host_to_gpu_ms": 0.0}, "cuda_ms": 106.8397445678711, "finite": true, "measured": true, "status": "decode_step", "step": 143, "wall_ms": 106.88319429755211}
{"decode_cuda_median_ms": 106.67828750610352, "decode_wall_median_ms": 106.72340425662696, "result": "results/system_benchmarks/tp1_dense_full_v6/formal_dense_offload_t16384_r0/benchmark.json", "status": "complete", "validated_layers": 0}
