{"context": 32768, "gpu": "NVIDIA L40S", "measure_steps": 128, "profile_components": false, "status": "starting", "storage": "local", "warmup_steps": 16}
Loading weights:   0%|          | 0/291 [00:00<?, ?it/s]Loading weights: 100%|██████████| 291/291 [00:00<00:00, 10002.72it/s]
{"allocated_gib": 18.975229263305664, "exact_kv_gib": 4.017578125, "gpu_staging_gib": 0.0, "host_exact_kv_gib": 0.0, "status": "model_ready"}
{"peak_allocated_gib": 20.874032974243164, "prefill_ms": 4936.06103515625, "status": "prefill_complete"}
{"argmax": 11, "components": {"attention_block_ms": 0.0, "cache_append_ms": 0.0, "dense_attention_ms": 0.0, "host_to_gpu_ms": 0.0}, "cuda_ms": 99.9444808959961, "finite": true, "measured": false, "status": "decode_step", "step": 0, "wall_ms": 99.96056463569403}
{"argmax": 396, "components": {"attention_block_ms": 0.0, "cache_append_ms": 0.0, "dense_attention_ms": 0.0, "host_to_gpu_ms": 0.0}, "cuda_ms": 30.433151245117188, "finite": true, "measured": false, "status": "decode_step", "step": 1, "wall_ms": 30.451457016170025}
{"argmax": 21293, "components": {"attention_block_ms": 0.0, "cache_append_ms": 0.0, "dense_attention_ms": 0.0, "host_to_gpu_ms": 0.0}, "cuda_ms": 30.13750457763672, "finite": true, "measured": false, "status": "decode_step", "step": 2, "wall_ms": 30.16056213527918}
{"argmax": 220, "components": {"attention_block_ms": 0.0, "cache_append_ms": 0.0, "dense_attention_ms": 0.0, "host_to_gpu_ms": 0.0}, "cuda_ms": 30.12326431274414, "finite": true, "measured": false, "status": "decode_step", "step": 3, "wall_ms": 30.144167132675648}
{"argmax": 11, "components": {"attention_block_ms": 0.0, "cache_append_ms": 0.0, "dense_attention_ms": 0.0, "host_to_gpu_ms": 0.0}, "cuda_ms": 30.106016159057617, "finite": true, "measured": false, "status": "decode_step", "step": 4, "wall_ms": 30.125180259346962}
{"argmax": 315, "components": {"attention_block_ms": 0.0, "cache_append_ms": 0.0, "dense_attention_ms": 0.0, "host_to_gpu_ms": 0.0}, "cuda_ms": 30.09231948852539, "finite": true, "measured": false, "status": "decode_step", "step": 5, "wall_ms": 30.11412313207984}
{"argmax": 7658, "components": {"attention_block_ms": 0.0, "cache_append_ms": 0.0, "dense_attention_ms": 0.0, "host_to_gpu_ms": 0.0}, "cuda_ms": 30.134944915771484, "finite": true, "measured": false, "status": "decode_step", "step": 6, "wall_ms": 30.156657099723816}
{"argmax": 323, "components": {"attention_block_ms": 0.0, "cache_append_ms": 0.0, "dense_attention_ms": 0.0, "host_to_gpu_ms": 0.0}, "cuda_ms": 30.106847763061523, "finite": true, "measured": false, "status": "decode_step", "step": 7, "wall_ms": 30.127073172479868}
{"argmax": 7327, "components": {"attention_block_ms": 0.0, "cache_append_ms": 0.0, "dense_attention_ms": 0.0, "host_to_gpu_ms": 0.0}, "cuda_ms": 30.117088317871094, "finite": true, "measured": false, "status": "decode_step", "step": 8, "wall_ms": 30.13623459264636}
{"argmax": 23298, "components": {"attention_block_ms": 0.0, "cache_append_ms": 0.0, "dense_attention_ms": 0.0, "host_to_gpu_ms": 0.0}, "cuda_ms": 30.088991165161133, "finite": true, "measured": false, "status": "decode_step", "step": 9, "wall_ms": 30.109997373074293}
{"argmax": 11, "components": {"attention_block_ms": 0.0, "cache_append_ms": 0.0, "dense_attention_ms": 0.0, "host_to_gpu_ms": 0.0}, "cuda_ms": 30.123903274536133, "finite": true, "measured": false, "status": "decode_step", "step": 10, "wall_ms": 30.139159876853228}
{"argmax": 11, "components": {"attention_block_ms": 0.0, "cache_append_ms": 0.0, "dense_attention_ms": 0.0, "host_to_gpu_ms": 0.0}, "cuda_ms": 30.111360549926758, "finite": true, "measured": false, "status": "decode_step", "step": 11, "wall_ms": 30.130537692457438}
{"argmax": 323, "components": {"attention_block_ms": 0.0, "cache_append_ms": 0.0, "dense_attention_ms": 0.0, "host_to_gpu_ms": 0.0}, "cuda_ms": 30.08902359008789, "finite": true, "measured": false, "status": "decode_step", "step": 12, "wall_ms": 30.10762296617031}
{"argmax": 527, "components": {"attention_block_ms": 0.0, "cache_append_ms": 0.0, "dense_attention_ms": 0.0, "host_to_gpu_ms": 0.0}, "cuda_ms": 30.082944869995117, "finite": true, "measured": false, "status": "decode_step", "step": 13, "wall_ms": 30.10267624631524}
{"argmax": 264, "components": {"attention_block_ms": 0.0, "cache_append_ms": 0.0, "dense_attention_ms": 0.0, "host_to_gpu_ms": 0.0}, "cuda_ms": 30.093088150024414, "finite": true, "measured": false, "status": "decode_step", "step": 14, "wall_ms": 30.11329099535942}
{"argmax": 8536, "components": {"attention_block_ms": 0.0, "cache_append_ms": 0.0, "dense_attention_ms": 0.0, "host_to_gpu_ms": 0.0}, "cuda_ms": 30.082944869995117, "finite": true, "measured": false, "status": "decode_step", "step": 15, "wall_ms": 30.101172626018524}
{"argmax": 13537, "components": {"attention_block_ms": 0.0, "cache_append_ms": 0.0, "dense_attention_ms": 0.0, "host_to_gpu_ms": 0.0}, "cuda_ms": 30.074432373046875, "finite": true, "measured": true, "status": "decode_step", "step": 16, "wall_ms": 30.09425289928913}
{"argmax": 13537, "components": {"attention_block_ms": 0.0, "cache_append_ms": 0.0, "dense_attention_ms": 0.0, "host_to_gpu_ms": 0.0}, "cuda_ms": 30.073152542114258, "finite": true, "measured": true, "status": "decode_step", "step": 17, "wall_ms": 30.09425289928913}
{"argmax": 13, "components": {"attention_block_ms": 0.0, "cache_append_ms": 0.0, "dense_attention_ms": 0.0, "host_to_gpu_ms": 0.0}, "cuda_ms": 30.082624435424805, "finite": true, "measured": true, "status": "decode_step", "step": 18, "wall_ms": 30.100392177700996}
{"argmax": 791, "components": {"attention_block_ms": 0.0, "cache_append_ms": 0.0, "dense_attention_ms": 0.0, "host_to_gpu_ms": 0.0}, "cuda_ms": 30.089120864868164, "finite": true, "measured": true, "status": "decode_step", "step": 19, "wall_ms": 30.10766301304102}
{"argmax": 374, "components": {"attention_block_ms": 0.0, "cache_append_ms": 0.0, "dense_attention_ms": 0.0, "host_to_gpu_ms": 0.0}, "cuda_ms": 30.079008102416992, "finite": true, "measured": true, "status": "decode_step", "step": 20, "wall_ms": 30.09844897314906}
{"argmax": 374, "components": {"attention_block_ms": 0.0, "cache_append_ms": 0.0, "dense_attention_ms": 0.0, "host_to_gpu_ms": 0.0}, "cuda_ms": 30.076448440551758, "finite": true, "measured": true, "status": "decode_step", "step": 21, "wall_ms": 30.092219822108746}
{"argmax": 279, "components": {"attention_block_ms": 0.0, "cache_append_ms": 0.0, "dense_attention_ms": 0.0, "host_to_gpu_ms": 0.0}, "cuda_ms": 30.090112686157227, "finite": true, "measured": true, "status": "decode_step", "step": 22, "wall_ms": 30.109155923128128}
{"argmax": 3560, "components": {"attention_block_ms": 0.0, "cache_append_ms": 0.0, "dense_attention_ms": 0.0, "host_to_gpu_ms": 0.0}, "cuda_ms": 30.081087112426758, "finite": true, "measured": true, "status": "decode_step", "step": 23, "wall_ms": 30.100232921540737}
{"argmax": 323, "components": {"attention_block_ms": 0.0, "cache_append_ms": 0.0, "dense_attention_ms": 0.0, "host_to_gpu_ms": 0.0}, "cuda_ms": 30.081119537353516, "finite": true, "measured": true, "status": "decode_step", "step": 24, "wall_ms": 30.09754791855812}
{"argmax": 26411, "components": {"attention_block_ms": 0.0, "cache_append_ms": 0.0, "dense_attention_ms": 0.0, "host_to_gpu_ms": 0.0}, "cuda_ms": 30.095712661743164, "finite": true, "measured": true, "status": "decode_step", "step": 25, "wall_ms": 30.1159149967134}
{"argmax": 1511, "components": {"attention_block_ms": 0.0, "cache_append_ms": 0.0, "dense_attention_ms": 0.0, "host_to_gpu_ms": 0.0}, "cuda_ms": 30.090112686157227, "finite": true, "measured": true, "status": "decode_step", "step": 26, "wall_ms": 30.107001774013042}
{"argmax": 6968, "components": {"attention_block_ms": 0.0, "cache_append_ms": 0.0, "dense_attention_ms": 0.0, "host_to_gpu_ms": 0.0}, "cuda_ms": 30.06502342224121, "finite": true, "measured": true, "status": "decode_step", "step": 27, "wall_ms": 30.08735179901123}
{"argmax": 323, "components": {"attention_block_ms": 0.0, "cache_append_ms": 0.0, "dense_attention_ms": 0.0, "host_to_gpu_ms": 0.0}, "cuda_ms": 30.530784606933594, "finite": true, "measured": true, "status": "decode_step", "step": 28, "wall_ms": 30.55189736187458}
{"argmax": 1862, "components": {"attention_block_ms": 0.0, "cache_append_ms": 0.0, "dense_attention_ms": 0.0, "host_to_gpu_ms": 0.0}, "cuda_ms": 30.09174346923828, "finite": true, "measured": true, "status": "decode_step", "step": 29, "wall_ms": 30.10569093748927}
{"argmax": 91605, "components": {"attention_block_ms": 0.0, "cache_append_ms": 0.0, "dense_attention_ms": 0.0, "host_to_gpu_ms": 0.0}, "cuda_ms": 30.145471572875977, "finite": true, "measured": true, "status": "decode_step", "step": 30, "wall_ms": 30.16371699050069}
{"argmax": 11006, "components": {"attention_block_ms": 0.0, "cache_append_ms": 0.0, "dense_attention_ms": 0.0, "host_to_gpu_ms": 0.0}, "cuda_ms": 30.109888076782227, "finite": true, "measured": true, "status": "decode_step", "step": 31, "wall_ms": 30.12677188962698}
{"argmax": 369, "components": {"attention_block_ms": 0.0, "cache_append_ms": 0.0, "dense_attention_ms": 0.0, "host_to_gpu_ms": 0.0}, "cuda_ms": 30.09939193725586, "finite": true, "measured": true, "status": "decode_step", "step": 32, "wall_ms": 30.115503817796707}
{"argmax": 279, "components": {"attention_block_ms": 0.0, "cache_append_ms": 0.0, "dense_attention_ms": 0.0, "host_to_gpu_ms": 0.0}, "cuda_ms": 30.07161521911621, "finite": true, "measured": true, "status": "decode_step", "step": 33, "wall_ms": 30.0900568254292}
{"argmax": 19071, "components": {"attention_block_ms": 0.0, "cache_append_ms": 0.0, "dense_attention_ms": 0.0, "host_to_gpu_ms": 0.0}, "cuda_ms": 30.08415985107422, "finite": true, "measured": true, "status": "decode_step", "step": 34, "wall_ms": 30.1026850938797}
{"argmax": 11351, "components": {"attention_block_ms": 0.0, "cache_append_ms": 0.0, "dense_attention_ms": 0.0, "host_to_gpu_ms": 0.0}, "cuda_ms": 30.077503204345703, "finite": true, "measured": true, "status": "decode_step", "step": 35, "wall_ms": 30.095073860138655}
{"argmax": 13, "components": {"attention_block_ms": 0.0, "cache_append_ms": 0.0, "dense_attention_ms": 0.0, "host_to_gpu_ms": 0.0}, "cuda_ms": 30.085407257080078, "finite": true, "measured": true, "status": "decode_step", "step": 36, "wall_ms": 30.107653699815273}
{"argmax": 20783, "components": {"attention_block_ms": 0.0, "cache_append_ms": 0.0, "dense_attention_ms": 0.0, "host_to_gpu_ms": 0.0}, "cuda_ms": 30.07695960998535, "finite": true, "measured": true, "status": "decode_step", "step": 37, "wall_ms": 30.09419282898307}
{"argmax": 3388, "components": {"attention_block_ms": 0.0, "cache_append_ms": 0.0, "dense_attention_ms": 0.0, "host_to_gpu_ms": 0.0}, "cuda_ms": 30.083904266357422, "finite": true, "measured": true, "status": "decode_step", "step": 38, "wall_ms": 30.10288579389453}
{"argmax": 14861, "components": {"attention_block_ms": 0.0, "cache_append_ms": 0.0, "dense_attention_ms": 0.0, "host_to_gpu_ms": 0.0}, "cuda_ms": 30.076927185058594, "finite": true, "measured": true, "status": "decode_step", "step": 39, "wall_ms": 30.097187031060457}
{"argmax": 389, "components": {"attention_block_ms": 0.0, "cache_append_ms": 0.0, "dense_attention_ms": 0.0, "host_to_gpu_ms": 0.0}, "cuda_ms": 30.076831817626953, "finite": true, "measured": true, "status": "decode_step", "step": 40, "wall_ms": 30.093742068856955}
{"argmax": 279, "components": {"attention_block_ms": 0.0, "cache_append_ms": 0.0, "dense_attention_ms": 0.0, "host_to_gpu_ms": 0.0}, "cuda_ms": 30.079519271850586, "finite": true, "measured": true, "status": "decode_step", "step": 41, "wall_ms": 30.097067821770906}
{"argmax": 3560, "components": {"attention_block_ms": 0.0, "cache_append_ms": 0.0, "dense_attention_ms": 0.0, "host_to_gpu_ms": 0.0}, "cuda_ms": 30.083616256713867, "finite": true, "measured": true, "status": "decode_step", "step": 42, "wall_ms": 30.10026179254055}
{"argmax": 315, "components": {"attention_block_ms": 0.0, "cache_append_ms": 0.0, "dense_attention_ms": 0.0, "host_to_gpu_ms": 0.0}, "cuda_ms": 30.0762882232666, "finite": true, "measured": true, "status": "decode_step", "step": 43, "wall_ms": 30.092800967395306}
{"argmax": 37419, "components": {"attention_block_ms": 0.0, "cache_append_ms": 0.0, "dense_attention_ms": 0.0, "host_to_gpu_ms": 0.0}, "cuda_ms": 30.093120574951172, "finite": true, "measured": true, "status": "decode_step", "step": 44, "wall_ms": 30.111008789390326}
{"argmax": 11335, "components": {"attention_block_ms": 0.0, "cache_append_ms": 0.0, "dense_attention_ms": 0.0, "host_to_gpu_ms": 0.0}, "cuda_ms": 30.07859230041504, "finite": true, "measured": true, "status": "decode_step", "step": 45, "wall_ms": 30.097607988864183}
{"argmax": 304, "components": {"attention_block_ms": 0.0, "cache_append_ms": 0.0, "dense_attention_ms": 0.0, "host_to_gpu_ms": 0.0}, "cuda_ms": 30.087135314941406, "finite": true, "measured": true, "status": "decode_step", "step": 46, "wall_ms": 30.106752179563046}
{"argmax": 279, "components": {"attention_block_ms": 0.0, "cache_append_ms": 0.0, "dense_attention_ms": 0.0, "host_to_gpu_ms": 0.0}, "cuda_ms": 30.082656860351562, "finite": true, "measured": true, "status": "decode_step", "step": 47, "wall_ms": 30.104428064078093}
{"argmax": 8244, "components": {"attention_block_ms": 0.0, "cache_append_ms": 0.0, "dense_attention_ms": 0.0, "host_to_gpu_ms": 0.0}, "cuda_ms": 30.074207305908203, "finite": true, "measured": true, "status": "decode_step", "step": 48, "wall_ms": 30.09312180802226}
{"argmax": 315, "components": {"attention_block_ms": 0.0, "cache_append_ms": 0.0, "dense_attention_ms": 0.0, "host_to_gpu_ms": 0.0}, "cuda_ms": 30.280576705932617, "finite": true, "measured": true, "status": "decode_step", "step": 49, "wall_ms": 30.300871934741735}
{"argmax": 33184, "components": {"attention_block_ms": 0.0, "cache_append_ms": 0.0, "dense_attention_ms": 0.0, "host_to_gpu_ms": 0.0}, "cuda_ms": 30.13382339477539, "finite": true, "measured": true, "status": "decode_step", "step": 50, "wall_ms": 30.152529943734407}
{"argmax": 33184, "components": {"attention_block_ms": 0.0, "cache_append_ms": 0.0, "dense_attention_ms": 0.0, "host_to_gpu_ms": 0.0}, "cuda_ms": 30.072704315185547, "finite": true, "measured": true, "status": "decode_step", "step": 51, "wall_ms": 30.094834975898266}
{"argmax": 10706, "components": {"attention_block_ms": 0.0, "cache_append_ms": 0.0, "dense_attention_ms": 0.0, "host_to_gpu_ms": 0.0}, "cuda_ms": 30.095840454101562, "finite": true, "measured": true, "status": "decode_step", "step": 52, "wall_ms": 30.11513501405716}
{"argmax": 323, "components": {"attention_block_ms": 0.0, "cache_append_ms": 0.0, "dense_attention_ms": 0.0, "host_to_gpu_ms": 0.0}, "cuda_ms": 30.073535919189453, "finite": true, "measured": true, "status": "decode_step", "step": 53, "wall_ms": 30.091379303485155}
{"argmax": 279, "components": {"attention_block_ms": 0.0, "cache_append_ms": 0.0, "dense_attention_ms": 0.0, "host_to_gpu_ms": 0.0}, "cuda_ms": 30.077407836914062, "finite": true, "measured": true, "status": "decode_step", "step": 54, "wall_ms": 30.093633104115725}
{"argmax": 5133, "components": {"attention_block_ms": 0.0, "cache_append_ms": 0.0, "dense_attention_ms": 0.0, "host_to_gpu_ms": 0.0}, "cuda_ms": 30.08790397644043, "finite": true, "measured": true, "status": "decode_step", "step": 55, "wall_ms": 30.105870217084885}
{"argmax": 311, "components": {"attention_block_ms": 0.0, "cache_append_ms": 0.0, "dense_attention_ms": 0.0, "host_to_gpu_ms": 0.0}, "cuda_ms": 30.097951889038086, "finite": true, "measured": true, "status": "decode_step", "step": 56, "wall_ms": 30.117038171738386}
{"argmax": 279, "components": {"attention_block_ms": 0.0, "cache_append_ms": 0.0, "dense_attention_ms": 0.0, "host_to_gpu_ms": 0.0}, "cuda_ms": 30.082496643066406, "finite": true, "measured": true, "status": "decode_step", "step": 57, "wall_ms": 30.100462026894093}
{"argmax": 323, "components": {"attention_block_ms": 0.0, "cache_append_ms": 0.0, "dense_attention_ms": 0.0, "host_to_gpu_ms": 0.0}, "cuda_ms": 30.08915138244629, "finite": true, "measured": true, "status": "decode_step", "step": 58, "wall_ms": 30.108594801276922}
{"argmax": 323, "components": {"attention_block_ms": 0.0, "cache_append_ms": 0.0, "dense_attention_ms": 0.0, "host_to_gpu_ms": 0.0}, "cuda_ms": 30.069887161254883, "finite": true, "measured": true, "status": "decode_step", "step": 59, "wall_ms": 30.08828405290842}
{"argmax": 41582, "components": {"attention_block_ms": 0.0, "cache_append_ms": 0.0, "dense_attention_ms": 0.0, "host_to_gpu_ms": 0.0}, "cuda_ms": 30.106815338134766, "finite": true, "measured": true, "status": "decode_step", "step": 60, "wall_ms": 30.126089695841074}
{"argmax": 11, "components": {"attention_block_ms": 0.0, "cache_append_ms": 0.0, "dense_attention_ms": 0.0, "host_to_gpu_ms": 0.0}, "cuda_ms": 30.086591720581055, "finite": true, "measured": true, "status": "decode_step", "step": 61, "wall_ms": 30.1079242490232}
{"argmax": 323, "components": {"attention_block_ms": 0.0, "cache_append_ms": 0.0, "dense_attention_ms": 0.0, "host_to_gpu_ms": 0.0}, "cuda_ms": 30.093311309814453, "finite": true, "measured": true, "status": "decode_step", "step": 62, "wall_ms": 30.11029725894332}
{"argmax": 3927, "components": {"attention_block_ms": 0.0, "cache_append_ms": 0.0, "dense_attention_ms": 0.0, "host_to_gpu_ms": 0.0}, "cuda_ms": 30.077503204345703, "finite": true, "measured": true, "status": "decode_step", "step": 63, "wall_ms": 30.09694814682007}
{"argmax": 11006, "components": {"attention_block_ms": 0.0, "cache_append_ms": 0.0, "dense_attention_ms": 0.0, "host_to_gpu_ms": 0.0}, "cuda_ms": 30.09014320373535, "finite": true, "measured": true, "status": "decode_step", "step": 64, "wall_ms": 30.108895152807236}
{"argmax": 5315, "components": {"attention_block_ms": 0.0, "cache_append_ms": 0.0, "dense_attention_ms": 0.0, "host_to_gpu_ms": 0.0}, "cuda_ms": 30.06550407409668, "finite": true, "measured": true, "status": "decode_step", "step": 65, "wall_ms": 30.081545002758503}
{"argmax": 519, "components": {"attention_block_ms": 0.0, "cache_append_ms": 0.0, "dense_attention_ms": 0.0, "host_to_gpu_ms": 0.0}, "cuda_ms": 30.07923126220703, "finite": true, "measured": true, "status": "decode_step", "step": 66, "wall_ms": 30.098249204456806}
{"argmax": 1105, "components": {"attention_block_ms": 0.0, "cache_append_ms": 0.0, "dense_attention_ms": 0.0, "host_to_gpu_ms": 0.0}, "cuda_ms": 30.076383590698242, "finite": true, "measured": true, "status": "decode_step", "step": 67, "wall_ms": 30.096217058598995}
{"argmax": 11351, "components": {"attention_block_ms": 0.0, "cache_append_ms": 0.0, "dense_attention_ms": 0.0, "host_to_gpu_ms": 0.0}, "cuda_ms": 30.078624725341797, "finite": true, "measured": true, "status": "decode_step", "step": 68, "wall_ms": 30.094614252448082}
{"argmax": 627, "components": {"attention_block_ms": 0.0, "cache_append_ms": 0.0, "dense_attention_ms": 0.0, "host_to_gpu_ms": 0.0}, "cuda_ms": 30.096416473388672, "finite": true, "measured": true, "status": "decode_step", "step": 69, "wall_ms": 30.116486828774214}
{"argmax": 20783, "components": {"attention_block_ms": 0.0, "cache_append_ms": 0.0, "dense_attention_ms": 0.0, "host_to_gpu_ms": 0.0}, "cuda_ms": 30.083168029785156, "finite": true, "measured": true, "status": "decode_step", "step": 70, "wall_ms": 30.097658280283213}
{"argmax": 311, "components": {"attention_block_ms": 0.0, "cache_append_ms": 0.0, "dense_attention_ms": 0.0, "host_to_gpu_ms": 0.0}, "cuda_ms": 30.067359924316406, "finite": true, "measured": true, "status": "decode_step", "step": 71, "wall_ms": 30.08760418742895}
{"argmax": 19560, "components": {"attention_block_ms": 0.0, "cache_append_ms": 0.0, "dense_attention_ms": 0.0, "host_to_gpu_ms": 0.0}, "cuda_ms": 30.10051155090332, "finite": true, "measured": true, "status": "decode_step", "step": 72, "wall_ms": 30.121593736112118}
{"argmax": 468, "components": {"attention_block_ms": 0.0, "cache_append_ms": 0.0, "dense_attention_ms": 0.0, "host_to_gpu_ms": 0.0}, "cuda_ms": 30.099552154541016, "finite": true, "measured": true, "status": "decode_step", "step": 73, "wall_ms": 30.118118971586227}
{"argmax": 13, "components": {"attention_block_ms": 0.0, "cache_append_ms": 0.0, "dense_attention_ms": 0.0, "host_to_gpu_ms": 0.0}, "cuda_ms": 30.08278465270996, "finite": true, "measured": true, "status": "decode_step", "step": 74, "wall_ms": 30.10715264827013}
{"argmax": 2947, "components": {"attention_block_ms": 0.0, "cache_append_ms": 0.0, "dense_attention_ms": 0.0, "host_to_gpu_ms": 0.0}, "cuda_ms": 30.085695266723633, "finite": true, "measured": true, "status": "decode_step", "step": 75, "wall_ms": 30.10681178420782}
{"argmax": 8536, "components": {"attention_block_ms": 0.0, "cache_append_ms": 0.0, "dense_attention_ms": 0.0, "host_to_gpu_ms": 0.0}, "cuda_ms": 30.084991455078125, "finite": true, "measured": true, "status": "decode_step", "step": 76, "wall_ms": 30.100643169134855}
{"argmax": 6150, "components": {"attention_block_ms": 0.0, "cache_append_ms": 0.0, "dense_attention_ms": 0.0, "host_to_gpu_ms": 0.0}, "cuda_ms": 30.08812713623047, "finite": true, "measured": true, "status": "decode_step", "step": 77, "wall_ms": 30.10643133893609}
{"argmax": 315, "components": {"attention_block_ms": 0.0, "cache_append_ms": 0.0, "dense_attention_ms": 0.0, "host_to_gpu_ms": 0.0}, "cuda_ms": 30.079872131347656, "finite": true, "measured": true, "status": "decode_step", "step": 78, "wall_ms": 30.100423377007246}
{"argmax": 3142, "components": {"attention_block_ms": 0.0, "cache_append_ms": 0.0, "dense_attention_ms": 0.0, "host_to_gpu_ms": 0.0}, "cuda_ms": 30.14303970336914, "finite": true, "measured": true, "status": "decode_step", "step": 79, "wall_ms": 30.163205694407225}
{"argmax": 323, "components": {"attention_block_ms": 0.0, "cache_append_ms": 0.0, "dense_attention_ms": 0.0, "host_to_gpu_ms": 0.0}, "cuda_ms": 30.091712951660156, "finite": true, "measured": true, "status": "decode_step", "step": 80, "wall_ms": 30.11506423354149}
{"argmax": 7327, "components": {"attention_block_ms": 0.0, "cache_append_ms": 0.0, "dense_attention_ms": 0.0, "host_to_gpu_ms": 0.0}, "cuda_ms": 30.293216705322266, "finite": true, "measured": true, "status": "decode_step", "step": 81, "wall_ms": 30.31150810420513}
{"argmax": 23298, "components": {"attention_block_ms": 0.0, "cache_append_ms": 0.0, "dense_attention_ms": 0.0, "host_to_gpu_ms": 0.0}, "cuda_ms": 30.084543228149414, "finite": true, "measured": true, "status": "decode_step", "step": 82, "wall_ms": 30.104298144578934}
{"argmax": 4236, "components": {"attention_block_ms": 0.0, "cache_append_ms": 0.0, "dense_attention_ms": 0.0, "host_to_gpu_ms": 0.0}, "cuda_ms": 30.07651138305664, "finite": true, "measured": true, "status": "decode_step", "step": 83, "wall_ms": 30.093742068856955}
{"argmax": 26, "components": {"attention_block_ms": 0.0, "cache_append_ms": 0.0, "dense_attention_ms": 0.0, "host_to_gpu_ms": 0.0}, "cuda_ms": 30.091007232666016, "finite": true, "measured": true, "status": "decode_step", "step": 84, "wall_ms": 30.108924955129623}
{"argmax": 3885, "components": {"attention_block_ms": 0.0, "cache_append_ms": 0.0, "dense_attention_ms": 0.0, "host_to_gpu_ms": 0.0}, "cuda_ms": 30.10358428955078, "finite": true, "measured": true, "status": "decode_step", "step": 85, "wall_ms": 30.12122306972742}
{"argmax": 449, "components": {"attention_block_ms": 0.0, "cache_append_ms": 0.0, "dense_attention_ms": 0.0, "host_to_gpu_ms": 0.0}, "cuda_ms": 30.08576011657715, "finite": true, "measured": true, "status": "decode_step", "step": 86, "wall_ms": 30.101274140179157}
{"argmax": 2947, "components": {"attention_block_ms": 0.0, "cache_append_ms": 0.0, "dense_attention_ms": 0.0, "host_to_gpu_ms": 0.0}, "cuda_ms": 30.08710479736328, "finite": true, "measured": true, "status": "decode_step", "step": 87, "wall_ms": 30.100091826170683}
{"argmax": 8536, "components": {"attention_block_ms": 0.0, "cache_append_ms": 0.0, "dense_attention_ms": 0.0, "host_to_gpu_ms": 0.0}, "cuda_ms": 30.086624145507812, "finite": true, "measured": true, "status": "decode_step", "step": 88, "wall_ms": 30.10240476578474}
{"argmax": 6150, "components": {"attention_block_ms": 0.0, "cache_append_ms": 0.0, "dense_attention_ms": 0.0, "host_to_gpu_ms": 0.0}, "cuda_ms": 30.066463470458984, "finite": true, "measured": true, "status": "decode_step", "step": 89, "wall_ms": 30.083838384598494}
{"argmax": 8041, "components": {"attention_block_ms": 0.0, "cache_append_ms": 0.0, "dense_attention_ms": 0.0, "host_to_gpu_ms": 0.0}, "cuda_ms": 30.083295822143555, "finite": true, "measured": true, "status": "decode_step", "step": 90, "wall_ms": 30.09659703820944}
{"argmax": 627, "components": {"attention_block_ms": 0.0, "cache_append_ms": 0.0, "dense_attention_ms": 0.0, "host_to_gpu_ms": 0.0}, "cuda_ms": 30.113311767578125, "finite": true, "measured": true, "status": "decode_step", "step": 91, "wall_ms": 30.129907187074423}
{"argmax": 791, "components": {"attention_block_ms": 0.0, "cache_append_ms": 0.0, "dense_attention_ms": 0.0, "host_to_gpu_ms": 0.0}, "cuda_ms": 30.09702491760254, "finite": true, "measured": true, "status": "decode_step", "step": 92, "wall_ms": 30.115304980427027}
{"argmax": 3388, "components": {"attention_block_ms": 0.0, "cache_append_ms": 0.0, "dense_attention_ms": 0.0, "host_to_gpu_ms": 0.0}, "cuda_ms": 30.073280334472656, "finite": true, "measured": true, "status": "decode_step", "step": 93, "wall_ms": 30.094312969595194}
{"argmax": 49095, "components": {"attention_block_ms": 0.0, "cache_append_ms": 0.0, "dense_attention_ms": 0.0, "host_to_gpu_ms": 0.0}, "cuda_ms": 30.079072952270508, "finite": true, "measured": true, "status": "decode_step", "step": 94, "wall_ms": 30.095966067165136}
{"argmax": 459, "components": {"attention_block_ms": 0.0, "cache_append_ms": 0.0, "dense_attention_ms": 0.0, "host_to_gpu_ms": 0.0}, "cuda_ms": 30.08483123779297, "finite": true, "measured": true, "status": "decode_step", "step": 95, "wall_ms": 30.1034371368587}
{"argmax": 4236, "components": {"attention_block_ms": 0.0, "cache_append_ms": 0.0, "dense_attention_ms": 0.0, "host_to_gpu_ms": 0.0}, "cuda_ms": 30.49577522277832, "finite": true, "measured": true, "status": "decode_step", "step": 96, "wall_ms": 30.512108001857996}
{"argmax": 889, "components": {"attention_block_ms": 0.0, "cache_append_ms": 0.0, "dense_attention_ms": 0.0, "host_to_gpu_ms": 0.0}, "cuda_ms": 30.08198356628418, "finite": true, "measured": true, "status": "decode_step", "step": 97, "wall_ms": 30.098869930952787}
{"argmax": 10068, "components": {"attention_block_ms": 0.0, "cache_append_ms": 0.0, "dense_attention_ms": 0.0, "host_to_gpu_ms": 0.0}, "cuda_ms": 30.09107208251953, "finite": true, "measured": true, "status": "decode_step", "step": 98, "wall_ms": 30.103676952421665}
{"argmax": 9021, "components": {"attention_block_ms": 0.0, "cache_append_ms": 0.0, "dense_attention_ms": 0.0, "host_to_gpu_ms": 0.0}, "cuda_ms": 30.09663963317871, "finite": true, "measured": true, "status": "decode_step", "step": 99, "wall_ms": 30.112169682979584}
{"argmax": 374, "components": {"attention_block_ms": 0.0, "cache_append_ms": 0.0, "dense_attention_ms": 0.0, "host_to_gpu_ms": 0.0}, "cuda_ms": 30.085952758789062, "finite": true, "measured": true, "status": "decode_step", "step": 100, "wall_ms": 30.106903053820133}
{"argmax": 304, "components": {"attention_block_ms": 0.0, "cache_append_ms": 0.0, "dense_attention_ms": 0.0, "host_to_gpu_ms": 0.0}, "cuda_ms": 30.090431213378906, "finite": true, "measured": true, "status": "decode_step", "step": 101, "wall_ms": 30.10370722040534}
{"argmax": 2536, "components": {"attention_block_ms": 0.0, "cache_append_ms": 0.0, "dense_attention_ms": 0.0, "host_to_gpu_ms": 0.0}, "cuda_ms": 30.093280792236328, "finite": true, "measured": true, "status": "decode_step", "step": 102, "wall_ms": 30.108494218438864}
{"argmax": 10706, "components": {"attention_block_ms": 0.0, "cache_append_ms": 0.0, "dense_attention_ms": 0.0, "host_to_gpu_ms": 0.0}, "cuda_ms": 30.074304580688477, "finite": true, "measured": true, "status": "decode_step", "step": 103, "wall_ms": 30.090067069977522}
{"argmax": 13, "components": {"attention_block_ms": 0.0, "cache_append_ms": 0.0, "dense_attention_ms": 0.0, "host_to_gpu_ms": 0.0}, "cuda_ms": 30.09539222717285, "finite": true, "measured": true, "status": "decode_step", "step": 104, "wall_ms": 30.112309847027063}
{"argmax": 889, "components": {"attention_block_ms": 0.0, "cache_append_ms": 0.0, "dense_attention_ms": 0.0, "host_to_gpu_ms": 0.0}, "cuda_ms": 30.096288681030273, "finite": true, "measured": true, "status": "decode_step", "step": 105, "wall_ms": 30.11149913072586}
{"argmax": 311, "components": {"attention_block_ms": 0.0, "cache_append_ms": 0.0, "dense_attention_ms": 0.0, "host_to_gpu_ms": 0.0}, "cuda_ms": 30.09107208251953, "finite": true, "measured": true, "status": "decode_step", "step": 106, "wall_ms": 30.105259269475937}
{"argmax": 387, "components": {"attention_block_ms": 0.0, "cache_append_ms": 0.0, "dense_attention_ms": 0.0, "host_to_gpu_ms": 0.0}, "cuda_ms": 30.09503936767578, "finite": true, "measured": true, "status": "decode_step", "step": 107, "wall_ms": 30.113471671938896}
{"argmax": 264, "components": {"attention_block_ms": 0.0, "cache_append_ms": 0.0, "dense_attention_ms": 0.0, "host_to_gpu_ms": 0.0}, "cuda_ms": 30.110591888427734, "finite": true, "measured": true, "status": "decode_step", "step": 108, "wall_ms": 30.13046784326434}
{"argmax": 6373, "components": {"attention_block_ms": 0.0, "cache_append_ms": 0.0, "dense_attention_ms": 0.0, "host_to_gpu_ms": 0.0}, "cuda_ms": 30.11075210571289, "finite": true, "measured": true, "status": "decode_step", "step": 109, "wall_ms": 30.122695956379175}
{"argmax": 10093, "components": {"attention_block_ms": 0.0, "cache_append_ms": 0.0, "dense_attention_ms": 0.0, "host_to_gpu_ms": 0.0}, "cuda_ms": 30.089920043945312, "finite": true, "measured": true, "status": "decode_step", "step": 110, "wall_ms": 30.10676195845008}
{"argmax": 13, "components": {"attention_block_ms": 0.0, "cache_append_ms": 0.0, "dense_attention_ms": 0.0, "host_to_gpu_ms": 0.0}, "cuda_ms": 30.076032638549805, "finite": true, "measured": true, "status": "decode_step", "step": 111, "wall_ms": 30.09411273524165}
{"argmax": 37419, "components": {"attention_block_ms": 0.0, "cache_append_ms": 0.0, "dense_attention_ms": 0.0, "host_to_gpu_ms": 0.0}, "cuda_ms": 30.08016014099121, "finite": true, "measured": true, "status": "decode_step", "step": 112, "wall_ms": 30.094613786786795}
{"argmax": 13, "components": {"attention_block_ms": 0.0, "cache_append_ms": 0.0, "dense_attention_ms": 0.0, "host_to_gpu_ms": 0.0}, "cuda_ms": 30.090463638305664, "finite": true, "measured": true, "status": "decode_step", "step": 113, "wall_ms": 30.107402708381414}
{"argmax": 578, "components": {"attention_block_ms": 0.0, "cache_append_ms": 0.0, "dense_attention_ms": 0.0, "host_to_gpu_ms": 0.0}, "cuda_ms": 30.093631744384766, "finite": true, "measured": true, "status": "decode_step", "step": 114, "wall_ms": 30.11263022199273}
{"argmax": 3388, "components": {"attention_block_ms": 0.0, "cache_append_ms": 0.0, "dense_attention_ms": 0.0, "host_to_gpu_ms": 0.0}, "cuda_ms": 30.077247619628906, "finite": true, "measured": true, "status": "decode_step", "step": 115, "wall_ms": 30.09416302666068}
{"argmax": 690, "components": {"attention_block_ms": 0.0, "cache_append_ms": 0.0, "dense_attention_ms": 0.0, "host_to_gpu_ms": 0.0}, "cuda_ms": 30.117311477661133, "finite": true, "measured": true, "status": "decode_step", "step": 116, "wall_ms": 30.160231050103903}
{"argmax": 264, "components": {"attention_block_ms": 0.0, "cache_append_ms": 0.0, "dense_attention_ms": 0.0, "host_to_gpu_ms": 0.0}, "cuda_ms": 30.292064666748047, "finite": true, "measured": true, "status": "decode_step", "step": 117, "wall_ms": 30.305639375001192}
{"argmax": 6677, "components": {"attention_block_ms": 0.0, "cache_append_ms": 0.0, "dense_attention_ms": 0.0, "host_to_gpu_ms": 0.0}, "cuda_ms": 30.10748863220215, "finite": true, "measured": true, "status": "decode_step", "step": 118, "wall_ms": 30.12611996382475}
{"argmax": 323, "components": {"attention_block_ms": 0.0, "cache_append_ms": 0.0, "dense_attention_ms": 0.0, "host_to_gpu_ms": 0.0}, "cuda_ms": 30.103071212768555, "finite": true, "measured": true, "status": "decode_step", "step": 119, "wall_ms": 30.12428805232048}
{"argmax": 33184, "components": {"attention_block_ms": 0.0, "cache_append_ms": 0.0, "dense_attention_ms": 0.0, "host_to_gpu_ms": 0.0}, "cuda_ms": 30.07686424255371, "finite": true, "measured": true, "status": "decode_step", "step": 120, "wall_ms": 30.08978720754385}
{"argmax": 287, "components": {"attention_block_ms": 0.0, "cache_append_ms": 0.0, "dense_attention_ms": 0.0, "host_to_gpu_ms": 0.0}, "cuda_ms": 30.12259292602539, "finite": true, "measured": true, "status": "decode_step", "step": 121, "wall_ms": 30.13726696372032}
{"argmax": 11, "components": {"attention_block_ms": 0.0, "cache_append_ms": 0.0, "dense_attention_ms": 0.0, "host_to_gpu_ms": 0.0}, "cuda_ms": 30.089311599731445, "finite": true, "measured": true, "status": "decode_step", "step": 122, "wall_ms": 30.10646067559719}
{"argmax": 279, "components": {"attention_block_ms": 0.0, "cache_append_ms": 0.0, "dense_attention_ms": 0.0, "host_to_gpu_ms": 0.0}, "cuda_ms": 30.096576690673828, "finite": true, "measured": true, "status": "decode_step", "step": 123, "wall_ms": 30.109056271612644}
{"argmax": 33184, "components": {"attention_block_ms": 0.0, "cache_append_ms": 0.0, "dense_attention_ms": 0.0, "host_to_gpu_ms": 0.0}, "cuda_ms": 30.086496353149414, "finite": true, "measured": true, "status": "decode_step", "step": 124, "wall_ms": 30.102164018899202}
{"argmax": 7471, "components": {"attention_block_ms": 0.0, "cache_append_ms": 0.0, "dense_attention_ms": 0.0, "host_to_gpu_ms": 0.0}, "cuda_ms": 30.086528778076172, "finite": true, "measured": true, "status": "decode_step", "step": 125, "wall_ms": 30.101013835519552}
{"argmax": 8830, "components": {"attention_block_ms": 0.0, "cache_append_ms": 0.0, "dense_attention_ms": 0.0, "host_to_gpu_ms": 0.0}, "cuda_ms": 30.101343154907227, "finite": true, "measured": true, "status": "decode_step", "step": 126, "wall_ms": 30.117208138108253}
{"argmax": 279, "components": {"attention_block_ms": 0.0, "cache_append_ms": 0.0, "dense_attention_ms": 0.0, "host_to_gpu_ms": 0.0}, "cuda_ms": 30.16204833984375, "finite": true, "measured": true, "status": "decode_step", "step": 127, "wall_ms": 30.176847241818905}
{"argmax": 3388, "components": {"attention_block_ms": 0.0, "cache_append_ms": 0.0, "dense_attention_ms": 0.0, "host_to_gpu_ms": 0.0}, "cuda_ms": 30.09929656982422, "finite": true, "measured": true, "status": "decode_step", "step": 128, "wall_ms": 30.11208912357688}
{"argmax": 369, "components": {"attention_block_ms": 0.0, "cache_append_ms": 0.0, "dense_attention_ms": 0.0, "host_to_gpu_ms": 0.0}, "cuda_ms": 30.08745574951172, "finite": true, "measured": true, "status": "decode_step", "step": 129, "wall_ms": 30.155735090374947}
{"argmax": 37419, "components": {"attention_block_ms": 0.0, "cache_append_ms": 0.0, "dense_attention_ms": 0.0, "host_to_gpu_ms": 0.0}, "cuda_ms": 30.5599365234375, "finite": true, "measured": true, "status": "decode_step", "step": 130, "wall_ms": 30.574901960790157}
{"argmax": 6492, "components": {"attention_block_ms": 0.0, "cache_append_ms": 0.0, "dense_attention_ms": 0.0, "host_to_gpu_ms": 0.0}, "cuda_ms": 30.0830078125, "finite": true, "measured": true, "status": "decode_step", "step": 131, "wall_ms": 30.099591240286827}
{"argmax": 323, "components": {"attention_block_ms": 0.0, "cache_append_ms": 0.0, "dense_attention_ms": 0.0, "host_to_gpu_ms": 0.0}, "cuda_ms": 30.098304748535156, "finite": true, "measured": true, "status": "decode_step", "step": 132, "wall_ms": 30.11331195011735}
{"argmax": 6020, "components": {"attention_block_ms": 0.0, "cache_append_ms": 0.0, "dense_attention_ms": 0.0, "host_to_gpu_ms": 0.0}, "cuda_ms": 30.087871551513672, "finite": true, "measured": true, "status": "decode_step", "step": 133, "wall_ms": 30.104377772659063}
{"argmax": 24043, "components": {"attention_block_ms": 0.0, "cache_append_ms": 0.0, "dense_attention_ms": 0.0, "host_to_gpu_ms": 0.0}, "cuda_ms": 30.082496643066406, "finite": true, "measured": true, "status": "decode_step", "step": 134, "wall_ms": 30.096856877207756}
{"argmax": 13, "components": {"attention_block_ms": 0.0, "cache_append_ms": 0.0, "dense_attention_ms": 0.0, "host_to_gpu_ms": 0.0}, "cuda_ms": 30.089279174804688, "finite": true, "measured": true, "status": "decode_step", "step": 135, "wall_ms": 30.105140060186386}
{"argmax": 5377, "components": {"attention_block_ms": 0.0, "cache_append_ms": 0.0, "dense_attention_ms": 0.0, "host_to_gpu_ms": 0.0}, "cuda_ms": 30.08608055114746, "finite": true, "measured": true, "status": "decode_step", "step": 136, "wall_ms": 30.10314702987671}
{"argmax": 311, "components": {"attention_block_ms": 0.0, "cache_append_ms": 0.0, "dense_attention_ms": 0.0, "host_to_gpu_ms": 0.0}, "cuda_ms": 30.127103805541992, "finite": true, "measured": true, "status": "decode_step", "step": 137, "wall_ms": 30.144277960062027}
{"argmax": 19816, "components": {"attention_block_ms": 0.0, "cache_append_ms": 0.0, "dense_attention_ms": 0.0, "host_to_gpu_ms": 0.0}, "cuda_ms": 30.08940887451172, "finite": true, "measured": true, "status": "decode_step", "step": 138, "wall_ms": 30.107613187283278}
{"argmax": 468, "components": {"attention_block_ms": 0.0, "cache_append_ms": 0.0, "dense_attention_ms": 0.0, "host_to_gpu_ms": 0.0}, "cuda_ms": 30.094655990600586, "finite": true, "measured": true, "status": "decode_step", "step": 139, "wall_ms": 30.110717751085758}
{"argmax": 13, "components": {"attention_block_ms": 0.0, "cache_append_ms": 0.0, "dense_attention_ms": 0.0, "host_to_gpu_ms": 0.0}, "cuda_ms": 30.108192443847656, "finite": true, "measured": true, "status": "decode_step", "step": 140, "wall_ms": 30.1256300881505}
{"argmax": 2947, "components": {"attention_block_ms": 0.0, "cache_append_ms": 0.0, "dense_attention_ms": 0.0, "host_to_gpu_ms": 0.0}, "cuda_ms": 30.08448028564453, "finite": true, "measured": true, "status": "decode_step", "step": 141, "wall_ms": 30.102746095508337}
{"argmax": 8536, "components": {"attention_block_ms": 0.0, "cache_append_ms": 0.0, "dense_attention_ms": 0.0, "host_to_gpu_ms": 0.0}, "cuda_ms": 30.097375869750977, "finite": true, "measured": true, "status": "decode_step", "step": 142, "wall_ms": 30.109465587884188}
{"argmax": 6150, "components": {"attention_block_ms": 0.0, "cache_append_ms": 0.0, "dense_attention_ms": 0.0, "host_to_gpu_ms": 0.0}, "cuda_ms": 30.09008026123047, "finite": true, "measured": true, "status": "decode_step", "step": 143, "wall_ms": 30.10542970150709}
{"decode_cuda_median_ms": 30.087663650512695, "decode_wall_median_ms": 30.105780577287078, "result": "results/system_benchmarks/tp1_dense_full_v6/formal_dense_local_t32768_r1/benchmark.json", "status": "complete", "validated_layers": 0}
