#########################BEGIN-PROLOG#########################
JobName   = c1_s2048
Account   = yanggrp
NodeList  = gpu-a100-04
Resources = cpu=2,mem=32G,node=1,billing=4227,gres/gpu=1,gres/gpu:a100_40=1
WorkDir   = /deac/csc/yangGrp/zhangal/BasisServe-CALS
###########################END-PROLOG#########################
{"event": "benchmark_start", "device": "NVIDIA A100-PCIE-40GB", "layers": [0, 20, 48, 63], "ranks": [0, 1, 2, 3, 4, 5, 6, 7], "batches": [256], "contexts": [2048], "dtype": "torch.bfloat16"}
{"event": "layer_start", "layer": 0}
{"event": "configuration_complete", "layer": 0, "rank": 0, "source_rank": 64, "batch": 256, "context": 2048, "dense_p50_ms": 9.31430435180664, "compact_p50_ms": 7.938047885894775, "speedup": 1.1733746741887705, "elapsed_seconds": 1.5578035349026322}
{"event": "configuration_complete", "layer": 0, "rank": 1, "source_rank": 64, "batch": 256, "context": 2048, "dense_p50_ms": 9.334271907806396, "compact_p50_ms": 8.028160095214844, "speedup": 1.1626913012571904, "elapsed_seconds": 1.2501728516072035}
{"event": "configuration_complete", "layer": 0, "rank": 2, "source_rank": 112, "batch": 256, "context": 2048, "dense_p50_ms": 9.397247791290283, "compact_p50_ms": 9.05676794052124, "speedup": 1.037593968732012, "elapsed_seconds": 1.3185884086415172}
{"event": "configuration_complete", "layer": 0, "rank": 3, "source_rank": 64, "batch": 256, "context": 2048, "dense_p50_ms": 9.399295806884766, "compact_p50_ms": 8.05734395980835, "speedup": 1.1665501502443412, "elapsed_seconds": 1.249774162657559}
{"event": "configuration_complete", "layer": 0, "rank": 4, "source_rank": 96, "batch": 256, "context": 2048, "dense_p50_ms": 9.41158390045166, "compact_p50_ms": 8.753151893615723, "speedup": 1.075222275911398, "elapsed_seconds": 1.3012802209705114}
{"event": "configuration_complete", "layer": 0, "rank": 5, "source_rank": 112, "batch": 256, "context": 2048, "dense_p50_ms": 9.306623935699463, "compact_p50_ms": 9.09721565246582, "speedup": 1.023018942414197, "elapsed_seconds": 1.3159017786383629}
{"event": "configuration_complete", "layer": 0, "rank": 6, "source_rank": 80, "batch": 256, "context": 2048, "dense_p50_ms": 9.31276798248291, "compact_p50_ms": 8.416768074035645, "speedup": 1.1064541520647668, "elapsed_seconds": 1.2727919155731797}
{"event": "configuration_complete", "layer": 0, "rank": 7, "source_rank": 128, "batch": 256, "context": 2048, "dense_p50_ms": 9.361408233642578, "compact_p50_ms": 9.314303874969482, "speedup": 1.0050572065615853, "elapsed_seconds": 1.336087646894157}
{"event": "layer_complete", "layer": 0, "elapsed_seconds": 10.835473483428359}
{"event": "layer_start", "layer": 20}
{"event": "configuration_complete", "layer": 20, "rank": 0, "source_rank": 64, "batch": 256, "context": 2048, "dense_p50_ms": 9.355775833129883, "compact_p50_ms": 7.934976100921631, "speedup": 1.1790553259565872, "elapsed_seconds": 1.2387431543320417}
{"event": "configuration_complete", "layer": 20, "rank": 1, "source_rank": 32, "batch": 256, "context": 2048, "dense_p50_ms": 9.31328010559082, "compact_p50_ms": 7.33900785446167, "speedup": 1.269010783239442, "elapsed_seconds": 1.1970560057088733}
{"event": "configuration_complete", "layer": 20, "rank": 2, "source_rank": 32, "batch": 256, "context": 2048, "dense_p50_ms": 9.387519836425781, "compact_p50_ms": 7.315455913543701, "speedup": 1.283244673656757, "elapsed_seconds": 1.1951303174719214}
{"event": "configuration_complete", "layer": 20, "rank": 3, "source_rank": 32, "batch": 256, "context": 2048, "dense_p50_ms": 9.310719966888428, "compact_p50_ms": 7.407616138458252, "speedup": 1.256911777400262, "elapsed_seconds": 1.198271562345326}
{"event": "configuration_complete", "layer": 20, "rank": 4, "source_rank": 48, "batch": 256, "context": 2048, "dense_p50_ms": 9.312255859375, "compact_p50_ms": 7.730175971984863, "speedup": 1.204662855428362, "elapsed_seconds": 1.2226745253428817}
{"event": "configuration_complete", "layer": 20, "rank": 5, "source_rank": 32, "batch": 256, "context": 2048, "dense_p50_ms": 9.310208320617676, "compact_p50_ms": 7.3021440505981445, "speedup": 1.274996529252945, "elapsed_seconds": 1.1932011684402823}
{"event": "configuration_complete", "layer": 20, "rank": 6, "source_rank": 32, "batch": 256, "context": 2048, "dense_p50_ms": 9.405440330505371, "compact_p50_ms": 7.413760185241699, "speedup": 1.2686464217211175, "elapsed_seconds": 1.2060450091958046}
{"event": "configuration_complete", "layer": 20, "rank": 7, "source_rank": 64, "batch": 256, "context": 2048, "dense_p50_ms": 9.3951997756958, "compact_p50_ms": 7.937024116516113, "speedup": 1.1837181842682545, "elapsed_seconds": 1.240956336259842}
{"event": "layer_complete", "layer": 20, "elapsed_seconds": 9.788548071868718}
{"event": "layer_start", "layer": 48}
{"event": "configuration_complete", "layer": 48, "rank": 0, "source_rank": 128, "batch": 256, "context": 2048, "dense_p50_ms": 9.355263710021973, "compact_p50_ms": 9.341951847076416, "speedup": 1.0014249552088756, "elapsed_seconds": 1.3418771186843514}
{"event": "configuration_complete", "layer": 48, "rank": 1, "source_rank": 128, "batch": 256, "context": 2048, "dense_p50_ms": 9.398271560668945, "compact_p50_ms": 9.334271907806396, "speedup": 1.0068564161720022, "elapsed_seconds": 1.3409045953303576}
{"event": "configuration_complete", "layer": 48, "rank": 2, "source_rank": 112, "batch": 256, "context": 2048, "dense_p50_ms": 9.369600296020508, "compact_p50_ms": 9.031167984008789, "speedup": 1.037473814307404, "elapsed_seconds": 1.32236816175282}
{"event": "configuration_complete", "layer": 48, "rank": 3, "source_rank": 96, "batch": 256, "context": 2048, "dense_p50_ms": 9.318912029266357, "compact_p50_ms": 8.730112075805664, "speedup": 1.0674447187330474, "elapsed_seconds": 1.3003430282697082}
{"event": "configuration_complete", "layer": 48, "rank": 4, "source_rank": 128, "batch": 256, "context": 2048, "dense_p50_ms": 9.406464099884033, "compact_p50_ms": 9.371135711669922, "speedup": 1.0037699153337536, "elapsed_seconds": 1.3418083963915706}
{"event": "configuration_complete", "layer": 48, "rank": 5, "source_rank": 128, "batch": 256, "context": 2048, "dense_p50_ms": 9.398783683776855, "compact_p50_ms": 9.389567852020264, "speedup": 1.000981496901863, "elapsed_seconds": 1.3429206870496273}
{"event": "configuration_complete", "layer": 48, "rank": 6, "source_rank": 128, "batch": 256, "context": 2048, "dense_p50_ms": 9.424383640289307, "compact_p50_ms": 9.339903831481934, "speedup": 1.009045040541276, "elapsed_seconds": 1.3461126843467355}
{"event": "configuration_complete", "layer": 48, "rank": 7, "source_rank": 112, "batch": 256, "context": 2048, "dense_p50_ms": 9.401855945587158, "compact_p50_ms": 9.088511943817139, "speedup": 1.0344769312850148, "elapsed_seconds": 1.3214361183345318}
{"event": "layer_complete", "layer": 48, "elapsed_seconds": 10.850865445099771}
{"event": "layer_start", "layer": 63}
{"event": "configuration_complete", "layer": 63, "rank": 0, "source_rank": 96, "batch": 256, "context": 2048, "dense_p50_ms": 9.39417552947998, "compact_p50_ms": 8.755199909210205, "speedup": 1.0729824135252004, "elapsed_seconds": 1.2988141784444451}
{"event": "configuration_complete", "layer": 63, "rank": 1, "source_rank": 80, "batch": 256, "context": 2048, "dense_p50_ms": 9.40441608428955, "compact_p50_ms": 8.483327865600586, "speedup": 1.1085762843640554, "elapsed_seconds": 1.2792130764573812}
{"event": "configuration_complete", "layer": 63, "rank": 2, "source_rank": 64, "batch": 256, "context": 2048, "dense_p50_ms": 9.451519966125488, "compact_p50_ms": 8.017919540405273, "speedup": 1.178799552489367, "elapsed_seconds": 1.2518211361020803}
{"event": "configuration_complete", "layer": 63, "rank": 3, "source_rank": 48, "batch": 256, "context": 2048, "dense_p50_ms": 9.491455554962158, "compact_p50_ms": 7.7414398193359375, "speedup": 1.226058172183316, "elapsed_seconds": 1.234611613675952}
{"event": "configuration_complete", "layer": 63, "rank": 4, "source_rank": 128, "batch": 256, "context": 2048, "dense_p50_ms": 9.457151889801025, "compact_p50_ms": 9.482752323150635, "speedup": 0.9973003161448064, "elapsed_seconds": 1.3543384717777371}
{"event": "configuration_complete", "layer": 63, "rank": 5, "source_rank": 128, "batch": 256, "context": 2048, "dense_p50_ms": 9.399295806884766, "compact_p50_ms": 9.434111595153809, "speedup": 0.9963095848593811, "elapsed_seconds": 1.3551944121718407}
{"event": "configuration_complete", "layer": 63, "rank": 6, "source_rank": 64, "batch": 256, "context": 2048, "dense_p50_ms": 9.401344299316406, "compact_p50_ms": 8.056320190429688, "speedup": 1.1669526628900013, "elapsed_seconds": 1.2516404679045081}
{"event": "configuration_complete", "layer": 63, "rank": 7, "source_rank": 48, "batch": 256, "context": 2048, "dense_p50_ms": 9.417728424072266, "compact_p50_ms": 7.7414398193359375, "speedup": 1.21653447470449, "elapsed_seconds": 1.230188979767263}
{"event": "layer_complete", "layer": 63, "elapsed_seconds": 10.433117413893342}
{"event": "benchmark_complete", "records": 32, "output_json": "/deac/csc/yangGrp/zhangal/BasisServe-CALS/results/evaluation/qwen3_32b_c1_variable_v_decode_b256_s2048.json", "elapsed_seconds": 41.91062104422599}
{"event": "component_profile_start", "device": "NVIDIA A100-PCIE-40GB", "batch": 256, "context_length": 2048, "layers": [0, 1, 2, 3, 4, 5, 6, 7, 8, 9, 10, 11, 12, 13, 14, 15, 16, 17, 18, 19, 20, 21, 22, 23, 24, 25, 26, 27, 28, 29, 30, 31, 32, 33, 34, 35, 36, 37, 38, 39, 40, 41, 42, 43, 44, 45, 46, 47, 48, 49, 50, 51, 52, 53, 54, 55, 56, 57, 58, 59, 60, 61, 62, 63]}
{"event": "decoder_layer_complete", "layer": 0, "source_ranks": [64, 64, 112, 64, 96, 112, 80, 128], "big_p50_ms": 0.14233599603176117, "partial_8_p50_ms": 0.2529279887676239, "wave_2_p50_ms": 0.159743994474411, "wave_3_p50_ms": 0.17612800002098083, "elapsed_seconds": 0.2677816106006503}
{"event": "decoder_layer_complete", "layer": 1, "source_ranks": [64, 32, 48, 64, 32, 64, 64, 64], "big_p50_ms": 0.09216000139713287, "partial_8_p50_ms": 0.2017280012369156, "wave_2_p50_ms": 0.10956799983978271, "wave_3_p50_ms": 0.1228799968957901, "elapsed_seconds": 0.1278975149616599}
{"event": "decoder_layer_complete", "layer": 2, "source_ranks": [32, 32, 64, 64, 32, 64, 64, 64], "big_p50_ms": 0.06860800087451935, "partial_8_p50_ms": 0.15360000729560852, "wave_2_p50_ms": 0.08191999793052673, "wave_3_p50_ms": 0.09318400174379349, "elapsed_seconds": 0.1209494648501277}
{"event": "decoder_layer_complete", "layer": 3, "source_ranks": [64, 64, 64, 64, 48, 32, 32, 32], "big_p50_ms": 0.06656000018119812, "partial_8_p50_ms": 0.1515520066022873, "wave_2_p50_ms": 0.0798719972372055, "wave_3_p50_ms": 0.09113600105047226, "elapsed_seconds": 0.11388931050896645}
{"event": "decoder_layer_complete", "layer": 4, "source_ranks": [64, 64, 32, 64, 64, 32, 64, 64], "big_p50_ms": 0.0727040022611618, "partial_8_p50_ms": 0.15769599378108978, "wave_2_p50_ms": 0.08601599931716919, "wave_3_p50_ms": 0.09625600278377533, "elapsed_seconds": 0.12020609062165022}
{"event": "decoder_layer_complete", "layer": 5, "source_ranks": [32, 48, 64, 64, 64, 32, 64, 48], "big_p50_ms": 0.06860800087451935, "partial_8_p50_ms": 0.15411200374364853, "wave_2_p50_ms": 0.08191999793052673, "wave_3_p50_ms": 0.09318400174379349, "elapsed_seconds": 0.12092925421893597}
{"event": "decoder_layer_complete", "layer": 6, "source_ranks": [64, 48, 32, 64, 64, 64, 32, 64], "big_p50_ms": 0.07065600156784058, "partial_8_p50_ms": 0.15564799308776855, "wave_2_p50_ms": 0.08396799862384796, "wave_3_p50_ms": 0.09523200243711472, "elapsed_seconds": 0.1195486206561327}
{"event": "decoder_layer_complete", "layer": 7, "source_ranks": [48, 64, 32, 64, 48, 64, 64, 64], "big_p50_ms": 0.06656000018119812, "partial_8_p50_ms": 0.1454080045223236, "wave_2_p50_ms": 0.0798719972372055, "wave_3_p50_ms": 0.08908800035715103, "elapsed_seconds": 0.11530996486544609}
{"event": "decoder_layer_complete", "layer": 8, "source_ranks": [48, 48, 64, 32, 48, 64, 64, 64], "big_p50_ms": 0.0655359998345375, "partial_8_p50_ms": 0.14336000382900238, "wave_2_p50_ms": 0.07782399654388428, "wave_3_p50_ms": 0.0870399996638298, "elapsed_seconds": 0.11474649980664253}
{"event": "decoder_layer_complete", "layer": 9, "source_ranks": [32, 64, 32, 48, 64, 32, 32, 48], "big_p50_ms": 0.055296000093221664, "partial_8_p50_ms": 0.13209599256515503, "wave_2_p50_ms": 0.06758400052785873, "wave_3_p50_ms": 0.07782399654388428, "elapsed_seconds": 0.11138612497597933}
{"event": "decoder_layer_complete", "layer": 10, "source_ranks": [64, 32, 64, 64, 32, 48, 48, 48], "big_p50_ms": 0.06143999844789505, "partial_8_p50_ms": 0.13926400244235992, "wave_2_p50_ms": 0.07372800260782242, "wave_3_p50_ms": 0.08294399827718735, "elapsed_seconds": 0.12152561079710722}
{"event": "decoder_layer_complete", "layer": 11, "source_ranks": [48, 64, 64, 64, 64, 80, 48, 32], "big_p50_ms": 0.06963200122117996, "partial_8_p50_ms": 0.14643199741840363, "wave_2_p50_ms": 0.08191999793052673, "wave_3_p50_ms": 0.09113600105047226, "elapsed_seconds": 0.14328602142632008}
{"event": "decoder_layer_complete", "layer": 12, "source_ranks": [64, 32, 32, 32, 32, 48, 64, 32], "big_p50_ms": 0.05427199974656105, "partial_8_p50_ms": 0.130048006772995, "wave_2_p50_ms": 0.06451199948787689, "wave_3_p50_ms": 0.07475200295448303, "elapsed_seconds": 0.12339301779866219}
{"event": "decoder_layer_complete", "layer": 13, "source_ranks": [32, 64, 64, 48, 64, 96, 32, 32], "big_p50_ms": 0.0655359998345375, "partial_8_p50_ms": 0.14233599603176117, "wave_2_p50_ms": 0.07884799689054489, "wave_3_p50_ms": 0.08806400001049042, "elapsed_seconds": 0.16512204706668854}
{"event": "decoder_layer_complete", "layer": 14, "source_ranks": [80, 32, 64, 48, 48, 64, 80, 48], "big_p50_ms": 0.06860800087451935, "partial_8_p50_ms": 0.1454080045223236, "wave_2_p50_ms": 0.08294399827718735, "wave_3_p50_ms": 0.09113600105047226, "elapsed_seconds": 0.1456459416076541}
{"event": "decoder_layer_complete", "layer": 15, "source_ranks": [32, 32, 80, 32, 32, 64, 32, 48], "big_p50_ms": 0.055296000093221664, "partial_8_p50_ms": 0.130048006772995, "wave_2_p50_ms": 0.0655359998345375, "wave_3_p50_ms": 0.07680000364780426, "elapsed_seconds": 0.1289206612855196}
{"event": "decoder_layer_complete", "layer": 16, "source_ranks": [48, 32, 48, 80, 32, 48, 48, 48], "big_p50_ms": 0.058880001306533813, "partial_8_p50_ms": 0.13619199395179749, "wave_2_p50_ms": 0.07065600156784058, "wave_3_p50_ms": 0.08089599758386612, "elapsed_seconds": 0.1338694291189313}
{"event": "decoder_layer_complete", "layer": 17, "source_ranks": [64, 32, 64, 32, 32, 48, 64, 32], "big_p50_ms": 0.05632000043988228, "partial_8_p50_ms": 0.13209599256515503, "wave_2_p50_ms": 0.06860800087451935, "wave_3_p50_ms": 0.07884799689054489, "elapsed_seconds": 0.11048109363764524}
{"event": "decoder_layer_complete", "layer": 18, "source_ranks": [32, 48, 64, 32, 48, 32, 32, 64], "big_p50_ms": 0.055296000093221664, "partial_8_p50_ms": 0.130048006772995, "wave_2_p50_ms": 0.0655359998345375, "wave_3_p50_ms": 0.07577600330114365, "elapsed_seconds": 0.10091124288737774}
{"event": "decoder_layer_complete", "layer": 19, "source_ranks": [48, 32, 32, 32, 32, 32, 64, 48], "big_p50_ms": 0.05119999870657921, "partial_8_p50_ms": 0.12595200538635254, "wave_2_p50_ms": 0.06143999844789505, "wave_3_p50_ms": 0.0727040022611618, "elapsed_seconds": 0.099907036870718}
{"event": "decoder_layer_complete", "layer": 20, "source_ranks": [64, 32, 32, 32, 48, 32, 32, 64], "big_p50_ms": 0.053247999399900436, "partial_8_p50_ms": 0.12800000607967377, "wave_2_p50_ms": 0.06348799914121628, "wave_3_p50_ms": 0.07475200295448303, "elapsed_seconds": 0.10773470625281334}
{"event": "decoder_layer_complete", "layer": 21, "source_ranks": [112, 48, 32, 64, 64, 32, 32, 32], "big_p50_ms": 0.062463998794555664, "partial_8_p50_ms": 0.13926400244235992, "wave_2_p50_ms": 0.07577600330114365, "wave_3_p50_ms": 0.08499199897050858, "elapsed_seconds": 0.16771590523421764}
{"event": "decoder_layer_complete", "layer": 22, "source_ranks": [48, 64, 32, 32, 48, 64, 32, 48], "big_p50_ms": 0.056832000613212585, "partial_8_p50_ms": 0.13312000036239624, "wave_2_p50_ms": 0.06860800087451935, "wave_3_p50_ms": 0.07884799689054489, "elapsed_seconds": 0.11570384446531534}
{"event": "decoder_layer_complete", "layer": 23, "source_ranks": [48, 32, 48, 80, 32, 32, 48, 32], "big_p50_ms": 0.055296000093221664, "partial_8_p50_ms": 0.131071999669075, "wave_2_p50_ms": 0.06656000018119812, "wave_3_p50_ms": 0.07680000364780426, "elapsed_seconds": 0.1335708862170577}
{"event": "decoder_layer_complete", "layer": 24, "source_ranks": [32, 64, 80, 64, 96, 64, 32, 80], "big_p50_ms": 0.07372800260782242, "partial_8_p50_ms": 0.14950400590896606, "wave_2_p50_ms": 0.0870399996638298, "wave_3_p50_ms": 0.09625600278377533, "elapsed_seconds": 0.16616931557655334}
{"event": "decoder_layer_complete", "layer": 25, "source_ranks": [64, 96, 32, 112, 32, 32, 64, 32], "big_p50_ms": 0.06758400052785873, "partial_8_p50_ms": 0.1443839967250824, "wave_2_p50_ms": 0.08191999793052673, "wave_3_p50_ms": 0.09113600105047226, "elapsed_seconds": 0.16953522991389036}
{"event": "decoder_layer_complete", "layer": 26, "source_ranks": [48, 48, 112, 64, 32, 64, 32, 32], "big_p50_ms": 0.06451199948787689, "partial_8_p50_ms": 0.14131200313568115, "wave_2_p50_ms": 0.07782399654388428, "wave_3_p50_ms": 0.08601599931716919, "elapsed_seconds": 0.1661513140425086}
{"event": "decoder_layer_complete", "layer": 27, "source_ranks": [48, 32, 64, 64, 80, 64, 80, 48], "big_p50_ms": 0.06963200122117996, "partial_8_p50_ms": 0.14745600521564484, "wave_2_p50_ms": 0.08294399827718735, "wave_3_p50_ms": 0.09216000139713287, "elapsed_seconds": 0.15061161015182734}
{"event": "decoder_layer_complete", "layer": 28, "source_ranks": [64, 96, 48, 64, 32, 32, 32, 64], "big_p50_ms": 0.0727040022611618, "partial_8_p50_ms": 0.159743994474411, "wave_2_p50_ms": 0.0870399996638298, "wave_3_p50_ms": 0.09728000313043594, "elapsed_seconds": 0.1476440131664276}
{"event": "decoder_layer_complete", "layer": 29, "source_ranks": [64, 64, 48, 32, 32, 48, 48, 32], "big_p50_ms": 0.06451199948787689, "partial_8_p50_ms": 0.1525759994983673, "wave_2_p50_ms": 0.07884799689054489, "wave_3_p50_ms": 0.09011200070381165, "elapsed_seconds": 0.1277973297983408}
{"event": "decoder_layer_complete", "layer": 30, "source_ranks": [48, 112, 32, 48, 32, 48, 32, 32], "big_p50_ms": 0.06656000018119812, "partial_8_p50_ms": 0.158720001578331, "wave_2_p50_ms": 0.08089599758386612, "wave_3_p50_ms": 0.09216000139713287, "elapsed_seconds": 0.16788907442241907}
{"event": "decoder_layer_complete", "layer": 31, "source_ranks": [80, 32, 32, 32, 64, 32, 32, 32], "big_p50_ms": 0.062463998794555664, "partial_8_p50_ms": 0.14950400590896606, "wave_2_p50_ms": 0.07372800260782242, "wave_3_p50_ms": 0.0870399996638298, "elapsed_seconds": 0.13017403986304998}
{"event": "decoder_layer_complete", "layer": 32, "source_ranks": [32, 48, 64, 48, 32, 32, 64, 64], "big_p50_ms": 0.07065600156784058, "partial_8_p50_ms": 0.16076800227165222, "wave_2_p50_ms": 0.08499199897050858, "wave_3_p50_ms": 0.09625600278377533, "elapsed_seconds": 0.12083072029054165}
{"event": "decoder_layer_complete", "layer": 33, "source_ranks": [32, 32, 32, 32, 32, 64, 48, 32], "big_p50_ms": 0.05939200147986412, "partial_8_p50_ms": 0.14745600521564484, "wave_2_p50_ms": 0.07065600156784058, "wave_3_p50_ms": 0.08396799862384796, "elapsed_seconds": 0.10866672080010176}
{"event": "decoder_layer_complete", "layer": 34, "source_ranks": [32, 48, 64, 48, 48, 32, 64, 64], "big_p50_ms": 0.06860800087451935, "partial_8_p50_ms": 0.15667200088500977, "wave_2_p50_ms": 0.08191999793052673, "wave_3_p50_ms": 0.09318400174379349, "elapsed_seconds": 0.11552741471678019}
{"event": "decoder_layer_complete", "layer": 35, "source_ranks": [128, 48, 64, 64, 48, 64, 48, 64], "big_p50_ms": 0.08601599931716919, "partial_8_p50_ms": 0.1745920032262802, "wave_2_p50_ms": 0.10035199671983719, "wave_3_p50_ms": 0.11059200018644333, "elapsed_seconds": 0.19320155959576368}
{"event": "decoder_layer_complete", "layer": 36, "source_ranks": [64, 32, 32, 64, 64, 64, 112, 80], "big_p50_ms": 0.08345599845051765, "partial_8_p50_ms": 0.17100800573825836, "wave_2_p50_ms": 0.09830400347709656, "wave_3_p50_ms": 0.1085439994931221, "elapsed_seconds": 0.1763245714828372}
{"event": "decoder_layer_complete", "layer": 37, "source_ranks": [48, 112, 64, 64, 96, 96, 32, 32], "big_p50_ms": 0.08755199983716011, "partial_8_p50_ms": 0.17510400712490082, "wave_2_p50_ms": 0.10239999741315842, "wave_3_p50_ms": 0.11366400122642517, "elapsed_seconds": 0.1698797671124339}
{"event": "decoder_layer_complete", "layer": 38, "source_ranks": [64, 64, 64, 32, 32, 64, 48, 64], "big_p50_ms": 0.0727040022611618, "partial_8_p50_ms": 0.16076800227165222, "wave_2_p50_ms": 0.0870399996638298, "wave_3_p50_ms": 0.09728000313043594, "elapsed_seconds": 0.1238277368247509}
{"event": "decoder_layer_complete", "layer": 39, "source_ranks": [64, 64, 112, 48, 48, 80, 128, 32], "big_p50_ms": 0.09216000139713287, "partial_8_p50_ms": 0.17919999361038208, "wave_2_p50_ms": 0.10649599879980087, "wave_3_p50_ms": 0.11878400295972824, "elapsed_seconds": 0.19765024352818727}
{"event": "decoder_layer_complete", "layer": 40, "source_ranks": [64, 80, 96, 96, 64, 128, 64, 32], "big_p50_ms": 0.09830400347709656, "partial_8_p50_ms": 0.18636800348758698, "wave_2_p50_ms": 0.11264000087976456, "wave_3_p50_ms": 0.12544000148773193, "elapsed_seconds": 0.19586389046162367}
{"event": "decoder_layer_complete", "layer": 41, "source_ranks": [64, 48, 64, 64, 80, 32, 128, 64], "big_p50_ms": 0.08806400001049042, "partial_8_p50_ms": 0.17612800002098083, "wave_2_p50_ms": 0.10239999741315842, "wave_3_p50_ms": 0.11366400122642517, "elapsed_seconds": 0.20196077227592468}
{"event": "decoder_layer_complete", "layer": 42, "source_ranks": [64, 128, 112, 96, 32, 64, 32, 128], "big_p50_ms": 0.10342399775981903, "partial_8_p50_ms": 0.18943999707698822, "wave_2_p50_ms": 0.11776000261306763, "wave_3_p50_ms": 0.131071999669075, "elapsed_seconds": 0.20219211280345917}
{"event": "decoder_layer_complete", "layer": 43, "source_ranks": [48, 96, 80, 48, 96, 32, 128, 112], "big_p50_ms": 0.10035199671983719, "partial_8_p50_ms": 0.187391996383667, "wave_2_p50_ms": 0.1157120019197464, "wave_3_p50_ms": 0.12800000607967377, "elapsed_seconds": 0.19356295559555292}
{"event": "decoder_layer_complete", "layer": 44, "source_ranks": [64, 32, 112, 64, 112, 112, 80, 96], "big_p50_ms": 0.11929600313305855, "partial_8_p50_ms": 0.21606400609016418, "wave_2_p50_ms": 0.13516800105571747, "wave_3_p50_ms": 0.14950400590896606, "elapsed_seconds": 0.198360126465559}
{"event": "decoder_layer_complete", "layer": 45, "source_ranks": [80, 32, 64, 128, 80, 112, 128, 128], "big_p50_ms": 0.13414399325847626, "partial_8_p50_ms": 0.23449599742889404, "wave_2_p50_ms": 0.15052799880504608, "wave_3_p50_ms": 0.1669120043516159, "elapsed_seconds": 0.20752384886145592}
{"event": "decoder_layer_complete", "layer": 46, "source_ranks": [128, 128, 128, 32, 96, 96, 80, 48], "big_p50_ms": 0.13312000036239624, "partial_8_p50_ms": 0.2314240038394928, "wave_2_p50_ms": 0.14847999811172485, "wave_3_p50_ms": 0.16383999586105347, "elapsed_seconds": 0.21766796428710222}
{"event": "decoder_layer_complete", "layer": 47, "source_ranks": [128, 80, 32, 128, 128, 96, 32, 128], "big_p50_ms": 0.13209599256515503, "partial_8_p50_ms": 0.22732800245285034, "wave_2_p50_ms": 0.14745600521564484, "wave_3_p50_ms": 0.16281600296497345, "elapsed_seconds": 0.2142366273328662}
{"event": "decoder_layer_complete", "layer": 48, "source_ranks": [128, 128, 112, 96, 128, 128, 128, 112], "big_p50_ms": 0.17612800002098083, "partial_8_p50_ms": 0.2590720057487488, "wave_2_p50_ms": 0.17919999361038208, "wave_3_p50_ms": 0.1955839991569519, "elapsed_seconds": 0.23858084715902805}
{"event": "decoder_layer_complete", "layer": 49, "source_ranks": [112, 80, 128, 112, 80, 64, 128, 80], "big_p50_ms": 0.1372160017490387, "partial_8_p50_ms": 0.23347200453281403, "wave_2_p50_ms": 0.1525759994983673, "wave_3_p50_ms": 0.16793599724769592, "elapsed_seconds": 0.22415344323962927}
{"event": "decoder_layer_complete", "layer": 50, "source_ranks": [96, 128, 128, 112, 48, 80, 96, 48], "big_p50_ms": 0.12902399897575378, "partial_8_p50_ms": 0.22630399465560913, "wave_2_p50_ms": 0.1443839967250824, "wave_3_p50_ms": 0.159743994474411, "elapsed_seconds": 0.21542131062597036}
{"event": "decoder_layer_complete", "layer": 51, "source_ranks": [32, 96, 96, 80, 128, 48, 64, 80], "big_p50_ms": 0.11212800070643425, "partial_8_p50_ms": 0.2088959962129593, "wave_2_p50_ms": 0.12697599828243256, "wave_3_p50_ms": 0.14131200313568115, "elapsed_seconds": 0.21722116507589817}
{"event": "decoder_layer_complete", "layer": 52, "source_ranks": [128, 128, 112, 112, 64, 112, 96, 112], "big_p50_ms": 0.16076800227165222, "partial_8_p50_ms": 0.2457599937915802, "wave_2_p50_ms": 0.16486400365829468, "wave_3_p50_ms": 0.1802240014076233, "elapsed_seconds": 0.21970738284289837}
{"event": "decoder_layer_complete", "layer": 53, "source_ranks": [48, 128, 80, 112, 64, 128, 96, 48], "big_p50_ms": 0.12492799758911133, "partial_8_p50_ms": 0.22118400037288666, "wave_2_p50_ms": 0.14028799533843994, "wave_3_p50_ms": 0.15564799308776855, "elapsed_seconds": 0.2194891031831503}
{"event": "decoder_layer_complete", "layer": 54, "source_ranks": [112, 128, 80, 64, 112, 32, 64, 128], "big_p50_ms": 0.12697599828243256, "partial_8_p50_ms": 0.22323200106620789, "wave_2_p50_ms": 0.14233599603176117, "wave_3_p50_ms": 0.15769599378108978, "elapsed_seconds": 0.21635432448238134}
{"event": "decoder_layer_complete", "layer": 55, "source_ranks": [112, 32, 32, 96, 112, 80, 48, 112], "big_p50_ms": 0.11673600226640701, "partial_8_p50_ms": 0.2170879989862442, "wave_2_p50_ms": 0.13312000036239624, "wave_3_p50_ms": 0.14847999811172485, "elapsed_seconds": 0.19256234634667635}
{"event": "decoder_layer_complete", "layer": 56, "source_ranks": [112, 64, 128, 80, 32, 96, 64, 80], "big_p50_ms": 0.12390399724245071, "partial_8_p50_ms": 0.22630399465560913, "wave_2_p50_ms": 0.14028799533843994, "wave_3_p50_ms": 0.15462400019168854, "elapsed_seconds": 0.2144896062090993}
{"event": "decoder_layer_complete", "layer": 57, "source_ranks": [32, 32, 96, 112, 112, 32, 64, 96], "big_p50_ms": 0.11059200018644333, "partial_8_p50_ms": 0.21196800470352173, "wave_2_p50_ms": 0.12697599828243256, "wave_3_p50_ms": 0.14131200313568115, "elapsed_seconds": 0.19092694856226444}
{"event": "decoder_layer_complete", "layer": 58, "source_ranks": [32, 96, 48, 48, 48, 32, 48, 48], "big_p50_ms": 0.08294399827718735, "partial_8_p50_ms": 0.18636800348758698, "wave_2_p50_ms": 0.09932799637317657, "wave_3_p50_ms": 0.11315200105309486, "elapsed_seconds": 0.1579302353784442}
{"event": "decoder_layer_complete", "layer": 59, "source_ranks": [48, 80, 48, 96, 80, 48, 80, 80], "big_p50_ms": 0.11468800157308578, "partial_8_p50_ms": 0.2252800017595291, "wave_2_p50_ms": 0.13209599256515503, "wave_3_p50_ms": 0.14745600521564484, "elapsed_seconds": 0.18330102786421776}
{"event": "decoder_layer_complete", "layer": 60, "source_ranks": [96, 48, 64, 48, 32, 96, 96, 64], "big_p50_ms": 0.11161600053310394, "partial_8_p50_ms": 0.22169599682092667, "wave_2_p50_ms": 0.12902399897575378, "wave_3_p50_ms": 0.14336000382900238, "elapsed_seconds": 0.17196980025619268}
{"event": "decoder_layer_complete", "layer": 61, "source_ranks": [32, 64, 64, 80, 48, 32, 48, 64], "big_p50_ms": 0.07680000364780426, "partial_8_p50_ms": 0.16793599724769592, "wave_2_p50_ms": 0.09113600105047226, "wave_3_p50_ms": 0.10342399775981903, "elapsed_seconds": 0.1337365983054042}
{"event": "decoder_layer_complete", "layer": 62, "source_ranks": [80, 64, 48, 128, 112, 32, 64, 96], "big_p50_ms": 0.10444799810647964, "partial_8_p50_ms": 0.1955839991569519, "wave_2_p50_ms": 0.11980800330638885, "wave_3_p50_ms": 0.13312000036239624, "elapsed_seconds": 0.21026602666825056}
{"event": "decoder_layer_complete", "layer": 63, "source_ranks": [96, 80, 64, 48, 128, 128, 64, 48], "big_p50_ms": 0.10956799983978271, "partial_8_p50_ms": 0.20070399343967438, "wave_2_p50_ms": 0.12492799758911133, "wave_3_p50_ms": 0.1382399946451187, "elapsed_seconds": 0.4265808379277587}
{"event": "component_profile_complete", "output_json": "/deac/csc/yangGrp/zhangal/BasisServe-CALS/results/evaluation/qwen3_32b_tp8_decode_components_b256_s2048.json", "decoder_layers": 64, "elapsed_seconds": 11.031863620504737}
