#########################BEGIN-PROLOG#########################
JobName   = c1_full_comp
Account   = yanggrp
NodeList  = gpu-a100-04
Resources = cpu=2,mem=32G,node=1,billing=4227,gres/gpu=1,gres/gpu:a100_40=1
WorkDir   = /deac/csc/yangGrp/zhangal/BasisServe-CALS
###########################END-PROLOG#########################
{"event": "component_profile_start", "device": "NVIDIA A100-PCIE-40GB", "batch": 256, "context_length": 4096, "layers": [0, 1, 2, 3, 4, 5, 6, 7, 8, 9, 10, 11, 12, 13, 14, 15, 16, 17, 18, 19, 20, 21, 22, 23, 24, 25, 26, 27, 28, 29, 30, 31, 32, 33, 34, 35, 36, 37, 38, 39, 40, 41, 42, 43, 44, 45, 46, 47, 48, 49, 50, 51, 52, 53, 54, 55, 56, 57, 58, 59, 60, 61, 62, 63]}
{"event": "decoder_layer_complete", "layer": 0, "source_ranks": [64, 64, 112, 64, 96, 112, 80, 128], "big_p50_ms": 0.14131200313568115, "partial_8_p50_ms": 0.24985599517822266, "wave_2_p50_ms": 0.158720001578331, "wave_3_p50_ms": 0.17510400712490082, "elapsed_seconds": 0.27509779669344425}
{"event": "decoder_layer_complete", "layer": 1, "source_ranks": [64, 32, 48, 64, 32, 64, 64, 64], "big_p50_ms": 0.09216000139713287, "partial_8_p50_ms": 0.19865599274635315, "wave_2_p50_ms": 0.1085439994931221, "wave_3_p50_ms": 0.1228799968957901, "elapsed_seconds": 0.13134475145488977}
{"event": "decoder_layer_complete", "layer": 2, "source_ranks": [32, 32, 64, 64, 32, 64, 64, 64], "big_p50_ms": 0.06758400052785873, "partial_8_p50_ms": 0.1515520066022873, "wave_2_p50_ms": 0.08089599758386612, "wave_3_p50_ms": 0.09216000139713287, "elapsed_seconds": 0.12032566033303738}
{"event": "decoder_layer_complete", "layer": 3, "source_ranks": [64, 64, 64, 64, 48, 32, 32, 32], "big_p50_ms": 0.0655359998345375, "partial_8_p50_ms": 0.14950400590896606, "wave_2_p50_ms": 0.0798719972372055, "wave_3_p50_ms": 0.09011200070381165, "elapsed_seconds": 0.12080973293632269}
{"event": "decoder_layer_complete", "layer": 4, "source_ranks": [64, 64, 32, 64, 64, 32, 64, 64], "big_p50_ms": 0.07168000191450119, "partial_8_p50_ms": 0.15667200088500977, "wave_2_p50_ms": 0.08499199897050858, "wave_3_p50_ms": 0.09625600278377533, "elapsed_seconds": 0.11823126394301653}
{"event": "decoder_layer_complete", "layer": 5, "source_ranks": [32, 48, 64, 64, 64, 32, 64, 48], "big_p50_ms": 0.06809600070118904, "partial_8_p50_ms": 0.1520640030503273, "wave_2_p50_ms": 0.08191999793052673, "wave_3_p50_ms": 0.09216000139713287, "elapsed_seconds": 0.1211341479793191}
{"event": "decoder_layer_complete", "layer": 6, "source_ranks": [64, 48, 32, 64, 64, 64, 32, 64], "big_p50_ms": 0.06963200122117996, "partial_8_p50_ms": 0.15360000729560852, "wave_2_p50_ms": 0.08396799862384796, "wave_3_p50_ms": 0.09318400174379349, "elapsed_seconds": 0.12039126269519329}
{"event": "decoder_layer_complete", "layer": 7, "source_ranks": [48, 64, 32, 64, 48, 64, 64, 64], "big_p50_ms": 0.06348799914121628, "partial_8_p50_ms": 0.13926400244235992, "wave_2_p50_ms": 0.07577600330114365, "wave_3_p50_ms": 0.08499199897050858, "elapsed_seconds": 0.11506122630089521}
{"event": "decoder_layer_complete", "layer": 8, "source_ranks": [48, 48, 64, 32, 48, 64, 64, 64], "big_p50_ms": 0.062463998794555664, "partial_8_p50_ms": 0.13619199395179749, "wave_2_p50_ms": 0.07475200295448303, "wave_3_p50_ms": 0.08294399827718735, "elapsed_seconds": 0.11538495123386383}
{"event": "decoder_layer_complete", "layer": 9, "source_ranks": [32, 64, 32, 48, 64, 32, 32, 48], "big_p50_ms": 0.053247999399900436, "partial_8_p50_ms": 0.12595200538635254, "wave_2_p50_ms": 0.06348799914121628, "wave_3_p50_ms": 0.07372800260782242, "elapsed_seconds": 0.11190420016646385}
{"event": "decoder_layer_complete", "layer": 10, "source_ranks": [64, 32, 64, 64, 32, 48, 48, 48], "big_p50_ms": 0.058368001133203506, "partial_8_p50_ms": 0.13209599256515503, "wave_2_p50_ms": 0.06963200122117996, "wave_3_p50_ms": 0.07884799689054489, "elapsed_seconds": 0.11285228468477726}
{"event": "decoder_layer_complete", "layer": 11, "source_ranks": [48, 64, 64, 64, 64, 80, 48, 32], "big_p50_ms": 0.0655359998345375, "partial_8_p50_ms": 0.14028799533843994, "wave_2_p50_ms": 0.07782399654388428, "wave_3_p50_ms": 0.0870399996638298, "elapsed_seconds": 0.13902428653091192}
{"event": "decoder_layer_complete", "layer": 12, "source_ranks": [64, 32, 32, 32, 32, 48, 64, 32], "big_p50_ms": 0.050175998359918594, "partial_8_p50_ms": 0.12083200365304947, "wave_2_p50_ms": 0.05939200147986412, "wave_3_p50_ms": 0.07065600156784058, "elapsed_seconds": 0.1047082869336009}
{"event": "decoder_layer_complete", "layer": 13, "source_ranks": [32, 64, 64, 48, 64, 96, 32, 32], "big_p50_ms": 0.060416001826524734, "partial_8_p50_ms": 0.13209599256515503, "wave_2_p50_ms": 0.07372800260782242, "wave_3_p50_ms": 0.08191999793052673, "elapsed_seconds": 0.15108831506222486}
{"event": "decoder_layer_complete", "layer": 14, "source_ranks": [80, 32, 64, 48, 48, 64, 80, 48], "big_p50_ms": 0.06451199948787689, "partial_8_p50_ms": 0.13619199395179749, "wave_2_p50_ms": 0.07680000364780426, "wave_3_p50_ms": 0.08499199897050858, "elapsed_seconds": 0.12641332298517227}
{"event": "decoder_layer_complete", "layer": 15, "source_ranks": [32, 32, 80, 32, 32, 64, 32, 48], "big_p50_ms": 0.05119999870657921, "partial_8_p50_ms": 0.1228799968957901, "wave_2_p50_ms": 0.062463998794555664, "wave_3_p50_ms": 0.0721920020878315, "elapsed_seconds": 0.12514214403927326}
{"event": "decoder_layer_complete", "layer": 16, "source_ranks": [48, 32, 48, 80, 32, 48, 48, 48], "big_p50_ms": 0.055296000093221664, "partial_8_p50_ms": 0.12697599828243256, "wave_2_p50_ms": 0.06656000018119812, "wave_3_p50_ms": 0.07680000364780426, "elapsed_seconds": 0.13112779054790735}
{"event": "decoder_layer_complete", "layer": 17, "source_ranks": [64, 32, 64, 32, 32, 48, 64, 32], "big_p50_ms": 0.053247999399900436, "partial_8_p50_ms": 0.12492799758911133, "wave_2_p50_ms": 0.06451199948787689, "wave_3_p50_ms": 0.07475200295448303, "elapsed_seconds": 0.10937315411865711}
{"event": "decoder_layer_complete", "layer": 18, "source_ranks": [32, 48, 64, 32, 48, 32, 32, 64], "big_p50_ms": 0.051711998879909515, "partial_8_p50_ms": 0.1228799968957901, "wave_2_p50_ms": 0.062463998794555664, "wave_3_p50_ms": 0.07168000191450119, "elapsed_seconds": 0.11013030912727118}
{"event": "decoder_layer_complete", "layer": 19, "source_ranks": [48, 32, 32, 32, 32, 32, 64, 48], "big_p50_ms": 0.048128001391887665, "partial_8_p50_ms": 0.11878400295972824, "wave_2_p50_ms": 0.05734400078654289, "wave_3_p50_ms": 0.06860800087451935, "elapsed_seconds": 0.10664714779704809}
{"event": "decoder_layer_complete", "layer": 20, "source_ranks": [64, 32, 32, 32, 48, 32, 32, 64], "big_p50_ms": 0.050175998359918594, "partial_8_p50_ms": 0.12083200365304947, "wave_2_p50_ms": 0.05939200147986412, "wave_3_p50_ms": 0.06963200122117996, "elapsed_seconds": 0.09939208161085844}
{"event": "decoder_layer_complete", "layer": 21, "source_ranks": [112, 48, 32, 64, 64, 32, 32, 32], "big_p50_ms": 0.05939200147986412, "partial_8_p50_ms": 0.131071999669075, "wave_2_p50_ms": 0.07116800174117088, "wave_3_p50_ms": 0.0798719972372055, "elapsed_seconds": 0.17160381376743317}
{"event": "decoder_layer_complete", "layer": 22, "source_ranks": [48, 64, 32, 32, 48, 64, 32, 48], "big_p50_ms": 0.053247999399900436, "partial_8_p50_ms": 0.12595200538635254, "wave_2_p50_ms": 0.06451199948787689, "wave_3_p50_ms": 0.07475200295448303, "elapsed_seconds": 0.11034060828387737}
{"event": "decoder_layer_complete", "layer": 23, "source_ranks": [48, 32, 48, 80, 32, 32, 48, 32], "big_p50_ms": 0.05222399905323982, "partial_8_p50_ms": 0.1228799968957901, "wave_2_p50_ms": 0.062463998794555664, "wave_3_p50_ms": 0.07168000191450119, "elapsed_seconds": 0.13327782973647118}
{"event": "decoder_layer_complete", "layer": 24, "source_ranks": [32, 64, 80, 64, 96, 64, 32, 80], "big_p50_ms": 0.06963200122117996, "partial_8_p50_ms": 0.14131200313568115, "wave_2_p50_ms": 0.08191999793052673, "wave_3_p50_ms": 0.09113600105047226, "elapsed_seconds": 0.16160825174301863}
{"event": "decoder_layer_complete", "layer": 25, "source_ranks": [64, 96, 32, 112, 32, 32, 64, 32], "big_p50_ms": 0.06451199948787689, "partial_8_p50_ms": 0.13619199395179749, "wave_2_p50_ms": 0.07680000364780426, "wave_3_p50_ms": 0.08601599931716919, "elapsed_seconds": 0.17075370531529188}
{"event": "decoder_layer_complete", "layer": 26, "source_ranks": [48, 48, 112, 64, 32, 64, 32, 32], "big_p50_ms": 0.06963200122117996, "partial_8_p50_ms": 0.15462400019168854, "wave_2_p50_ms": 0.08499199897050858, "wave_3_p50_ms": 0.0942080020904541, "elapsed_seconds": 0.16739571001380682}
{"event": "decoder_layer_complete", "layer": 27, "source_ranks": [48, 32, 64, 64, 80, 64, 80, 48], "big_p50_ms": 0.07782399654388428, "partial_8_p50_ms": 0.16486400365829468, "wave_2_p50_ms": 0.09216000139713287, "wave_3_p50_ms": 0.10239999741315842, "elapsed_seconds": 0.13591550197452307}
{"event": "decoder_layer_complete", "layer": 28, "source_ranks": [64, 96, 48, 64, 32, 32, 32, 64], "big_p50_ms": 0.07372800260782242, "partial_8_p50_ms": 0.16179199516773224, "wave_2_p50_ms": 0.08806400001049042, "wave_3_p50_ms": 0.09932799637317657, "elapsed_seconds": 0.15665239188820124}
{"event": "decoder_layer_complete", "layer": 29, "source_ranks": [64, 64, 48, 32, 32, 48, 48, 32], "big_p50_ms": 0.0650239996612072, "partial_8_p50_ms": 0.15360000729560852, "wave_2_p50_ms": 0.07782399654388428, "wave_3_p50_ms": 0.09011200070381165, "elapsed_seconds": 0.11177437473088503}
{"event": "decoder_layer_complete", "layer": 30, "source_ranks": [48, 112, 32, 48, 32, 48, 32, 32], "big_p50_ms": 0.06348799914121628, "partial_8_p50_ms": 0.14847999811172485, "wave_2_p50_ms": 0.07680000364780426, "wave_3_p50_ms": 0.08806400001049042, "elapsed_seconds": 0.16344646736979485}
{"event": "decoder_layer_complete", "layer": 31, "source_ranks": [80, 32, 32, 32, 64, 32, 32, 32], "big_p50_ms": 0.058368001133203506, "partial_8_p50_ms": 0.14028799533843994, "wave_2_p50_ms": 0.06963200122117996, "wave_3_p50_ms": 0.08191999793052673, "elapsed_seconds": 0.12601235415786505}
{"event": "decoder_layer_complete", "layer": 32, "source_ranks": [32, 48, 64, 48, 32, 32, 64, 64], "big_p50_ms": 0.06451199948787689, "partial_8_p50_ms": 0.14950400590896606, "wave_2_p50_ms": 0.07782399654388428, "wave_3_p50_ms": 0.08806400001049042, "elapsed_seconds": 0.12165155168622732}
{"event": "decoder_layer_complete", "layer": 33, "source_ranks": [32, 32, 32, 32, 32, 64, 48, 32], "big_p50_ms": 0.053247999399900436, "partial_8_p50_ms": 0.13414399325847626, "wave_2_p50_ms": 0.0655359998345375, "wave_3_p50_ms": 0.07680000364780426, "elapsed_seconds": 0.12059482280164957}
{"event": "decoder_layer_complete", "layer": 34, "source_ranks": [32, 48, 64, 48, 48, 32, 64, 64], "big_p50_ms": 0.0655359998345375, "partial_8_p50_ms": 0.14950400590896606, "wave_2_p50_ms": 0.07884799689054489, "wave_3_p50_ms": 0.09011200070381165, "elapsed_seconds": 0.11063545197248459}
{"event": "decoder_layer_complete", "layer": 35, "source_ranks": [128, 48, 64, 64, 48, 64, 48, 64], "big_p50_ms": 0.08294399827718735, "partial_8_p50_ms": 0.1669120043516159, "wave_2_p50_ms": 0.09625600278377533, "wave_3_p50_ms": 0.10751999914646149, "elapsed_seconds": 0.1937261987477541}
{"event": "decoder_layer_complete", "layer": 36, "source_ranks": [64, 32, 32, 64, 64, 64, 112, 80], "big_p50_ms": 0.0798719972372055, "partial_8_p50_ms": 0.16383999586105347, "wave_2_p50_ms": 0.0942080020904541, "wave_3_p50_ms": 0.10444799810647964, "elapsed_seconds": 0.24539431091398}
{"event": "decoder_layer_complete", "layer": 37, "source_ranks": [48, 112, 64, 64, 96, 96, 32, 32], "big_p50_ms": 0.08396799862384796, "partial_8_p50_ms": 0.1669120043516159, "wave_2_p50_ms": 0.09830400347709656, "wave_3_p50_ms": 0.10956799983978271, "elapsed_seconds": 0.1720585161820054}
{"event": "decoder_layer_complete", "layer": 38, "source_ranks": [64, 64, 64, 32, 32, 64, 48, 64], "big_p50_ms": 0.06963200122117996, "partial_8_p50_ms": 0.15360000729560852, "wave_2_p50_ms": 0.08396799862384796, "wave_3_p50_ms": 0.0942080020904541, "elapsed_seconds": 0.140853151679039}
{"event": "decoder_layer_complete", "layer": 39, "source_ranks": [64, 64, 112, 48, 48, 80, 128, 32], "big_p50_ms": 0.08908800035715103, "partial_8_p50_ms": 0.17203199863433838, "wave_2_p50_ms": 0.10239999741315842, "wave_3_p50_ms": 0.11468800157308578, "elapsed_seconds": 0.1965946014970541}
{"event": "decoder_layer_complete", "layer": 40, "source_ranks": [64, 80, 96, 96, 64, 128, 64, 32], "big_p50_ms": 0.09523200243711472, "partial_8_p50_ms": 0.17817600071430206, "wave_2_p50_ms": 0.1085439994931221, "wave_3_p50_ms": 0.12083200365304947, "elapsed_seconds": 0.19050170946866274}
{"event": "decoder_layer_complete", "layer": 41, "source_ranks": [64, 48, 64, 64, 80, 32, 128, 64], "big_p50_ms": 0.08396799862384796, "partial_8_p50_ms": 0.16793599724769592, "wave_2_p50_ms": 0.09830400347709656, "wave_3_p50_ms": 0.10956799983978271, "elapsed_seconds": 0.18816894199699163}
{"event": "decoder_layer_complete", "layer": 42, "source_ranks": [64, 128, 112, 96, 32, 64, 32, 128], "big_p50_ms": 0.09830400347709656, "partial_8_p50_ms": 0.18227200210094452, "wave_2_p50_ms": 0.11264000087976456, "wave_3_p50_ms": 0.12800000607967377, "elapsed_seconds": 0.19637739285826683}
{"event": "decoder_layer_complete", "layer": 43, "source_ranks": [48, 96, 80, 48, 96, 32, 128, 112], "big_p50_ms": 0.11468800157308578, "partial_8_p50_ms": 0.21299199759960175, "wave_2_p50_ms": 0.131071999669075, "wave_3_p50_ms": 0.14643199741840363, "elapsed_seconds": 0.2017575604841113}
{"event": "decoder_layer_complete", "layer": 44, "source_ranks": [64, 32, 112, 64, 112, 112, 80, 96], "big_p50_ms": 0.12185599654912949, "partial_8_p50_ms": 0.22118400037288666, "wave_2_p50_ms": 0.1382399946451187, "wave_3_p50_ms": 0.1525759994983673, "elapsed_seconds": 0.1998388422653079}
{"event": "decoder_layer_complete", "layer": 45, "source_ranks": [80, 32, 64, 128, 80, 112, 128, 128], "big_p50_ms": 0.13619199395179749, "partial_8_p50_ms": 0.23654399812221527, "wave_2_p50_ms": 0.1525759994983673, "wave_3_p50_ms": 0.16896000504493713, "elapsed_seconds": 0.22294435184448957}
{"event": "decoder_layer_complete", "layer": 46, "source_ranks": [128, 128, 128, 32, 96, 96, 80, 48], "big_p50_ms": 0.13414399325847626, "partial_8_p50_ms": 0.23296000063419342, "wave_2_p50_ms": 0.15052799880504608, "wave_3_p50_ms": 0.1658879965543747, "elapsed_seconds": 0.2162434309720993}
{"event": "decoder_layer_complete", "layer": 47, "source_ranks": [128, 80, 32, 128, 128, 96, 32, 128], "big_p50_ms": 0.13619199395179749, "partial_8_p50_ms": 0.23552000522613525, "wave_2_p50_ms": 0.1525759994983673, "wave_3_p50_ms": 0.16896000504493713, "elapsed_seconds": 0.21696313563734293}
{"event": "decoder_layer_complete", "layer": 48, "source_ranks": [128, 128, 112, 96, 128, 128, 128, 112], "big_p50_ms": 0.1812479943037033, "partial_8_p50_ms": 0.27750399708747864, "wave_2_p50_ms": 0.18534399569034576, "wave_3_p50_ms": 0.2027519941329956, "elapsed_seconds": 0.244435615837574}
{"event": "decoder_layer_complete", "layer": 49, "source_ranks": [112, 80, 128, 112, 80, 64, 128, 80], "big_p50_ms": 0.1443839967250824, "partial_8_p50_ms": 0.2539519965648651, "wave_2_p50_ms": 0.16179199516773224, "wave_3_p50_ms": 0.1812479943037033, "elapsed_seconds": 0.21361010987311602}
{"event": "decoder_layer_complete", "layer": 50, "source_ranks": [96, 128, 128, 112, 48, 80, 96, 48], "big_p50_ms": 0.13926400244235992, "partial_8_p50_ms": 0.2457599937915802, "wave_2_p50_ms": 0.15667200088500977, "wave_3_p50_ms": 0.1740799993276596, "elapsed_seconds": 0.20226614363491535}
{"event": "decoder_layer_complete", "layer": 51, "source_ranks": [32, 96, 96, 80, 128, 48, 64, 80], "big_p50_ms": 0.1228799968957901, "partial_8_p50_ms": 0.22835199534893036, "wave_2_p50_ms": 0.13926400244235992, "wave_3_p50_ms": 0.15564799308776855, "elapsed_seconds": 0.21103376056998968}
{"event": "decoder_layer_complete", "layer": 52, "source_ranks": [128, 128, 112, 112, 64, 112, 96, 112], "big_p50_ms": 0.17919999361038208, "partial_8_p50_ms": 0.2744320034980774, "wave_2_p50_ms": 0.18329599499702454, "wave_3_p50_ms": 0.2017280012369156, "elapsed_seconds": 0.2351453760638833}
{"event": "decoder_layer_complete", "layer": 53, "source_ranks": [48, 128, 80, 112, 64, 128, 96, 48], "big_p50_ms": 0.13414399325847626, "partial_8_p50_ms": 0.24063999950885773, "wave_2_p50_ms": 0.15052799880504608, "wave_3_p50_ms": 0.16793599724769592, "elapsed_seconds": 0.20893609337508678}
{"event": "decoder_layer_complete", "layer": 54, "source_ranks": [112, 128, 80, 64, 112, 32, 64, 128], "big_p50_ms": 0.1372160017490387, "partial_8_p50_ms": 0.24166400730609894, "wave_2_p50_ms": 0.15360000729560852, "wave_3_p50_ms": 0.17100800573825836, "elapsed_seconds": 0.22230003215372562}
{"event": "decoder_layer_complete", "layer": 55, "source_ranks": [112, 32, 32, 96, 112, 80, 48, 112], "big_p50_ms": 0.12083200365304947, "partial_8_p50_ms": 0.22630399465560913, "wave_2_p50_ms": 0.1372160017490387, "wave_3_p50_ms": 0.15360000729560852, "elapsed_seconds": 0.19268793053925037}
{"event": "decoder_layer_complete", "layer": 56, "source_ranks": [112, 64, 128, 80, 32, 96, 64, 80], "big_p50_ms": 0.12595200538635254, "partial_8_p50_ms": 0.2303999960422516, "wave_2_p50_ms": 0.14233599603176117, "wave_3_p50_ms": 0.158720001578331, "elapsed_seconds": 0.21447004843503237}
{"event": "decoder_layer_complete", "layer": 57, "source_ranks": [32, 32, 96, 112, 112, 32, 64, 96], "big_p50_ms": 0.11315200105309486, "partial_8_p50_ms": 0.2170879989862442, "wave_2_p50_ms": 0.1295360028743744, "wave_3_p50_ms": 0.1443839967250824, "elapsed_seconds": 0.19219634775072336}
{"event": "decoder_layer_complete", "layer": 58, "source_ranks": [32, 96, 48, 48, 48, 32, 48, 48], "big_p50_ms": 0.08294399827718735, "partial_8_p50_ms": 0.1884160041809082, "wave_2_p50_ms": 0.09932799637317657, "wave_3_p50_ms": 0.11468800157308578, "elapsed_seconds": 0.15808340813964605}
{"event": "decoder_layer_complete", "layer": 59, "source_ranks": [48, 80, 48, 96, 80, 48, 80, 80], "big_p50_ms": 0.10956799983978271, "partial_8_p50_ms": 0.21606400609016418, "wave_2_p50_ms": 0.12697599828243256, "wave_3_p50_ms": 0.14233599603176117, "elapsed_seconds": 0.17439801339060068}
{"event": "decoder_layer_complete", "layer": 60, "source_ranks": [96, 48, 64, 48, 32, 96, 96, 64], "big_p50_ms": 0.10751999914646149, "partial_8_p50_ms": 0.2099200040102005, "wave_2_p50_ms": 0.12492799758911133, "wave_3_p50_ms": 0.13619199395179749, "elapsed_seconds": 0.18349329568445683}
{"event": "decoder_layer_complete", "layer": 61, "source_ranks": [32, 64, 64, 80, 48, 32, 48, 64], "big_p50_ms": 0.0870399996638298, "partial_8_p50_ms": 0.19251200556755066, "wave_2_p50_ms": 0.10342399775981903, "wave_3_p50_ms": 0.11673600226640701, "elapsed_seconds": 0.14415246341377497}
{"event": "decoder_layer_complete", "layer": 62, "source_ranks": [80, 64, 48, 128, 112, 32, 64, 96], "big_p50_ms": 0.11161600053310394, "partial_8_p50_ms": 0.2088959962129593, "wave_2_p50_ms": 0.12800000607967377, "wave_3_p50_ms": 0.14233599603176117, "elapsed_seconds": 0.20519190840423107}
{"event": "decoder_layer_complete", "layer": 63, "source_ranks": [96, 80, 64, 48, 128, 128, 64, 48], "big_p50_ms": 0.11776000261306763, "partial_8_p50_ms": 0.21606400609016418, "wave_2_p50_ms": 0.13312000036239624, "wave_3_p50_ms": 0.14745600521564484, "elapsed_seconds": 0.21423548925668}
{"event": "component_profile_complete", "output_json": "/deac/csc/yangGrp/zhangal/BasisServe-CALS/results/evaluation/qwen3_32b_tp8_decode_components_b256_s4096.json", "decoder_layers": 64, "elapsed_seconds": 10.816689917817712}
