#########################BEGIN-PROLOG#########################
JobName   = c1-headwise
Account   = yanggrp
NodeList  = gpu-a100-04
Resources = cpu=4,mem=64G,node=1,billing=8454,gres/gpu=1,gres/gpu:a100_40=1
WorkDir   = /deac/csc/yangGrp/zhangal/BasisServe-CALS
###########################END-PROLOG#########################
{"event": "simulation_start", "device": "NVIDIA A100-PCIE-40GB", "layers": [0, 20, 48, 63], "batches": [1, 4, 16, 64], "dtype": "torch.bfloat16"}
{"event": "layer_start", "layer": 0}
{"event": "layer_complete", "layer": 0, "elapsed_seconds": 1.4002105025574565}
{"event": "layer_start", "layer": 20}
{"event": "layer_complete", "layer": 20, "elapsed_seconds": 1.083339024335146}
{"event": "layer_start", "layer": 48}
{"event": "layer_complete", "layer": 48, "elapsed_seconds": 1.2319142613559961}
{"event": "layer_start", "layer": 63}
{"event": "layer_complete", "layer": 63, "elapsed_seconds": 1.3726216852664948}
[
  {
    "batch": 1,
    "path": "compact_ragged_allgather",
    "sum_layer_sequential_p50_ms": 0.7818240001797676,
    "sum_layer_sequential_p95_ms": 0.8816640079021454,
    "sum_layer_parallel_compute_floor_ms": 0.3435519989579916,
    "sequential_single_gpu_rows_per_second": 1279.060248559863,
    "parallel_compute_floor_rows_per_second_excluding_communication": 2910.767520005834,
    "logical_collective_wire_bytes_all_ranks": 299264
  },
  {
    "batch": 1,
    "path": "dense_projected_allreduce",
    "sum_layer_sequential_p50_ms": 0.6492159888148308,
    "sum_layer_sequential_p95_ms": 0.7280640155076981,
    "sum_layer_parallel_compute_floor_ms": 0.11468799971044064,
    "sequential_single_gpu_rows_per_second": 1540.3194271686673,
    "parallel_compute_floor_rows_per_second_excluding_communication": 8719.308057728422,
    "logical_collective_wire_bytes_all_ranks": 573440
  },
  {
    "batch": 1,
    "path": "local_c1_allreduce",
    "sum_layer_sequential_p50_ms": 1.2661759853363037,
    "sum_layer_sequential_p95_ms": 1.3803519904613495,
    "sum_layer_parallel_compute_floor_ms": 0.1945600025355816,
    "sequential_single_gpu_rows_per_second": 789.7796290413723,
    "parallel_compute_floor_rows_per_second_excluding_communication": 5139.802564595041,
    "logical_collective_wire_bytes_all_ranks": 573440
  },
  {
    "batch": 1,
    "path": "padded_allgather",
    "sum_layer_sequential_p50_ms": 1.6414719820022583,
    "sum_layer_sequential_p95_ms": 1.7817599773406982,
    "sum_layer_parallel_compute_floor_ms": 0.3973120003938675,
    "sequential_single_gpu_rows_per_second": 609.2093017513498,
    "parallel_compute_floor_rows_per_second_excluding_communication": 2516.9136572987213,
    "logical_collective_wire_bytes_all_ranks": 401408
  },
  {
    "batch": 4,
    "path": "compact_ragged_allgather",
    "sum_layer_sequential_p50_ms": 0.7618560045957565,
    "sum_layer_sequential_p95_ms": 0.8591360002756119,
    "sum_layer_parallel_compute_floor_ms": 0.34611199982464314,
    "sequential_single_gpu_rows_per_second": 5250.335989833688,
    "parallel_compute_floor_rows_per_second_excluding_communication": 11556.952668577198,
    "logical_collective_wire_bytes_all_ranks": 1197056
  },
  {
    "batch": 4,
    "path": "dense_projected_allreduce",
    "sum_layer_sequential_p50_ms": 0.6440960019826889,
    "sum_layer_sequential_p95_ms": 0.7260160148143768,
    "sum_layer_parallel_compute_floor_ms": 0.11315200105309486,
    "sequential_single_gpu_rows_per_second": 6210.254352902359,
    "parallel_compute_floor_rows_per_second_excluding_communication": 35350.67840402629,
    "logical_collective_wire_bytes_all_ranks": 2293760
  },
  {
    "batch": 4,
    "path": "local_c1_allreduce",
    "sum_layer_sequential_p50_ms": 1.2149759978055954,
    "sum_layer_sequential_p95_ms": 1.3434879779815674,
    "sum_layer_parallel_compute_floor_ms": 0.19660800322890282,
    "sequential_single_gpu_rows_per_second": 3292.2461079268396,
    "parallel_compute_floor_rows_per_second_excluding_communication": 20345.05174920555,
    "logical_collective_wire_bytes_all_ranks": 2293760
  },
  {
    "batch": 4,
    "path": "padded_allgather",
    "sum_layer_sequential_p50_ms": 1.5431680083274841,
    "sum_layer_sequential_p95_ms": 1.6691200137138367,
    "sum_layer_parallel_compute_floor_ms": 0.3973120003938675,
    "sequential_single_gpu_rows_per_second": 2592.070324432969,
    "parallel_compute_floor_rows_per_second_excluding_communication": 10067.654629194885,
    "logical_collective_wire_bytes_all_ranks": 1605632
  },
  {
    "batch": 16,
    "path": "compact_ragged_allgather",
    "sum_layer_sequential_p50_ms": 0.7546880096197128,
    "sum_layer_sequential_p95_ms": 0.8478720039129257,
    "sum_layer_parallel_compute_floor_ms": 0.3450880032032728,
    "sequential_single_gpu_rows_per_second": 21200.813841023388,
    "parallel_compute_floor_rows_per_second_excluding_communication": 46364.98473282265,
    "logical_collective_wire_bytes_all_ranks": 4788224
  },
  {
    "batch": 16,
    "path": "dense_projected_allreduce",
    "sum_layer_sequential_p50_ms": 0.6261759921908379,
    "sum_layer_sequential_p95_ms": 0.7106559872627258,
    "sum_layer_parallel_compute_floor_ms": 0.11468800157308578,
    "sequential_single_gpu_rows_per_second": 25551.921823160104,
    "parallel_compute_floor_rows_per_second_excluding_communication": 139508.92665789352,
    "logical_collective_wire_bytes_all_ranks": 9175040
  },
  {
    "batch": 16,
    "path": "local_c1_allreduce",
    "sum_layer_sequential_p50_ms": 1.2011520117521286,
    "sum_layer_sequential_p95_ms": 1.3107199966907501,
    "sum_layer_parallel_compute_floor_ms": 0.1950720064342022,
    "sequential_single_gpu_rows_per_second": 13320.545479219314,
    "parallel_compute_floor_rows_per_second_excluding_communication": 82020.99466996973,
    "logical_collective_wire_bytes_all_ranks": 9175040
  },
  {
    "batch": 16,
    "path": "padded_allgather",
    "sum_layer_sequential_p50_ms": 1.5288320034742355,
    "sum_layer_sequential_p95_ms": 1.6578560173511505,
    "sum_layer_parallel_compute_floor_ms": 0.39424000680446625,
    "sequential_single_gpu_rows_per_second": 10465.505669452476,
    "parallel_compute_floor_rows_per_second_excluding_communication": 40584.41488394054,
    "logical_collective_wire_bytes_all_ranks": 6422528
  },
  {
    "batch": 64,
    "path": "compact_ragged_allgather",
    "sum_layer_sequential_p50_ms": 0.7434239983558655,
    "sum_layer_sequential_p95_ms": 0.8243200033903122,
    "sum_layer_parallel_compute_floor_ms": 0.34099200181663036,
    "sequential_single_gpu_rows_per_second": 86088.15446036246,
    "parallel_compute_floor_rows_per_second_excluding_communication": 187687.68668778404,
    "logical_collective_wire_bytes_all_ranks": 19152896
  },
  {
    "batch": 64,
    "path": "dense_projected_allreduce",
    "sum_layer_sequential_p50_ms": 0.6338559836149216,
    "sum_layer_sequential_p95_ms": 0.6973440051078796,
    "sum_layer_parallel_compute_floor_ms": 0.11468800157308578,
    "sequential_single_gpu_rows_per_second": 100969.30794122013,
    "parallel_compute_floor_rows_per_second_excluding_communication": 558035.7066315741,
    "logical_collective_wire_bytes_all_ranks": 36700160
  },
  {
    "batch": 64,
    "path": "local_c1_allreduce",
    "sum_layer_sequential_p50_ms": 1.2334080040454865,
    "sum_layer_sequential_p95_ms": 1.3281279802322388,
    "sum_layer_parallel_compute_floor_ms": 0.1955840066075325,
    "sequential_single_gpu_rows_per_second": 51888.75034869627,
    "parallel_compute_floor_rows_per_second_excluding_communication": 327225.11983520834,
    "logical_collective_wire_bytes_all_ranks": 36700160
  },
  {
    "batch": 64,
    "path": "padded_allgather",
    "sum_layer_sequential_p50_ms": 1.5339520126581192,
    "sum_layer_sequential_p95_ms": 1.6394239962100983,
    "sum_layer_parallel_compute_floor_ms": 0.3983360044658184,
    "sequential_single_gpu_rows_per_second": 41722.29605090264,
    "parallel_compute_floor_rows_per_second_excluding_communication": 160668.37866144208,
    "logical_collective_wire_bytes_all_ranks": 25690112
  }
]
