#########################BEGIN-PROLOG#########################
JobName   = c1-tp8-sim
Account   = yanggrp
NodeList  = gpu-a100-04
Resources = cpu=4,mem=64G,node=1,billing=8454,gres/gpu=1,gres/gpu:a100_40=1
WorkDir   = /deac/csc/yangGrp/zhangal/BasisServe-CALS
###########################END-PROLOG#########################
[
  {
    "batch": 1,
    "path": "compact_ragged_allgather",
    "sum_layer_sequential_p50_ms": 0.1955839991569519,
    "sum_layer_sequential_p95_ms": 0.25600001215934753,
    "sum_layer_parallel_compute_floor_ms": 0.11161600053310394,
    "sequential_single_gpu_rows_per_second": 5112.8926921957545,
    "parallel_compute_floor_rows_per_second_excluding_communication": 8959.288948034044,
    "logical_collective_wire_bytes_all_ranks": 80640
  },
  {
    "batch": 1,
    "path": "dense_projected_allreduce",
    "sum_layer_sequential_p50_ms": 0.1740799993276596,
    "sum_layer_sequential_p95_ms": 0.19251200556755066,
    "sum_layer_parallel_compute_floor_ms": 0.03174399957060814,
    "sequential_single_gpu_rows_per_second": 5744.485316304283,
    "parallel_compute_floor_rows_per_second_excluding_communication": 31502.01655515088,
    "logical_collective_wire_bytes_all_ranks": 143360
  },
  {
    "batch": 1,
    "path": "local_c1_allreduce",
    "sum_layer_sequential_p50_ms": 0.3102720081806183,
    "sum_layer_sequential_p95_ms": 0.31334400177001953,
    "sum_layer_parallel_compute_floor_ms": 0.058368001133203506,
    "sequential_single_gpu_rows_per_second": 3222.978462877873,
    "parallel_compute_floor_rows_per_second_excluding_communication": 17132.675105968894,
    "logical_collective_wire_bytes_all_ranks": 143360
  },
  {
    "batch": 1,
    "path": "padded_allgather",
    "sum_layer_sequential_p50_ms": 0.4341759979724884,
    "sum_layer_sequential_p95_ms": 0.45977601408958435,
    "sum_layer_parallel_compute_floor_ms": 0.12800000235438347,
    "sequential_single_gpu_rows_per_second": 2303.213454151754,
    "parallel_compute_floor_rows_per_second_excluding_communication": 7812.49985629984,
    "logical_collective_wire_bytes_all_ranks": 114688
  },
  {
    "batch": 4,
    "path": "compact_ragged_allgather",
    "sum_layer_sequential_p50_ms": 0.19660800695419312,
    "sum_layer_sequential_p95_ms": 0.2252800017595291,
    "sum_layer_parallel_compute_floor_ms": 0.10444799810647964,
    "sequential_single_gpu_rows_per_second": 20345.051363711467,
    "parallel_compute_floor_rows_per_second_excluding_communication": 38296.569321723095,
    "logical_collective_wire_bytes_all_ranks": 322560
  },
  {
    "batch": 4,
    "path": "dense_projected_allreduce",
    "sum_layer_sequential_p50_ms": 0.1740799993276596,
    "sum_layer_sequential_p95_ms": 0.19046400487422943,
    "sum_layer_parallel_compute_floor_ms": 0.03276799991726875,
    "sequential_single_gpu_rows_per_second": 22977.94126521713,
    "parallel_compute_floor_rows_per_second_excluding_communication": 122070.31280819791,
    "logical_collective_wire_bytes_all_ranks": 573440
  },
  {
    "batch": 4,
    "path": "local_c1_allreduce",
    "sum_layer_sequential_p50_ms": 0.289792001247406,
    "sum_layer_sequential_p95_ms": 0.2949120104312897,
    "sum_layer_parallel_compute_floor_ms": 0.04915200173854828,
    "sequential_single_gpu_rows_per_second": 13803.003474154051,
    "parallel_compute_floor_rows_per_second_excluding_communication": 81380.20545484587,
    "logical_collective_wire_bytes_all_ranks": 573440
  },
  {
    "batch": 4,
    "path": "padded_allgather",
    "sum_layer_sequential_p50_ms": 0.40038400888442993,
    "sum_layer_sequential_p95_ms": 0.44441598653793335,
    "sum_layer_parallel_compute_floor_ms": 0.12390399724245071,
    "sequential_single_gpu_rows_per_second": 9990.40898547622,
    "parallel_compute_floor_rows_per_second_excluding_communication": 32283.05856971627,
    "logical_collective_wire_bytes_all_ranks": 458752
  }
]
