#########################BEGIN-PROLOG#########################
JobName   = c1-varv-256x4096
Account   = yanggrp
NodeList  = gpu-a100-04
Resources = cpu=2,mem=32G,node=1,billing=4227,gres/gpu=1,gres/gpu:a100_40=1
WorkDir   = /deac/csc/yangGrp/zhangal/BasisServe-CALS
###########################END-PROLOG#########################
{"event": "benchmark_start", "device": "NVIDIA A100-PCIE-40GB", "layers": [0, 20, 48, 63], "ranks": [0, 1, 2, 3, 4, 5, 6, 7], "batches": [256], "contexts": [4096], "dtype": "torch.bfloat16"}
{"event": "layer_start", "layer": 0}
{"event": "configuration_complete", "layer": 0, "rank": 0, "source_rank": 64, "batch": 256, "context": 4096, "dense_p50_ms": 18.684927940368652, "compact_p50_ms": 16.02764892578125, "speedup": 1.165793437758238, "elapsed_seconds": 2.733274103142321}
{"event": "configuration_complete", "layer": 0, "rank": 1, "source_rank": 64, "batch": 256, "context": 4096, "dense_p50_ms": 18.76531219482422, "compact_p50_ms": 16.01024055480957, "speedup": 1.1720818391568144, "elapsed_seconds": 2.4894750732928514}
{"event": "configuration_complete", "layer": 0, "rank": 2, "source_rank": 112, "batch": 256, "context": 4096, "dense_p50_ms": 18.528767585754395, "compact_p50_ms": 17.747968673706055, "speedup": 1.0439937057813893, "elapsed_seconds": 2.5954309459775686}
{"event": "configuration_complete", "layer": 0, "rank": 3, "source_rank": 64, "batch": 256, "context": 4096, "dense_p50_ms": 18.542591094970703, "compact_p50_ms": 15.96672010421753, "speedup": 1.1613274970651468, "elapsed_seconds": 2.466881883330643}
{"event": "configuration_complete", "layer": 0, "rank": 4, "source_rank": 96, "batch": 256, "context": 4096, "dense_p50_ms": 18.64140796661377, "compact_p50_ms": 17.312768936157227, "speedup": 1.0767433005867546, "elapsed_seconds": 2.5644180811941624}
{"event": "configuration_complete", "layer": 0, "rank": 5, "source_rank": 112, "batch": 256, "context": 4096, "dense_p50_ms": 18.65676784515381, "compact_p50_ms": 18.148351669311523, "speedup": 1.0280144547067602, "elapsed_seconds": 2.621550178155303}
{"event": "configuration_complete", "layer": 0, "rank": 6, "source_rank": 80, "batch": 256, "context": 4096, "dense_p50_ms": 18.70694351196289, "compact_p50_ms": 16.903167724609375, "speedup": 1.1067122930293942, "elapsed_seconds": 2.5427282927557826}
{"event": "configuration_complete", "layer": 0, "rank": 7, "source_rank": 128, "batch": 256, "context": 4096, "dense_p50_ms": 18.673151969909668, "compact_p50_ms": 18.66649627685547, "speedup": 1.0003565582397191, "elapsed_seconds": 2.6688540652394295}
{"event": "layer_complete", "layer": 0, "elapsed_seconds": 20.915813699364662}
{"event": "layer_start", "layer": 20}
{"event": "configuration_complete", "layer": 20, "rank": 0, "source_rank": 64, "batch": 256, "context": 4096, "dense_p50_ms": 18.720767974853516, "compact_p50_ms": 16.078847885131836, "speedup": 1.164310285699305, "elapsed_seconds": 2.477228065021336}
{"event": "configuration_complete", "layer": 20, "rank": 1, "source_rank": 32, "batch": 256, "context": 4096, "dense_p50_ms": 18.976768493652344, "compact_p50_ms": 14.7128324508667, "speedup": 1.289810684450122, "elapsed_seconds": 2.406382284127176}
{"event": "configuration_complete", "layer": 20, "rank": 2, "source_rank": 32, "batch": 256, "context": 4096, "dense_p50_ms": 18.744832038879395, "compact_p50_ms": 14.815231800079346, "speedup": 1.2652405505244273, "elapsed_seconds": 2.3970278771594167}
{"event": "configuration_complete", "layer": 20, "rank": 3, "source_rank": 32, "batch": 256, "context": 4096, "dense_p50_ms": 18.72537612915039, "compact_p50_ms": 14.589951992034912, "speedup": 1.283443299839035, "elapsed_seconds": 2.379004905000329}
{"event": "configuration_complete", "layer": 20, "rank": 4, "source_rank": 48, "batch": 256, "context": 4096, "dense_p50_ms": 18.74892807006836, "compact_p50_ms": 15.51257610321045, "speedup": 1.2086276286624065, "elapsed_seconds": 2.4483259171247482}
{"event": "configuration_complete", "layer": 20, "rank": 5, "source_rank": 32, "batch": 256, "context": 4096, "dense_p50_ms": 18.97113609313965, "compact_p50_ms": 14.861824035644531, "speedup": 1.2765011917540783, "elapsed_seconds": 2.410898210480809}
{"event": "configuration_complete", "layer": 20, "rank": 6, "source_rank": 32, "batch": 256, "context": 4096, "dense_p50_ms": 18.818047523498535, "compact_p50_ms": 14.76147174835205, "speedup": 1.2748083554473053, "elapsed_seconds": 2.39906251989305}
{"event": "configuration_complete", "layer": 20, "rank": 7, "source_rank": 64, "batch": 256, "context": 4096, "dense_p50_ms": 18.829824447631836, "compact_p50_ms": 16.23347282409668, "speedup": 1.159938150737603, "elapsed_seconds": 2.499674708582461}
{"event": "layer_complete", "layer": 20, "elapsed_seconds": 19.516916346736252}
{"event": "layer_start", "layer": 48}
{"event": "configuration_complete", "layer": 48, "rank": 0, "source_rank": 128, "batch": 256, "context": 4096, "dense_p50_ms": 18.882559776306152, "compact_p50_ms": 18.90559959411621, "speedup": 0.998781323083917, "elapsed_seconds": 2.7061107344925404}
{"event": "configuration_complete", "layer": 48, "rank": 1, "source_rank": 128, "batch": 256, "context": 4096, "dense_p50_ms": 19.084799766540527, "compact_p50_ms": 18.845184326171875, "speedup": 1.0127149427790887, "elapsed_seconds": 2.7040483001619577}
{"event": "configuration_complete", "layer": 48, "rank": 2, "source_rank": 112, "batch": 256, "context": 4096, "dense_p50_ms": 18.840576171875, "compact_p50_ms": 18.21337604522705, "speedup": 1.0344362365928481, "elapsed_seconds": 2.6464157812297344}
{"event": "configuration_complete", "layer": 48, "rank": 3, "source_rank": 96, "batch": 256, "context": 4096, "dense_p50_ms": 18.8472318649292, "compact_p50_ms": 17.587712287902832, "speedup": 1.0716136104803515, "elapsed_seconds": 2.5943221049383283}
{"event": "configuration_complete", "layer": 48, "rank": 4, "source_rank": 128, "batch": 256, "context": 4096, "dense_p50_ms": 18.860544204711914, "compact_p50_ms": 19.001343727111816, "speedup": 0.9925900228730138, "elapsed_seconds": 2.701393911615014}
{"event": "configuration_complete", "layer": 48, "rank": 5, "source_rank": 128, "batch": 256, "context": 4096, "dense_p50_ms": 18.96396827697754, "compact_p50_ms": 18.904064178466797, "speedup": 1.0031688476057428, "elapsed_seconds": 2.70375722553581}
{"event": "configuration_complete", "layer": 48, "rank": 6, "source_rank": 128, "batch": 256, "context": 4096, "dense_p50_ms": 18.862079620361328, "compact_p50_ms": 18.864639282226562, "speedup": 0.9998643142958135, "elapsed_seconds": 2.697726215235889}
{"event": "configuration_complete", "layer": 48, "rank": 7, "source_rank": 112, "batch": 256, "context": 4096, "dense_p50_ms": 18.964991569519043, "compact_p50_ms": 18.286080360412598, "speedup": 1.0371272134719596, "elapsed_seconds": 2.659582198597491}
{"event": "layer_complete", "layer": 48, "elapsed_seconds": 21.578739615157247}
{"event": "layer_start", "layer": 63}
{"event": "configuration_complete", "layer": 63, "rank": 0, "source_rank": 96, "batch": 256, "context": 4096, "dense_p50_ms": 18.93222427368164, "compact_p50_ms": 17.79916763305664, "speedup": 1.0636578442309115, "elapsed_seconds": 2.612300645560026}
{"event": "configuration_complete", "layer": 63, "rank": 1, "source_rank": 80, "batch": 256, "context": 4096, "dense_p50_ms": 19.08787250518799, "compact_p50_ms": 17.10899257659912, "speedup": 1.1156631473027516, "elapsed_seconds": 2.58410713262856}
{"event": "configuration_complete", "layer": 63, "rank": 2, "source_rank": 64, "batch": 256, "context": 4096, "dense_p50_ms": 18.909184455871582, "compact_p50_ms": 16.160768508911133, "speedup": 1.1700671564873266, "elapsed_seconds": 2.504273778758943}
{"event": "configuration_complete", "layer": 63, "rank": 3, "source_rank": 48, "batch": 256, "context": 4096, "dense_p50_ms": 18.840576171875, "compact_p50_ms": 15.524352073669434, "speedup": 1.213614332016481, "elapsed_seconds": 2.453609351068735}
{"event": "configuration_complete", "layer": 63, "rank": 4, "source_rank": 128, "batch": 256, "context": 4096, "dense_p50_ms": 19.067904472351074, "compact_p50_ms": 19.03052806854248, "speedup": 1.0019640234718645, "elapsed_seconds": 2.721584371291101}
{"event": "configuration_complete", "layer": 63, "rank": 5, "source_rank": 128, "batch": 256, "context": 4096, "dense_p50_ms": 19.164671897888184, "compact_p50_ms": 19.056640625, "speedup": 1.0056689568226658, "elapsed_seconds": 2.7129980996251106}
{"event": "configuration_complete", "layer": 63, "rank": 6, "source_rank": 64, "batch": 256, "context": 4096, "dense_p50_ms": 18.877951622009277, "compact_p50_ms": 16.340479850769043, "speedup": 1.1552874697936617, "elapsed_seconds": 2.512854398228228}
{"event": "configuration_complete", "layer": 63, "rank": 7, "source_rank": 48, "batch": 256, "context": 4096, "dense_p50_ms": 19.085824012756348, "compact_p50_ms": 15.699967861175537, "speedup": 1.2156600689580834, "elapsed_seconds": 2.4782312624156475}
{"event": "layer_complete", "layer": 63, "elapsed_seconds": 20.745274734683335}
{"event": "benchmark_complete", "records": 32, "output_json": "/deac/csc/yangGrp/zhangal/BasisServe-CALS/results/evaluation/qwen3_32b_c1_variable_v_decode_b256_s4096.json", "elapsed_seconds": 82.75914808548987}
