#########################BEGIN-PROLOG#########################
JobName   = c1-varv-smoke
Account   = yanggrp
NodeList  = gpu-a100-04
Resources = cpu=2,mem=32G,node=1,billing=4227,gres/gpu=1,gres/gpu:a100_40=1
WorkDir   = /deac/csc/yangGrp/zhangal/BasisServe-CALS
###########################END-PROLOG#########################
{"event": "benchmark_start", "device": "NVIDIA A100-PCIE-40GB", "layers": [0, 20, 48, 63], "ranks": [0, 1, 2, 3, 4, 5, 6, 7], "batches": [1, 8, 32], "contexts": [128, 2048], "dtype": "torch.bfloat16"}
{"event": "layer_start", "layer": 0}
{"event": "configuration_complete", "layer": 0, "rank": 0, "source_rank": 64, "batch": 1, "context": 128, "dense_p50_ms": 0.25548800826072693, "compact_p50_ms": 0.23449599742889404, "speedup": 1.0895196978285238, "elapsed_seconds": 0.2629726054146886}
{"event": "configuration_complete", "layer": 0, "rank": 0, "source_rank": 64, "batch": 1, "context": 2048, "dense_p50_ms": 0.25702400505542755, "compact_p50_ms": 0.25600001215934753, "speedup": 1.003999972060324, "elapsed_seconds": 0.040330784395337105}
{"event": "configuration_complete", "layer": 0, "rank": 0, "source_rank": 64, "batch": 8, "context": 128, "dense_p50_ms": 0.2590720057487488, "compact_p50_ms": 0.25088000297546387, "speedup": 1.0326530718914495, "elapsed_seconds": 0.049490271136164665}
{"event": "configuration_complete", "layer": 0, "rank": 0, "source_rank": 64, "batch": 8, "context": 2048, "dense_p50_ms": 0.5693439841270447, "compact_p50_ms": 0.4904960095882416, "speedup": 1.1607515107105435, "elapsed_seconds": 0.08578472770750523}
{"event": "configuration_complete", "layer": 0, "rank": 0, "source_rank": 64, "batch": 32, "context": 128, "dense_p50_ms": 0.2687999904155731, "compact_p50_ms": 0.2590720057487488, "speedup": 1.0375493470964157, "elapsed_seconds": 0.04164936672896147}
{"event": "configuration_complete", "layer": 0, "rank": 0, "source_rank": 64, "batch": 32, "context": 2048, "dense_p50_ms": 1.2016639709472656, "compact_p50_ms": 1.0383360385894775, "speedup": 1.1572977593840046, "elapsed_seconds": 0.17878771107643843}
{"event": "configuration_complete", "layer": 0, "rank": 1, "source_rank": 64, "batch": 1, "context": 128, "dense_p50_ms": 0.24063999950885773, "compact_p50_ms": 0.23449599742889404, "speedup": 1.0262008825196547, "elapsed_seconds": 0.041225235909223557}
{"event": "configuration_complete", "layer": 0, "rank": 1, "source_rank": 64, "batch": 1, "context": 2048, "dense_p50_ms": 0.2519040107727051, "compact_p50_ms": 0.23347200453281403, "speedup": 1.0789473936148113, "elapsed_seconds": 0.038602123968303204}
{"event": "configuration_complete", "layer": 0, "rank": 1, "source_rank": 64, "batch": 8, "context": 128, "dense_p50_ms": 0.2590720057487488, "compact_p50_ms": 0.2539519965648651, "speedup": 1.0201613267591534, "elapsed_seconds": 0.04080855753272772}
{"event": "configuration_complete", "layer": 0, "rank": 1, "source_rank": 64, "batch": 8, "context": 2048, "dense_p50_ms": 0.3461120128631592, "compact_p50_ms": 0.2979840040206909, "speedup": 1.1615120549864362, "elapsed_seconds": 0.05878211185336113}
{"event": "configuration_complete", "layer": 0, "rank": 1, "source_rank": 64, "batch": 32, "context": 128, "dense_p50_ms": 0.26982399821281433, "compact_p50_ms": 0.2529279887676239, "speedup": 1.0668016597432146, "elapsed_seconds": 0.04094586335122585}
{"event": "configuration_complete", "layer": 0, "rank": 1, "source_rank": 64, "batch": 32, "context": 2048, "dense_p50_ms": 1.2001280188560486, "compact_p50_ms": 1.043455958366394, "speedup": 1.150147267101657, "elapsed_seconds": 0.16975606232881546}
{"event": "configuration_complete", "layer": 0, "rank": 2, "source_rank": 112, "batch": 1, "context": 128, "dense_p50_ms": 0.24115200340747833, "compact_p50_ms": 0.23552000522613525, "speedup": 1.023913035225757, "elapsed_seconds": 0.037435649894177914}
{"event": "configuration_complete", "layer": 0, "rank": 2, "source_rank": 112, "batch": 1, "context": 2048, "dense_p50_ms": 0.24371199309825897, "compact_p50_ms": 0.23500800132751465, "speedup": 1.037037001810905, "elapsed_seconds": 0.03769217152148485}
{"event": "configuration_complete", "layer": 0, "rank": 2, "source_rank": 112, "batch": 8, "context": 128, "dense_p50_ms": 0.2611199915409088, "compact_p50_ms": 0.2513920068740845, "speedup": 1.038696475626995, "elapsed_seconds": 0.04046435095369816}
{"event": "configuration_complete", "layer": 0, "rank": 2, "source_rank": 112, "batch": 8, "context": 2048, "dense_p50_ms": 0.3461120128631592, "compact_p50_ms": 0.3328000009059906, "speedup": 1.040000035820099, "elapsed_seconds": 0.05909343622624874}
{"event": "configuration_complete", "layer": 0, "rank": 2, "source_rank": 112, "batch": 32, "context": 128, "dense_p50_ms": 0.2616319954395294, "compact_p50_ms": 0.25651200115680695, "speedup": 1.019960057461766, "elapsed_seconds": 0.041271958500146866}
{"event": "configuration_complete", "layer": 0, "rank": 2, "source_rank": 112, "batch": 32, "context": 2048, "dense_p50_ms": 1.2113920450210571, "compact_p50_ms": 1.171455979347229, "speedup": 1.0340909657536441, "elapsed_seconds": 0.17952443473041058}
{"event": "configuration_complete", "layer": 0, "rank": 3, "source_rank": 64, "batch": 1, "context": 128, "dense_p50_ms": 0.24371199309825897, "compact_p50_ms": 0.23398400098085403, "speedup": 1.0415754584784664, "elapsed_seconds": 0.039407722651958466}
{"event": "configuration_complete", "layer": 0, "rank": 3, "source_rank": 64, "batch": 1, "context": 2048, "dense_p50_ms": 0.2457599937915802, "compact_p50_ms": 0.23347200453281403, "speedup": 1.0526315319190191, "elapsed_seconds": 0.03786803130060434}
{"event": "configuration_complete", "layer": 0, "rank": 3, "source_rank": 64, "batch": 8, "context": 128, "dense_p50_ms": 0.2595840096473694, "compact_p50_ms": 0.2519040107727051, "speedup": 1.0304877991069148, "elapsed_seconds": 0.04043230880051851}
{"event": "configuration_complete", "layer": 0, "rank": 3, "source_rank": 64, "batch": 8, "context": 2048, "dense_p50_ms": 0.3481599986553192, "compact_p50_ms": 0.29900801181793213, "speedup": 1.1643835111258358, "elapsed_seconds": 0.05659959092736244}
{"event": "configuration_complete", "layer": 0, "rank": 3, "source_rank": 64, "batch": 32, "context": 128, "dense_p50_ms": 0.2611199915409088, "compact_p50_ms": 0.24934399873018265, "speedup": 1.0472278974857905, "elapsed_seconds": 0.04073438420891762}
{"event": "configuration_complete", "layer": 0, "rank": 3, "source_rank": 64, "batch": 32, "context": 2048, "dense_p50_ms": 1.1924480199813843, "compact_p50_ms": 1.0393600463867188, "speedup": 1.1472906084151184, "elapsed_seconds": 0.16930046025663614}
{"event": "configuration_complete", "layer": 0, "rank": 4, "source_rank": 96, "batch": 1, "context": 128, "dense_p50_ms": 0.24166400730609894, "compact_p50_ms": 0.2385919988155365, "speedup": 1.0128755721307214, "elapsed_seconds": 0.037614778615534306}
{"event": "configuration_complete", "layer": 0, "rank": 4, "source_rank": 96, "batch": 1, "context": 2048, "dense_p50_ms": 0.25088000297546387, "compact_p50_ms": 0.23654399812221527, "speedup": 1.0606060816044955, "elapsed_seconds": 0.039722745306789875}
{"event": "configuration_complete", "layer": 0, "rank": 4, "source_rank": 96, "batch": 8, "context": 128, "dense_p50_ms": 0.2616319954395294, "compact_p50_ms": 0.2539519965648651, "speedup": 1.030241931461652, "elapsed_seconds": 0.04081676807254553}
{"event": "configuration_complete", "layer": 0, "rank": 4, "source_rank": 96, "batch": 8, "context": 2048, "dense_p50_ms": 0.347135990858078, "compact_p50_ms": 0.3164159953594208, "speedup": 1.097087365838639, "elapsed_seconds": 0.05802571773529053}
{"event": "configuration_complete", "layer": 0, "rank": 4, "source_rank": 96, "batch": 32, "context": 128, "dense_p50_ms": 0.26214399933815, "compact_p50_ms": 0.2549760043621063, "speedup": 1.028112429614608, "elapsed_seconds": 0.0408962806686759}
{"event": "configuration_complete", "layer": 0, "rank": 4, "source_rank": 96, "batch": 32, "context": 2048, "dense_p50_ms": 1.210368037223816, "compact_p50_ms": 1.1335680484771729, "speedup": 1.0677506646820327, "elapsed_seconds": 0.17625731322914362}
{"event": "configuration_complete", "layer": 0, "rank": 5, "source_rank": 112, "batch": 1, "context": 128, "dense_p50_ms": 0.2457600012421608, "compact_p50_ms": 0.23347200453281403, "speedup": 1.0526315638311132, "elapsed_seconds": 0.03768432047218084}
{"event": "configuration_complete", "layer": 0, "rank": 5, "source_rank": 112, "batch": 1, "context": 2048, "dense_p50_ms": 0.24473600089550018, "compact_p50_ms": 0.23603200167417526, "speedup": 1.0368763521877857, "elapsed_seconds": 0.03780963830649853}
{"event": "configuration_complete", "layer": 0, "rank": 5, "source_rank": 112, "batch": 8, "context": 128, "dense_p50_ms": 0.26009601354599, "compact_p50_ms": 0.2519040107727051, "speedup": 1.0325203348218088, "elapsed_seconds": 0.04085003864020109}
{"event": "configuration_complete", "layer": 0, "rank": 5, "source_rank": 112, "batch": 8, "context": 2048, "dense_p50_ms": 0.347135990858078, "compact_p50_ms": 0.3338240087032318, "speedup": 1.0398772461170716, "elapsed_seconds": 0.058938778936862946}
{"event": "configuration_complete", "layer": 0, "rank": 5, "source_rank": 112, "batch": 32, "context": 128, "dense_p50_ms": 0.2595840096473694, "compact_p50_ms": 0.2524159997701645, "speedup": 1.028397605079439, "elapsed_seconds": 0.04040814843028784}
{"event": "configuration_complete", "layer": 0, "rank": 5, "source_rank": 112, "batch": 32, "context": 2048, "dense_p50_ms": 1.1909120082855225, "compact_p50_ms": 1.1683839559555054, "speedup": 1.0192813776799885, "elapsed_seconds": 0.17987557128071785}
{"event": "configuration_complete", "layer": 0, "rank": 6, "source_rank": 80, "batch": 1, "context": 128, "dense_p50_ms": 0.24371199309825897, "compact_p50_ms": 0.23603200167417526, "speedup": 1.0325379243899535, "elapsed_seconds": 0.03779593575745821}
{"event": "configuration_complete", "layer": 0, "rank": 6, "source_rank": 80, "batch": 1, "context": 2048, "dense_p50_ms": 0.24473600089550018, "compact_p50_ms": 0.23756800591945648, "speedup": 1.030172391893856, "elapsed_seconds": 0.03918243106454611}
{"event": "configuration_complete", "layer": 0, "rank": 6, "source_rank": 80, "batch": 8, "context": 128, "dense_p50_ms": 0.26214399933815, "compact_p50_ms": 0.24985599517822266, "speedup": 1.0491803454672453, "elapsed_seconds": 0.040634979493916035}
{"event": "configuration_complete", "layer": 0, "rank": 6, "source_rank": 80, "batch": 8, "context": 2048, "dense_p50_ms": 0.347135990858078, "compact_p50_ms": 0.30720001459121704, "speedup": 1.1299999165690233, "elapsed_seconds": 0.057167356833815575}
{"event": "configuration_complete", "layer": 0, "rank": 6, "source_rank": 80, "batch": 32, "context": 128, "dense_p50_ms": 0.2595840096473694, "compact_p50_ms": 0.2519040107727051, "speedup": 1.0304877991069148, "elapsed_seconds": 0.04022577032446861}
{"event": "configuration_complete", "layer": 0, "rank": 6, "source_rank": 80, "batch": 32, "context": 2048, "dense_p50_ms": 1.2001279592514038, "compact_p50_ms": 1.092095971107483, "speedup": 1.098921698277457, "elapsed_seconds": 0.17336558923125267}
{"event": "configuration_complete", "layer": 0, "rank": 7, "source_rank": 128, "batch": 1, "context": 128, "dense_p50_ms": 0.2544640004634857, "compact_p50_ms": 0.23449599742889404, "speedup": 1.085152852302507, "elapsed_seconds": 0.03803183790296316}
{"event": "configuration_complete", "layer": 0, "rank": 7, "source_rank": 128, "batch": 1, "context": 2048, "dense_p50_ms": 0.24473600089550018, "compact_p50_ms": 0.23552000522613525, "speedup": 1.0391304155267667, "elapsed_seconds": 0.03796295542269945}
{"event": "configuration_complete", "layer": 0, "rank": 7, "source_rank": 128, "batch": 8, "context": 128, "dense_p50_ms": 0.26009601354599, "compact_p50_ms": 0.2524159997701645, "speedup": 1.0304260180924287, "elapsed_seconds": 0.04046829044818878}
{"event": "configuration_complete", "layer": 0, "rank": 7, "source_rank": 128, "batch": 8, "context": 2048, "dense_p50_ms": 0.3461120128631592, "compact_p50_ms": 0.3399679958820343, "speedup": 1.0180723393247193, "elapsed_seconds": 0.05931790638715029}
{"event": "configuration_complete", "layer": 0, "rank": 7, "source_rank": 128, "batch": 32, "context": 128, "dense_p50_ms": 0.26521599292755127, "compact_p50_ms": 0.25651200115680695, "speedup": 1.0339321034941502, "elapsed_seconds": 0.0418953076004982}
{"event": "configuration_complete", "layer": 0, "rank": 7, "source_rank": 128, "batch": 32, "context": 2048, "dense_p50_ms": 1.1919360160827637, "compact_p50_ms": 1.2042239904403687, "speedup": 0.9897959395800515, "elapsed_seconds": 0.18150845728814602}
{"event": "layer_complete", "layer": 0, "elapsed_seconds": 3.656369118951261}
{"event": "layer_start", "layer": 20}
{"event": "configuration_complete", "layer": 20, "rank": 0, "source_rank": 64, "batch": 1, "context": 128, "dense_p50_ms": 0.23756800591945648, "compact_p50_ms": 0.22886399924755096, "speedup": 1.0380313491878241, "elapsed_seconds": 0.03755911625921726}
{"event": "configuration_complete", "layer": 20, "rank": 0, "source_rank": 64, "batch": 1, "context": 2048, "dense_p50_ms": 0.2391040027141571, "compact_p50_ms": 0.2319360002875328, "speedup": 1.0309050876868535, "elapsed_seconds": 0.0374324694275856}
{"event": "configuration_complete", "layer": 20, "rank": 0, "source_rank": 64, "batch": 8, "context": 128, "dense_p50_ms": 0.26214399933815, "compact_p50_ms": 0.2590720057487488, "speedup": 1.0118576825022945, "elapsed_seconds": 0.0405055433511734}
{"event": "configuration_complete", "layer": 20, "rank": 0, "source_rank": 64, "batch": 8, "context": 2048, "dense_p50_ms": 0.3461120128631592, "compact_p50_ms": 0.2979840040206909, "speedup": 1.1615120549864362, "elapsed_seconds": 0.06393721140921116}
{"event": "configuration_complete", "layer": 20, "rank": 0, "source_rank": 64, "batch": 32, "context": 128, "dense_p50_ms": 0.26419198513031006, "compact_p50_ms": 0.25600001215934753, "speedup": 1.031999892897909, "elapsed_seconds": 0.041604974307119846}
{"event": "configuration_complete", "layer": 20, "rank": 0, "source_rank": 64, "batch": 32, "context": 2048, "dense_p50_ms": 1.1909120082855225, "compact_p50_ms": 1.0393600463867188, "speedup": 1.1458127647158136, "elapsed_seconds": 0.16968514770269394}
{"event": "configuration_complete", "layer": 20, "rank": 1, "source_rank": 32, "batch": 1, "context": 128, "dense_p50_ms": 0.27238398790359497, "compact_p50_ms": 0.23244799673557281, "speedup": 1.1718061318181734, "elapsed_seconds": 0.040227729827165604}
{"event": "configuration_complete", "layer": 20, "rank": 1, "source_rank": 32, "batch": 1, "context": 2048, "dense_p50_ms": 0.26419200003147125, "compact_p50_ms": 0.23705600202083588, "speedup": 1.114470832964821, "elapsed_seconds": 0.03944676462560892}
{"event": "configuration_complete", "layer": 20, "rank": 1, "source_rank": 32, "batch": 8, "context": 128, "dense_p50_ms": 0.26009601354599, "compact_p50_ms": 0.27187199890613556, "speedup": 0.9566855527324414, "elapsed_seconds": 0.042391431517899036}
{"event": "configuration_complete", "layer": 20, "rank": 1, "source_rank": 32, "batch": 8, "context": 2048, "dense_p50_ms": 0.3461120128631592, "compact_p50_ms": 0.27955201268196106, "speedup": 1.2380952279421493, "elapsed_seconds": 0.05584744643419981}
{"event": "configuration_complete", "layer": 20, "rank": 1, "source_rank": 32, "batch": 32, "context": 128, "dense_p50_ms": 0.2682879865169525, "compact_p50_ms": 0.26265600323677063, "speedup": 1.0214424312057506, "elapsed_seconds": 0.041986522264778614}
{"event": "configuration_complete", "layer": 20, "rank": 1, "source_rank": 32, "batch": 32, "context": 2048, "dense_p50_ms": 1.2165119647979736, "compact_p50_ms": 0.9605119824409485, "speedup": 1.2665245067598767, "elapsed_seconds": 0.16561057791113853}
{"event": "configuration_complete", "layer": 20, "rank": 2, "source_rank": 32, "batch": 1, "context": 128, "dense_p50_ms": 0.2672639936208725, "compact_p50_ms": 0.24268800020217896, "speedup": 1.101265795582063, "elapsed_seconds": 0.039701844565570354}
{"event": "configuration_complete", "layer": 20, "rank": 2, "source_rank": 32, "batch": 1, "context": 2048, "dense_p50_ms": 0.25599999725818634, "compact_p50_ms": 0.2549760043621063, "speedup": 1.0040160363271902, "elapsed_seconds": 0.04088786989450455}
{"event": "configuration_complete", "layer": 20, "rank": 2, "source_rank": 32, "batch": 8, "context": 128, "dense_p50_ms": 0.28006400167942047, "compact_p50_ms": 0.2667520046234131, "speedup": 1.049904018808783, "elapsed_seconds": 0.04366573039442301}
{"event": "configuration_complete", "layer": 20, "rank": 2, "source_rank": 32, "batch": 8, "context": 2048, "dense_p50_ms": 0.3461120128631592, "compact_p50_ms": 0.2805759906768799, "speedup": 1.2335767291712163, "elapsed_seconds": 0.05585204716771841}
{"event": "configuration_complete", "layer": 20, "rank": 2, "source_rank": 32, "batch": 32, "context": 128, "dense_p50_ms": 0.2606080025434494, "compact_p50_ms": 0.2616320103406906, "speedup": 0.9960860760275175, "elapsed_seconds": 0.042052204720675945}
{"event": "configuration_complete", "layer": 20, "rank": 2, "source_rank": 32, "batch": 32, "context": 2048, "dense_p50_ms": 1.2016639709472656, "compact_p50_ms": 0.9605119824409485, "speedup": 1.2510660907045406, "elapsed_seconds": 0.16442569252103567}
{"event": "configuration_complete", "layer": 20, "rank": 3, "source_rank": 32, "batch": 1, "context": 128, "dense_p50_ms": 0.2590720057487488, "compact_p50_ms": 0.23449600487947464, "speedup": 1.104803494975983, "elapsed_seconds": 0.04114644229412079}
{"event": "configuration_complete", "layer": 20, "rank": 3, "source_rank": 32, "batch": 1, "context": 2048, "dense_p50_ms": 0.2519040107727051, "compact_p50_ms": 0.24268800020217896, "speedup": 1.037974727068699, "elapsed_seconds": 0.039102538488805294}
{"event": "configuration_complete", "layer": 20, "rank": 3, "source_rank": 32, "batch": 8, "context": 128, "dense_p50_ms": 0.27238400280475616, "compact_p50_ms": 0.26521599292755127, "speedup": 1.0270270649898665, "elapsed_seconds": 0.04285277146846056}
{"event": "configuration_complete", "layer": 20, "rank": 3, "source_rank": 32, "batch": 8, "context": 2048, "dense_p50_ms": 0.3461120128631592, "compact_p50_ms": 0.27955201268196106, "speedup": 1.2380952279421493, "elapsed_seconds": 0.055492269806563854}
{"event": "configuration_complete", "layer": 20, "rank": 3, "source_rank": 32, "batch": 32, "context": 128, "dense_p50_ms": 0.2677759975194931, "compact_p50_ms": 0.2595840096473694, "speedup": 1.031558137511059, "elapsed_seconds": 0.04185722582042217}
{"event": "configuration_complete", "layer": 20, "rank": 3, "source_rank": 32, "batch": 32, "context": 2048, "dense_p50_ms": 1.1919360160827637, "compact_p50_ms": 0.9615359902381897, "speedup": 1.2396166427296182, "elapsed_seconds": 0.16479836963117123}
{"event": "configuration_complete", "layer": 20, "rank": 4, "source_rank": 48, "batch": 1, "context": 128, "dense_p50_ms": 0.24780799448490143, "compact_p50_ms": 0.25753600895404816, "speedup": 0.9622265852893508, "elapsed_seconds": 0.03918478265404701}
{"event": "configuration_complete", "layer": 20, "rank": 4, "source_rank": 48, "batch": 1, "context": 2048, "dense_p50_ms": 0.24371200054883957, "compact_p50_ms": 0.24217599630355835, "speedup": 1.0063425123411318, "elapsed_seconds": 0.03802945651113987}
{"event": "configuration_complete", "layer": 20, "rank": 4, "source_rank": 48, "batch": 8, "context": 128, "dense_p50_ms": 0.25753599405288696, "compact_p50_ms": 0.25036799907684326, "speedup": 1.028629836889992, "elapsed_seconds": 0.0410779993981123}
{"event": "configuration_complete", "layer": 20, "rank": 4, "source_rank": 48, "batch": 8, "context": 2048, "dense_p50_ms": 0.347135990858078, "compact_p50_ms": 0.2877439856529236, "speedup": 1.2064057223312148, "elapsed_seconds": 0.056030694395303726}
{"event": "configuration_complete", "layer": 20, "rank": 4, "source_rank": 48, "batch": 32, "context": 128, "dense_p50_ms": 0.26316799223423004, "compact_p50_ms": 0.2595840096473694, "speedup": 1.0138066385203361, "elapsed_seconds": 0.04243558179587126}
{"event": "configuration_complete", "layer": 20, "rank": 4, "source_rank": 48, "batch": 32, "context": 2048, "dense_p50_ms": 1.201151967048645, "compact_p50_ms": 1.0158079862594604, "speedup": 1.1824596609755769, "elapsed_seconds": 0.16766245383769274}
{"event": "configuration_complete", "layer": 20, "rank": 5, "source_rank": 32, "batch": 1, "context": 128, "dense_p50_ms": 0.25036799907684326, "compact_p50_ms": 0.24371199309825897, "speedup": 1.0273109496745232, "elapsed_seconds": 0.038995712995529175}
{"event": "configuration_complete", "layer": 20, "rank": 5, "source_rank": 32, "batch": 1, "context": 2048, "dense_p50_ms": 0.26316800713539124, "compact_p50_ms": 0.23449599742889404, "speedup": 1.1222707850917215, "elapsed_seconds": 0.03913374897092581}
{"event": "configuration_complete", "layer": 20, "rank": 5, "source_rank": 32, "batch": 8, "context": 128, "dense_p50_ms": 0.2872319966554642, "compact_p50_ms": 0.25804799795150757, "speedup": 1.1130952339705456, "elapsed_seconds": 0.04281619191169739}
{"event": "configuration_complete", "layer": 20, "rank": 5, "source_rank": 32, "batch": 8, "context": 2048, "dense_p50_ms": 0.3461120128631592, "compact_p50_ms": 0.27955201268196106, "speedup": 1.2380952279421493, "elapsed_seconds": 0.05583265423774719}
{"event": "configuration_complete", "layer": 20, "rank": 5, "source_rank": 32, "batch": 32, "context": 128, "dense_p50_ms": 0.2728959918022156, "compact_p50_ms": 0.2616319954395294, "speedup": 1.043052824421429, "elapsed_seconds": 0.041975321248173714}
{"event": "configuration_complete", "layer": 20, "rank": 5, "source_rank": 32, "batch": 32, "context": 2048, "dense_p50_ms": 1.2001280188560486, "compact_p50_ms": 0.9574400186538696, "speedup": 1.2534759311015542, "elapsed_seconds": 0.16407443676143885}
{"event": "configuration_complete", "layer": 20, "rank": 6, "source_rank": 32, "batch": 1, "context": 128, "dense_p50_ms": 0.2396160066127777, "compact_p50_ms": 0.2314240038394928, "speedup": 1.0353982414847795, "elapsed_seconds": 0.0369286360219121}
{"event": "configuration_complete", "layer": 20, "rank": 6, "source_rank": 32, "batch": 1, "context": 2048, "dense_p50_ms": 0.24268800020217896, "compact_p50_ms": 0.23347200453281403, "speedup": 1.0394736648953113, "elapsed_seconds": 0.03741002827882767}
{"event": "configuration_complete", "layer": 20, "rank": 6, "source_rank": 32, "batch": 8, "context": 128, "dense_p50_ms": 0.25804799795150757, "compact_p50_ms": 0.24883200228214264, "speedup": 1.037037019293504, "elapsed_seconds": 0.04018393810838461}
{"event": "configuration_complete", "layer": 20, "rank": 6, "source_rank": 32, "batch": 8, "context": 2048, "dense_p50_ms": 0.347135990858078, "compact_p50_ms": 0.2805759906768799, "speedup": 1.2372262859007446, "elapsed_seconds": 0.05485012009739876}
{"event": "configuration_complete", "layer": 20, "rank": 6, "source_rank": 32, "batch": 32, "context": 128, "dense_p50_ms": 0.25702399015426636, "compact_p50_ms": 0.24985599517822266, "speedup": 1.028688505036394, "elapsed_seconds": 0.040057423524558544}
{"event": "configuration_complete", "layer": 20, "rank": 6, "source_rank": 32, "batch": 32, "context": 2048, "dense_p50_ms": 1.201151967048645, "compact_p50_ms": 0.9574400186538696, "speedup": 1.2545453956869557, "elapsed_seconds": 0.16409102641046047}
{"event": "configuration_complete", "layer": 20, "rank": 7, "source_rank": 64, "batch": 1, "context": 128, "dense_p50_ms": 0.24268800020217896, "compact_p50_ms": 0.2314240038394928, "speedup": 1.0486725498470697, "elapsed_seconds": 0.03755861520767212}
{"event": "configuration_complete", "layer": 20, "rank": 7, "source_rank": 64, "batch": 1, "context": 2048, "dense_p50_ms": 0.24422399699687958, "compact_p50_ms": 0.23244799673557281, "speedup": 1.0506607947871578, "elapsed_seconds": 0.03794762399047613}
{"event": "configuration_complete", "layer": 20, "rank": 7, "source_rank": 64, "batch": 8, "context": 128, "dense_p50_ms": 0.26009601354599, "compact_p50_ms": 0.2529279887676239, "speedup": 1.0283401801963155, "elapsed_seconds": 0.04073489364236593}
{"event": "configuration_complete", "layer": 20, "rank": 7, "source_rank": 64, "batch": 8, "context": 2048, "dense_p50_ms": 0.34508800506591797, "compact_p50_ms": 0.2969599962234497, "speedup": 1.1620689973549636, "elapsed_seconds": 0.05670299660414457}
{"event": "configuration_complete", "layer": 20, "rank": 7, "source_rank": 64, "batch": 32, "context": 128, "dense_p50_ms": 0.2687999904155731, "compact_p50_ms": 0.2529280036687851, "speedup": 1.06275298312785, "elapsed_seconds": 0.04102059733122587}
{"event": "configuration_complete", "layer": 20, "rank": 7, "source_rank": 64, "batch": 32, "context": 2048, "dense_p50_ms": 1.2113920450210571, "compact_p50_ms": 1.0393600463867188, "speedup": 1.1655172326783185, "elapsed_seconds": 0.16983763501048088}
{"event": "layer_complete", "layer": 20, "elapsed_seconds": 3.1849839547649026}
{"event": "layer_start", "layer": 48}
{"event": "configuration_complete", "layer": 48, "rank": 0, "source_rank": 128, "batch": 1, "context": 128, "dense_p50_ms": 0.2396160066127777, "compact_p50_ms": 0.2314240038394928, "speedup": 1.0353982414847795, "elapsed_seconds": 0.03861107490956783}
{"event": "configuration_complete", "layer": 48, "rank": 0, "source_rank": 128, "batch": 1, "context": 2048, "dense_p50_ms": 0.24063999950885773, "compact_p50_ms": 0.24166400730609894, "speedup": 0.995762679727709, "elapsed_seconds": 0.03793329373002052}
{"event": "configuration_complete", "layer": 48, "rank": 0, "source_rank": 128, "batch": 8, "context": 128, "dense_p50_ms": 0.2595840096473694, "compact_p50_ms": 0.2519040107727051, "speedup": 1.0304877991069148, "elapsed_seconds": 0.04101744759827852}
{"event": "configuration_complete", "layer": 48, "rank": 0, "source_rank": 128, "batch": 8, "context": 2048, "dense_p50_ms": 0.347135990858078, "compact_p50_ms": 0.3399679958820343, "speedup": 1.021084322827055, "elapsed_seconds": 0.05962009076029062}
{"event": "configuration_complete", "layer": 48, "rank": 0, "source_rank": 128, "batch": 32, "context": 128, "dense_p50_ms": 0.2687999904155731, "compact_p50_ms": 0.25702399015426636, "speedup": 1.0458167358394785, "elapsed_seconds": 0.04135143291205168}
{"event": "configuration_complete", "layer": 48, "rank": 0, "source_rank": 128, "batch": 32, "context": 2048, "dense_p50_ms": 1.2113920450210571, "compact_p50_ms": 1.21343994140625, "speedup": 0.9983123215947387, "elapsed_seconds": 0.18250085320323706}
{"event": "configuration_complete", "layer": 48, "rank": 1, "source_rank": 128, "batch": 1, "context": 128, "dense_p50_ms": 0.24473600089550018, "compact_p50_ms": 0.23449599742889404, "speedup": 1.0436681375327577, "elapsed_seconds": 0.04079345613718033}
{"event": "configuration_complete", "layer": 48, "rank": 1, "source_rank": 128, "batch": 1, "context": 2048, "dense_p50_ms": 0.2462719976902008, "compact_p50_ms": 0.23552000522613525, "speedup": 1.0456521409030286, "elapsed_seconds": 0.03815053403377533}
{"event": "configuration_complete", "layer": 48, "rank": 1, "source_rank": 128, "batch": 8, "context": 128, "dense_p50_ms": 0.2611199915409088, "compact_p50_ms": 0.2544640004634857, "speedup": 1.0261569065380554, "elapsed_seconds": 0.04074295423924923}
{"event": "configuration_complete", "layer": 48, "rank": 1, "source_rank": 128, "batch": 8, "context": 2048, "dense_p50_ms": 0.347135990858078, "compact_p50_ms": 0.3409920036792755, "speedup": 1.0180179802239038, "elapsed_seconds": 0.059800419956445694}
{"event": "configuration_complete", "layer": 48, "rank": 1, "source_rank": 128, "batch": 32, "context": 128, "dense_p50_ms": 0.26265600323677063, "compact_p50_ms": 0.2524159997701645, "speedup": 1.0405679650890993, "elapsed_seconds": 0.04122135601937771}
{"event": "configuration_complete", "layer": 48, "rank": 1, "source_rank": 128, "batch": 32, "context": 2048, "dense_p50_ms": 1.2113920450210571, "compact_p50_ms": 1.21343994140625, "speedup": 0.9983123215947387, "elapsed_seconds": 0.18198587000370026}
{"event": "configuration_complete", "layer": 48, "rank": 2, "source_rank": 112, "batch": 1, "context": 128, "dense_p50_ms": 0.25088000297546387, "compact_p50_ms": 0.24371199309825897, "speedup": 1.029411806066987, "elapsed_seconds": 0.03893011994659901}
{"event": "configuration_complete", "layer": 48, "rank": 2, "source_rank": 112, "batch": 1, "context": 2048, "dense_p50_ms": 0.2590720057487488, "compact_p50_ms": 0.2457600012421608, "speedup": 1.054166684730242, "elapsed_seconds": 0.03917501121759415}
{"event": "configuration_complete", "layer": 48, "rank": 2, "source_rank": 112, "batch": 8, "context": 128, "dense_p50_ms": 0.27136000990867615, "compact_p50_ms": 0.25804799795150757, "speedup": 1.0515873483338172, "elapsed_seconds": 0.04173739068210125}
{"event": "configuration_complete", "layer": 48, "rank": 2, "source_rank": 112, "batch": 8, "context": 2048, "dense_p50_ms": 0.347135990858078, "compact_p50_ms": 0.3338240087032318, "speedup": 1.0398772461170716, "elapsed_seconds": 0.05933529790490866}
{"event": "configuration_complete", "layer": 48, "rank": 2, "source_rank": 112, "batch": 32, "context": 128, "dense_p50_ms": 0.27084800601005554, "compact_p50_ms": 0.26214399933815, "speedup": 1.0332031505351296, "elapsed_seconds": 0.04202421382069588}
{"event": "configuration_complete", "layer": 48, "rank": 2, "source_rank": 112, "batch": 32, "context": 2048, "dense_p50_ms": 1.201151967048645, "compact_p50_ms": 1.1694079637527466, "speedup": 1.027145362679102, "elapsed_seconds": 0.17888096533715725}
{"event": "configuration_complete", "layer": 48, "rank": 3, "source_rank": 96, "batch": 1, "context": 128, "dense_p50_ms": 0.24780799448490143, "compact_p50_ms": 0.23244799673557281, "speedup": 1.0660792863997093, "elapsed_seconds": 0.04107039887458086}
{"event": "configuration_complete", "layer": 48, "rank": 3, "source_rank": 96, "batch": 1, "context": 2048, "dense_p50_ms": 0.2457600012421608, "compact_p50_ms": 0.24063999950885773, "speedup": 1.0212766029909945, "elapsed_seconds": 0.03841045591980219}
{"event": "configuration_complete", "layer": 48, "rank": 3, "source_rank": 96, "batch": 8, "context": 128, "dense_p50_ms": 0.2662400007247925, "compact_p50_ms": 0.25804799795150757, "speedup": 1.0317460427452119, "elapsed_seconds": 0.04153478145599365}
{"event": "configuration_complete", "layer": 48, "rank": 3, "source_rank": 96, "batch": 8, "context": 2048, "dense_p50_ms": 0.34508800506591797, "compact_p50_ms": 0.31436800956726074, "speedup": 1.0977198524141958, "elapsed_seconds": 0.05781478714197874}
{"event": "configuration_complete", "layer": 48, "rank": 3, "source_rank": 96, "batch": 32, "context": 128, "dense_p50_ms": 0.27033600211143494, "compact_p50_ms": 0.2611199915409088, "speedup": 1.0352941592719158, "elapsed_seconds": 0.04226275533437729}
{"event": "configuration_complete", "layer": 48, "rank": 3, "source_rank": 96, "batch": 32, "context": 2048, "dense_p50_ms": 1.2001279592514038, "compact_p50_ms": 1.1284480094909668, "speedup": 1.0635208260881874, "elapsed_seconds": 0.1758133126422763}
{"event": "configuration_complete", "layer": 48, "rank": 4, "source_rank": 128, "batch": 1, "context": 128, "dense_p50_ms": 0.24217600375413895, "compact_p50_ms": 0.23347200453281403, "speedup": 1.0372806976953914, "elapsed_seconds": 0.0374620221555233}
{"event": "configuration_complete", "layer": 48, "rank": 4, "source_rank": 128, "batch": 1, "context": 2048, "dense_p50_ms": 0.24217600375413895, "compact_p50_ms": 0.23654399812221527, "speedup": 1.0238095478077351, "elapsed_seconds": 0.04603026993572712}
{"event": "configuration_complete", "layer": 48, "rank": 4, "source_rank": 128, "batch": 8, "context": 128, "dense_p50_ms": 0.25804799795150757, "compact_p50_ms": 0.25804799795150757, "speedup": 1.0, "elapsed_seconds": 0.0405418137088418}
{"event": "configuration_complete", "layer": 48, "rank": 4, "source_rank": 128, "batch": 8, "context": 2048, "dense_p50_ms": 0.3461120128631592, "compact_p50_ms": 0.3399679958820343, "speedup": 1.0180723393247193, "elapsed_seconds": 0.05931527726352215}
{"event": "configuration_complete", "layer": 48, "rank": 4, "source_rank": 128, "batch": 32, "context": 128, "dense_p50_ms": 0.2606080025434494, "compact_p50_ms": 0.2529279887676239, "speedup": 1.0303644282835043, "elapsed_seconds": 0.040794347412884235}
{"event": "configuration_complete", "layer": 48, "rank": 4, "source_rank": 128, "batch": 32, "context": 2048, "dense_p50_ms": 1.2006399631500244, "compact_p50_ms": 1.2144639492034912, "speedup": 0.9886172116821308, "elapsed_seconds": 0.1816283632069826}
{"event": "configuration_complete", "layer": 48, "rank": 5, "source_rank": 128, "batch": 1, "context": 128, "dense_p50_ms": 0.24268800020217896, "compact_p50_ms": 0.23449600487947464, "speedup": 1.034934477143501, "elapsed_seconds": 0.037521214224398136}
{"event": "configuration_complete", "layer": 48, "rank": 5, "source_rank": 128, "batch": 1, "context": 2048, "dense_p50_ms": 0.24985599517822266, "compact_p50_ms": 0.2380800023674965, "speedup": 1.0494623349026557, "elapsed_seconds": 0.03852237015962601}
{"event": "configuration_complete", "layer": 48, "rank": 5, "source_rank": 128, "batch": 8, "context": 128, "dense_p50_ms": 0.26112000644207, "compact_p50_ms": 0.2529279887676239, "speedup": 1.0323887352853325, "elapsed_seconds": 0.04081997834146023}
{"event": "configuration_complete", "layer": 48, "rank": 5, "source_rank": 128, "batch": 8, "context": 2048, "dense_p50_ms": 0.347135990858078, "compact_p50_ms": 0.3409920036792755, "speedup": 1.0180179802239038, "elapsed_seconds": 0.059349109418690205}
{"event": "configuration_complete", "layer": 48, "rank": 5, "source_rank": 128, "batch": 32, "context": 128, "dense_p50_ms": 0.2590720057487488, "compact_p50_ms": 0.2590720057487488, "speedup": 1.0, "elapsed_seconds": 0.040374706499278545}
{"event": "configuration_complete", "layer": 48, "rank": 5, "source_rank": 128, "batch": 32, "context": 2048, "dense_p50_ms": 1.201151967048645, "compact_p50_ms": 1.198591947555542, "speedup": 1.0021358557416675, "elapsed_seconds": 0.1809574719518423}
{"event": "configuration_complete", "layer": 48, "rank": 6, "source_rank": 128, "batch": 1, "context": 128, "dense_p50_ms": 0.24422400444746017, "compact_p50_ms": 0.2314240038394928, "speedup": 1.0553097362227168, "elapsed_seconds": 0.03723164089024067}
{"event": "configuration_complete", "layer": 48, "rank": 6, "source_rank": 128, "batch": 1, "context": 2048, "dense_p50_ms": 0.25088000297546387, "compact_p50_ms": 0.24371199309825897, "speedup": 1.029411806066987, "elapsed_seconds": 0.038476698100566864}
{"event": "configuration_complete", "layer": 48, "rank": 6, "source_rank": 128, "batch": 8, "context": 128, "dense_p50_ms": 0.2600959986448288, "compact_p50_ms": 0.2513920068740845, "speedup": 1.034623184241112, "elapsed_seconds": 0.04032960440963507}
{"event": "configuration_complete", "layer": 48, "rank": 6, "source_rank": 128, "batch": 8, "context": 2048, "dense_p50_ms": 0.347135990858078, "compact_p50_ms": 0.3399679958820343, "speedup": 1.021084322827055, "elapsed_seconds": 0.059519716538488865}
{"event": "configuration_complete", "layer": 48, "rank": 6, "source_rank": 128, "batch": 32, "context": 128, "dense_p50_ms": 0.2606080025434494, "compact_p50_ms": 0.2539519965648651, "speedup": 1.0262097013160683, "elapsed_seconds": 0.04045859072357416}
{"event": "configuration_complete", "layer": 48, "rank": 6, "source_rank": 128, "batch": 32, "context": 2048, "dense_p50_ms": 1.191424012184143, "compact_p50_ms": 1.2093440294265747, "speedup": 0.9851820352138104, "elapsed_seconds": 0.18116383161395788}
{"event": "configuration_complete", "layer": 48, "rank": 7, "source_rank": 112, "batch": 1, "context": 128, "dense_p50_ms": 0.26265598833560944, "compact_p50_ms": 0.23296000063419342, "speedup": 1.1274724743328204, "elapsed_seconds": 0.03888334799557924}
{"event": "configuration_complete", "layer": 48, "rank": 7, "source_rank": 112, "batch": 1, "context": 2048, "dense_p50_ms": 0.2467840015888214, "compact_p50_ms": 0.23449599742889404, "speedup": 1.0524017650393092, "elapsed_seconds": 0.03833425231277943}
{"event": "configuration_complete", "layer": 48, "rank": 7, "source_rank": 112, "batch": 8, "context": 128, "dense_p50_ms": 0.2595840096473694, "compact_p50_ms": 0.2513920068740845, "speedup": 1.0325865681854716, "elapsed_seconds": 0.04060872830450535}
{"event": "configuration_complete", "layer": 48, "rank": 7, "source_rank": 112, "batch": 8, "context": 2048, "dense_p50_ms": 0.347135990858078, "compact_p50_ms": 0.3328000009059906, "speedup": 1.0430768927676086, "elapsed_seconds": 0.05929953698068857}
{"event": "configuration_complete", "layer": 48, "rank": 7, "source_rank": 112, "batch": 32, "context": 128, "dense_p50_ms": 0.2590720057487488, "compact_p50_ms": 0.26367999613285065, "speedup": 0.9825243080564208, "elapsed_seconds": 0.04092163220047951}
{"event": "configuration_complete", "layer": 48, "rank": 7, "source_rank": 112, "batch": 32, "context": 2048, "dense_p50_ms": 1.191424012184143, "compact_p50_ms": 1.1694079637527466, "speedup": 1.0188266619638409, "elapsed_seconds": 0.17828924767673016}
{"event": "layer_complete", "layer": 48, "elapsed_seconds": 3.386303744278848}
{"event": "layer_start", "layer": 63}
{"event": "configuration_complete", "layer": 63, "rank": 0, "source_rank": 96, "batch": 1, "context": 128, "dense_p50_ms": 0.24371199309825897, "compact_p50_ms": 0.24063999950885773, "speedup": 1.0127659308330748, "elapsed_seconds": 0.03898461256176233}
{"event": "configuration_complete", "layer": 63, "rank": 0, "source_rank": 96, "batch": 1, "context": 2048, "dense_p50_ms": 0.2534399926662445, "compact_p50_ms": 0.23552000522613525, "speedup": 1.0760869015050476, "elapsed_seconds": 0.04585522226989269}
{"event": "configuration_complete", "layer": 63, "rank": 0, "source_rank": 96, "batch": 8, "context": 128, "dense_p50_ms": 0.27033600211143494, "compact_p50_ms": 0.25036799907684326, "speedup": 1.0797546136415903, "elapsed_seconds": 0.04205300472676754}
{"event": "configuration_complete", "layer": 63, "rank": 0, "source_rank": 96, "batch": 8, "context": 2048, "dense_p50_ms": 0.3461120128631592, "compact_p50_ms": 0.31539198756217957, "speedup": 1.0974026814645161, "elapsed_seconds": 0.05849289894104004}
{"event": "configuration_complete", "layer": 63, "rank": 0, "source_rank": 96, "batch": 32, "context": 128, "dense_p50_ms": 0.27033600211143494, "compact_p50_ms": 0.25804799795150757, "speedup": 1.0476190641178178, "elapsed_seconds": 0.042790680192410946}
{"event": "configuration_complete", "layer": 63, "rank": 0, "source_rank": 96, "batch": 32, "context": 2048, "dense_p50_ms": 1.1955199837684631, "compact_p50_ms": 1.136639952659607, "speedup": 1.0518018313284552, "elapsed_seconds": 0.1766586322337389}
{"event": "configuration_complete", "layer": 63, "rank": 1, "source_rank": 80, "batch": 1, "context": 128, "dense_p50_ms": 0.2544640004634857, "compact_p50_ms": 0.23449599742889404, "speedup": 1.085152852302507, "elapsed_seconds": 0.04299806896597147}
{"event": "configuration_complete", "layer": 63, "rank": 1, "source_rank": 80, "batch": 1, "context": 2048, "dense_p50_ms": 0.24422399699687958, "compact_p50_ms": 0.24319999665021896, "speedup": 1.004210527799198, "elapsed_seconds": 0.03927282616496086}
{"event": "configuration_complete", "layer": 63, "rank": 1, "source_rank": 80, "batch": 8, "context": 128, "dense_p50_ms": 0.2595840096473694, "compact_p50_ms": 0.25651200115680695, "speedup": 1.0119760809502418, "elapsed_seconds": 0.04216537997126579}
{"event": "configuration_complete", "layer": 63, "rank": 1, "source_rank": 80, "batch": 8, "context": 2048, "dense_p50_ms": 0.3461120128631592, "compact_p50_ms": 0.30720001459121704, "speedup": 1.126666655025135, "elapsed_seconds": 0.05768864136189222}
{"event": "configuration_complete", "layer": 63, "rank": 1, "source_rank": 80, "batch": 32, "context": 128, "dense_p50_ms": 0.2672640085220337, "compact_p50_ms": 0.26112000644207, "speedup": 1.0235294191497608, "elapsed_seconds": 0.04258504882454872}
{"event": "configuration_complete", "layer": 63, "rank": 1, "source_rank": 80, "batch": 32, "context": 2048, "dense_p50_ms": 1.1919360160827637, "compact_p50_ms": 1.1110399961471558, "speedup": 1.0728110781035225, "elapsed_seconds": 0.17430876288563013}
{"event": "configuration_complete", "layer": 63, "rank": 2, "source_rank": 64, "batch": 1, "context": 128, "dense_p50_ms": 0.26521599292755127, "compact_p50_ms": 0.24063999950885773, "speedup": 1.10212763243373, "elapsed_seconds": 0.0389031283557415}
{"event": "configuration_complete", "layer": 63, "rank": 2, "source_rank": 64, "batch": 1, "context": 2048, "dense_p50_ms": 0.26316800713539124, "compact_p50_ms": 0.23449599742889404, "speedup": 1.1222707850917215, "elapsed_seconds": 0.03910229820758104}
{"event": "configuration_complete", "layer": 63, "rank": 2, "source_rank": 64, "batch": 8, "context": 128, "dense_p50_ms": 0.27903999388217926, "compact_p50_ms": 0.2595840096473694, "speedup": 1.0749506268172673, "elapsed_seconds": 0.04217413067817688}
{"event": "configuration_complete", "layer": 63, "rank": 2, "source_rank": 64, "batch": 8, "context": 2048, "dense_p50_ms": 0.3461120128631592, "compact_p50_ms": 0.2979840040206909, "speedup": 1.1615120549864362, "elapsed_seconds": 0.057037051767110825}
{"event": "configuration_complete", "layer": 63, "rank": 2, "source_rank": 64, "batch": 32, "context": 128, "dense_p50_ms": 0.26009601354599, "compact_p50_ms": 0.25036799907684326, "speedup": 1.0388548636607549, "elapsed_seconds": 0.04173611011356115}
{"event": "configuration_complete", "layer": 63, "rank": 2, "source_rank": 64, "batch": 32, "context": 2048, "dense_p50_ms": 1.2006399631500244, "compact_p50_ms": 1.052672028541565, "speedup": 1.140564136403874, "elapsed_seconds": 0.17097485717386007}
{"event": "configuration_complete", "layer": 63, "rank": 3, "source_rank": 48, "batch": 1, "context": 128, "dense_p50_ms": 0.24934399873018265, "compact_p50_ms": 0.2467840015888214, "speedup": 1.010373432333051, "elapsed_seconds": 0.03890572767704725}
{"event": "configuration_complete", "layer": 63, "rank": 3, "source_rank": 48, "batch": 1, "context": 2048, "dense_p50_ms": 0.25036799907684326, "compact_p50_ms": 0.23398400098085403, "speedup": 1.0700218734071902, "elapsed_seconds": 0.03826550953090191}
{"event": "configuration_complete", "layer": 63, "rank": 3, "source_rank": 48, "batch": 8, "context": 128, "dense_p50_ms": 0.2667520046234131, "compact_p50_ms": 0.26009601354599, "speedup": 1.0255905155433926, "elapsed_seconds": 0.04251811560243368}
{"event": "configuration_complete", "layer": 63, "rank": 3, "source_rank": 48, "batch": 8, "context": 2048, "dense_p50_ms": 0.3461120128631592, "compact_p50_ms": 0.28672000765800476, "speedup": 1.207142869764416, "elapsed_seconds": 0.056025304831564426}
{"event": "configuration_complete", "layer": 63, "rank": 3, "source_rank": 48, "batch": 32, "context": 128, "dense_p50_ms": 0.2667520046234131, "compact_p50_ms": 0.2529279887676239, "speedup": 1.0546559355615244, "elapsed_seconds": 0.04139127396047115}
{"event": "configuration_complete", "layer": 63, "rank": 3, "source_rank": 48, "batch": 32, "context": 2048, "dense_p50_ms": 1.1919360160827637, "compact_p50_ms": 1.018880009651184, "speedup": 1.1698492509346863, "elapsed_seconds": 0.168212179094553}
{"event": "configuration_complete", "layer": 63, "rank": 4, "source_rank": 128, "batch": 1, "context": 128, "dense_p50_ms": 0.2534400075674057, "compact_p50_ms": 0.23449599742889404, "speedup": 1.0807860703219723, "elapsed_seconds": 0.03871720004826784}
{"event": "configuration_complete", "layer": 63, "rank": 4, "source_rank": 128, "batch": 1, "context": 2048, "dense_p50_ms": 0.275968000292778, "compact_p50_ms": 0.2391040027141571, "speedup": 1.1541755769881064, "elapsed_seconds": 0.039163670502603054}
{"event": "configuration_complete", "layer": 63, "rank": 4, "source_rank": 128, "batch": 8, "context": 128, "dense_p50_ms": 0.2672640085220337, "compact_p50_ms": 0.2841600030660629, "speedup": 0.9405405603824506, "elapsed_seconds": 0.04264566209167242}
{"event": "configuration_complete", "layer": 63, "rank": 4, "source_rank": 128, "batch": 8, "context": 2048, "dense_p50_ms": 0.347135990858078, "compact_p50_ms": 0.3399679958820343, "speedup": 1.021084322827055, "elapsed_seconds": 0.059974527917802334}
{"event": "configuration_complete", "layer": 63, "rank": 4, "source_rank": 128, "batch": 32, "context": 128, "dense_p50_ms": 0.27238400280475616, "compact_p50_ms": 0.25651200115680695, "speedup": 1.0618762536503958, "elapsed_seconds": 0.0422890055924654}
{"event": "configuration_complete", "layer": 63, "rank": 4, "source_rank": 128, "batch": 32, "context": 2048, "dense_p50_ms": 1.2124160528182983, "compact_p50_ms": 1.2093440294265747, "speedup": 1.002540239433092, "elapsed_seconds": 0.18262344039976597}
{"event": "configuration_complete", "layer": 63, "rank": 5, "source_rank": 128, "batch": 1, "context": 128, "dense_p50_ms": 0.24012800306081772, "compact_p50_ms": 0.23244799673557281, "speedup": 1.033039675252532, "elapsed_seconds": 0.03747808188199997}
{"event": "configuration_complete", "layer": 63, "rank": 5, "source_rank": 128, "batch": 1, "context": 2048, "dense_p50_ms": 0.24063999950885773, "compact_p50_ms": 0.2314240038394928, "speedup": 1.0398229894758748, "elapsed_seconds": 0.0369891207665205}
{"event": "configuration_complete", "layer": 63, "rank": 5, "source_rank": 128, "batch": 8, "context": 128, "dense_p50_ms": 0.25804799795150757, "compact_p50_ms": 0.2519040107727051, "speedup": 1.0243901919622322, "elapsed_seconds": 0.04010517429560423}
{"event": "configuration_complete", "layer": 63, "rank": 5, "source_rank": 128, "batch": 8, "context": 2048, "dense_p50_ms": 0.3481599986553192, "compact_p50_ms": 0.3409920036792755, "speedup": 1.0210210060608507, "elapsed_seconds": 0.05939436051994562}
{"event": "configuration_complete", "layer": 63, "rank": 5, "source_rank": 128, "batch": 32, "context": 128, "dense_p50_ms": 0.2611199915409088, "compact_p50_ms": 0.2529279887676239, "speedup": 1.0323886763706933, "elapsed_seconds": 0.0404793219640851}
{"event": "configuration_complete", "layer": 63, "rank": 5, "source_rank": 128, "batch": 32, "context": 2048, "dense_p50_ms": 1.2108800411224365, "compact_p50_ms": 1.2052479982376099, "speedup": 1.0046729327848394, "elapsed_seconds": 0.1815941510722041}
{"event": "configuration_complete", "layer": 63, "rank": 6, "source_rank": 64, "batch": 1, "context": 128, "dense_p50_ms": 0.24166400730609894, "compact_p50_ms": 0.23347200453281403, "speedup": 1.0350877304954715, "elapsed_seconds": 0.0373065248131752}
{"event": "configuration_complete", "layer": 63, "rank": 6, "source_rank": 64, "batch": 1, "context": 2048, "dense_p50_ms": 0.24422399699687958, "compact_p50_ms": 0.23244799673557281, "speedup": 1.0506607947871578, "elapsed_seconds": 0.03752474579960108}
{"event": "configuration_complete", "layer": 63, "rank": 6, "source_rank": 64, "batch": 8, "context": 128, "dense_p50_ms": 0.25702399015426636, "compact_p50_ms": 0.25088000297546387, "speedup": 1.0244897445230154, "elapsed_seconds": 0.04033009521663189}
{"event": "configuration_complete", "layer": 63, "rank": 6, "source_rank": 64, "batch": 8, "context": 2048, "dense_p50_ms": 0.3476479947566986, "compact_p50_ms": 0.29900801181793213, "speedup": 1.1626711693878746, "elapsed_seconds": 0.05667411535978317}
{"event": "configuration_complete", "layer": 63, "rank": 6, "source_rank": 64, "batch": 32, "context": 128, "dense_p50_ms": 0.2657279968261719, "compact_p50_ms": 0.24985599517822266, "speedup": 1.0635245979854424, "elapsed_seconds": 0.04087715037167072}
{"event": "configuration_complete", "layer": 63, "rank": 6, "source_rank": 64, "batch": 32, "context": 2048, "dense_p50_ms": 1.1909120082855225, "compact_p50_ms": 1.052672028541565, "speedup": 1.1313229343953248, "elapsed_seconds": 0.1702264128252864}
{"event": "configuration_complete", "layer": 63, "rank": 7, "source_rank": 48, "batch": 1, "context": 128, "dense_p50_ms": 0.2549760043621063, "compact_p50_ms": 0.2314240038394928, "speedup": 1.101769912074239, "elapsed_seconds": 0.03867523651570082}
{"event": "configuration_complete", "layer": 63, "rank": 7, "source_rank": 48, "batch": 1, "context": 2048, "dense_p50_ms": 0.2457600012421608, "compact_p50_ms": 0.2391040027141571, "speedup": 1.0278372526283501, "elapsed_seconds": 0.0379304438829422}
{"event": "configuration_complete", "layer": 63, "rank": 7, "source_rank": 48, "batch": 8, "context": 128, "dense_p50_ms": 0.25600001215934753, "compact_p50_ms": 0.24985599517822266, "speedup": 1.0245902323726206, "elapsed_seconds": 0.03998644836246967}
{"event": "configuration_complete", "layer": 63, "rank": 7, "source_rank": 48, "batch": 8, "context": 2048, "dense_p50_ms": 0.3461120128631592, "compact_p50_ms": 0.28672000765800476, "speedup": 1.207142869764416, "elapsed_seconds": 0.05547657795250416}
{"event": "configuration_complete", "layer": 63, "rank": 7, "source_rank": 48, "batch": 32, "context": 128, "dense_p50_ms": 0.2590720057487488, "compact_p50_ms": 0.24985599517822266, "speedup": 1.036885288919933, "elapsed_seconds": 0.04023330099880695}
{"event": "configuration_complete", "layer": 63, "rank": 7, "source_rank": 48, "batch": 32, "context": 2048, "dense_p50_ms": 1.1909120082855225, "compact_p50_ms": 1.018880009651184, "speedup": 1.168844218165821, "elapsed_seconds": 0.16789210494607687}
{"event": "layer_complete", "layer": 63, "elapsed_seconds": 3.3364559076726437}
{"event": "benchmark_complete", "records": 192, "output_json": "/deac/csc/yangGrp/zhangal/BasisServe-CALS/results/evaluation/qwen3_32b_c1_variable_v_decode_smoke.json", "elapsed_seconds": 13.565656635910273}
