status=running
{"context": 65536, "gpu": "NVIDIA L40S", "measure_steps": 128, "profile_components": false, "status": "starting", "storage": "offload", "warmup_steps": 16}
{"allocated_gib": 15.208322525024414, "exact_kv_gib": 8.017578125, "gpu_staging_gib": 0.25054931640625, "host_exact_kv_gib": 8.017578125, "status": "model_ready"}
{"peak_allocated_gib": 18.997995376586914, "prefill_ms": 12674.373046875, "status": "prefill_complete"}
{"argmax": 11, "components": {"attention_block_ms": 0.0, "cache_append_ms": 0.0, "dense_attention_ms": 0.0, "host_to_gpu_ms": 0.0}, "cuda_ms": 415.5677795410156, "finite": true, "measured": false, "status": "decode_step", "step": 0, "wall_ms": 415.5891300179064}
{"argmax": 771, "components": {"attention_block_ms": 0.0, "cache_append_ms": 0.0, "dense_attention_ms": 0.0, "host_to_gpu_ms": 0.0}, "cuda_ms": 355.9080505371094, "finite": true, "measured": false, "status": "decode_step", "step": 1, "wall_ms": 355.94596806913614}
{"argmax": 39037, "components": {"attention_block_ms": 0.0, "cache_append_ms": 0.0, "dense_attention_ms": 0.0, "host_to_gpu_ms": 0.0}, "cuda_ms": 355.90386962890625, "finite": true, "measured": false, "status": "decode_step", "step": 2, "wall_ms": 355.9354832395911}
{"argmax": 698, "components": {"attention_block_ms": 0.0, "cache_append_ms": 0.0, "dense_attention_ms": 0.0, "host_to_gpu_ms": 0.0}, "cuda_ms": 355.8589172363281, "finite": true, "measured": false, "status": "decode_step", "step": 3, "wall_ms": 355.9015616774559}
{"argmax": 11, "components": {"attention_block_ms": 0.0, "cache_append_ms": 0.0, "dense_attention_ms": 0.0, "host_to_gpu_ms": 0.0}, "cuda_ms": 355.8977966308594, "finite": true, "measured": false, "status": "decode_step", "step": 4, "wall_ms": 355.941201094538}
{"argmax": 315, "components": {"attention_block_ms": 0.0, "cache_append_ms": 0.0, "dense_attention_ms": 0.0, "host_to_gpu_ms": 0.0}, "cuda_ms": 355.87542724609375, "finite": true, "measured": false, "status": "decode_step", "step": 5, "wall_ms": 355.91147607192397}
{"argmax": 8184, "components": {"attention_block_ms": 0.0, "cache_append_ms": 0.0, "dense_attention_ms": 0.0, "host_to_gpu_ms": 0.0}, "cuda_ms": 355.8711853027344, "finite": true, "measured": false, "status": "decode_step", "step": 6, "wall_ms": 355.90287297964096}
{"argmax": 323, "components": {"attention_block_ms": 0.0, "cache_append_ms": 0.0, "dense_attention_ms": 0.0, "host_to_gpu_ms": 0.0}, "cuda_ms": 355.9186096191406, "finite": true, "measured": false, "status": "decode_step", "step": 7, "wall_ms": 355.9536002576351}
{"argmax": 7327, "components": {"attention_block_ms": 0.0, "cache_append_ms": 0.0, "dense_attention_ms": 0.0, "host_to_gpu_ms": 0.0}, "cuda_ms": 355.85467529296875, "finite": true, "measured": false, "status": "decode_step", "step": 8, "wall_ms": 355.8863587677479}
{"argmax": 23298, "components": {"attention_block_ms": 0.0, "cache_append_ms": 0.0, "dense_attention_ms": 0.0, "host_to_gpu_ms": 0.0}, "cuda_ms": 355.9067687988281, "finite": true, "measured": false, "status": "decode_step", "step": 9, "wall_ms": 355.9385873377323}
{"argmax": 11, "components": {"attention_block_ms": 0.0, "cache_append_ms": 0.0, "dense_attention_ms": 0.0, "host_to_gpu_ms": 0.0}, "cuda_ms": 355.840576171875, "finite": true, "measured": false, "status": "decode_step", "step": 10, "wall_ms": 355.881973169744}
{"argmax": 11, "components": {"attention_block_ms": 0.0, "cache_append_ms": 0.0, "dense_attention_ms": 0.0, "host_to_gpu_ms": 0.0}, "cuda_ms": 355.8716735839844, "finite": true, "measured": false, "status": "decode_step", "step": 11, "wall_ms": 355.90322501957417}
{"argmax": 323, "components": {"attention_block_ms": 0.0, "cache_append_ms": 0.0, "dense_attention_ms": 0.0, "host_to_gpu_ms": 0.0}, "cuda_ms": 355.9955139160156, "finite": true, "measured": false, "status": "decode_step", "step": 12, "wall_ms": 356.02786112576723}
{"argmax": 527, "components": {"attention_block_ms": 0.0, "cache_append_ms": 0.0, "dense_attention_ms": 0.0, "host_to_gpu_ms": 0.0}, "cuda_ms": 355.8849182128906, "finite": true, "measured": false, "status": "decode_step", "step": 13, "wall_ms": 355.918827932328}
{"argmax": 264, "components": {"attention_block_ms": 0.0, "cache_append_ms": 0.0, "dense_attention_ms": 0.0, "host_to_gpu_ms": 0.0}, "cuda_ms": 355.8721923828125, "finite": true, "measured": false, "status": "decode_step", "step": 14, "wall_ms": 355.8987081050873}
{"argmax": 8536, "components": {"attention_block_ms": 0.0, "cache_append_ms": 0.0, "dense_attention_ms": 0.0, "host_to_gpu_ms": 0.0}, "cuda_ms": 355.8345031738281, "finite": true, "measured": false, "status": "decode_step", "step": 15, "wall_ms": 355.8882721699774}
{"argmax": 6150, "components": {"attention_block_ms": 0.0, "cache_append_ms": 0.0, "dense_attention_ms": 0.0, "host_to_gpu_ms": 0.0}, "cuda_ms": 356.0193176269531, "finite": true, "measured": true, "status": "decode_step", "step": 16, "wall_ms": 356.04995395988226}
{"argmax": 315, "components": {"attention_block_ms": 0.0, "cache_append_ms": 0.0, "dense_attention_ms": 0.0, "host_to_gpu_ms": 0.0}, "cuda_ms": 355.832763671875, "finite": true, "measured": true, "status": "decode_step", "step": 17, "wall_ms": 355.8734501712024}
{"argmax": 11, "components": {"attention_block_ms": 0.0, "cache_append_ms": 0.0, "dense_attention_ms": 0.0, "host_to_gpu_ms": 0.0}, "cuda_ms": 355.89776611328125, "finite": true, "measured": true, "status": "decode_step", "step": 18, "wall_ms": 355.92951299622655}
{"argmax": 54, "components": {"attention_block_ms": 0.0, "cache_append_ms": 0.0, "dense_attention_ms": 0.0, "host_to_gpu_ms": 0.0}, "cuda_ms": 355.947509765625, "finite": true, "measured": true, "status": "decode_step", "step": 19, "wall_ms": 355.9803799726069}
{"argmax": 374, "components": {"attention_block_ms": 0.0, "cache_append_ms": 0.0, "dense_attention_ms": 0.0, "host_to_gpu_ms": 0.0}, "cuda_ms": 355.92083740234375, "finite": true, "measured": true, "status": "decode_step", "step": 20, "wall_ms": 355.96733121201396}
{"argmax": 374, "components": {"attention_block_ms": 0.0, "cache_append_ms": 0.0, "dense_attention_ms": 0.0, "host_to_gpu_ms": 0.0}, "cuda_ms": 356.3451843261719, "finite": true, "measured": true, "status": "decode_step", "step": 21, "wall_ms": 356.3799769617617}
{"argmax": 279, "components": {"attention_block_ms": 0.0, "cache_append_ms": 0.0, "dense_attention_ms": 0.0, "host_to_gpu_ms": 0.0}, "cuda_ms": 355.86346435546875, "finite": true, "measured": true, "status": "decode_step", "step": 22, "wall_ms": 355.89414089918137}
{"argmax": 3560, "components": {"attention_block_ms": 0.0, "cache_append_ms": 0.0, "dense_attention_ms": 0.0, "host_to_gpu_ms": 0.0}, "cuda_ms": 355.8875732421875, "finite": true, "measured": true, "status": "decode_step", "step": 23, "wall_ms": 355.9187869541347}
{"argmax": 323, "components": {"attention_block_ms": 0.0, "cache_append_ms": 0.0, "dense_attention_ms": 0.0, "host_to_gpu_ms": 0.0}, "cuda_ms": 355.85467529296875, "finite": true, "measured": true, "status": "decode_step", "step": 24, "wall_ms": 355.88894272223115}
{"argmax": 26411, "components": {"attention_block_ms": 0.0, "cache_append_ms": 0.0, "dense_attention_ms": 0.0, "host_to_gpu_ms": 0.0}, "cuda_ms": 355.90533447265625, "finite": true, "measured": true, "status": "decode_step", "step": 25, "wall_ms": 355.935662984848}
{"argmax": 1511, "components": {"attention_block_ms": 0.0, "cache_append_ms": 0.0, "dense_attention_ms": 0.0, "host_to_gpu_ms": 0.0}, "cuda_ms": 355.9309387207031, "finite": true, "measured": true, "status": "decode_step", "step": 26, "wall_ms": 355.9620822779834}
{"argmax": 7524, "components": {"attention_block_ms": 0.0, "cache_append_ms": 0.0, "dense_attention_ms": 0.0, "host_to_gpu_ms": 0.0}, "cuda_ms": 355.8742370605469, "finite": true, "measured": true, "status": "decode_step", "step": 27, "wall_ms": 355.90690979734063}
{"argmax": 11, "components": {"attention_block_ms": 0.0, "cache_append_ms": 0.0, "dense_attention_ms": 0.0, "host_to_gpu_ms": 0.0}, "cuda_ms": 355.9151306152344, "finite": true, "measured": true, "status": "decode_step", "step": 28, "wall_ms": 356.03168699890375}
{"argmax": 8907, "components": {"attention_block_ms": 0.0, "cache_append_ms": 0.0, "dense_attention_ms": 0.0, "host_to_gpu_ms": 0.0}, "cuda_ms": 356.4044189453125, "finite": true, "measured": true, "status": "decode_step", "step": 29, "wall_ms": 356.43513035029173}
{"argmax": 91605, "components": {"attention_block_ms": 0.0, "cache_append_ms": 0.0, "dense_attention_ms": 0.0, "host_to_gpu_ms": 0.0}, "cuda_ms": 355.8804626464844, "finite": true, "measured": true, "status": "decode_step", "step": 30, "wall_ms": 355.92126101255417}
{"argmax": 1862, "components": {"attention_block_ms": 0.0, "cache_append_ms": 0.0, "dense_attention_ms": 0.0, "host_to_gpu_ms": 0.0}, "cuda_ms": 355.86444091796875, "finite": true, "measured": true, "status": "decode_step", "step": 31, "wall_ms": 355.9037749655545}
{"argmax": 369, "components": {"attention_block_ms": 0.0, "cache_append_ms": 0.0, "dense_attention_ms": 0.0, "host_to_gpu_ms": 0.0}, "cuda_ms": 355.9671630859375, "finite": true, "measured": true, "status": "decode_step", "step": 32, "wall_ms": 356.0066297650337}
{"argmax": 586, "components": {"attention_block_ms": 0.0, "cache_append_ms": 0.0, "dense_attention_ms": 0.0, "host_to_gpu_ms": 0.0}, "cuda_ms": 355.8707580566406, "finite": true, "measured": true, "status": "decode_step", "step": 33, "wall_ms": 355.9093028306961}
{"argmax": 323, "components": {"attention_block_ms": 0.0, "cache_append_ms": 0.0, "dense_attention_ms": 0.0, "host_to_gpu_ms": 0.0}, "cuda_ms": 355.8932189941406, "finite": true, "measured": true, "status": "decode_step", "step": 34, "wall_ms": 355.9309560805559}
{"argmax": 11351, "components": {"attention_block_ms": 0.0, "cache_append_ms": 0.0, "dense_attention_ms": 0.0, "host_to_gpu_ms": 0.0}, "cuda_ms": 355.8655090332031, "finite": true, "measured": true, "status": "decode_step", "step": 35, "wall_ms": 355.9021628461778}
{"argmax": 13, "components": {"attention_block_ms": 0.0, "cache_append_ms": 0.0, "dense_attention_ms": 0.0, "host_to_gpu_ms": 0.0}, "cuda_ms": 355.90338134765625, "finite": true, "measured": true, "status": "decode_step", "step": 36, "wall_ms": 355.9509152546525}
{"argmax": 20783, "components": {"attention_block_ms": 0.0, "cache_append_ms": 0.0, "dense_attention_ms": 0.0, "host_to_gpu_ms": 0.0}, "cuda_ms": 355.8801574707031, "finite": true, "measured": true, "status": "decode_step", "step": 37, "wall_ms": 355.94059992581606}
{"argmax": 3388, "components": {"attention_block_ms": 0.0, "cache_append_ms": 0.0, "dense_attention_ms": 0.0, "host_to_gpu_ms": 0.0}, "cuda_ms": 356.0397644042969, "finite": true, "measured": true, "status": "decode_step", "step": 38, "wall_ms": 356.07625311240554}
{"argmax": 14861, "components": {"attention_block_ms": 0.0, "cache_append_ms": 0.0, "dense_attention_ms": 0.0, "host_to_gpu_ms": 0.0}, "cuda_ms": 355.8654479980469, "finite": true, "measured": true, "status": "decode_step", "step": 39, "wall_ms": 355.90310441330075}
{"argmax": 389, "components": {"attention_block_ms": 0.0, "cache_append_ms": 0.0, "dense_attention_ms": 0.0, "host_to_gpu_ms": 0.0}, "cuda_ms": 355.87603759765625, "finite": true, "measured": true, "status": "decode_step", "step": 40, "wall_ms": 355.92477722093463}
{"argmax": 279, "components": {"attention_block_ms": 0.0, "cache_append_ms": 0.0, "dense_attention_ms": 0.0, "host_to_gpu_ms": 0.0}, "cuda_ms": 355.92083740234375, "finite": true, "measured": true, "status": "decode_step", "step": 41, "wall_ms": 355.95727479085326}
{"argmax": 3560, "components": {"attention_block_ms": 0.0, "cache_append_ms": 0.0, "dense_attention_ms": 0.0, "host_to_gpu_ms": 0.0}, "cuda_ms": 355.87261962890625, "finite": true, "measured": true, "status": "decode_step", "step": 42, "wall_ms": 355.91507190838456}
{"argmax": 315, "components": {"attention_block_ms": 0.0, "cache_append_ms": 0.0, "dense_attention_ms": 0.0, "host_to_gpu_ms": 0.0}, "cuda_ms": 355.8931579589844, "finite": true, "measured": true, "status": "decode_step", "step": 43, "wall_ms": 355.93270836398005}
{"argmax": 33184, "components": {"attention_block_ms": 0.0, "cache_append_ms": 0.0, "dense_attention_ms": 0.0, "host_to_gpu_ms": 0.0}, "cuda_ms": 355.91253662109375, "finite": true, "measured": true, "status": "decode_step", "step": 44, "wall_ms": 355.9532999061048}
{"argmax": 11335, "components": {"attention_block_ms": 0.0, "cache_append_ms": 0.0, "dense_attention_ms": 0.0, "host_to_gpu_ms": 0.0}, "cuda_ms": 355.8971252441406, "finite": true, "measured": true, "status": "decode_step", "step": 45, "wall_ms": 355.9343107044697}
{"argmax": 304, "components": {"attention_block_ms": 0.0, "cache_append_ms": 0.0, "dense_attention_ms": 0.0, "host_to_gpu_ms": 0.0}, "cuda_ms": 355.92828369140625, "finite": true, "measured": true, "status": "decode_step", "step": 46, "wall_ms": 356.00248305127025}
{"argmax": 279, "components": {"attention_block_ms": 0.0, "cache_append_ms": 0.0, "dense_attention_ms": 0.0, "host_to_gpu_ms": 0.0}, "cuda_ms": 356.5270080566406, "finite": true, "measured": true, "status": "decode_step", "step": 47, "wall_ms": 356.5672868862748}
{"argmax": 4500, "components": {"attention_block_ms": 0.0, "cache_append_ms": 0.0, "dense_attention_ms": 0.0, "host_to_gpu_ms": 0.0}, "cuda_ms": 355.9144592285156, "finite": true, "measured": true, "status": "decode_step", "step": 48, "wall_ms": 355.956993997097}
{"argmax": 315, "components": {"attention_block_ms": 0.0, "cache_append_ms": 0.0, "dense_attention_ms": 0.0, "host_to_gpu_ms": 0.0}, "cuda_ms": 355.90411376953125, "finite": true, "measured": true, "status": "decode_step", "step": 49, "wall_ms": 355.9395591728389}
{"argmax": 33184, "components": {"attention_block_ms": 0.0, "cache_append_ms": 0.0, "dense_attention_ms": 0.0, "host_to_gpu_ms": 0.0}, "cuda_ms": 355.9148864746094, "finite": true, "measured": true, "status": "decode_step", "step": 50, "wall_ms": 355.9750718995929}
{"argmax": 33184, "components": {"attention_block_ms": 0.0, "cache_append_ms": 0.0, "dense_attention_ms": 0.0, "host_to_gpu_ms": 0.0}, "cuda_ms": 356.42724609375, "finite": true, "measured": true, "status": "decode_step", "step": 51, "wall_ms": 356.48504411801696}
{"argmax": 10706, "components": {"attention_block_ms": 0.0, "cache_append_ms": 0.0, "dense_attention_ms": 0.0, "host_to_gpu_ms": 0.0}, "cuda_ms": 356.4667053222656, "finite": true, "measured": true, "status": "decode_step", "step": 52, "wall_ms": 356.51895403862}
{"argmax": 323, "components": {"attention_block_ms": 0.0, "cache_append_ms": 0.0, "dense_attention_ms": 0.0, "host_to_gpu_ms": 0.0}, "cuda_ms": 356.3900146484375, "finite": true, "measured": true, "status": "decode_step", "step": 53, "wall_ms": 356.4273682422936}
{"argmax": 279, "components": {"attention_block_ms": 0.0, "cache_append_ms": 0.0, "dense_attention_ms": 0.0, "host_to_gpu_ms": 0.0}, "cuda_ms": 356.3744812011719, "finite": true, "measured": true, "status": "decode_step", "step": 54, "wall_ms": 356.4371024258435}
{"argmax": 5133, "components": {"attention_block_ms": 0.0, "cache_append_ms": 0.0, "dense_attention_ms": 0.0, "host_to_gpu_ms": 0.0}, "cuda_ms": 356.411376953125, "finite": true, "measured": true, "status": "decode_step", "step": 55, "wall_ms": 356.47366708144546}
{"argmax": 311, "components": {"attention_block_ms": 0.0, "cache_append_ms": 0.0, "dense_attention_ms": 0.0, "host_to_gpu_ms": 0.0}, "cuda_ms": 356.4327087402344, "finite": true, "measured": true, "status": "decode_step", "step": 56, "wall_ms": 356.500166002661}
{"argmax": 279, "components": {"attention_block_ms": 0.0, "cache_append_ms": 0.0, "dense_attention_ms": 0.0, "host_to_gpu_ms": 0.0}, "cuda_ms": 356.4276123046875, "finite": true, "measured": true, "status": "decode_step", "step": 57, "wall_ms": 356.4806072972715}
{"argmax": 323, "components": {"attention_block_ms": 0.0, "cache_append_ms": 0.0, "dense_attention_ms": 0.0, "host_to_gpu_ms": 0.0}, "cuda_ms": 356.4286193847656, "finite": true, "measured": true, "status": "decode_step", "step": 58, "wall_ms": 356.48664692416787}
{"argmax": 323, "components": {"attention_block_ms": 0.0, "cache_append_ms": 0.0, "dense_attention_ms": 0.0, "host_to_gpu_ms": 0.0}, "cuda_ms": 356.37457275390625, "finite": true, "measured": true, "status": "decode_step", "step": 59, "wall_ms": 356.4233621582389}
{"argmax": 41582, "components": {"attention_block_ms": 0.0, "cache_append_ms": 0.0, "dense_attention_ms": 0.0, "host_to_gpu_ms": 0.0}, "cuda_ms": 356.4028625488281, "finite": true, "measured": true, "status": "decode_step", "step": 60, "wall_ms": 356.4682290889323}
{"argmax": 11, "components": {"attention_block_ms": 0.0, "cache_append_ms": 0.0, "dense_attention_ms": 0.0, "host_to_gpu_ms": 0.0}, "cuda_ms": 356.3902893066406, "finite": true, "measured": true, "status": "decode_step", "step": 61, "wall_ms": 356.4531970769167}
{"argmax": 323, "components": {"attention_block_ms": 0.0, "cache_append_ms": 0.0, "dense_attention_ms": 0.0, "host_to_gpu_ms": 0.0}, "cuda_ms": 356.407958984375, "finite": true, "measured": true, "status": "decode_step", "step": 62, "wall_ms": 356.46288096904755}
{"argmax": 3927, "components": {"attention_block_ms": 0.0, "cache_append_ms": 0.0, "dense_attention_ms": 0.0, "host_to_gpu_ms": 0.0}, "cuda_ms": 356.44439697265625, "finite": true, "measured": true, "status": "decode_step", "step": 63, "wall_ms": 356.507888995111}
{"argmax": 11006, "components": {"attention_block_ms": 0.0, "cache_append_ms": 0.0, "dense_attention_ms": 0.0, "host_to_gpu_ms": 0.0}, "cuda_ms": 356.33441162109375, "finite": true, "measured": true, "status": "decode_step", "step": 64, "wall_ms": 356.3877190463245}
{"argmax": 5315, "components": {"attention_block_ms": 0.0, "cache_append_ms": 0.0, "dense_attention_ms": 0.0, "host_to_gpu_ms": 0.0}, "cuda_ms": 356.3518981933594, "finite": true, "measured": true, "status": "decode_step", "step": 65, "wall_ms": 356.402019970119}
{"argmax": 519, "components": {"attention_block_ms": 0.0, "cache_append_ms": 0.0, "dense_attention_ms": 0.0, "host_to_gpu_ms": 0.0}, "cuda_ms": 356.4252624511719, "finite": true, "measured": true, "status": "decode_step", "step": 66, "wall_ms": 356.4856443554163}
{"argmax": 269, "components": {"attention_block_ms": 0.0, "cache_append_ms": 0.0, "dense_attention_ms": 0.0, "host_to_gpu_ms": 0.0}, "cuda_ms": 356.4129638671875, "finite": true, "measured": true, "status": "decode_step", "step": 67, "wall_ms": 356.4801369793713}
{"argmax": 11351, "components": {"attention_block_ms": 0.0, "cache_append_ms": 0.0, "dense_attention_ms": 0.0, "host_to_gpu_ms": 0.0}, "cuda_ms": 356.4159240722656, "finite": true, "measured": true, "status": "decode_step", "step": 68, "wall_ms": 356.477411929518}
{"argmax": 13, "components": {"attention_block_ms": 0.0, "cache_append_ms": 0.0, "dense_attention_ms": 0.0, "host_to_gpu_ms": 0.0}, "cuda_ms": 356.3186950683594, "finite": true, "measured": true, "status": "decode_step", "step": 69, "wall_ms": 356.3700020313263}
{"argmax": 20783, "components": {"attention_block_ms": 0.0, "cache_append_ms": 0.0, "dense_attention_ms": 0.0, "host_to_gpu_ms": 0.0}, "cuda_ms": 356.2964172363281, "finite": true, "measured": true, "status": "decode_step", "step": 70, "wall_ms": 356.3546189107001}
{"argmax": 311, "components": {"attention_block_ms": 0.0, "cache_append_ms": 0.0, "dense_attention_ms": 0.0, "host_to_gpu_ms": 0.0}, "cuda_ms": 356.32403564453125, "finite": true, "measured": true, "status": "decode_step", "step": 71, "wall_ms": 356.36591585353017}
{"argmax": 19560, "components": {"attention_block_ms": 0.0, "cache_append_ms": 0.0, "dense_attention_ms": 0.0, "host_to_gpu_ms": 0.0}, "cuda_ms": 356.4468994140625, "finite": true, "measured": true, "status": "decode_step", "step": 72, "wall_ms": 356.4958209171891}
{"argmax": 468, "components": {"attention_block_ms": 0.0, "cache_append_ms": 0.0, "dense_attention_ms": 0.0, "host_to_gpu_ms": 0.0}, "cuda_ms": 356.3009338378906, "finite": true, "measured": true, "status": "decode_step", "step": 73, "wall_ms": 356.34122882038355}
{"argmax": 13, "components": {"attention_block_ms": 0.0, "cache_append_ms": 0.0, "dense_attention_ms": 0.0, "host_to_gpu_ms": 0.0}, "cuda_ms": 356.2185974121094, "finite": true, "measured": true, "status": "decode_step", "step": 74, "wall_ms": 356.2592063099146}
{"argmax": 2947, "components": {"attention_block_ms": 0.0, "cache_append_ms": 0.0, "dense_attention_ms": 0.0, "host_to_gpu_ms": 0.0}, "cuda_ms": 355.8636474609375, "finite": true, "measured": true, "status": "decode_step", "step": 75, "wall_ms": 355.90224293991923}
{"argmax": 8536, "components": {"attention_block_ms": 0.0, "cache_append_ms": 0.0, "dense_attention_ms": 0.0, "host_to_gpu_ms": 0.0}, "cuda_ms": 355.9098205566406, "finite": true, "measured": true, "status": "decode_step", "step": 76, "wall_ms": 355.9506246820092}
{"argmax": 6150, "components": {"attention_block_ms": 0.0, "cache_append_ms": 0.0, "dense_attention_ms": 0.0, "host_to_gpu_ms": 0.0}, "cuda_ms": 355.83624267578125, "finite": true, "measured": true, "status": "decode_step", "step": 77, "wall_ms": 355.8832248672843}
{"argmax": 315, "components": {"attention_block_ms": 0.0, "cache_append_ms": 0.0, "dense_attention_ms": 0.0, "host_to_gpu_ms": 0.0}, "cuda_ms": 355.8384094238281, "finite": true, "measured": true, "status": "decode_step", "step": 78, "wall_ms": 355.872318148613}
{"argmax": 3142, "components": {"attention_block_ms": 0.0, "cache_append_ms": 0.0, "dense_attention_ms": 0.0, "host_to_gpu_ms": 0.0}, "cuda_ms": 355.8345947265625, "finite": true, "measured": true, "status": "decode_step", "step": 79, "wall_ms": 355.8681020513177}
{"argmax": 323, "components": {"attention_block_ms": 0.0, "cache_append_ms": 0.0, "dense_attention_ms": 0.0, "host_to_gpu_ms": 0.0}, "cuda_ms": 355.89178466796875, "finite": true, "measured": true, "status": "decode_step", "step": 80, "wall_ms": 355.92667013406754}
{"argmax": 7327, "components": {"attention_block_ms": 0.0, "cache_append_ms": 0.0, "dense_attention_ms": 0.0, "host_to_gpu_ms": 0.0}, "cuda_ms": 355.8922424316406, "finite": true, "measured": true, "status": "decode_step", "step": 81, "wall_ms": 355.92443589121103}
{"argmax": 23298, "components": {"attention_block_ms": 0.0, "cache_append_ms": 0.0, "dense_attention_ms": 0.0, "host_to_gpu_ms": 0.0}, "cuda_ms": 355.8674011230469, "finite": true, "measured": true, "status": "decode_step", "step": 82, "wall_ms": 355.89937772601843}
{"argmax": 4236, "components": {"attention_block_ms": 0.0, "cache_append_ms": 0.0, "dense_attention_ms": 0.0, "host_to_gpu_ms": 0.0}, "cuda_ms": 355.8733215332031, "finite": true, "measured": true, "status": "decode_step", "step": 83, "wall_ms": 355.9131189249456}
{"argmax": 26, "components": {"attention_block_ms": 0.0, "cache_append_ms": 0.0, "dense_attention_ms": 0.0, "host_to_gpu_ms": 0.0}, "cuda_ms": 355.8726806640625, "finite": true, "measured": true, "status": "decode_step", "step": 84, "wall_ms": 355.9110960923135}
{"argmax": 3885, "components": {"attention_block_ms": 0.0, "cache_append_ms": 0.0, "dense_attention_ms": 0.0, "host_to_gpu_ms": 0.0}, "cuda_ms": 355.86651611328125, "finite": true, "measured": true, "status": "decode_step", "step": 85, "wall_ms": 355.90553702786565}
{"argmax": 449, "components": {"attention_block_ms": 0.0, "cache_append_ms": 0.0, "dense_attention_ms": 0.0, "host_to_gpu_ms": 0.0}, "cuda_ms": 355.8583984375, "finite": true, "measured": true, "status": "decode_step", "step": 86, "wall_ms": 355.9001390822232}
{"argmax": 2947, "components": {"attention_block_ms": 0.0, "cache_append_ms": 0.0, "dense_attention_ms": 0.0, "host_to_gpu_ms": 0.0}, "cuda_ms": 355.8432922363281, "finite": true, "measured": true, "status": "decode_step", "step": 87, "wall_ms": 355.88372498750687}
{"argmax": 8536, "components": {"attention_block_ms": 0.0, "cache_append_ms": 0.0, "dense_attention_ms": 0.0, "host_to_gpu_ms": 0.0}, "cuda_ms": 355.87835693359375, "finite": true, "measured": true, "status": "decode_step", "step": 88, "wall_ms": 355.9131291694939}
{"argmax": 6150, "components": {"attention_block_ms": 0.0, "cache_append_ms": 0.0, "dense_attention_ms": 0.0, "host_to_gpu_ms": 0.0}, "cuda_ms": 355.85467529296875, "finite": true, "measured": true, "status": "decode_step", "step": 89, "wall_ms": 355.89194716885686}
{"argmax": 8041, "components": {"attention_block_ms": 0.0, "cache_append_ms": 0.0, "dense_attention_ms": 0.0, "host_to_gpu_ms": 0.0}, "cuda_ms": 355.9029235839844, "finite": true, "measured": true, "status": "decode_step", "step": 90, "wall_ms": 355.9501841664314}
{"argmax": 627, "components": {"attention_block_ms": 0.0, "cache_append_ms": 0.0, "dense_attention_ms": 0.0, "host_to_gpu_ms": 0.0}, "cuda_ms": 355.8489074707031, "finite": true, "measured": true, "status": "decode_step", "step": 91, "wall_ms": 355.88346514850855}
{"argmax": 791, "components": {"attention_block_ms": 0.0, "cache_append_ms": 0.0, "dense_attention_ms": 0.0, "host_to_gpu_ms": 0.0}, "cuda_ms": 355.8935546875, "finite": true, "measured": true, "status": "decode_step", "step": 92, "wall_ms": 355.93748511746526}
{"argmax": 3388, "components": {"attention_block_ms": 0.0, "cache_append_ms": 0.0, "dense_attention_ms": 0.0, "host_to_gpu_ms": 0.0}, "cuda_ms": 355.78912353515625, "finite": true, "measured": true, "status": "decode_step", "step": 93, "wall_ms": 355.8234549127519}
{"argmax": 49095, "components": {"attention_block_ms": 0.0, "cache_append_ms": 0.0, "dense_attention_ms": 0.0, "host_to_gpu_ms": 0.0}, "cuda_ms": 355.8927001953125, "finite": true, "measured": true, "status": "decode_step", "step": 94, "wall_ms": 355.9317272156477}
{"argmax": 6319, "components": {"attention_block_ms": 0.0, "cache_append_ms": 0.0, "dense_attention_ms": 0.0, "host_to_gpu_ms": 0.0}, "cuda_ms": 355.88653564453125, "finite": true, "measured": true, "status": "decode_step", "step": 95, "wall_ms": 355.9195389971137}
{"argmax": 4236, "components": {"attention_block_ms": 0.0, "cache_append_ms": 0.0, "dense_attention_ms": 0.0, "host_to_gpu_ms": 0.0}, "cuda_ms": 355.88397216796875, "finite": true, "measured": true, "status": "decode_step", "step": 96, "wall_ms": 355.917114764452}
{"argmax": 889, "components": {"attention_block_ms": 0.0, "cache_append_ms": 0.0, "dense_attention_ms": 0.0, "host_to_gpu_ms": 0.0}, "cuda_ms": 355.90582275390625, "finite": true, "measured": true, "status": "decode_step", "step": 97, "wall_ms": 355.94021901488304}
{"argmax": 6156, "components": {"attention_block_ms": 0.0, "cache_append_ms": 0.0, "dense_attention_ms": 0.0, "host_to_gpu_ms": 0.0}, "cuda_ms": 355.8625793457031, "finite": true, "measured": true, "status": "decode_step", "step": 98, "wall_ms": 355.89754581451416}
{"argmax": 9021, "components": {"attention_block_ms": 0.0, "cache_append_ms": 0.0, "dense_attention_ms": 0.0, "host_to_gpu_ms": 0.0}, "cuda_ms": 355.8708801269531, "finite": true, "measured": true, "status": "decode_step", "step": 99, "wall_ms": 355.90776102617383}
{"argmax": 374, "components": {"attention_block_ms": 0.0, "cache_append_ms": 0.0, "dense_attention_ms": 0.0, "host_to_gpu_ms": 0.0}, "cuda_ms": 355.9207458496094, "finite": true, "measured": true, "status": "decode_step", "step": 100, "wall_ms": 355.9565139003098}
{"argmax": 304, "components": {"attention_block_ms": 0.0, "cache_append_ms": 0.0, "dense_attention_ms": 0.0, "host_to_gpu_ms": 0.0}, "cuda_ms": 355.8175354003906, "finite": true, "measured": true, "status": "decode_step", "step": 101, "wall_ms": 355.8557932265103}
{"argmax": 33184, "components": {"attention_block_ms": 0.0, "cache_append_ms": 0.0, "dense_attention_ms": 0.0, "host_to_gpu_ms": 0.0}, "cuda_ms": 355.8167724609375, "finite": true, "measured": true, "status": "decode_step", "step": 102, "wall_ms": 355.84996407851577}
{"argmax": 10706, "components": {"attention_block_ms": 0.0, "cache_append_ms": 0.0, "dense_attention_ms": 0.0, "host_to_gpu_ms": 0.0}, "cuda_ms": 355.9310607910156, "finite": true, "measured": true, "status": "decode_step", "step": 103, "wall_ms": 355.96713004633784}
{"argmax": 13, "components": {"attention_block_ms": 0.0, "cache_append_ms": 0.0, "dense_attention_ms": 0.0, "host_to_gpu_ms": 0.0}, "cuda_ms": 355.9181213378906, "finite": true, "measured": true, "status": "decode_step", "step": 104, "wall_ms": 356.00867168977857}
{"argmax": 889, "components": {"attention_block_ms": 0.0, "cache_append_ms": 0.0, "dense_attention_ms": 0.0, "host_to_gpu_ms": 0.0}, "cuda_ms": 356.4176940917969, "finite": true, "measured": true, "status": "decode_step", "step": 105, "wall_ms": 356.44918074831367}
{"argmax": 311, "components": {"attention_block_ms": 0.0, "cache_append_ms": 0.0, "dense_attention_ms": 0.0, "host_to_gpu_ms": 0.0}, "cuda_ms": 355.91192626953125, "finite": true, "measured": true, "status": "decode_step", "step": 106, "wall_ms": 355.95678398385644}
{"argmax": 387, "components": {"attention_block_ms": 0.0, "cache_append_ms": 0.0, "dense_attention_ms": 0.0, "host_to_gpu_ms": 0.0}, "cuda_ms": 355.9376220703125, "finite": true, "measured": true, "status": "decode_step", "step": 107, "wall_ms": 355.9704050421715}
{"argmax": 264, "components": {"attention_block_ms": 0.0, "cache_append_ms": 0.0, "dense_attention_ms": 0.0, "host_to_gpu_ms": 0.0}, "cuda_ms": 355.8797607421875, "finite": true, "measured": true, "status": "decode_step", "step": 108, "wall_ms": 355.9205802157521}
{"argmax": 6373, "components": {"attention_block_ms": 0.0, "cache_append_ms": 0.0, "dense_attention_ms": 0.0, "host_to_gpu_ms": 0.0}, "cuda_ms": 356.07110595703125, "finite": true, "measured": true, "status": "decode_step", "step": 109, "wall_ms": 356.11186595633626}
{"argmax": 10093, "components": {"attention_block_ms": 0.0, "cache_append_ms": 0.0, "dense_attention_ms": 0.0, "host_to_gpu_ms": 0.0}, "cuda_ms": 355.9214172363281, "finite": true, "measured": true, "status": "decode_step", "step": 110, "wall_ms": 355.9593390673399}
{"argmax": 304, "components": {"attention_block_ms": 0.0, "cache_append_ms": 0.0, "dense_attention_ms": 0.0, "host_to_gpu_ms": 0.0}, "cuda_ms": 355.8931579589844, "finite": true, "measured": true, "status": "decode_step", "step": 111, "wall_ms": 355.92687875032425}
{"argmax": 37419, "components": {"attention_block_ms": 0.0, "cache_append_ms": 0.0, "dense_attention_ms": 0.0, "host_to_gpu_ms": 0.0}, "cuda_ms": 355.8968505859375, "finite": true, "measured": true, "status": "decode_step", "step": 112, "wall_ms": 355.9300643391907}
{"argmax": 13, "components": {"attention_block_ms": 0.0, "cache_append_ms": 0.0, "dense_attention_ms": 0.0, "host_to_gpu_ms": 0.0}, "cuda_ms": 355.85894775390625, "finite": true, "measured": true, "status": "decode_step", "step": 113, "wall_ms": 355.9318771585822}
{"argmax": 578, "components": {"attention_block_ms": 0.0, "cache_append_ms": 0.0, "dense_attention_ms": 0.0, "host_to_gpu_ms": 0.0}, "cuda_ms": 356.53961181640625, "finite": true, "measured": true, "status": "decode_step", "step": 114, "wall_ms": 356.57351603731513}
{"argmax": 3388, "components": {"attention_block_ms": 0.0, "cache_append_ms": 0.0, "dense_attention_ms": 0.0, "host_to_gpu_ms": 0.0}, "cuda_ms": 355.9370422363281, "finite": true, "measured": true, "status": "decode_step", "step": 115, "wall_ms": 355.9713657014072}
{"argmax": 374, "components": {"attention_block_ms": 0.0, "cache_append_ms": 0.0, "dense_attention_ms": 0.0, "host_to_gpu_ms": 0.0}, "cuda_ms": 355.8988342285156, "finite": true, "measured": true, "status": "decode_step", "step": 116, "wall_ms": 355.9358627535403}
{"argmax": 264, "components": {"attention_block_ms": 0.0, "cache_append_ms": 0.0, "dense_attention_ms": 0.0, "host_to_gpu_ms": 0.0}, "cuda_ms": 355.8809814453125, "finite": true, "measured": true, "status": "decode_step", "step": 117, "wall_ms": 355.9162230230868}
{"argmax": 6677, "components": {"attention_block_ms": 0.0, "cache_append_ms": 0.0, "dense_attention_ms": 0.0, "host_to_gpu_ms": 0.0}, "cuda_ms": 355.8715515136719, "finite": true, "measured": true, "status": "decode_step", "step": 118, "wall_ms": 355.9061689302325}
{"argmax": 323, "components": {"attention_block_ms": 0.0, "cache_append_ms": 0.0, "dense_attention_ms": 0.0, "host_to_gpu_ms": 0.0}, "cuda_ms": 355.86761474609375, "finite": true, "measured": true, "status": "decode_step", "step": 119, "wall_ms": 355.9025330469012}
{"argmax": 4236, "components": {"attention_block_ms": 0.0, "cache_append_ms": 0.0, "dense_attention_ms": 0.0, "host_to_gpu_ms": 0.0}, "cuda_ms": 355.8865661621094, "finite": true, "measured": true, "status": "decode_step", "step": 120, "wall_ms": 355.9249574318528}
{"argmax": 287, "components": {"attention_block_ms": 0.0, "cache_append_ms": 0.0, "dense_attention_ms": 0.0, "host_to_gpu_ms": 0.0}, "cuda_ms": 355.9026794433594, "finite": true, "measured": true, "status": "decode_step", "step": 121, "wall_ms": 355.9426930733025}
{"argmax": 11, "components": {"attention_block_ms": 0.0, "cache_append_ms": 0.0, "dense_attention_ms": 0.0, "host_to_gpu_ms": 0.0}, "cuda_ms": 355.88482666015625, "finite": true, "measured": true, "status": "decode_step", "step": 122, "wall_ms": 355.92507710680366}
{"argmax": 279, "components": {"attention_block_ms": 0.0, "cache_append_ms": 0.0, "dense_attention_ms": 0.0, "host_to_gpu_ms": 0.0}, "cuda_ms": 355.87408447265625, "finite": true, "measured": true, "status": "decode_step", "step": 123, "wall_ms": 355.91088607907295}
{"argmax": 33184, "components": {"attention_block_ms": 0.0, "cache_append_ms": 0.0, "dense_attention_ms": 0.0, "host_to_gpu_ms": 0.0}, "cuda_ms": 355.8481750488281, "finite": true, "measured": true, "status": "decode_step", "step": 124, "wall_ms": 355.8863690122962}
{"argmax": 7471, "components": {"attention_block_ms": 0.0, "cache_append_ms": 0.0, "dense_attention_ms": 0.0, "host_to_gpu_ms": 0.0}, "cuda_ms": 355.92962646484375, "finite": true, "measured": true, "status": "decode_step", "step": 125, "wall_ms": 355.96887301653624}
{"argmax": 8830, "components": {"attention_block_ms": 0.0, "cache_append_ms": 0.0, "dense_attention_ms": 0.0, "host_to_gpu_ms": 0.0}, "cuda_ms": 355.91351318359375, "finite": true, "measured": true, "status": "decode_step", "step": 126, "wall_ms": 356.0434840619564}
{"argmax": 279, "components": {"attention_block_ms": 0.0, "cache_append_ms": 0.0, "dense_attention_ms": 0.0, "host_to_gpu_ms": 0.0}, "cuda_ms": 356.4239501953125, "finite": true, "measured": true, "status": "decode_step", "step": 127, "wall_ms": 356.46618576720357}
{"argmax": 3388, "components": {"attention_block_ms": 0.0, "cache_append_ms": 0.0, "dense_attention_ms": 0.0, "host_to_gpu_ms": 0.0}, "cuda_ms": 355.9272766113281, "finite": true, "measured": true, "status": "decode_step", "step": 128, "wall_ms": 355.96265317872167}
{"argmax": 369, "components": {"attention_block_ms": 0.0, "cache_append_ms": 0.0, "dense_attention_ms": 0.0, "host_to_gpu_ms": 0.0}, "cuda_ms": 355.8822021484375, "finite": true, "measured": true, "status": "decode_step", "step": 129, "wall_ms": 355.9238649904728}
{"argmax": 37419, "components": {"attention_block_ms": 0.0, "cache_append_ms": 0.0, "dense_attention_ms": 0.0, "host_to_gpu_ms": 0.0}, "cuda_ms": 355.9083251953125, "finite": true, "measured": true, "status": "decode_step", "step": 130, "wall_ms": 355.9453268535435}
{"argmax": 6373, "components": {"attention_block_ms": 0.0, "cache_append_ms": 0.0, "dense_attention_ms": 0.0, "host_to_gpu_ms": 0.0}, "cuda_ms": 355.8970642089844, "finite": true, "measured": true, "status": "decode_step", "step": 131, "wall_ms": 355.9621633030474}
{"argmax": 11, "components": {"attention_block_ms": 0.0, "cache_append_ms": 0.0, "dense_attention_ms": 0.0, "host_to_gpu_ms": 0.0}, "cuda_ms": 356.0807189941406, "finite": true, "measured": true, "status": "decode_step", "step": 132, "wall_ms": 356.1196383088827}
{"argmax": 6020, "components": {"attention_block_ms": 0.0, "cache_append_ms": 0.0, "dense_attention_ms": 0.0, "host_to_gpu_ms": 0.0}, "cuda_ms": 355.9026184082031, "finite": true, "measured": true, "status": "decode_step", "step": 133, "wall_ms": 355.9432839974761}
{"argmax": 24043, "components": {"attention_block_ms": 0.0, "cache_append_ms": 0.0, "dense_attention_ms": 0.0, "host_to_gpu_ms": 0.0}, "cuda_ms": 355.8930358886719, "finite": true, "measured": true, "status": "decode_step", "step": 134, "wall_ms": 355.93104595318437}
{"argmax": 13, "components": {"attention_block_ms": 0.0, "cache_append_ms": 0.0, "dense_attention_ms": 0.0, "host_to_gpu_ms": 0.0}, "cuda_ms": 355.89202880859375, "finite": true, "measured": true, "status": "decode_step", "step": 135, "wall_ms": 355.95698468387127}
{"argmax": 578, "components": {"attention_block_ms": 0.0, "cache_append_ms": 0.0, "dense_attention_ms": 0.0, "host_to_gpu_ms": 0.0}, "cuda_ms": 356.08013916015625, "finite": true, "measured": true, "status": "decode_step", "step": 136, "wall_ms": 356.1189058236778}
{"argmax": 311, "components": {"attention_block_ms": 0.0, "cache_append_ms": 0.0, "dense_attention_ms": 0.0, "host_to_gpu_ms": 0.0}, "cuda_ms": 355.8787536621094, "finite": true, "measured": true, "status": "decode_step", "step": 137, "wall_ms": 355.9199790470302}
{"argmax": 19816, "components": {"attention_block_ms": 0.0, "cache_append_ms": 0.0, "dense_attention_ms": 0.0, "host_to_gpu_ms": 0.0}, "cuda_ms": 355.8737487792969, "finite": true, "measured": true, "status": "decode_step", "step": 138, "wall_ms": 355.90726090595126}
{"argmax": 468, "components": {"attention_block_ms": 0.0, "cache_append_ms": 0.0, "dense_attention_ms": 0.0, "host_to_gpu_ms": 0.0}, "cuda_ms": 355.89239501953125, "finite": true, "measured": true, "status": "decode_step", "step": 139, "wall_ms": 355.93955824151635}
{"argmax": 13, "components": {"attention_block_ms": 0.0, "cache_append_ms": 0.0, "dense_attention_ms": 0.0, "host_to_gpu_ms": 0.0}, "cuda_ms": 355.9020080566406, "finite": true, "measured": true, "status": "decode_step", "step": 140, "wall_ms": 355.9518470428884}
{"argmax": 2947, "components": {"attention_block_ms": 0.0, "cache_append_ms": 0.0, "dense_attention_ms": 0.0, "host_to_gpu_ms": 0.0}, "cuda_ms": 355.98736572265625, "finite": true, "measured": true, "status": "decode_step", "step": 141, "wall_ms": 356.02312395349145}
{"argmax": 8536, "components": {"attention_block_ms": 0.0, "cache_append_ms": 0.0, "dense_attention_ms": 0.0, "host_to_gpu_ms": 0.0}, "cuda_ms": 355.8812255859375, "finite": true, "measured": true, "status": "decode_step", "step": 142, "wall_ms": 355.91804701834917}
{"argmax": 6150, "components": {"attention_block_ms": 0.0, "cache_append_ms": 0.0, "dense_attention_ms": 0.0, "host_to_gpu_ms": 0.0}, "cuda_ms": 355.89190673828125, "finite": true, "measured": true, "status": "decode_step", "step": 143, "wall_ms": 355.9253979474306}
{"decode_cuda_median_ms": 355.90264892578125, "decode_wall_median_ms": 355.9429885353893, "result": "results/system_benchmarks/tp1_dense_full_v6/formal_dense_offload_t65536_r1/benchmark.json", "status": "complete", "validated_layers": 0}
