{"context": 131072, "gpu": "NVIDIA L40S", "measure_steps": 128, "profile_components": false, "status": "starting", "storage": "offload", "warmup_steps": 16}
Loading weights:   0%|          | 0/291 [00:00<?, ?it/s]Loading weights: 100%|██████████| 291/291 [00:00<00:00, 9138.40it/s]
{"allocated_gib": 15.458566665649414, "exact_kv_gib": 16.017578125, "gpu_staging_gib": 0.50054931640625, "host_exact_kv_gib": 16.017578125, "status": "model_ready"}
{"peak_allocated_gib": 23.029977798461914, "prefill_ms": 37431.3671875, "status": "prefill_complete"}
{"argmax": 11, "components": {"attention_block_ms": 0.0, "cache_append_ms": 0.0, "dense_attention_ms": 0.0, "host_to_gpu_ms": 0.0}, "cuda_ms": 745.2166748046875, "finite": true, "measured": false, "status": "decode_step", "step": 0, "wall_ms": 745.3472637571394}
{"argmax": 4918, "components": {"attention_block_ms": 0.0, "cache_append_ms": 0.0, "dense_attention_ms": 0.0, "host_to_gpu_ms": 0.0}, "cuda_ms": 686.4581909179688, "finite": true, "measured": false, "status": "decode_step", "step": 1, "wall_ms": 686.5271329879761}
{"argmax": 17200, "components": {"attention_block_ms": 0.0, "cache_append_ms": 0.0, "dense_attention_ms": 0.0, "host_to_gpu_ms": 0.0}, "cuda_ms": 685.939697265625, "finite": true, "measured": false, "status": "decode_step", "step": 2, "wall_ms": 686.0123830847442}
{"argmax": 7876, "components": {"attention_block_ms": 0.0, "cache_append_ms": 0.0, "dense_attention_ms": 0.0, "host_to_gpu_ms": 0.0}, "cuda_ms": 686.1087036132812, "finite": true, "measured": false, "status": "decode_step", "step": 3, "wall_ms": 686.1730730161071}
{"argmax": 6150, "components": {"attention_block_ms": 0.0, "cache_append_ms": 0.0, "dense_attention_ms": 0.0, "host_to_gpu_ms": 0.0}, "cuda_ms": 686.8345336914062, "finite": true, "measured": false, "status": "decode_step", "step": 4, "wall_ms": 686.9615609757602}
{"argmax": 315, "components": {"attention_block_ms": 0.0, "cache_append_ms": 0.0, "dense_attention_ms": 0.0, "host_to_gpu_ms": 0.0}, "cuda_ms": 688.3612060546875, "finite": true, "measured": false, "status": "decode_step", "step": 5, "wall_ms": 688.444587867707}
{"argmax": 7658, "components": {"attention_block_ms": 0.0, "cache_append_ms": 0.0, "dense_attention_ms": 0.0, "host_to_gpu_ms": 0.0}, "cuda_ms": 686.0721435546875, "finite": true, "measured": false, "status": "decode_step", "step": 6, "wall_ms": 686.1257129348814}
{"argmax": 323, "components": {"attention_block_ms": 0.0, "cache_append_ms": 0.0, "dense_attention_ms": 0.0, "host_to_gpu_ms": 0.0}, "cuda_ms": 685.9425048828125, "finite": true, "measured": false, "status": "decode_step", "step": 7, "wall_ms": 686.0076072625816}
{"argmax": 279, "components": {"attention_block_ms": 0.0, "cache_append_ms": 0.0, "dense_attention_ms": 0.0, "host_to_gpu_ms": 0.0}, "cuda_ms": 685.9385375976562, "finite": true, "measured": false, "status": "decode_step", "step": 8, "wall_ms": 686.0068952664733}
{"argmax": 23298, "components": {"attention_block_ms": 0.0, "cache_append_ms": 0.0, "dense_attention_ms": 0.0, "host_to_gpu_ms": 0.0}, "cuda_ms": 686.2337646484375, "finite": true, "measured": false, "status": "decode_step", "step": 9, "wall_ms": 686.2805048003793}
{"argmax": 520, "components": {"attention_block_ms": 0.0, "cache_append_ms": 0.0, "dense_attention_ms": 0.0, "host_to_gpu_ms": 0.0}, "cuda_ms": 685.9188842773438, "finite": true, "measured": false, "status": "decode_step", "step": 10, "wall_ms": 685.9926339238882}
{"argmax": 311, "components": {"attention_block_ms": 0.0, "cache_append_ms": 0.0, "dense_attention_ms": 0.0, "host_to_gpu_ms": 0.0}, "cuda_ms": 686.1129150390625, "finite": true, "measured": false, "status": "decode_step", "step": 11, "wall_ms": 686.1995225772262}
{"argmax": 358, "components": {"attention_block_ms": 0.0, "cache_append_ms": 0.0, "dense_attention_ms": 0.0, "host_to_gpu_ms": 0.0}, "cuda_ms": 686.4781494140625, "finite": true, "measured": false, "status": "decode_step", "step": 12, "wall_ms": 686.5305681712925}
{"argmax": 527, "components": {"attention_block_ms": 0.0, "cache_append_ms": 0.0, "dense_attention_ms": 0.0, "host_to_gpu_ms": 0.0}, "cuda_ms": 685.9263916015625, "finite": true, "measured": false, "status": "decode_step", "step": 13, "wall_ms": 685.9927140176296}
{"argmax": 459, "components": {"attention_block_ms": 0.0, "cache_append_ms": 0.0, "dense_attention_ms": 0.0, "host_to_gpu_ms": 0.0}, "cuda_ms": 686.0799560546875, "finite": true, "measured": false, "status": "decode_step", "step": 14, "wall_ms": 686.166123021394}
{"argmax": 8536, "components": {"attention_block_ms": 0.0, "cache_append_ms": 0.0, "dense_attention_ms": 0.0, "host_to_gpu_ms": 0.0}, "cuda_ms": 686.2906494140625, "finite": true, "measured": false, "status": "decode_step", "step": 15, "wall_ms": 686.4696256816387}
{"argmax": 13537, "components": {"attention_block_ms": 0.0, "cache_append_ms": 0.0, "dense_attention_ms": 0.0, "host_to_gpu_ms": 0.0}, "cuda_ms": 687.1322631835938, "finite": true, "measured": true, "status": "decode_step", "step": 16, "wall_ms": 687.1929978951812}
{"argmax": 13537, "components": {"attention_block_ms": 0.0, "cache_append_ms": 0.0, "dense_attention_ms": 0.0, "host_to_gpu_ms": 0.0}, "cuda_ms": 686.5189208984375, "finite": true, "measured": true, "status": "decode_step", "step": 17, "wall_ms": 686.5873318165541}
{"argmax": 26, "components": {"attention_block_ms": 0.0, "cache_append_ms": 0.0, "dense_attention_ms": 0.0, "host_to_gpu_ms": 0.0}, "cuda_ms": 686.5904541015625, "finite": true, "measured": true, "status": "decode_step", "step": 18, "wall_ms": 686.6686651483178}
{"argmax": 791, "components": {"attention_block_ms": 0.0, "cache_append_ms": 0.0, "dense_attention_ms": 0.0, "host_to_gpu_ms": 0.0}, "cuda_ms": 686.4517211914062, "finite": true, "measured": true, "status": "decode_step", "step": 19, "wall_ms": 686.5556547418237}
{"argmax": 374, "components": {"attention_block_ms": 0.0, "cache_append_ms": 0.0, "dense_attention_ms": 0.0, "host_to_gpu_ms": 0.0}, "cuda_ms": 687.3055419921875, "finite": true, "measured": true, "status": "decode_step", "step": 20, "wall_ms": 687.3788060620427}
{"argmax": 374, "components": {"attention_block_ms": 0.0, "cache_append_ms": 0.0, "dense_attention_ms": 0.0, "host_to_gpu_ms": 0.0}, "cuda_ms": 686.603271484375, "finite": true, "measured": true, "status": "decode_step", "step": 21, "wall_ms": 686.668043024838}
{"argmax": 279, "components": {"attention_block_ms": 0.0, "cache_append_ms": 0.0, "dense_attention_ms": 0.0, "host_to_gpu_ms": 0.0}, "cuda_ms": 686.426025390625, "finite": true, "measured": true, "status": "decode_step", "step": 22, "wall_ms": 686.4787503145635}
{"argmax": 3560, "components": {"attention_block_ms": 0.0, "cache_append_ms": 0.0, "dense_attention_ms": 0.0, "host_to_gpu_ms": 0.0}, "cuda_ms": 686.3893432617188, "finite": true, "measured": true, "status": "decode_step", "step": 23, "wall_ms": 686.4378992468119}
{"argmax": 323, "components": {"attention_block_ms": 0.0, "cache_append_ms": 0.0, "dense_attention_ms": 0.0, "host_to_gpu_ms": 0.0}, "cuda_ms": 686.4706420898438, "finite": true, "measured": true, "status": "decode_step", "step": 24, "wall_ms": 686.5476937964559}
{"argmax": 26411, "components": {"attention_block_ms": 0.0, "cache_append_ms": 0.0, "dense_attention_ms": 0.0, "host_to_gpu_ms": 0.0}, "cuda_ms": 686.4202880859375, "finite": true, "measured": true, "status": "decode_step", "step": 25, "wall_ms": 686.476235743612}
{"argmax": 1511, "components": {"attention_block_ms": 0.0, "cache_append_ms": 0.0, "dense_attention_ms": 0.0, "host_to_gpu_ms": 0.0}, "cuda_ms": 686.2800903320312, "finite": true, "measured": true, "status": "decode_step", "step": 26, "wall_ms": 686.349046882242}
{"argmax": 7524, "components": {"attention_block_ms": 0.0, "cache_append_ms": 0.0, "dense_attention_ms": 0.0, "host_to_gpu_ms": 0.0}, "cuda_ms": 686.3897705078125, "finite": true, "measured": true, "status": "decode_step", "step": 27, "wall_ms": 686.4637676626444}
{"argmax": 323, "components": {"attention_block_ms": 0.0, "cache_append_ms": 0.0, "dense_attention_ms": 0.0, "host_to_gpu_ms": 0.0}, "cuda_ms": 686.494873046875, "finite": true, "measured": true, "status": "decode_step", "step": 28, "wall_ms": 686.5660506300628}
{"argmax": 8907, "components": {"attention_block_ms": 0.0, "cache_append_ms": 0.0, "dense_attention_ms": 0.0, "host_to_gpu_ms": 0.0}, "cuda_ms": 686.3466796875, "finite": true, "measured": true, "status": "decode_step", "step": 29, "wall_ms": 686.4399421028793}
{"argmax": 91605, "components": {"attention_block_ms": 0.0, "cache_append_ms": 0.0, "dense_attention_ms": 0.0, "host_to_gpu_ms": 0.0}, "cuda_ms": 686.525390625, "finite": true, "measured": true, "status": "decode_step", "step": 30, "wall_ms": 686.6019549779594}
{"argmax": 1862, "components": {"attention_block_ms": 0.0, "cache_append_ms": 0.0, "dense_attention_ms": 0.0, "host_to_gpu_ms": 0.0}, "cuda_ms": 686.47705078125, "finite": true, "measured": true, "status": "decode_step", "step": 31, "wall_ms": 686.5610629320145}
{"argmax": 369, "components": {"attention_block_ms": 0.0, "cache_append_ms": 0.0, "dense_attention_ms": 0.0, "host_to_gpu_ms": 0.0}, "cuda_ms": 686.4998168945312, "finite": true, "measured": true, "status": "decode_step", "step": 32, "wall_ms": 686.5518791601062}
{"argmax": 586, "components": {"attention_block_ms": 0.0, "cache_append_ms": 0.0, "dense_attention_ms": 0.0, "host_to_gpu_ms": 0.0}, "cuda_ms": 686.4207153320312, "finite": true, "measured": true, "status": "decode_step", "step": 33, "wall_ms": 686.4889548160136}
{"argmax": 7100, "components": {"attention_block_ms": 0.0, "cache_append_ms": 0.0, "dense_attention_ms": 0.0, "host_to_gpu_ms": 0.0}, "cuda_ms": 686.5679321289062, "finite": true, "measured": true, "status": "decode_step", "step": 34, "wall_ms": 686.6290848702192}
{"argmax": 11351, "components": {"attention_block_ms": 0.0, "cache_append_ms": 0.0, "dense_attention_ms": 0.0, "host_to_gpu_ms": 0.0}, "cuda_ms": 686.4698486328125, "finite": true, "measured": true, "status": "decode_step", "step": 35, "wall_ms": 686.5641181357205}
{"argmax": 13, "components": {"attention_block_ms": 0.0, "cache_append_ms": 0.0, "dense_attention_ms": 0.0, "host_to_gpu_ms": 0.0}, "cuda_ms": 686.5384521484375, "finite": true, "measured": true, "status": "decode_step", "step": 36, "wall_ms": 686.6989387199283}
{"argmax": 578, "components": {"attention_block_ms": 0.0, "cache_append_ms": 0.0, "dense_attention_ms": 0.0, "host_to_gpu_ms": 0.0}, "cuda_ms": 687.2737426757812, "finite": true, "measured": true, "status": "decode_step", "step": 37, "wall_ms": 687.3608087189496}
{"argmax": 3388, "components": {"attention_block_ms": 0.0, "cache_append_ms": 0.0, "dense_attention_ms": 0.0, "host_to_gpu_ms": 0.0}, "cuda_ms": 686.5910034179688, "finite": true, "measured": true, "status": "decode_step", "step": 38, "wall_ms": 686.6426048800349}
{"argmax": 690, "components": {"attention_block_ms": 0.0, "cache_append_ms": 0.0, "dense_attention_ms": 0.0, "host_to_gpu_ms": 0.0}, "cuda_ms": 685.8765258789062, "finite": true, "measured": true, "status": "decode_step", "step": 39, "wall_ms": 685.9490582719445}
{"argmax": 389, "components": {"attention_block_ms": 0.0, "cache_append_ms": 0.0, "dense_attention_ms": 0.0, "host_to_gpu_ms": 0.0}, "cuda_ms": 686.1055908203125, "finite": true, "measured": true, "status": "decode_step", "step": 40, "wall_ms": 686.18198717013}
{"argmax": 279, "components": {"attention_block_ms": 0.0, "cache_append_ms": 0.0, "dense_attention_ms": 0.0, "host_to_gpu_ms": 0.0}, "cuda_ms": 686.427734375, "finite": true, "measured": true, "status": "decode_step", "step": 41, "wall_ms": 686.5077340044081}
{"argmax": 3560, "components": {"attention_block_ms": 0.0, "cache_append_ms": 0.0, "dense_attention_ms": 0.0, "host_to_gpu_ms": 0.0}, "cuda_ms": 686.2086181640625, "finite": true, "measured": true, "status": "decode_step", "step": 42, "wall_ms": 686.2684157676995}
{"argmax": 315, "components": {"attention_block_ms": 0.0, "cache_append_ms": 0.0, "dense_attention_ms": 0.0, "host_to_gpu_ms": 0.0}, "cuda_ms": 685.988037109375, "finite": true, "measured": true, "status": "decode_step", "step": 43, "wall_ms": 686.0352172516286}
{"argmax": 33184, "components": {"attention_block_ms": 0.0, "cache_append_ms": 0.0, "dense_attention_ms": 0.0, "host_to_gpu_ms": 0.0}, "cuda_ms": 685.8843994140625, "finite": true, "measured": true, "status": "decode_step", "step": 44, "wall_ms": 685.9970898367465}
{"argmax": 11335, "components": {"attention_block_ms": 0.0, "cache_append_ms": 0.0, "dense_attention_ms": 0.0, "host_to_gpu_ms": 0.0}, "cuda_ms": 686.3599853515625, "finite": true, "measured": true, "status": "decode_step", "step": 45, "wall_ms": 686.4131717011333}
{"argmax": 304, "components": {"attention_block_ms": 0.0, "cache_append_ms": 0.0, "dense_attention_ms": 0.0, "host_to_gpu_ms": 0.0}, "cuda_ms": 685.9104614257812, "finite": true, "measured": true, "status": "decode_step", "step": 46, "wall_ms": 685.9757979400456}
{"argmax": 279, "components": {"attention_block_ms": 0.0, "cache_append_ms": 0.0, "dense_attention_ms": 0.0, "host_to_gpu_ms": 0.0}, "cuda_ms": 686.0657348632812, "finite": true, "measured": true, "status": "decode_step", "step": 47, "wall_ms": 686.1227480694652}
{"argmax": 33184, "components": {"attention_block_ms": 0.0, "cache_append_ms": 0.0, "dense_attention_ms": 0.0, "host_to_gpu_ms": 0.0}, "cuda_ms": 685.8685302734375, "finite": true, "measured": true, "status": "decode_step", "step": 48, "wall_ms": 685.9475462697446}
{"argmax": 315, "components": {"attention_block_ms": 0.0, "cache_append_ms": 0.0, "dense_attention_ms": 0.0, "host_to_gpu_ms": 0.0}, "cuda_ms": 686.4866333007812, "finite": true, "measured": true, "status": "decode_step", "step": 49, "wall_ms": 686.5567569620907}
{"argmax": 33184, "components": {"attention_block_ms": 0.0, "cache_append_ms": 0.0, "dense_attention_ms": 0.0, "host_to_gpu_ms": 0.0}, "cuda_ms": 685.9580688476562, "finite": true, "measured": true, "status": "decode_step", "step": 50, "wall_ms": 686.0187128186226}
{"argmax": 33184, "components": {"attention_block_ms": 0.0, "cache_append_ms": 0.0, "dense_attention_ms": 0.0, "host_to_gpu_ms": 0.0}, "cuda_ms": 685.908203125, "finite": true, "measured": true, "status": "decode_step", "step": 51, "wall_ms": 685.9684977680445}
{"argmax": 10706, "components": {"attention_block_ms": 0.0, "cache_append_ms": 0.0, "dense_attention_ms": 0.0, "host_to_gpu_ms": 0.0}, "cuda_ms": 685.8651123046875, "finite": true, "measured": true, "status": "decode_step", "step": 52, "wall_ms": 685.9177919104695}
{"argmax": 323, "components": {"attention_block_ms": 0.0, "cache_append_ms": 0.0, "dense_attention_ms": 0.0, "host_to_gpu_ms": 0.0}, "cuda_ms": 685.8944702148438, "finite": true, "measured": true, "status": "decode_step", "step": 53, "wall_ms": 685.9516920521855}
{"argmax": 279, "components": {"attention_block_ms": 0.0, "cache_append_ms": 0.0, "dense_attention_ms": 0.0, "host_to_gpu_ms": 0.0}, "cuda_ms": 685.9048461914062, "finite": true, "measured": true, "status": "decode_step", "step": 54, "wall_ms": 685.9585121273994}
{"argmax": 5536, "components": {"attention_block_ms": 0.0, "cache_append_ms": 0.0, "dense_attention_ms": 0.0, "host_to_gpu_ms": 0.0}, "cuda_ms": 685.8585815429688, "finite": true, "measured": true, "status": "decode_step", "step": 55, "wall_ms": 685.921517200768}
{"argmax": 311, "components": {"attention_block_ms": 0.0, "cache_append_ms": 0.0, "dense_attention_ms": 0.0, "host_to_gpu_ms": 0.0}, "cuda_ms": 685.9437255859375, "finite": true, "measured": true, "status": "decode_step", "step": 56, "wall_ms": 686.0038912855089}
{"argmax": 279, "components": {"attention_block_ms": 0.0, "cache_append_ms": 0.0, "dense_attention_ms": 0.0, "host_to_gpu_ms": 0.0}, "cuda_ms": 685.833984375, "finite": true, "measured": true, "status": "decode_step", "step": 57, "wall_ms": 685.8895593322814}
{"argmax": 323, "components": {"attention_block_ms": 0.0, "cache_append_ms": 0.0, "dense_attention_ms": 0.0, "host_to_gpu_ms": 0.0}, "cuda_ms": 685.9034423828125, "finite": true, "measured": true, "status": "decode_step", "step": 58, "wall_ms": 685.9548571519554}
{"argmax": 13, "components": {"attention_block_ms": 0.0, "cache_append_ms": 0.0, "dense_attention_ms": 0.0, "host_to_gpu_ms": 0.0}, "cuda_ms": 685.8599853515625, "finite": true, "measured": true, "status": "decode_step", "step": 59, "wall_ms": 685.9172810800374}
{"argmax": 41582, "components": {"attention_block_ms": 0.0, "cache_append_ms": 0.0, "dense_attention_ms": 0.0, "host_to_gpu_ms": 0.0}, "cuda_ms": 685.9175415039062, "finite": true, "measured": true, "status": "decode_step", "step": 60, "wall_ms": 685.9568399377167}
{"argmax": 11, "components": {"attention_block_ms": 0.0, "cache_append_ms": 0.0, "dense_attention_ms": 0.0, "host_to_gpu_ms": 0.0}, "cuda_ms": 685.8665771484375, "finite": true, "measured": true, "status": "decode_step", "step": 61, "wall_ms": 685.9217877499759}
{"argmax": 323, "components": {"attention_block_ms": 0.0, "cache_append_ms": 0.0, "dense_attention_ms": 0.0, "host_to_gpu_ms": 0.0}, "cuda_ms": 685.9271240234375, "finite": true, "measured": true, "status": "decode_step", "step": 62, "wall_ms": 685.9809556044638}
{"argmax": 3927, "components": {"attention_block_ms": 0.0, "cache_append_ms": 0.0, "dense_attention_ms": 0.0, "host_to_gpu_ms": 0.0}, "cuda_ms": 685.869873046875, "finite": true, "measured": true, "status": "decode_step", "step": 63, "wall_ms": 685.934345703572}
{"argmax": 11006, "components": {"attention_block_ms": 0.0, "cache_append_ms": 0.0, "dense_attention_ms": 0.0, "host_to_gpu_ms": 0.0}, "cuda_ms": 685.906005859375, "finite": true, "measured": true, "status": "decode_step", "step": 64, "wall_ms": 685.964060947299}
{"argmax": 5315, "components": {"attention_block_ms": 0.0, "cache_append_ms": 0.0, "dense_attention_ms": 0.0, "host_to_gpu_ms": 0.0}, "cuda_ms": 685.8072509765625, "finite": true, "measured": true, "status": "decode_step", "step": 65, "wall_ms": 685.8559790998697}
{"argmax": 519, "components": {"attention_block_ms": 0.0, "cache_append_ms": 0.0, "dense_attention_ms": 0.0, "host_to_gpu_ms": 0.0}, "cuda_ms": 685.8427734375, "finite": true, "measured": true, "status": "decode_step", "step": 66, "wall_ms": 685.9002048149705}
{"argmax": 1105, "components": {"attention_block_ms": 0.0, "cache_append_ms": 0.0, "dense_attention_ms": 0.0, "host_to_gpu_ms": 0.0}, "cuda_ms": 685.9410400390625, "finite": true, "measured": true, "status": "decode_step", "step": 67, "wall_ms": 685.9937249682844}
{"argmax": 11351, "components": {"attention_block_ms": 0.0, "cache_append_ms": 0.0, "dense_attention_ms": 0.0, "host_to_gpu_ms": 0.0}, "cuda_ms": 685.8917236328125, "finite": true, "measured": true, "status": "decode_step", "step": 68, "wall_ms": 685.947235673666}
{"argmax": 13, "components": {"attention_block_ms": 0.0, "cache_append_ms": 0.0, "dense_attention_ms": 0.0, "host_to_gpu_ms": 0.0}, "cuda_ms": 685.8165893554688, "finite": true, "measured": true, "status": "decode_step", "step": 69, "wall_ms": 685.8658650889993}
{"argmax": 578, "components": {"attention_block_ms": 0.0, "cache_append_ms": 0.0, "dense_attention_ms": 0.0, "host_to_gpu_ms": 0.0}, "cuda_ms": 685.9522094726562, "finite": true, "measured": true, "status": "decode_step", "step": 70, "wall_ms": 686.0236902721226}
{"argmax": 311, "components": {"attention_block_ms": 0.0, "cache_append_ms": 0.0, "dense_attention_ms": 0.0, "host_to_gpu_ms": 0.0}, "cuda_ms": 685.8736572265625, "finite": true, "measured": true, "status": "decode_step", "step": 71, "wall_ms": 685.9317133203149}
{"argmax": 4236, "components": {"attention_block_ms": 0.0, "cache_append_ms": 0.0, "dense_attention_ms": 0.0, "host_to_gpu_ms": 0.0}, "cuda_ms": 685.872314453125, "finite": true, "measured": true, "status": "decode_step", "step": 72, "wall_ms": 685.9208159148693}
{"argmax": 468, "components": {"attention_block_ms": 0.0, "cache_append_ms": 0.0, "dense_attention_ms": 0.0, "host_to_gpu_ms": 0.0}, "cuda_ms": 685.88818359375, "finite": true, "measured": true, "status": "decode_step", "step": 73, "wall_ms": 685.9453329816461}
{"argmax": 13, "components": {"attention_block_ms": 0.0, "cache_append_ms": 0.0, "dense_attention_ms": 0.0, "host_to_gpu_ms": 0.0}, "cuda_ms": 685.9201049804688, "finite": true, "measured": true, "status": "decode_step", "step": 74, "wall_ms": 685.974236112088}
{"argmax": 2947, "components": {"attention_block_ms": 0.0, "cache_append_ms": 0.0, "dense_attention_ms": 0.0, "host_to_gpu_ms": 0.0}, "cuda_ms": 685.8960571289062, "finite": true, "measured": true, "status": "decode_step", "step": 75, "wall_ms": 685.9376011416316}
{"argmax": 8536, "components": {"attention_block_ms": 0.0, "cache_append_ms": 0.0, "dense_attention_ms": 0.0, "host_to_gpu_ms": 0.0}, "cuda_ms": 685.8956298828125, "finite": true, "measured": true, "status": "decode_step", "step": 76, "wall_ms": 685.9625079669058}
{"argmax": 6150, "components": {"attention_block_ms": 0.0, "cache_append_ms": 0.0, "dense_attention_ms": 0.0, "host_to_gpu_ms": 0.0}, "cuda_ms": 685.9185180664062, "finite": true, "measured": true, "status": "decode_step", "step": 77, "wall_ms": 685.9612860716879}
{"argmax": 315, "components": {"attention_block_ms": 0.0, "cache_append_ms": 0.0, "dense_attention_ms": 0.0, "host_to_gpu_ms": 0.0}, "cuda_ms": 686.888671875, "finite": true, "measured": true, "status": "decode_step", "step": 78, "wall_ms": 686.9402197189629}
{"argmax": 3142, "components": {"attention_block_ms": 0.0, "cache_append_ms": 0.0, "dense_attention_ms": 0.0, "host_to_gpu_ms": 0.0}, "cuda_ms": 687.4867553710938, "finite": true, "measured": true, "status": "decode_step", "step": 79, "wall_ms": 687.546175904572}
{"argmax": 323, "components": {"attention_block_ms": 0.0, "cache_append_ms": 0.0, "dense_attention_ms": 0.0, "host_to_gpu_ms": 0.0}, "cuda_ms": 685.9584350585938, "finite": true, "measured": true, "status": "decode_step", "step": 80, "wall_ms": 686.0044109635055}
{"argmax": 7327, "components": {"attention_block_ms": 0.0, "cache_append_ms": 0.0, "dense_attention_ms": 0.0, "host_to_gpu_ms": 0.0}, "cuda_ms": 686.0108642578125, "finite": true, "measured": true, "status": "decode_step", "step": 81, "wall_ms": 686.0615671612322}
{"argmax": 23298, "components": {"attention_block_ms": 0.0, "cache_append_ms": 0.0, "dense_attention_ms": 0.0, "host_to_gpu_ms": 0.0}, "cuda_ms": 685.9086303710938, "finite": true, "measured": true, "status": "decode_step", "step": 82, "wall_ms": 685.9677257016301}
{"argmax": 4236, "components": {"attention_block_ms": 0.0, "cache_append_ms": 0.0, "dense_attention_ms": 0.0, "host_to_gpu_ms": 0.0}, "cuda_ms": 685.8684692382812, "finite": true, "measured": true, "status": "decode_step", "step": 83, "wall_ms": 685.9730738215148}
{"argmax": 26, "components": {"attention_block_ms": 0.0, "cache_append_ms": 0.0, "dense_attention_ms": 0.0, "host_to_gpu_ms": 0.0}, "cuda_ms": 686.4006958007812, "finite": true, "measured": true, "status": "decode_step", "step": 84, "wall_ms": 686.4640591666102}
{"argmax": 3885, "components": {"attention_block_ms": 0.0, "cache_append_ms": 0.0, "dense_attention_ms": 0.0, "host_to_gpu_ms": 0.0}, "cuda_ms": 686.1002197265625, "finite": true, "measured": true, "status": "decode_step", "step": 85, "wall_ms": 686.2097480334342}
{"argmax": 449, "components": {"attention_block_ms": 0.0, "cache_append_ms": 0.0, "dense_attention_ms": 0.0, "host_to_gpu_ms": 0.0}, "cuda_ms": 686.710693359375, "finite": true, "measured": true, "status": "decode_step", "step": 86, "wall_ms": 686.8250691331923}
{"argmax": 2947, "components": {"attention_block_ms": 0.0, "cache_append_ms": 0.0, "dense_attention_ms": 0.0, "host_to_gpu_ms": 0.0}, "cuda_ms": 686.762451171875, "finite": true, "measured": true, "status": "decode_step", "step": 87, "wall_ms": 686.8538809940219}
{"argmax": 8536, "components": {"attention_block_ms": 0.0, "cache_append_ms": 0.0, "dense_attention_ms": 0.0, "host_to_gpu_ms": 0.0}, "cuda_ms": 686.4315795898438, "finite": true, "measured": true, "status": "decode_step", "step": 88, "wall_ms": 686.563175637275}
{"argmax": 6150, "components": {"attention_block_ms": 0.0, "cache_append_ms": 0.0, "dense_attention_ms": 0.0, "host_to_gpu_ms": 0.0}, "cuda_ms": 686.7908935546875, "finite": true, "measured": true, "status": "decode_step", "step": 89, "wall_ms": 686.8838560767472}
{"argmax": 8041, "components": {"attention_block_ms": 0.0, "cache_append_ms": 0.0, "dense_attention_ms": 0.0, "host_to_gpu_ms": 0.0}, "cuda_ms": 686.3925170898438, "finite": true, "measured": true, "status": "decode_step", "step": 90, "wall_ms": 686.5222761407495}
{"argmax": 627, "components": {"attention_block_ms": 0.0, "cache_append_ms": 0.0, "dense_attention_ms": 0.0, "host_to_gpu_ms": 0.0}, "cuda_ms": 686.874267578125, "finite": true, "measured": true, "status": "decode_step", "step": 91, "wall_ms": 686.9307863526046}
{"argmax": 2028, "components": {"attention_block_ms": 0.0, "cache_append_ms": 0.0, "dense_attention_ms": 0.0, "host_to_gpu_ms": 0.0}, "cuda_ms": 686.4435424804688, "finite": true, "measured": true, "status": "decode_step", "step": 92, "wall_ms": 686.5344340912998}
{"argmax": 3388, "components": {"attention_block_ms": 0.0, "cache_append_ms": 0.0, "dense_attention_ms": 0.0, "host_to_gpu_ms": 0.0}, "cuda_ms": 686.4231567382812, "finite": true, "measured": true, "status": "decode_step", "step": 93, "wall_ms": 686.5348741412163}
{"argmax": 49095, "components": {"attention_block_ms": 0.0, "cache_append_ms": 0.0, "dense_attention_ms": 0.0, "host_to_gpu_ms": 0.0}, "cuda_ms": 686.8184814453125, "finite": true, "measured": true, "status": "decode_step", "step": 94, "wall_ms": 686.8766648694873}
{"argmax": 459, "components": {"attention_block_ms": 0.0, "cache_append_ms": 0.0, "dense_attention_ms": 0.0, "host_to_gpu_ms": 0.0}, "cuda_ms": 687.2507934570312, "finite": true, "measured": true, "status": "decode_step", "step": 95, "wall_ms": 687.3408192768693}
{"argmax": 4236, "components": {"attention_block_ms": 0.0, "cache_append_ms": 0.0, "dense_attention_ms": 0.0, "host_to_gpu_ms": 0.0}, "cuda_ms": 686.8042602539062, "finite": true, "measured": true, "status": "decode_step", "step": 96, "wall_ms": 686.8804697878659}
{"argmax": 889, "components": {"attention_block_ms": 0.0, "cache_append_ms": 0.0, "dense_attention_ms": 0.0, "host_to_gpu_ms": 0.0}, "cuda_ms": 686.5363159179688, "finite": true, "measured": true, "status": "decode_step", "step": 97, "wall_ms": 686.6040378808975}
{"argmax": 6156, "components": {"attention_block_ms": 0.0, "cache_append_ms": 0.0, "dense_attention_ms": 0.0, "host_to_gpu_ms": 0.0}, "cuda_ms": 686.6146240234375, "finite": true, "measured": true, "status": "decode_step", "step": 98, "wall_ms": 686.6940818727016}
{"argmax": 9021, "components": {"attention_block_ms": 0.0, "cache_append_ms": 0.0, "dense_attention_ms": 0.0, "host_to_gpu_ms": 0.0}, "cuda_ms": 686.5369873046875, "finite": true, "measured": true, "status": "decode_step", "step": 99, "wall_ms": 686.6221753880382}
{"argmax": 374, "components": {"attention_block_ms": 0.0, "cache_append_ms": 0.0, "dense_attention_ms": 0.0, "host_to_gpu_ms": 0.0}, "cuda_ms": 686.5828857421875, "finite": true, "measured": true, "status": "decode_step", "step": 100, "wall_ms": 686.6560657508671}
{"argmax": 304, "components": {"attention_block_ms": 0.0, "cache_append_ms": 0.0, "dense_attention_ms": 0.0, "host_to_gpu_ms": 0.0}, "cuda_ms": 686.5216674804688, "finite": true, "measured": true, "status": "decode_step", "step": 101, "wall_ms": 686.5985188633204}
{"argmax": 2536, "components": {"attention_block_ms": 0.0, "cache_append_ms": 0.0, "dense_attention_ms": 0.0, "host_to_gpu_ms": 0.0}, "cuda_ms": 686.4890747070312, "finite": true, "measured": true, "status": "decode_step", "step": 102, "wall_ms": 686.5553152747452}
{"argmax": 10706, "components": {"attention_block_ms": 0.0, "cache_append_ms": 0.0, "dense_attention_ms": 0.0, "host_to_gpu_ms": 0.0}, "cuda_ms": 686.5321044921875, "finite": true, "measured": true, "status": "decode_step", "step": 103, "wall_ms": 686.6056201979518}
{"argmax": 13, "components": {"attention_block_ms": 0.0, "cache_append_ms": 0.0, "dense_attention_ms": 0.0, "host_to_gpu_ms": 0.0}, "cuda_ms": 686.4239501953125, "finite": true, "measured": true, "status": "decode_step", "step": 104, "wall_ms": 686.4956058561802}
{"argmax": 889, "components": {"attention_block_ms": 0.0, "cache_append_ms": 0.0, "dense_attention_ms": 0.0, "host_to_gpu_ms": 0.0}, "cuda_ms": 686.3442993164062, "finite": true, "measured": true, "status": "decode_step", "step": 105, "wall_ms": 686.4309282973409}
{"argmax": 311, "components": {"attention_block_ms": 0.0, "cache_append_ms": 0.0, "dense_attention_ms": 0.0, "host_to_gpu_ms": 0.0}, "cuda_ms": 686.5738525390625, "finite": true, "measured": true, "status": "decode_step", "step": 106, "wall_ms": 686.6192710585892}
{"argmax": 387, "components": {"attention_block_ms": 0.0, "cache_append_ms": 0.0, "dense_attention_ms": 0.0, "host_to_gpu_ms": 0.0}, "cuda_ms": 686.5967407226562, "finite": true, "measured": true, "status": "decode_step", "step": 107, "wall_ms": 686.6709981113672}
{"argmax": 264, "components": {"attention_block_ms": 0.0, "cache_append_ms": 0.0, "dense_attention_ms": 0.0, "host_to_gpu_ms": 0.0}, "cuda_ms": 686.3451538085938, "finite": true, "measured": true, "status": "decode_step", "step": 108, "wall_ms": 686.4090762101114}
{"argmax": 6373, "components": {"attention_block_ms": 0.0, "cache_append_ms": 0.0, "dense_attention_ms": 0.0, "host_to_gpu_ms": 0.0}, "cuda_ms": 686.4946899414062, "finite": true, "measured": true, "status": "decode_step", "step": 109, "wall_ms": 686.5457897074521}
{"argmax": 10093, "components": {"attention_block_ms": 0.0, "cache_append_ms": 0.0, "dense_attention_ms": 0.0, "host_to_gpu_ms": 0.0}, "cuda_ms": 686.0317993164062, "finite": true, "measured": true, "status": "decode_step", "step": 110, "wall_ms": 686.0730340704322}
{"argmax": 13, "components": {"attention_block_ms": 0.0, "cache_append_ms": 0.0, "dense_attention_ms": 0.0, "host_to_gpu_ms": 0.0}, "cuda_ms": 685.8911743164062, "finite": true, "measured": true, "status": "decode_step", "step": 111, "wall_ms": 685.9786524437368}
{"argmax": 279, "components": {"attention_block_ms": 0.0, "cache_append_ms": 0.0, "dense_attention_ms": 0.0, "host_to_gpu_ms": 0.0}, "cuda_ms": 686.3548583984375, "finite": true, "measured": true, "status": "decode_step", "step": 112, "wall_ms": 686.3974388688803}
{"argmax": 13, "components": {"attention_block_ms": 0.0, "cache_append_ms": 0.0, "dense_attention_ms": 0.0, "host_to_gpu_ms": 0.0}, "cuda_ms": 685.8926391601562, "finite": true, "measured": true, "status": "decode_step", "step": 113, "wall_ms": 685.9474861994386}
{"argmax": 578, "components": {"attention_block_ms": 0.0, "cache_append_ms": 0.0, "dense_attention_ms": 0.0, "host_to_gpu_ms": 0.0}, "cuda_ms": 686.1201782226562, "finite": true, "measured": true, "status": "decode_step", "step": 114, "wall_ms": 686.1831992864609}
{"argmax": 3388, "components": {"attention_block_ms": 0.0, "cache_append_ms": 0.0, "dense_attention_ms": 0.0, "host_to_gpu_ms": 0.0}, "cuda_ms": 686.4452514648438, "finite": true, "measured": true, "status": "decode_step", "step": 115, "wall_ms": 686.5136022679508}
{"argmax": 374, "components": {"attention_block_ms": 0.0, "cache_append_ms": 0.0, "dense_attention_ms": 0.0, "host_to_gpu_ms": 0.0}, "cuda_ms": 686.2373657226562, "finite": true, "measured": true, "status": "decode_step", "step": 116, "wall_ms": 686.2824559211731}
{"argmax": 264, "components": {"attention_block_ms": 0.0, "cache_append_ms": 0.0, "dense_attention_ms": 0.0, "host_to_gpu_ms": 0.0}, "cuda_ms": 685.904052734375, "finite": true, "measured": true, "status": "decode_step", "step": 117, "wall_ms": 685.9517423436046}
{"argmax": 6677, "components": {"attention_block_ms": 0.0, "cache_append_ms": 0.0, "dense_attention_ms": 0.0, "host_to_gpu_ms": 0.0}, "cuda_ms": 685.9276123046875, "finite": true, "measured": true, "status": "decode_step", "step": 118, "wall_ms": 686.0259328968823}
{"argmax": 323, "components": {"attention_block_ms": 0.0, "cache_append_ms": 0.0, "dense_attention_ms": 0.0, "host_to_gpu_ms": 0.0}, "cuda_ms": 686.4305419921875, "finite": true, "measured": true, "status": "decode_step", "step": 119, "wall_ms": 686.4662319421768}
{"argmax": 4236, "components": {"attention_block_ms": 0.0, "cache_append_ms": 0.0, "dense_attention_ms": 0.0, "host_to_gpu_ms": 0.0}, "cuda_ms": 685.9180297851562, "finite": true, "measured": true, "status": "decode_step", "step": 120, "wall_ms": 685.978954192251}
{"argmax": 287, "components": {"attention_block_ms": 0.0, "cache_append_ms": 0.0, "dense_attention_ms": 0.0, "host_to_gpu_ms": 0.0}, "cuda_ms": 686.11376953125, "finite": true, "measured": true, "status": "decode_step", "step": 121, "wall_ms": 686.1524130217731}
{"argmax": 11, "components": {"attention_block_ms": 0.0, "cache_append_ms": 0.0, "dense_attention_ms": 0.0, "host_to_gpu_ms": 0.0}, "cuda_ms": 685.9373779296875, "finite": true, "measured": true, "status": "decode_step", "step": 122, "wall_ms": 685.9741457737982}
{"argmax": 279, "components": {"attention_block_ms": 0.0, "cache_append_ms": 0.0, "dense_attention_ms": 0.0, "host_to_gpu_ms": 0.0}, "cuda_ms": 686.2327880859375, "finite": true, "measured": true, "status": "decode_step", "step": 123, "wall_ms": 686.3038479350507}
{"argmax": 33184, "components": {"attention_block_ms": 0.0, "cache_append_ms": 0.0, "dense_attention_ms": 0.0, "host_to_gpu_ms": 0.0}, "cuda_ms": 686.135498046875, "finite": true, "measured": true, "status": "decode_step", "step": 124, "wall_ms": 686.1799526959658}
{"argmax": 7471, "components": {"attention_block_ms": 0.0, "cache_append_ms": 0.0, "dense_attention_ms": 0.0, "host_to_gpu_ms": 0.0}, "cuda_ms": 685.9234008789062, "finite": true, "measured": true, "status": "decode_step", "step": 125, "wall_ms": 686.022758949548}
{"argmax": 2737, "components": {"attention_block_ms": 0.0, "cache_append_ms": 0.0, "dense_attention_ms": 0.0, "host_to_gpu_ms": 0.0}, "cuda_ms": 686.4417114257812, "finite": true, "measured": true, "status": "decode_step", "step": 126, "wall_ms": 686.4817147143185}
{"argmax": 279, "components": {"attention_block_ms": 0.0, "cache_append_ms": 0.0, "dense_attention_ms": 0.0, "host_to_gpu_ms": 0.0}, "cuda_ms": 685.8956909179688, "finite": true, "measured": true, "status": "decode_step", "step": 127, "wall_ms": 685.9350278973579}
{"argmax": 3388, "components": {"attention_block_ms": 0.0, "cache_append_ms": 0.0, "dense_attention_ms": 0.0, "host_to_gpu_ms": 0.0}, "cuda_ms": 685.956787109375, "finite": true, "measured": true, "status": "decode_step", "step": 128, "wall_ms": 686.0113013535738}
{"argmax": 369, "components": {"attention_block_ms": 0.0, "cache_append_ms": 0.0, "dense_attention_ms": 0.0, "host_to_gpu_ms": 0.0}, "cuda_ms": 686.0492553710938, "finite": true, "measured": true, "status": "decode_step", "step": 129, "wall_ms": 686.108757276088}
{"argmax": 37419, "components": {"attention_block_ms": 0.0, "cache_append_ms": 0.0, "dense_attention_ms": 0.0, "host_to_gpu_ms": 0.0}, "cuda_ms": 686.483154296875, "finite": true, "measured": true, "status": "decode_step", "step": 130, "wall_ms": 686.5466618910432}
{"argmax": 6373, "components": {"attention_block_ms": 0.0, "cache_append_ms": 0.0, "dense_attention_ms": 0.0, "host_to_gpu_ms": 0.0}, "cuda_ms": 686.0350341796875, "finite": true, "measured": true, "status": "decode_step", "step": 131, "wall_ms": 686.0706303268671}
{"argmax": 323, "components": {"attention_block_ms": 0.0, "cache_append_ms": 0.0, "dense_attention_ms": 0.0, "host_to_gpu_ms": 0.0}, "cuda_ms": 685.9461059570312, "finite": true, "measured": true, "status": "decode_step", "step": 132, "wall_ms": 685.9837910160422}
{"argmax": 6020, "components": {"attention_block_ms": 0.0, "cache_append_ms": 0.0, "dense_attention_ms": 0.0, "host_to_gpu_ms": 0.0}, "cuda_ms": 685.8873291015625, "finite": true, "measured": true, "status": "decode_step", "step": 133, "wall_ms": 685.9270259737968}
{"argmax": 24043, "components": {"attention_block_ms": 0.0, "cache_append_ms": 0.0, "dense_attention_ms": 0.0, "host_to_gpu_ms": 0.0}, "cuda_ms": 685.938232421875, "finite": true, "measured": true, "status": "decode_step", "step": 134, "wall_ms": 685.9757290221751}
{"argmax": 13, "components": {"attention_block_ms": 0.0, "cache_append_ms": 0.0, "dense_attention_ms": 0.0, "host_to_gpu_ms": 0.0}, "cuda_ms": 685.8507690429688, "finite": true, "measured": true, "status": "decode_step", "step": 135, "wall_ms": 685.885894112289}
{"argmax": 5377, "components": {"attention_block_ms": 0.0, "cache_append_ms": 0.0, "dense_attention_ms": 0.0, "host_to_gpu_ms": 0.0}, "cuda_ms": 685.9141235351562, "finite": true, "measured": true, "status": "decode_step", "step": 136, "wall_ms": 685.9520836733282}
{"argmax": 311, "components": {"attention_block_ms": 0.0, "cache_append_ms": 0.0, "dense_attention_ms": 0.0, "host_to_gpu_ms": 0.0}, "cuda_ms": 685.8760986328125, "finite": true, "measured": true, "status": "decode_step", "step": 137, "wall_ms": 685.917932074517}
{"argmax": 19816, "components": {"attention_block_ms": 0.0, "cache_append_ms": 0.0, "dense_attention_ms": 0.0, "host_to_gpu_ms": 0.0}, "cuda_ms": 685.9598388671875, "finite": true, "measured": true, "status": "decode_step", "step": 138, "wall_ms": 686.0014572739601}
{"argmax": 468, "components": {"attention_block_ms": 0.0, "cache_append_ms": 0.0, "dense_attention_ms": 0.0, "host_to_gpu_ms": 0.0}, "cuda_ms": 685.8494873046875, "finite": true, "measured": true, "status": "decode_step", "step": 139, "wall_ms": 685.8875462785363}
{"argmax": 13, "components": {"attention_block_ms": 0.0, "cache_append_ms": 0.0, "dense_attention_ms": 0.0, "host_to_gpu_ms": 0.0}, "cuda_ms": 685.9299926757812, "finite": true, "measured": true, "status": "decode_step", "step": 140, "wall_ms": 685.9824280254543}
{"argmax": 2947, "components": {"attention_block_ms": 0.0, "cache_append_ms": 0.0, "dense_attention_ms": 0.0, "host_to_gpu_ms": 0.0}, "cuda_ms": 685.9610595703125, "finite": true, "measured": true, "status": "decode_step", "step": 141, "wall_ms": 686.0192632302642}
{"argmax": 8536, "components": {"attention_block_ms": 0.0, "cache_append_ms": 0.0, "dense_attention_ms": 0.0, "host_to_gpu_ms": 0.0}, "cuda_ms": 685.9139404296875, "finite": true, "measured": true, "status": "decode_step", "step": 142, "wall_ms": 685.9550182707608}
{"argmax": 6150, "components": {"attention_block_ms": 0.0, "cache_append_ms": 0.0, "dense_attention_ms": 0.0, "host_to_gpu_ms": 0.0}, "cuda_ms": 685.8888549804688, "finite": true, "measured": true, "status": "decode_step", "step": 143, "wall_ms": 685.9556180424988}
{"decode_cuda_median_ms": 686.1096801757812, "decode_wall_median_ms": 686.1809699330479, "result": "results/system_benchmarks/tp1_dense_full_v6/formal_dense_offload_t131072_r0/benchmark.json", "status": "complete", "validated_layers": 0}
