{"context": 16384, "gpu": "NVIDIA L40S", "measure_steps": 128, "mode": "legacy", "status": "starting", "storage": "local", "warmup_steps": 16}
{"status": "extensions_ready"}
Loading weights:   0%|          | 0/291 [00:00<?, ?it/s]Loading weights: 100%|██████████| 291/291 [00:00<00:00, 9455.12it/s]
{"allocated_gib": 17.264341354370117, "host_exact_key_gib": 0.0, "status": "model_ready"}
{"peak_allocated_gib": 18.217710494995117, "prefill_ms": 2337.4921875, "status": "prefill_complete"}
{"argmax": 46137, "cuda_ms": 104.15388488769531, "finite": true, "measured": false, "status": "decode_step", "step": 0, "wall_ms": 104.1605519130826}
{"argmax": 396, "cuda_ms": 31.53740882873535, "finite": true, "measured": false, "status": "decode_step", "step": 1, "wall_ms": 31.548758037388325}
{"argmax": 386, "cuda_ms": 31.27142333984375, "finite": true, "measured": false, "status": "decode_step", "step": 2, "wall_ms": 31.287727877497673}
{"argmax": 7876, "cuda_ms": 31.23232078552246, "finite": true, "measured": false, "status": "decode_step", "step": 3, "wall_ms": 31.24489402398467}
{"argmax": 6150, "cuda_ms": 31.23961639404297, "finite": true, "measured": false, "status": "decode_step", "step": 4, "wall_ms": 31.252033542841673}
{"argmax": 315, "cuda_ms": 31.223648071289062, "finite": true, "measured": false, "status": "decode_step", "step": 5, "wall_ms": 31.236361246556044}
{"argmax": 8184, "cuda_ms": 31.210880279541016, "finite": true, "measured": false, "status": "decode_step", "step": 6, "wall_ms": 31.224253121763468}
{"argmax": 323, "cuda_ms": 31.205055236816406, "finite": true, "measured": false, "status": "decode_step", "step": 7, "wall_ms": 31.217593234032393}
{"argmax": 279, "cuda_ms": 31.219743728637695, "finite": true, "measured": false, "status": "decode_step", "step": 8, "wall_ms": 31.241218093782663}
{"argmax": 23298, "cuda_ms": 31.436031341552734, "finite": true, "measured": false, "status": "decode_step", "step": 9, "wall_ms": 31.450300943106413}
{"argmax": 11, "cuda_ms": 31.218175888061523, "finite": true, "measured": false, "status": "decode_step", "step": 10, "wall_ms": 31.231192871928215}
{"argmax": 11, "cuda_ms": 31.202207565307617, "finite": true, "measured": false, "status": "decode_step", "step": 11, "wall_ms": 31.216281931847334}
{"argmax": 323, "cuda_ms": 31.231903076171875, "finite": true, "measured": false, "status": "decode_step", "step": 12, "wall_ms": 31.245133839547634}
{"argmax": 1253, "cuda_ms": 31.20636749267578, "finite": true, "measured": false, "status": "decode_step", "step": 13, "wall_ms": 31.220537144690752}
{"argmax": 2753, "cuda_ms": 31.206335067749023, "finite": true, "measured": false, "status": "decode_step", "step": 14, "wall_ms": 31.219366006553173}
{"argmax": 8536, "cuda_ms": 31.21683120727539, "finite": true, "measured": false, "status": "decode_step", "step": 15, "wall_ms": 31.228668987751007}
{"argmax": 6150, "cuda_ms": 31.169343948364258, "finite": true, "measured": true, "status": "decode_step", "step": 16, "wall_ms": 31.182180158793926}
{"argmax": 315, "cuda_ms": 31.19196891784668, "finite": true, "measured": true, "status": "decode_step", "step": 17, "wall_ms": 31.205123756080866}
{"argmax": 1253, "cuda_ms": 31.202207565307617, "finite": true, "measured": true, "status": "decode_step", "step": 18, "wall_ms": 31.2149990350008}
{"argmax": 791, "cuda_ms": 31.21126365661621, "finite": true, "measured": true, "status": "decode_step", "step": 19, "wall_ms": 31.22400213032961}
{"argmax": 374, "cuda_ms": 31.20800018310547, "finite": true, "measured": true, "status": "decode_step", "step": 20, "wall_ms": 31.221477780491114}
{"argmax": 374, "cuda_ms": 31.211904525756836, "finite": true, "measured": true, "status": "decode_step", "step": 21, "wall_ms": 31.225503887981176}
{"argmax": 279, "cuda_ms": 31.183551788330078, "finite": true, "measured": true, "status": "decode_step", "step": 22, "wall_ms": 31.196982134133577}
{"argmax": 3560, "cuda_ms": 31.172800064086914, "finite": true, "measured": true, "status": "decode_step", "step": 23, "wall_ms": 31.184193212538958}
{"argmax": 323, "cuda_ms": 31.186656951904297, "finite": true, "measured": true, "status": "decode_step", "step": 24, "wall_ms": 31.200438272207975}
{"argmax": 10396, "cuda_ms": 31.210847854614258, "finite": true, "measured": true, "status": "decode_step", "step": 25, "wall_ms": 31.224414240568876}
{"argmax": 1511, "cuda_ms": 31.211328506469727, "finite": true, "measured": true, "status": "decode_step", "step": 26, "wall_ms": 31.224293168634176}
{"argmax": 7524, "cuda_ms": 31.269088745117188, "finite": true, "measured": true, "status": "decode_step", "step": 27, "wall_ms": 31.282170210033655}
{"argmax": 323, "cuda_ms": 31.229984283447266, "finite": true, "measured": true, "status": "decode_step", "step": 28, "wall_ms": 31.243131030350924}
{"argmax": 323, "cuda_ms": 31.2010555267334, "finite": true, "measured": true, "status": "decode_step", "step": 29, "wall_ms": 31.21494920924306}
{"argmax": 91605, "cuda_ms": 31.21062469482422, "finite": true, "measured": true, "status": "decode_step", "step": 30, "wall_ms": 31.224272679537535}
{"argmax": 11006, "cuda_ms": 31.166847229003906, "finite": true, "measured": true, "status": "decode_step", "step": 31, "wall_ms": 31.17890516296029}
{"argmax": 369, "cuda_ms": 31.204896926879883, "finite": true, "measured": true, "status": "decode_step", "step": 32, "wall_ms": 31.21841372922063}
{"argmax": 586, "cuda_ms": 31.17635154724121, "finite": true, "measured": true, "status": "decode_step", "step": 33, "wall_ms": 31.188900116831064}
{"argmax": 323, "cuda_ms": 31.213119506835938, "finite": true, "measured": true, "status": "decode_step", "step": 34, "wall_ms": 31.22665686532855}
{"argmax": 11351, "cuda_ms": 31.206623077392578, "finite": true, "measured": true, "status": "decode_step", "step": 35, "wall_ms": 31.219264958053827}
{"argmax": 13, "cuda_ms": 31.218751907348633, "finite": true, "measured": true, "status": "decode_step", "step": 36, "wall_ms": 31.232394743710756}
{"argmax": 578, "cuda_ms": 31.209888458251953, "finite": true, "measured": true, "status": "decode_step", "step": 37, "wall_ms": 31.22328221797943}
{"argmax": 3388, "cuda_ms": 31.1856632232666, "finite": true, "measured": true, "status": "decode_step", "step": 38, "wall_ms": 31.199295073747635}
{"argmax": 374, "cuda_ms": 31.195968627929688, "finite": true, "measured": true, "status": "decode_step", "step": 39, "wall_ms": 31.207498162984848}
{"argmax": 389, "cuda_ms": 31.226015090942383, "finite": true, "measured": true, "status": "decode_step", "step": 40, "wall_ms": 31.23896475881338}
{"argmax": 279, "cuda_ms": 31.167583465576172, "finite": true, "measured": true, "status": "decode_step", "step": 41, "wall_ms": 31.181148253381252}
{"argmax": 3560, "cuda_ms": 31.21286392211914, "finite": true, "measured": true, "status": "decode_step", "step": 42, "wall_ms": 31.2249637208879}
{"argmax": 315, "cuda_ms": 31.19808006286621, "finite": true, "measured": true, "status": "decode_step", "step": 43, "wall_ms": 31.21137386187911}
{"argmax": 33184, "cuda_ms": 31.214048385620117, "finite": true, "measured": true, "status": "decode_step", "step": 44, "wall_ms": 31.227007042616606}
{"argmax": 11335, "cuda_ms": 31.193151473999023, "finite": true, "measured": true, "status": "decode_step", "step": 45, "wall_ms": 31.207288149744272}
{"argmax": 304, "cuda_ms": 31.206144332885742, "finite": true, "measured": true, "status": "decode_step", "step": 46, "wall_ms": 31.220497097820044}
{"argmax": 279, "cuda_ms": 31.206687927246094, "finite": true, "measured": true, "status": "decode_step", "step": 47, "wall_ms": 31.21819393709302}
{"argmax": 4500, "cuda_ms": 31.209407806396484, "finite": true, "measured": true, "status": "decode_step", "step": 48, "wall_ms": 31.223550904542208}
{"argmax": 315, "cuda_ms": 31.19353675842285, "finite": true, "measured": true, "status": "decode_step", "step": 49, "wall_ms": 31.206847168505192}
{"argmax": 33184, "cuda_ms": 31.211135864257812, "finite": true, "measured": true, "status": "decode_step", "step": 50, "wall_ms": 31.22360212728381}
{"argmax": 33184, "cuda_ms": 31.204288482666016, "finite": true, "measured": true, "status": "decode_step", "step": 51, "wall_ms": 31.216710805892944}
{"argmax": 10706, "cuda_ms": 32.16521453857422, "finite": true, "measured": true, "status": "decode_step", "step": 52, "wall_ms": 32.179239206016064}
{"argmax": 11, "cuda_ms": 31.312288284301758, "finite": true, "measured": true, "status": "decode_step", "step": 53, "wall_ms": 31.325174029916525}
{"argmax": 279, "cuda_ms": 31.185823440551758, "finite": true, "measured": true, "status": "decode_step", "step": 54, "wall_ms": 31.199495773762465}
{"argmax": 5536, "cuda_ms": 31.175872802734375, "finite": true, "measured": true, "status": "decode_step", "step": 55, "wall_ms": 31.18875902146101}
{"argmax": 311, "cuda_ms": 31.21878433227539, "finite": true, "measured": true, "status": "decode_step", "step": 56, "wall_ms": 31.23190440237522}
{"argmax": 279, "cuda_ms": 31.194944381713867, "finite": true, "measured": true, "status": "decode_step", "step": 57, "wall_ms": 31.206706073135138}
{"argmax": 323, "cuda_ms": 31.215456008911133, "finite": true, "measured": true, "status": "decode_step", "step": 58, "wall_ms": 31.22858004644513}
{"argmax": 13, "cuda_ms": 31.19696044921875, "finite": true, "measured": true, "status": "decode_step", "step": 59, "wall_ms": 31.203310936689377}
{"argmax": 41582, "cuda_ms": 31.214399337768555, "finite": true, "measured": true, "status": "decode_step", "step": 60, "wall_ms": 31.22822940349579}
{"argmax": 11, "cuda_ms": 31.226015090942383, "finite": true, "measured": true, "status": "decode_step", "step": 61, "wall_ms": 31.23914496973157}
{"argmax": 323, "cuda_ms": 31.256895065307617, "finite": true, "measured": true, "status": "decode_step", "step": 62, "wall_ms": 31.271663028746843}
{"argmax": 1023, "cuda_ms": 31.19478416442871, "finite": true, "measured": true, "status": "decode_step", "step": 63, "wall_ms": 31.206606421619654}
{"argmax": 11006, "cuda_ms": 31.234752655029297, "finite": true, "measured": true, "status": "decode_step", "step": 64, "wall_ms": 31.247899401932955}
{"argmax": 11351, "cuda_ms": 31.221567153930664, "finite": true, "measured": true, "status": "decode_step", "step": 65, "wall_ms": 31.23415680602193}
{"argmax": 519, "cuda_ms": 31.226655960083008, "finite": true, "measured": true, "status": "decode_step", "step": 66, "wall_ms": 31.239565927535295}
{"argmax": 28846, "cuda_ms": 31.185951232910156, "finite": true, "measured": true, "status": "decode_step", "step": 67, "wall_ms": 31.19894489645958}
{"argmax": 11351, "cuda_ms": 31.21299171447754, "finite": true, "measured": true, "status": "decode_step", "step": 68, "wall_ms": 31.225984916090965}
{"argmax": 13, "cuda_ms": 31.144927978515625, "finite": true, "measured": true, "status": "decode_step", "step": 69, "wall_ms": 31.158453784883022}
{"argmax": 578, "cuda_ms": 31.21251106262207, "finite": true, "measured": true, "status": "decode_step", "step": 70, "wall_ms": 31.227397732436657}
{"argmax": 311, "cuda_ms": 31.220352172851562, "finite": true, "measured": true, "status": "decode_step", "step": 71, "wall_ms": 31.233386136591434}
{"argmax": 4236, "cuda_ms": 31.178848266601562, "finite": true, "measured": true, "status": "decode_step", "step": 72, "wall_ms": 31.192044727504253}
{"argmax": 468, "cuda_ms": 31.213760375976562, "finite": true, "measured": true, "status": "decode_step", "step": 73, "wall_ms": 31.226155813783407}
{"argmax": 13, "cuda_ms": 31.19603157043457, "finite": true, "measured": true, "status": "decode_step", "step": 74, "wall_ms": 31.2093710526824}
{"argmax": 2947, "cuda_ms": 31.21343994140625, "finite": true, "measured": true, "status": "decode_step", "step": 75, "wall_ms": 31.22602589428425}
{"argmax": 8536, "cuda_ms": 31.180192947387695, "finite": true, "measured": true, "status": "decode_step", "step": 76, "wall_ms": 31.19304683059454}
{"argmax": 6150, "cuda_ms": 31.1790714263916, "finite": true, "measured": true, "status": "decode_step", "step": 77, "wall_ms": 31.19323682039976}
{"argmax": 315, "cuda_ms": 31.20787239074707, "finite": true, "measured": true, "status": "decode_step", "step": 78, "wall_ms": 31.223200727254152}
{"argmax": 3142, "cuda_ms": 31.21228790283203, "finite": true, "measured": true, "status": "decode_step", "step": 79, "wall_ms": 31.224452890455723}
{"argmax": 323, "cuda_ms": 31.194751739501953, "finite": true, "measured": true, "status": "decode_step", "step": 80, "wall_ms": 31.20777802541852}
{"argmax": 7327, "cuda_ms": 31.214208602905273, "finite": true, "measured": true, "status": "decode_step", "step": 81, "wall_ms": 31.227306928485632}
{"argmax": 23298, "cuda_ms": 31.19545555114746, "finite": true, "measured": true, "status": "decode_step", "step": 82, "wall_ms": 31.208109110593796}
{"argmax": 4236, "cuda_ms": 31.186464309692383, "finite": true, "measured": true, "status": "decode_step", "step": 83, "wall_ms": 31.19859518483281}
{"argmax": 26, "cuda_ms": 31.234655380249023, "finite": true, "measured": true, "status": "decode_step", "step": 84, "wall_ms": 31.24765818938613}
{"argmax": 3885, "cuda_ms": 31.235008239746094, "finite": true, "measured": true, "status": "decode_step", "step": 85, "wall_ms": 31.249300111085176}
{"argmax": 449, "cuda_ms": 31.234399795532227, "finite": true, "measured": true, "status": "decode_step", "step": 86, "wall_ms": 31.24837903305888}
{"argmax": 2947, "cuda_ms": 31.201984405517578, "finite": true, "measured": true, "status": "decode_step", "step": 87, "wall_ms": 31.21498879045248}
{"argmax": 8536, "cuda_ms": 31.228927612304688, "finite": true, "measured": true, "status": "decode_step", "step": 88, "wall_ms": 31.24252101406455}
{"argmax": 6150, "cuda_ms": 31.233631134033203, "finite": true, "measured": true, "status": "decode_step", "step": 89, "wall_ms": 31.246285885572433}
{"argmax": 8041, "cuda_ms": 31.205120086669922, "finite": true, "measured": true, "status": "decode_step", "step": 90, "wall_ms": 31.219215132296085}
{"argmax": 627, "cuda_ms": 31.200159072875977, "finite": true, "measured": true, "status": "decode_step", "step": 91, "wall_ms": 31.21271636337042}
{"argmax": 2028, "cuda_ms": 31.2412166595459, "finite": true, "measured": true, "status": "decode_step", "step": 92, "wall_ms": 31.253687106072903}
{"argmax": 3388, "cuda_ms": 31.228927612304688, "finite": true, "measured": true, "status": "decode_step", "step": 93, "wall_ms": 31.24310076236725}
{"argmax": 49095, "cuda_ms": 31.23036766052246, "finite": true, "measured": true, "status": "decode_step", "step": 94, "wall_ms": 31.244433019310236}
{"argmax": 6319, "cuda_ms": 31.219295501708984, "finite": true, "measured": true, "status": "decode_step", "step": 95, "wall_ms": 31.231363769620657}
{"argmax": 4236, "cuda_ms": 31.226240158081055, "finite": true, "measured": true, "status": "decode_step", "step": 96, "wall_ms": 31.239615753293037}
{"argmax": 889, "cuda_ms": 31.275455474853516, "finite": true, "measured": true, "status": "decode_step", "step": 97, "wall_ms": 31.287648249417543}
{"argmax": 6156, "cuda_ms": 31.2390079498291, "finite": true, "measured": true, "status": "decode_step", "step": 98, "wall_ms": 31.257322058081627}
{"argmax": 9021, "cuda_ms": 31.193439483642578, "finite": true, "measured": true, "status": "decode_step", "step": 99, "wall_ms": 31.206937041133642}
{"argmax": 374, "cuda_ms": 31.268672943115234, "finite": true, "measured": true, "status": "decode_step", "step": 100, "wall_ms": 31.28107776865363}
{"argmax": 304, "cuda_ms": 31.207263946533203, "finite": true, "measured": true, "status": "decode_step", "step": 101, "wall_ms": 31.219965778291225}
{"argmax": 33184, "cuda_ms": 31.21139144897461, "finite": true, "measured": true, "status": "decode_step", "step": 102, "wall_ms": 31.22573485597968}
{"argmax": 10706, "cuda_ms": 31.21513557434082, "finite": true, "measured": true, "status": "decode_step", "step": 103, "wall_ms": 31.22844872996211}
{"argmax": 13, "cuda_ms": 31.21232032775879, "finite": true, "measured": true, "status": "decode_step", "step": 104, "wall_ms": 31.225754879415035}
{"argmax": 889, "cuda_ms": 31.22550392150879, "finite": true, "measured": true, "status": "decode_step", "step": 105, "wall_ms": 31.23812284320593}
{"argmax": 311, "cuda_ms": 31.23904037475586, "finite": true, "measured": true, "status": "decode_step", "step": 106, "wall_ms": 31.253886874765158}
{"argmax": 387, "cuda_ms": 31.253568649291992, "finite": true, "measured": true, "status": "decode_step", "step": 107, "wall_ms": 31.265603844076395}
{"argmax": 264, "cuda_ms": 31.225120544433594, "finite": true, "measured": true, "status": "decode_step", "step": 108, "wall_ms": 31.237823888659477}
{"argmax": 10093, "cuda_ms": 31.231264114379883, "finite": true, "measured": true, "status": "decode_step", "step": 109, "wall_ms": 31.243972945958376}
{"argmax": 10093, "cuda_ms": 31.200927734375, "finite": true, "measured": true, "status": "decode_step", "step": 110, "wall_ms": 31.214458867907524}
{"argmax": 304, "cuda_ms": 31.223520278930664, "finite": true, "measured": true, "status": "decode_step", "step": 111, "wall_ms": 31.23589977622032}
{"argmax": 279, "cuda_ms": 31.223743438720703, "finite": true, "measured": true, "status": "decode_step", "step": 112, "wall_ms": 31.236670911312103}
{"argmax": 11, "cuda_ms": 31.229312896728516, "finite": true, "measured": true, "status": "decode_step", "step": 113, "wall_ms": 31.24120831489563}
{"argmax": 578, "cuda_ms": 31.205440521240234, "finite": true, "measured": true, "status": "decode_step", "step": 114, "wall_ms": 31.218152958899736}
{"argmax": 3388, "cuda_ms": 31.240127563476562, "finite": true, "measured": true, "status": "decode_step", "step": 115, "wall_ms": 31.252986285835505}
{"argmax": 374, "cuda_ms": 31.21107292175293, "finite": true, "measured": true, "status": "decode_step", "step": 116, "wall_ms": 31.223091296851635}
{"argmax": 264, "cuda_ms": 31.210752487182617, "finite": true, "measured": true, "status": "decode_step", "step": 117, "wall_ms": 31.223783269524574}
{"argmax": 6677, "cuda_ms": 31.252256393432617, "finite": true, "measured": true, "status": "decode_step", "step": 118, "wall_ms": 31.265775207430124}
{"argmax": 323, "cuda_ms": 31.223552703857422, "finite": true, "measured": true, "status": "decode_step", "step": 119, "wall_ms": 31.235389411449432}
{"argmax": 4236, "cuda_ms": 31.236223220825195, "finite": true, "measured": true, "status": "decode_step", "step": 120, "wall_ms": 31.24917997047305}
{"argmax": 287, "cuda_ms": 31.19856071472168, "finite": true, "measured": true, "status": "decode_step", "step": 121, "wall_ms": 31.21075313538313}
{"argmax": 11, "cuda_ms": 31.228063583374023, "finite": true, "measured": true, "status": "decode_step", "step": 122, "wall_ms": 31.242060009390116}
{"argmax": 279, "cuda_ms": 31.242368698120117, "finite": true, "measured": true, "status": "decode_step", "step": 123, "wall_ms": 31.25545009970665}
{"argmax": 33184, "cuda_ms": 31.190975189208984, "finite": true, "measured": true, "status": "decode_step", "step": 124, "wall_ms": 31.20290208607912}
{"argmax": 7471, "cuda_ms": 31.253376007080078, "finite": true, "measured": true, "status": "decode_step", "step": 125, "wall_ms": 31.266815960407257}
{"argmax": 8830, "cuda_ms": 31.214431762695312, "finite": true, "measured": true, "status": "decode_step", "step": 126, "wall_ms": 31.227957922965288}
{"argmax": 279, "cuda_ms": 31.25926399230957, "finite": true, "measured": true, "status": "decode_step", "step": 127, "wall_ms": 31.272074207663536}
{"argmax": 3388, "cuda_ms": 31.249568939208984, "finite": true, "measured": true, "status": "decode_step", "step": 128, "wall_ms": 31.262740958482027}
{"argmax": 369, "cuda_ms": 31.262144088745117, "finite": true, "measured": true, "status": "decode_step", "step": 129, "wall_ms": 31.2746181152761}
{"argmax": 37419, "cuda_ms": 31.244768142700195, "finite": true, "measured": true, "status": "decode_step", "step": 130, "wall_ms": 31.25882474705577}
{"argmax": 6373, "cuda_ms": 31.25257682800293, "finite": true, "measured": true, "status": "decode_step", "step": 131, "wall_ms": 31.266166362911463}
{"argmax": 11, "cuda_ms": 31.221599578857422, "finite": true, "measured": true, "status": "decode_step", "step": 132, "wall_ms": 31.233406625688076}
{"argmax": 6020, "cuda_ms": 31.221311569213867, "finite": true, "measured": true, "status": "decode_step", "step": 133, "wall_ms": 31.234598252922297}
{"argmax": 24043, "cuda_ms": 31.227680206298828, "finite": true, "measured": true, "status": "decode_step", "step": 134, "wall_ms": 31.240887008607388}
{"argmax": 13, "cuda_ms": 31.241792678833008, "finite": true, "measured": true, "status": "decode_step", "step": 135, "wall_ms": 31.25771228224039}
{"argmax": 578, "cuda_ms": 31.321727752685547, "finite": true, "measured": true, "status": "decode_step", "step": 136, "wall_ms": 31.33482811972499}
{"argmax": 311, "cuda_ms": 31.298784255981445, "finite": true, "measured": true, "status": "decode_step", "step": 137, "wall_ms": 31.311403028666973}
{"argmax": 19816, "cuda_ms": 31.24790382385254, "finite": true, "measured": true, "status": "decode_step", "step": 138, "wall_ms": 31.261678785085678}
{"argmax": 468, "cuda_ms": 31.220352172851562, "finite": true, "measured": true, "status": "decode_step", "step": 139, "wall_ms": 31.233797315508127}
{"argmax": 13, "cuda_ms": 31.231712341308594, "finite": true, "measured": true, "status": "decode_step", "step": 140, "wall_ms": 31.243891920894384}
{"argmax": 2947, "cuda_ms": 31.230144500732422, "finite": true, "measured": true, "status": "decode_step", "step": 141, "wall_ms": 31.24330099672079}
{"argmax": 8536, "cuda_ms": 31.214336395263672, "finite": true, "measured": true, "status": "decode_step", "step": 142, "wall_ms": 31.228078063577414}
{"argmax": 6150, "cuda_ms": 31.233535766601562, "finite": true, "measured": true, "status": "decode_step", "step": 143, "wall_ms": 31.246285885572433}
{"decode_cuda_median_ms": 31.21390438079834, "decode_wall_median_ms": 31.22715698555112, "result": "results/system_benchmarks/tp1_sparse_full_v6/formal_legacy_local_t16384_r0/benchmark.json", "status": "complete", "validated_layers": 0}
