Loading weights:   0%|          | 0/399 [00:00<?, ?it/s]Loading weights: 100%|██████████| 399/399 [00:00<00:00, 9703.18it/s]
[transformers] Token indices sequence length is longer than the specified maximum sequence length for this model (299078 > 131072). Running this sequence through the model will result in indexing errors
ARM 64 bf16
PPL 1/146 6.506777
PPL 2/146 7.962025
PPL 3/146 9.092842
PPL 4/146 9.064036
PPL 5/146 14.366837
PPL 6/146 12.011207
PPL 7/146 10.280523
PPL 8/146 9.734167
PPL 9/146 9.528759
PPL 10/146 9.479043
PPL 11/146 9.321561
PPL 12/146 9.234294
PPL 13/146 9.147927
PPL 14/146 9.173311
PPL 15/146 9.162222
PPL 16/146 9.208611
PPL 17/146 9.317243
PPL 18/146 9.323935
PPL 19/146 9.229004
PPL 20/146 9.045947
PPL 21/146 8.977168
PPL 22/146 8.996240
PPL 23/146 8.937935
PPL 24/146 8.918180
PPL 25/146 8.917382
PPL 26/146 8.920274
PPL 27/146 8.966070
PPL 28/146 9.088189
PPL 29/146 9.119078
PPL 30/146 9.013598
PPL 31/146 8.908932
PPL 32/146 8.785657
PPL 33/146 8.624926
PPL 34/146 8.598502
PPL 35/146 9.115260
PPL 36/146 9.077563
PPL 37/146 8.941615
PPL 38/146 8.775079
PPL 39/146 8.656364
PPL 40/146 8.491168
PPL 41/146 8.385411
PPL 42/146 8.358733
PPL 43/146 8.415478
PPL 44/146 8.515570
PPL 45/146 8.588973
PPL 46/146 8.615704
PPL 47/146 8.635000
PPL 48/146 8.675810
PPL 49/146 8.713190
PPL 50/146 8.678875
PPL 51/146 8.702247
PPL 52/146 8.666983
PPL 53/146 8.625237
PPL 54/146 8.572627
PPL 55/146 8.502656
PPL 56/146 8.457474
PPL 57/146 8.385594
PPL 58/146 8.303047
PPL 59/146 8.269158
PPL 60/146 8.239191
PPL 61/146 8.244400
PPL 62/146 8.268194
PPL 63/146 8.303259
PPL 64/146 8.362474
PPL 65/146 8.329310
PPL 66/146 8.289793
PPL 67/146 8.290205
PPL 68/146 8.270192
PPL 69/146 8.245483
PPL 70/146 8.226972
PPL 71/146 8.192866
PPL 72/146 8.187232
PPL 73/146 8.206278
PPL 74/146 8.240421
PPL 75/146 8.233525
PPL 76/146 8.215643
PPL 77/146 8.214536
PPL 78/146 8.207301
PPL 79/146 8.197141
PPL 80/146 8.208542
PPL 81/146 8.215385
PPL 82/146 8.221409
PPL 83/146 8.184168
PPL 84/146 8.159036
PPL 85/146 8.146231
PPL 86/146 8.129694
PPL 87/146 8.109998
PPL 88/146 8.089585
PPL 89/146 8.099739
PPL 90/146 8.105103
PPL 91/146 8.113216
PPL 92/146 8.183306
PPL 93/146 8.248681
PPL 94/146 8.281729
PPL 95/146 8.318897
PPL 96/146 8.358674
PPL 97/146 8.374963
PPL 98/146 8.405012
PPL 99/146 8.402476
PPL 100/146 8.417103
PPL 101/146 8.401603
PPL 102/146 8.388715
PPL 103/146 8.402790
PPL 104/146 8.393911
PPL 105/146 8.405560
PPL 106/146 8.403735
PPL 107/146 8.410298
PPL 108/146 8.413674
PPL 109/146 8.402139
PPL 110/146 8.401739
PPL 111/146 8.391791
PPL 112/146 8.372699
PPL 113/146 8.353054
PPL 114/146 8.335817
PPL 115/146 8.346876
PPL 116/146 8.354488
PPL 117/146 8.370581
PPL 118/146 8.370474
PPL 119/146 8.364700
PPL 120/146 8.358299
PPL 121/146 8.372600
PPL 122/146 8.355863
PPL 123/146 8.336733
PPL 124/146 8.317915
PPL 125/146 8.316657
PPL 126/146 8.324969
PPL 127/146 8.322344
PPL 128/146 8.319926
PPL 129/146 8.309877
PPL 130/146 8.302893
PPL 131/146 8.290475
PPL 132/146 8.290019
PPL 133/146 8.281613
PPL 134/146 8.276507
PPL 135/146 8.293994
PPL 136/146 8.293908
PPL 137/146 8.270201
PPL 138/146 8.243207
PPL 139/146 8.219830
PPL 140/146 8.233561
PPL 141/146 8.256194
PPL 142/146 8.257739
PPL 143/146 8.260573
PPL 144/146 8.264893
PPL 145/146 8.273056
PPL 146/146 8.277446
ARM_COMPLETE 64 bf16 8.277446301671233
ARM 64 a8
PPL 1/146 6.345970
PPL 2/146 7.872503
PPL 3/146 9.012138
PPL 4/146 9.006521
PPL 5/146 14.391787
PPL 6/146 12.027868
PPL 7/146 10.291968
PPL 8/146 9.751284
PPL 9/146 9.537484
PPL 10/146 9.485035
PPL 11/146 9.330699
PPL 12/146 9.238155
PPL 13/146 9.152507
PPL 14/146 9.178408
PPL 15/146 9.170704
PPL 16/146 9.216626
PPL 17/146 9.328715
PPL 18/146 9.332813
PPL 19/146 9.238746
PPL 20/146 9.055481
PPL 21/146 8.984369
PPL 22/146 9.003445
PPL 23/146 8.945102
PPL 24/146 8.923289
PPL 25/146 8.922473
PPL 26/146 8.925392
PPL 27/146 8.971336
PPL 28/146 9.094537
PPL 29/146 9.125262
PPL 30/146 9.020259
PPL 31/146 8.917087
PPL 32/146 8.792969
PPL 33/146 8.631096
PPL 34/146 8.603739
PPL 35/146 9.117605
PPL 36/146 9.080350
PPL 37/146 8.944203
PPL 38/146 8.777704
PPL 39/146 8.657324
PPL 40/146 8.493458
PPL 41/146 8.386798
PPL 42/146 8.359850
PPL 43/146 8.416896
PPL 44/146 8.516584
PPL 45/146 8.589811
PPL 46/146 8.615936
PPL 47/146 8.635689
PPL 48/146 8.676427
PPL 49/146 8.713196
PPL 50/146 8.677747
PPL 51/146 8.701119
PPL 52/146 8.665655
PPL 53/146 8.624151
PPL 54/146 8.570935
PPL 55/146 8.501391
PPL 56/146 8.456294
PPL 57/146 8.384899
PPL 58/146 8.302832
PPL 59/146 8.270297
PPL 60/146 8.240886
PPL 61/146 8.245809
PPL 62/146 8.269320
PPL 63/146 8.304882
PPL 64/146 8.364054
PPL 65/146 8.331018
PPL 66/146 8.291941
PPL 67/146 8.292879
PPL 68/146 8.273180
PPL 69/146 8.248617
PPL 70/146 8.230303
PPL 71/146 8.196424
PPL 72/146 8.190313
PPL 73/146 8.209453
PPL 74/146 8.243921
PPL 75/146 8.237024
PPL 76/146 8.219138
PPL 77/146 8.218260
PPL 78/146 8.211867
PPL 79/146 8.202506
PPL 80/146 8.214117
PPL 81/146 8.221536
PPL 82/146 8.227669
PPL 83/146 8.190850
PPL 84/146 8.165448
PPL 85/146 8.152385
PPL 86/146 8.135893
PPL 87/146 8.115996
PPL 88/146 8.095370
PPL 89/146 8.105512
PPL 90/146 8.110248
PPL 91/146 8.118165
PPL 92/146 8.187818
PPL 93/146 8.253565
PPL 94/146 8.286635
PPL 95/146 8.323389
PPL 96/146 8.363225
PPL 97/146 8.379064
PPL 98/146 8.409507
PPL 99/146 8.406888
PPL 100/146 8.421795
PPL 101/146 8.406019
PPL 102/146 8.392695
PPL 103/146 8.406596
PPL 104/146 8.397682
PPL 105/146 8.409002
PPL 106/146 8.407472
PPL 107/146 8.414129
PPL 108/146 8.417771
PPL 109/146 8.405771
PPL 110/146 8.405517
PPL 111/146 8.395408
PPL 112/146 8.376065
PPL 113/146 8.356451
PPL 114/146 8.339148
PPL 115/146 8.350013
PPL 116/146 8.357581
PPL 117/146 8.373620
PPL 118/146 8.373546
PPL 119/146 8.367269
PPL 120/146 8.360878
PPL 121/146 8.375161
PPL 122/146 8.358224
PPL 123/146 8.338609
PPL 124/146 8.319820
PPL 125/146 8.318486
PPL 126/146 8.327130
PPL 127/146 8.324607
PPL 128/146 8.321964
PPL 129/146 8.312050
PPL 130/146 8.305514
PPL 131/146 8.293526
PPL 132/146 8.293355
PPL 133/146 8.285087
PPL 134/146 8.280046
PPL 135/146 8.297584
PPL 136/146 8.297570
PPL 137/146 8.274061
PPL 138/146 8.246910
PPL 139/146 8.222984
PPL 140/146 8.236557
PPL 141/146 8.259249
PPL 142/146 8.260556
PPL 143/146 8.263399
PPL 144/146 8.267879
PPL 145/146 8.276114
PPL 146/146 8.280403
ARM_COMPLETE 64 a8 8.280403341770732
ARM 64 w8a8
PPL 1/146 6.268573
PPL 2/146 7.811052
PPL 3/146 8.978463
PPL 4/146 8.981924
PPL 5/146 14.235411
PPL 6/146 11.931940
PPL 7/146 10.218272
PPL 8/146 9.684680
PPL 9/146 9.486228
PPL 10/146 9.440414
PPL 11/146 9.290342
PPL 12/146 9.204111
PPL 13/146 9.122078
PPL 14/146 9.151674
PPL 15/146 9.142387
PPL 16/146 9.187449
PPL 17/146 9.298504
PPL 18/146 9.303932
PPL 19/146 9.211554
PPL 20/146 9.031159
PPL 21/146 8.962421
PPL 22/146 8.983262
PPL 23/146 8.927441
PPL 24/146 8.906768
PPL 25/146 8.906229
PPL 26/146 8.909765
PPL 27/146 8.955989
PPL 28/146 9.079599
PPL 29/146 9.112064
PPL 30/146 9.007543
PPL 31/146 8.903126
PPL 32/146 8.779351
PPL 33/146 8.619171
PPL 34/146 8.593169
PPL 35/146 9.115946
PPL 36/146 9.078149
PPL 37/146 8.942858
PPL 38/146 8.776342
PPL 39/146 8.657200
PPL 40/146 8.492950
PPL 41/146 8.387493
PPL 42/146 8.359623
PPL 43/146 8.416669
PPL 44/146 8.516758
PPL 45/146 8.590046
PPL 46/146 8.617260
PPL 47/146 8.636681
PPL 48/146 8.677703
PPL 49/146 8.714226
PPL 50/146 8.680293
PPL 51/146 8.703499
PPL 52/146 8.667739
PPL 53/146 8.626976
PPL 54/146 8.574013
PPL 55/146 8.504121
PPL 56/146 8.459194
PPL 57/146 8.387326
PPL 58/146 8.305930
PPL 59/146 8.272925
PPL 60/146 8.243880
PPL 61/146 8.248307
PPL 62/146 8.271942
PPL 63/146 8.307273
PPL 64/146 8.366287
PPL 65/146 8.333836
PPL 66/146 8.294287
PPL 67/146 8.294705
PPL 68/146 8.274572
PPL 69/146 8.250538
PPL 70/146 8.232091
PPL 71/146 8.198707
PPL 72/146 8.192553
PPL 73/146 8.211755
PPL 74/146 8.246113
PPL 75/146 8.238937
PPL 76/146 8.220585
PPL 77/146 8.219678
PPL 78/146 8.212561
PPL 79/146 8.202642
PPL 80/146 8.214049
PPL 81/146 8.221045
PPL 82/146 8.227264
PPL 83/146 8.189923
PPL 84/146 8.165330
PPL 85/146 8.152649
PPL 86/146 8.136497
PPL 87/146 8.117031
PPL 88/146 8.096866
PPL 89/146 8.107080
PPL 90/146 8.112736
PPL 91/146 8.120923
PPL 92/146 8.191248
PPL 93/146 8.256749
PPL 94/146 8.289653
PPL 95/146 8.327229
PPL 96/146 8.367304
PPL 97/146 8.383089
PPL 98/146 8.413810
PPL 99/146 8.410967
PPL 100/146 8.425961
PPL 101/146 8.410078
PPL 102/146 8.397530
PPL 103/146 8.411624
PPL 104/146 8.402296
PPL 105/146 8.414105
PPL 106/146 8.412364
PPL 107/146 8.419176
PPL 108/146 8.422560
PPL 109/146 8.410848
PPL 110/146 8.410152
PPL 111/146 8.399993
PPL 112/146 8.380745
PPL 113/146 8.361147
PPL 114/146 8.344186
PPL 115/146 8.355462
PPL 116/146 8.363283
PPL 117/146 8.379028
PPL 118/146 8.378772
PPL 119/146 8.372680
PPL 120/146 8.366280
PPL 121/146 8.380955
PPL 122/146 8.364012
PPL 123/146 8.344726
PPL 124/146 8.325860
PPL 125/146 8.324648
PPL 126/146 8.332975
PPL 127/146 8.330478
PPL 128/146 8.327881
PPL 129/146 8.317929
PPL 130/146 8.311332
PPL 131/146 8.298894
PPL 132/146 8.298299
PPL 133/146 8.290252
PPL 134/146 8.285247
PPL 135/146 8.302888
PPL 136/146 8.302948
PPL 137/146 8.279377
PPL 138/146 8.252019
PPL 139/146 8.228628
PPL 140/146 8.242198
PPL 141/146 8.264926
PPL 142/146 8.266393
PPL 143/146 8.269004
PPL 144/146 8.273371
PPL 145/146 8.281582
PPL 146/146 8.285759
ARM_COMPLETE 64 w8a8 8.285758849472277
