Loading weights:   0%|          | 0/399 [00:00<?, ?it/s]Loading weights: 100%|██████████| 399/399 [00:00<00:00, 10017.82it/s]
[transformers] Token indices sequence length is longer than the specified maximum sequence length for this model (299078 > 131072). Running this sequence through the model will result in indexing errors
ARM 96 bf16
PPL 1/146 5.706384
PPL 2/146 7.054735
PPL 3/146 8.015513
PPL 4/146 8.060979
PPL 5/146 7.736175
PPL 6/146 7.042655
PPL 7/146 6.387468
PPL 8/146 6.335078
PPL 9/146 6.426856
PPL 10/146 6.582390
PPL 11/146 6.648145
PPL 12/146 6.731305
PPL 13/146 6.789095
PPL 14/146 6.916573
PPL 15/146 6.999555
PPL 16/146 7.106898
PPL 17/146 7.267097
PPL 18/146 7.341018
PPL 19/146 7.327288
PPL 20/146 7.238592
PPL 21/146 7.228263
PPL 22/146 7.289373
PPL 23/146 7.285755
PPL 24/146 7.319486
PPL 25/146 7.347537
PPL 26/146 7.385408
PPL 27/146 7.450484
PPL 28/146 7.575474
PPL 29/146 7.625160
PPL 30/146 7.560643
PPL 31/146 7.495114
PPL 32/146 7.405186
PPL 33/146 7.280154
PPL 34/146 7.269654
PPL 35/146 7.231129
PPL 36/146 7.223826
PPL 37/146 7.145913
PPL 38/146 7.040130
PPL 39/146 6.968967
PPL 40/146 6.864347
PPL 41/146 6.803405
PPL 42/146 6.803433
PPL 43/146 6.870676
PPL 44/146 6.973760
PPL 45/146 7.049719
PPL 46/146 7.080281
PPL 47/146 7.109318
PPL 48/146 7.161735
PPL 49/146 7.213906
PPL 50/146 7.204422
PPL 51/146 7.235066
PPL 52/146 7.222198
PPL 53/146 7.199873
PPL 54/146 7.170006
PPL 55/146 7.120227
PPL 56/146 7.092525
PPL 57/146 7.044439
PPL 58/146 6.987014
PPL 59/146 6.969375
PPL 60/146 6.951999
PPL 61/146 6.960512
PPL 62/146 6.989742
PPL 63/146 7.030061
PPL 64/146 7.092411
PPL 65/146 7.074369
PPL 66/146 7.049692
PPL 67/146 7.059965
PPL 68/146 7.048378
PPL 69/146 7.037603
PPL 70/146 7.029442
PPL 71/146 7.001504
PPL 72/146 6.994316
PPL 73/146 7.019382
PPL 74/146 7.055067
PPL 75/146 7.056080
PPL 76/146 7.049694
PPL 77/146 7.054771
PPL 78/146 7.058091
PPL 79/146 7.053505
PPL 80/146 7.071640
PPL 81/146 7.080788
PPL 82/146 7.091494
PPL 83/146 7.064402
PPL 84/146 7.048698
PPL 85/146 7.040501
PPL 86/146 7.032856
PPL 87/146 7.020859
PPL 88/146 7.006594
PPL 89/146 7.019884
PPL 90/146 7.029726
PPL 91/146 7.039947
PPL 92/146 7.106944
PPL 93/146 7.168008
PPL 94/146 7.201216
PPL 95/146 7.239588
PPL 96/146 7.278592
PPL 97/146 7.298705
PPL 98/146 7.330641
PPL 99/146 7.332392
PPL 100/146 7.350379
PPL 101/146 7.334737
PPL 102/146 7.323718
PPL 103/146 7.337102
PPL 104/146 7.328636
PPL 105/146 7.340360
PPL 106/146 7.338828
PPL 107/146 7.347045
PPL 108/146 7.354600
PPL 109/146 7.348355
PPL 110/146 7.351579
PPL 111/146 7.346313
PPL 112/146 7.332983
PPL 113/146 7.318629
PPL 114/146 7.308215
PPL 115/146 7.321096
PPL 116/146 7.330989
PPL 117/146 7.347942
PPL 118/146 7.352313
PPL 119/146 7.351369
PPL 120/146 7.348806
PPL 121/146 7.363775
PPL 122/146 7.353248
PPL 123/146 7.338118
PPL 124/146 7.323740
PPL 125/146 7.325525
PPL 126/146 7.335694
PPL 127/146 7.336587
PPL 128/146 7.337887
PPL 129/146 7.332136
PPL 130/146 7.328696
PPL 131/146 7.319606
PPL 132/146 7.322915
PPL 133/146 7.317664
PPL 134/146 7.315616
PPL 135/146 7.333197
PPL 136/146 7.335612
PPL 137/146 7.317612
PPL 138/146 7.296988
PPL 139/146 7.278197
PPL 140/146 7.292305
PPL 141/146 7.315642
PPL 142/146 7.318628
PPL 143/146 7.321051
PPL 144/146 7.327006
PPL 145/146 7.334123
PPL 146/146 7.338056
ARM_COMPLETE 96 bf16 7.338056264541473
ARM 96 a8
PPL 1/146 5.702488
PPL 2/146 7.087438
PPL 3/146 8.032079
PPL 4/146 8.074748
PPL 5/146 7.735082
PPL 6/146 7.042196
PPL 7/146 6.390260
PPL 8/146 6.341343
PPL 9/146 6.432036
PPL 10/146 6.587283
PPL 11/146 6.654628
PPL 12/146 6.736129
PPL 13/146 6.793159
PPL 14/146 6.920809
PPL 15/146 7.003803
PPL 16/146 7.110458
PPL 17/146 7.271595
PPL 18/146 7.345598
PPL 19/146 7.330434
PPL 20/146 7.242872
PPL 21/146 7.232628
PPL 22/146 7.292954
PPL 23/146 7.287822
PPL 24/146 7.320952
PPL 25/146 7.349272
PPL 26/146 7.387261
PPL 27/146 7.452316
PPL 28/146 7.579232
PPL 29/146 7.628776
PPL 30/146 7.564167
PPL 31/146 7.498713
PPL 32/146 7.410159
PPL 33/146 7.285594
PPL 34/146 7.274093
PPL 35/146 7.234489
PPL 36/146 7.226620
PPL 37/146 7.147987
PPL 38/146 7.041453
PPL 39/146 6.971063
PPL 40/146 6.866541
PPL 41/146 6.804909
PPL 42/146 6.805952
PPL 43/146 6.873352
PPL 44/146 6.977315
PPL 45/146 7.052459
PPL 46/146 7.082806
PPL 47/146 7.112191
PPL 48/146 7.165443
PPL 49/146 7.218157
PPL 50/146 7.207815
PPL 51/146 7.238066
PPL 52/146 7.225894
PPL 53/146 7.203770
PPL 54/146 7.174073
PPL 55/146 7.124329
PPL 56/146 7.096882
PPL 57/146 7.048387
PPL 58/146 6.991466
PPL 59/146 6.974139
PPL 60/146 6.956569
PPL 61/146 6.964749
PPL 62/146 6.993969
PPL 63/146 7.033738
PPL 64/146 7.096155
PPL 65/146 7.077820
PPL 66/146 7.053254
PPL 67/146 7.063622
PPL 68/146 7.052301
PPL 69/146 7.040911
PPL 70/146 7.032479
PPL 71/146 7.004756
PPL 72/146 6.997201
PPL 73/146 7.022420
PPL 74/146 7.057934
PPL 75/146 7.058981
PPL 76/146 7.052860
PPL 77/146 7.057721
PPL 78/146 7.061382
PPL 79/146 7.056913
PPL 80/146 7.074896
PPL 81/146 7.084570
PPL 82/146 7.095322
PPL 83/146 7.068143
PPL 84/146 7.052161
PPL 85/146 7.043682
PPL 86/146 7.036222
PPL 87/146 7.024510
PPL 88/146 7.010142
PPL 89/146 7.022972
PPL 90/146 7.032763
PPL 91/146 7.042992
PPL 92/146 7.109516
PPL 93/146 7.170581
PPL 94/146 7.203697
PPL 95/146 7.242203
PPL 96/146 7.281660
PPL 97/146 7.301468
PPL 98/146 7.333819
PPL 99/146 7.335139
PPL 100/146 7.352730
PPL 101/146 7.336731
PPL 102/146 7.325602
PPL 103/146 7.339077
PPL 104/146 7.330870
PPL 105/146 7.342386
PPL 106/146 7.341024
PPL 107/146 7.349216
PPL 108/146 7.357103
PPL 109/146 7.350499
PPL 110/146 7.353472
PPL 111/146 7.347893
PPL 112/146 7.334557
PPL 113/146 7.320394
PPL 114/146 7.309725
PPL 115/146 7.321891
PPL 116/146 7.331914
PPL 117/146 7.348807
PPL 118/146 7.352554
PPL 119/146 7.351874
PPL 120/146 7.349465
PPL 121/146 7.364940
PPL 122/146 7.354334
PPL 123/146 7.339516
PPL 124/146 7.324799
PPL 125/146 7.326483
PPL 126/146 7.336883
PPL 127/146 7.338208
PPL 128/146 7.339600
PPL 129/146 7.334181
PPL 130/146 7.330799
PPL 131/146 7.321770
PPL 132/146 7.325064
PPL 133/146 7.319846
PPL 134/146 7.317897
PPL 135/146 7.335290
PPL 136/146 7.337615
PPL 137/146 7.320252
PPL 138/146 7.299748
PPL 139/146 7.281290
PPL 140/146 7.295097
PPL 141/146 7.318748
PPL 142/146 7.321756
PPL 143/146 7.324231
PPL 144/146 7.330372
PPL 145/146 7.338215
PPL 146/146 7.342300
ARM_COMPLETE 96 a8 7.3422997975561035
ARM 96 w8a8
PPL 1/146 5.693201
PPL 2/146 7.097272
PPL 3/146 8.046542
PPL 4/146 8.096518
PPL 5/146 7.746930
PPL 6/146 7.047718
PPL 7/146 6.398641
PPL 8/146 6.339193
PPL 9/146 6.433853
PPL 10/146 6.591430
PPL 11/146 6.656319
PPL 12/146 6.735601
PPL 13/146 6.790607
PPL 14/146 6.918497
PPL 15/146 7.000111
PPL 16/146 7.108606
PPL 17/146 7.271015
PPL 18/146 7.344117
PPL 19/146 7.329190
PPL 20/146 7.242256
PPL 21/146 7.233406
PPL 22/146 7.293917
PPL 23/146 7.290218
PPL 24/146 7.320631
PPL 25/146 7.348948
PPL 26/146 7.386627
PPL 27/146 7.453707
PPL 28/146 7.580628
PPL 29/146 7.632719
PPL 30/146 7.567019
PPL 31/146 7.501096
PPL 32/146 7.410561
PPL 33/146 7.286021
PPL 34/146 7.274518
PPL 35/146 7.234831
PPL 36/146 7.227977
PPL 37/146 7.149161
PPL 38/146 7.041850
PPL 39/146 6.970719
PPL 40/146 6.865112
PPL 41/146 6.803813
PPL 42/146 6.804967
PPL 43/146 6.872325
PPL 44/146 6.975791
PPL 45/146 7.050991
PPL 46/146 7.082972
PPL 47/146 7.112713
PPL 48/146 7.165308
PPL 49/146 7.217946
PPL 50/146 7.209015
PPL 51/146 7.239893
PPL 52/146 7.227296
PPL 53/146 7.204819
PPL 54/146 7.174879
PPL 55/146 7.124784
PPL 56/146 7.097220
PPL 57/146 7.048472
PPL 58/146 6.992588
PPL 59/146 6.975194
PPL 60/146 6.958141
PPL 61/146 6.966190
PPL 62/146 6.996647
PPL 63/146 7.036916
PPL 64/146 7.099277
PPL 65/146 7.081475
PPL 66/146 7.056924
PPL 67/146 7.067538
PPL 68/146 7.055546
PPL 69/146 7.044105
PPL 70/146 7.035877
PPL 71/146 7.007921
PPL 72/146 7.000732
PPL 73/146 7.025502
PPL 74/146 7.060843
PPL 75/146 7.061643
PPL 76/146 7.055752
PPL 77/146 7.060246
PPL 78/146 7.063556
PPL 79/146 7.059448
PPL 80/146 7.077890
PPL 81/146 7.087141
PPL 82/146 7.098069
PPL 83/146 7.070987
PPL 84/146 7.055470
PPL 85/146 7.047765
PPL 86/146 7.040534
PPL 87/146 7.028991
PPL 88/146 7.014376
PPL 89/146 7.027439
PPL 90/146 7.036896
PPL 91/146 7.047519
PPL 92/146 7.114831
PPL 93/146 7.176244
PPL 94/146 7.209406
PPL 95/146 7.247748
PPL 96/146 7.287387
PPL 97/146 7.307431
PPL 98/146 7.338913
PPL 99/146 7.340104
PPL 100/146 7.357403
PPL 101/146 7.341850
PPL 102/146 7.330405
PPL 103/146 7.344038
PPL 104/146 7.335624
PPL 105/146 7.347116
PPL 106/146 7.345629
PPL 107/146 7.354096
PPL 108/146 7.361360
PPL 109/146 7.354650
PPL 110/146 7.357359
PPL 111/146 7.352150
PPL 112/146 7.338657
PPL 113/146 7.324555
PPL 114/146 7.314449
PPL 115/146 7.327487
PPL 116/146 7.337121
PPL 117/146 7.354344
PPL 118/146 7.358471
PPL 119/146 7.357769
PPL 120/146 7.354980
PPL 121/146 7.370268
PPL 122/146 7.359614
PPL 123/146 7.344544
PPL 124/146 7.329874
PPL 125/146 7.331660
PPL 126/146 7.341709
PPL 127/146 7.342465
PPL 128/146 7.343951
PPL 129/146 7.338579
PPL 130/146 7.335354
PPL 131/146 7.326058
PPL 132/146 7.329431
PPL 133/146 7.324141
PPL 134/146 7.322266
PPL 135/146 7.339731
PPL 136/146 7.341975
PPL 137/146 7.323801
PPL 138/146 7.303385
PPL 139/146 7.284569
PPL 140/146 7.298426
PPL 141/146 7.321957
PPL 142/146 7.324807
PPL 143/146 7.327246
PPL 144/146 7.333202
PPL 145/146 7.340644
PPL 146/146 7.344549
ARM_COMPLETE 96 w8a8 7.344549024249462
