{"context": 65536, "gpu": "NVIDIA L40S", "measure_steps": 128, "mode": "legacy", "status": "starting", "storage": "offload", "warmup_steps": 16}
{"status": "extensions_ready"}
Loading weights:   0%|          | 0/291 [00:00<?, ?it/s]Loading weights: 100%|██████████| 291/291 [00:00<00:00, 8868.35it/s]
{"allocated_gib": 20.035032272338867, "host_exact_key_gib": 4.0087890625, "status": "model_ready"}
{"peak_allocated_gib": 23.824705123901367, "prefill_ms": 12868.826171875, "status": "prefill_complete"}
{"argmax": 11, "cuda_ms": 116.00470733642578, "finite": true, "measured": false, "status": "decode_step", "step": 0, "wall_ms": 116.02101707831025}
{"argmax": 771, "cuda_ms": 41.7690544128418, "finite": true, "measured": false, "status": "decode_step", "step": 1, "wall_ms": 41.78844019770622}
{"argmax": 11826, "cuda_ms": 41.56195068359375, "finite": true, "measured": false, "status": "decode_step", "step": 2, "wall_ms": 41.5807100944221}
{"argmax": 698, "cuda_ms": 41.53257751464844, "finite": true, "measured": false, "status": "decode_step", "step": 3, "wall_ms": 41.552898939698935}
{"argmax": 11, "cuda_ms": 41.51251220703125, "finite": true, "measured": false, "status": "decode_step", "step": 4, "wall_ms": 41.530946269631386}
{"argmax": 315, "cuda_ms": 41.56905746459961, "finite": true, "measured": false, "status": "decode_step", "step": 5, "wall_ms": 41.590113658457994}
{"argmax": 8184, "cuda_ms": 41.484222412109375, "finite": true, "measured": false, "status": "decode_step", "step": 6, "wall_ms": 41.50222288444638}
{"argmax": 17128, "cuda_ms": 41.55564880371094, "finite": true, "measured": false, "status": "decode_step", "step": 7, "wall_ms": 41.57640412449837}
{"argmax": 7327, "cuda_ms": 41.4719352722168, "finite": true, "measured": false, "status": "decode_step", "step": 8, "wall_ms": 41.490424890071154}
{"argmax": 23298, "cuda_ms": 41.51020812988281, "finite": true, "measured": false, "status": "decode_step", "step": 9, "wall_ms": 41.53132578358054}
{"argmax": 11, "cuda_ms": 41.484703063964844, "finite": true, "measured": false, "status": "decode_step", "step": 10, "wall_ms": 41.502383071929216}
{"argmax": 11, "cuda_ms": 41.48393630981445, "finite": true, "measured": false, "status": "decode_step", "step": 11, "wall_ms": 41.50460613891482}
{"argmax": 323, "cuda_ms": 41.48649597167969, "finite": true, "measured": false, "status": "decode_step", "step": 12, "wall_ms": 41.504436172544956}
{"argmax": 527, "cuda_ms": 41.5049934387207, "finite": true, "measured": false, "status": "decode_step", "step": 13, "wall_ms": 41.52493691071868}
{"argmax": 4860, "cuda_ms": 41.531070709228516, "finite": true, "measured": false, "status": "decode_step", "step": 14, "wall_ms": 41.54959321022034}
{"argmax": 8536, "cuda_ms": 41.48819351196289, "finite": true, "measured": false, "status": "decode_step", "step": 15, "wall_ms": 41.507190093398094}
{"argmax": 6150, "cuda_ms": 41.454017639160156, "finite": true, "measured": true, "status": "decode_step", "step": 16, "wall_ms": 41.4719982072711}
{"argmax": 315, "cuda_ms": 41.4450569152832, "finite": true, "measured": true, "status": "decode_step", "step": 17, "wall_ms": 41.465518064796925}
{"argmax": 11, "cuda_ms": 41.49497604370117, "finite": true, "measured": true, "status": "decode_step", "step": 18, "wall_ms": 41.523674968630075}
{"argmax": 54, "cuda_ms": 41.86460876464844, "finite": true, "measured": true, "status": "decode_step", "step": 19, "wall_ms": 41.884574107825756}
{"argmax": 374, "cuda_ms": 41.45337677001953, "finite": true, "measured": true, "status": "decode_step", "step": 20, "wall_ms": 41.4717267267406}
{"argmax": 374, "cuda_ms": 41.5022087097168, "finite": true, "measured": true, "status": "decode_step", "step": 21, "wall_ms": 41.52228310704231}
{"argmax": 279, "cuda_ms": 41.43510437011719, "finite": true, "measured": true, "status": "decode_step", "step": 22, "wall_ms": 41.45266814157367}
{"argmax": 3560, "cuda_ms": 41.51174545288086, "finite": true, "measured": true, "status": "decode_step", "step": 23, "wall_ms": 41.53144685551524}
{"argmax": 323, "cuda_ms": 41.503326416015625, "finite": true, "measured": true, "status": "decode_step", "step": 24, "wall_ms": 41.52100998908281}
{"argmax": 26411, "cuda_ms": 41.52582550048828, "finite": true, "measured": true, "status": "decode_step", "step": 25, "wall_ms": 41.54687002301216}
{"argmax": 1511, "cuda_ms": 41.5206413269043, "finite": true, "measured": true, "status": "decode_step", "step": 26, "wall_ms": 41.54074005782604}
{"argmax": 7524, "cuda_ms": 41.509952545166016, "finite": true, "measured": true, "status": "decode_step", "step": 27, "wall_ms": 41.5312061086297}
{"argmax": 11, "cuda_ms": 41.5063362121582, "finite": true, "measured": true, "status": "decode_step", "step": 28, "wall_ms": 41.525025852024555}
{"argmax": 323, "cuda_ms": 41.51148986816406, "finite": true, "measured": true, "status": "decode_step", "step": 29, "wall_ms": 41.53375932946801}
{"argmax": 91605, "cuda_ms": 41.48883056640625, "finite": true, "measured": true, "status": "decode_step", "step": 30, "wall_ms": 41.50721011683345}
{"argmax": 1862, "cuda_ms": 41.47532653808594, "finite": true, "measured": true, "status": "decode_step", "step": 31, "wall_ms": 41.49644495919347}
{"argmax": 369, "cuda_ms": 41.45100784301758, "finite": true, "measured": true, "status": "decode_step", "step": 32, "wall_ms": 41.46862169727683}
{"argmax": 586, "cuda_ms": 41.42972946166992, "finite": true, "measured": true, "status": "decode_step", "step": 33, "wall_ms": 41.450314689427614}
{"argmax": 323, "cuda_ms": 41.47135925292969, "finite": true, "measured": true, "status": "decode_step", "step": 34, "wall_ms": 41.489103343337774}
{"argmax": 11351, "cuda_ms": 41.40220642089844, "finite": true, "measured": true, "status": "decode_step", "step": 35, "wall_ms": 41.424287017434835}
{"argmax": 13, "cuda_ms": 41.497825622558594, "finite": true, "measured": true, "status": "decode_step", "step": 36, "wall_ms": 41.51658387854695}
{"argmax": 20783, "cuda_ms": 41.44617462158203, "finite": true, "measured": true, "status": "decode_step", "step": 37, "wall_ms": 41.46638885140419}
{"argmax": 3388, "cuda_ms": 41.42425537109375, "finite": true, "measured": true, "status": "decode_step", "step": 38, "wall_ms": 41.442173067480326}
{"argmax": 14861, "cuda_ms": 41.396480560302734, "finite": true, "measured": true, "status": "decode_step", "step": 39, "wall_ms": 41.41700500622392}
{"argmax": 389, "cuda_ms": 41.45897674560547, "finite": true, "measured": true, "status": "decode_step", "step": 40, "wall_ms": 41.47857706993818}
{"argmax": 279, "cuda_ms": 41.44566345214844, "finite": true, "measured": true, "status": "decode_step", "step": 41, "wall_ms": 41.4660987444222}
{"argmax": 3560, "cuda_ms": 41.44761657714844, "finite": true, "measured": true, "status": "decode_step", "step": 42, "wall_ms": 41.46577883511782}
{"argmax": 315, "cuda_ms": 41.47177505493164, "finite": true, "measured": true, "status": "decode_step", "step": 43, "wall_ms": 41.49268940091133}
{"argmax": 33184, "cuda_ms": 41.413055419921875, "finite": true, "measured": true, "status": "decode_step", "step": 44, "wall_ms": 41.431416757404804}
{"argmax": 11335, "cuda_ms": 41.41766357421875, "finite": true, "measured": true, "status": "decode_step", "step": 45, "wall_ms": 41.43758723512292}
{"argmax": 304, "cuda_ms": 41.451969146728516, "finite": true, "measured": true, "status": "decode_step", "step": 46, "wall_ms": 41.469352785497904}
{"argmax": 279, "cuda_ms": 41.48448181152344, "finite": true, "measured": true, "status": "decode_step", "step": 47, "wall_ms": 41.50604782626033}
{"argmax": 4500, "cuda_ms": 41.44905471801758, "finite": true, "measured": true, "status": "decode_step", "step": 48, "wall_ms": 41.467309929430485}
{"argmax": 315, "cuda_ms": 41.45427322387695, "finite": true, "measured": true, "status": "decode_step", "step": 49, "wall_ms": 41.474541649222374}
{"argmax": 33184, "cuda_ms": 41.48723220825195, "finite": true, "measured": true, "status": "decode_step", "step": 50, "wall_ms": 41.50634864345193}
{"argmax": 33184, "cuda_ms": 41.491966247558594, "finite": true, "measured": true, "status": "decode_step", "step": 51, "wall_ms": 41.51185695081949}
{"argmax": 10706, "cuda_ms": 41.47539138793945, "finite": true, "measured": true, "status": "decode_step", "step": 52, "wall_ms": 41.49514203891158}
{"argmax": 323, "cuda_ms": 41.704193115234375, "finite": true, "measured": true, "status": "decode_step", "step": 53, "wall_ms": 41.72341292724013}
{"argmax": 279, "cuda_ms": 41.477569580078125, "finite": true, "measured": true, "status": "decode_step", "step": 54, "wall_ms": 41.49549221619964}
{"argmax": 5133, "cuda_ms": 41.47792053222656, "finite": true, "measured": true, "status": "decode_step", "step": 55, "wall_ms": 41.49985918775201}
{"argmax": 311, "cuda_ms": 41.52204895019531, "finite": true, "measured": true, "status": "decode_step", "step": 56, "wall_ms": 41.53923783451319}
{"argmax": 279, "cuda_ms": 41.44831848144531, "finite": true, "measured": true, "status": "decode_step", "step": 57, "wall_ms": 41.469584219157696}
{"argmax": 323, "cuda_ms": 41.503326416015625, "finite": true, "measured": true, "status": "decode_step", "step": 58, "wall_ms": 41.52090987190604}
{"argmax": 323, "cuda_ms": 41.46976089477539, "finite": true, "measured": true, "status": "decode_step", "step": 59, "wall_ms": 41.48963373154402}
{"argmax": 41582, "cuda_ms": 41.46742248535156, "finite": true, "measured": true, "status": "decode_step", "step": 60, "wall_ms": 41.48572776466608}
{"argmax": 11, "cuda_ms": 41.488224029541016, "finite": true, "measured": true, "status": "decode_step", "step": 61, "wall_ms": 41.510025039315224}
{"argmax": 323, "cuda_ms": 41.46144104003906, "finite": true, "measured": true, "status": "decode_step", "step": 62, "wall_ms": 41.48049978539348}
{"argmax": 3927, "cuda_ms": 41.463584899902344, "finite": true, "measured": true, "status": "decode_step", "step": 63, "wall_ms": 41.48275312036276}
{"argmax": 11006, "cuda_ms": 41.63372802734375, "finite": true, "measured": true, "status": "decode_step", "step": 64, "wall_ms": 41.65245685726404}
{"argmax": 5315, "cuda_ms": 41.5939826965332, "finite": true, "measured": true, "status": "decode_step", "step": 65, "wall_ms": 41.613820008933544}
{"argmax": 519, "cuda_ms": 41.5847053527832, "finite": true, "measured": true, "status": "decode_step", "step": 66, "wall_ms": 41.6031526401639}
{"argmax": 1105, "cuda_ms": 41.6058235168457, "finite": true, "measured": true, "status": "decode_step", "step": 67, "wall_ms": 41.62718029692769}
{"argmax": 11351, "cuda_ms": 41.640350341796875, "finite": true, "measured": true, "status": "decode_step", "step": 68, "wall_ms": 41.65878612548113}
{"argmax": 627, "cuda_ms": 41.58483123779297, "finite": true, "measured": true, "status": "decode_step", "step": 69, "wall_ms": 41.60547675564885}
{"argmax": 578, "cuda_ms": 41.60140609741211, "finite": true, "measured": true, "status": "decode_step", "step": 70, "wall_ms": 41.61953832954168}
{"argmax": 311, "cuda_ms": 41.577823638916016, "finite": true, "measured": true, "status": "decode_step", "step": 71, "wall_ms": 41.59843688830733}
{"argmax": 19560, "cuda_ms": 41.57756805419922, "finite": true, "measured": true, "status": "decode_step", "step": 72, "wall_ms": 41.59670416265726}
{"argmax": 468, "cuda_ms": 41.587425231933594, "finite": true, "measured": true, "status": "decode_step", "step": 73, "wall_ms": 41.607010178267956}
{"argmax": 13, "cuda_ms": 41.58041763305664, "finite": true, "measured": true, "status": "decode_step", "step": 74, "wall_ms": 41.59861616790295}
{"argmax": 2947, "cuda_ms": 41.6591682434082, "finite": true, "measured": true, "status": "decode_step", "step": 75, "wall_ms": 41.67934833094478}
{"argmax": 8536, "cuda_ms": 41.62188720703125, "finite": true, "measured": true, "status": "decode_step", "step": 76, "wall_ms": 41.64109984412789}
{"argmax": 6150, "cuda_ms": 41.60335922241211, "finite": true, "measured": true, "status": "decode_step", "step": 77, "wall_ms": 41.62257304415107}
{"argmax": 315, "cuda_ms": 41.571617126464844, "finite": true, "measured": true, "status": "decode_step", "step": 78, "wall_ms": 41.5893429890275}
{"argmax": 3142, "cuda_ms": 41.631744384765625, "finite": true, "measured": true, "status": "decode_step", "step": 79, "wall_ms": 41.652737185359}
{"argmax": 323, "cuda_ms": 41.60374450683594, "finite": true, "measured": true, "status": "decode_step", "step": 80, "wall_ms": 41.62164079025388}
{"argmax": 7327, "cuda_ms": 41.594303131103516, "finite": true, "measured": true, "status": "decode_step", "step": 81, "wall_ms": 41.61419998854399}
{"argmax": 23298, "cuda_ms": 41.59379196166992, "finite": true, "measured": true, "status": "decode_step", "step": 82, "wall_ms": 41.611415799707174}
{"argmax": 4236, "cuda_ms": 41.577728271484375, "finite": true, "measured": true, "status": "decode_step", "step": 83, "wall_ms": 41.612118016928434}
{"argmax": 26, "cuda_ms": 41.687198638916016, "finite": true, "measured": true, "status": "decode_step", "step": 84, "wall_ms": 41.70425422489643}
{"argmax": 3885, "cuda_ms": 41.629310607910156, "finite": true, "measured": true, "status": "decode_step", "step": 85, "wall_ms": 41.65008384734392}
{"argmax": 449, "cuda_ms": 41.60950469970703, "finite": true, "measured": true, "status": "decode_step", "step": 86, "wall_ms": 41.628040838986635}
{"argmax": 2947, "cuda_ms": 41.68220901489258, "finite": true, "measured": true, "status": "decode_step", "step": 87, "wall_ms": 41.702551767230034}
{"argmax": 8536, "cuda_ms": 41.83692932128906, "finite": true, "measured": true, "status": "decode_step", "step": 88, "wall_ms": 41.85556014999747}
{"argmax": 6150, "cuda_ms": 41.596927642822266, "finite": true, "measured": true, "status": "decode_step", "step": 89, "wall_ms": 41.61706427112222}
{"argmax": 8041, "cuda_ms": 41.62771224975586, "finite": true, "measured": true, "status": "decode_step", "step": 90, "wall_ms": 41.6449261829257}
{"argmax": 627, "cuda_ms": 41.606014251708984, "finite": true, "measured": true, "status": "decode_step", "step": 91, "wall_ms": 41.62583686411381}
{"argmax": 791, "cuda_ms": 41.552799224853516, "finite": true, "measured": true, "status": "decode_step", "step": 92, "wall_ms": 41.569442953914404}
{"argmax": 3388, "cuda_ms": 41.627105712890625, "finite": true, "measured": true, "status": "decode_step", "step": 93, "wall_ms": 41.648420970886946}
{"argmax": 49095, "cuda_ms": 41.61759948730469, "finite": true, "measured": true, "status": "decode_step", "step": 94, "wall_ms": 41.634340304881334}
{"argmax": 6319, "cuda_ms": 41.597633361816406, "finite": true, "measured": true, "status": "decode_step", "step": 95, "wall_ms": 41.62032902240753}
{"argmax": 4236, "cuda_ms": 41.59177780151367, "finite": true, "measured": true, "status": "decode_step", "step": 96, "wall_ms": 41.609673760831356}
{"argmax": 889, "cuda_ms": 41.58927917480469, "finite": true, "measured": true, "status": "decode_step", "step": 97, "wall_ms": 41.609713807702065}
{"argmax": 6156, "cuda_ms": 41.597408294677734, "finite": true, "measured": true, "status": "decode_step", "step": 98, "wall_ms": 41.61540186032653}
{"argmax": 9021, "cuda_ms": 41.5447998046875, "finite": true, "measured": true, "status": "decode_step", "step": 99, "wall_ms": 41.56523710116744}
{"argmax": 374, "cuda_ms": 41.605472564697266, "finite": true, "measured": true, "status": "decode_step", "step": 100, "wall_ms": 41.623313911259174}
{"argmax": 304, "cuda_ms": 41.59894561767578, "finite": true, "measured": true, "status": "decode_step", "step": 101, "wall_ms": 41.61897720769048}
{"argmax": 33184, "cuda_ms": 41.59404754638672, "finite": true, "measured": true, "status": "decode_step", "step": 102, "wall_ms": 41.612467262893915}
{"argmax": 10706, "cuda_ms": 41.629215240478516, "finite": true, "measured": true, "status": "decode_step", "step": 103, "wall_ms": 41.64923308417201}
{"argmax": 13, "cuda_ms": 41.607967376708984, "finite": true, "measured": true, "status": "decode_step", "step": 104, "wall_ms": 41.62557702511549}
{"argmax": 889, "cuda_ms": 41.56835174560547, "finite": true, "measured": true, "status": "decode_step", "step": 105, "wall_ms": 41.58902168273926}
{"argmax": 311, "cuda_ms": 41.59638214111328, "finite": true, "measured": true, "status": "decode_step", "step": 106, "wall_ms": 41.613970417529345}
{"argmax": 387, "cuda_ms": 41.59027099609375, "finite": true, "measured": true, "status": "decode_step", "step": 107, "wall_ms": 41.61192709580064}
{"argmax": 264, "cuda_ms": 41.595680236816406, "finite": true, "measured": true, "status": "decode_step", "step": 108, "wall_ms": 41.614089626818895}
{"argmax": 6373, "cuda_ms": 41.60076904296875, "finite": true, "measured": true, "status": "decode_step", "step": 109, "wall_ms": 41.62211203947663}
{"argmax": 10093, "cuda_ms": 41.5992317199707, "finite": true, "measured": true, "status": "decode_step", "step": 110, "wall_ms": 41.6172849945724}
{"argmax": 304, "cuda_ms": 41.613407135009766, "finite": true, "measured": true, "status": "decode_step", "step": 111, "wall_ms": 41.633759159594774}
{"argmax": 37419, "cuda_ms": 41.64780807495117, "finite": true, "measured": true, "status": "decode_step", "step": 112, "wall_ms": 41.66513588279486}
{"argmax": 13, "cuda_ms": 41.650943756103516, "finite": true, "measured": true, "status": "decode_step", "step": 113, "wall_ms": 41.671184822916985}
{"argmax": 578, "cuda_ms": 41.62278366088867, "finite": true, "measured": true, "status": "decode_step", "step": 114, "wall_ms": 41.64204187691212}
{"argmax": 3388, "cuda_ms": 41.58940887451172, "finite": true, "measured": true, "status": "decode_step", "step": 115, "wall_ms": 41.609592735767365}
{"argmax": 374, "cuda_ms": 41.63359832763672, "finite": true, "measured": true, "status": "decode_step", "step": 116, "wall_ms": 41.651306208223104}
{"argmax": 264, "cuda_ms": 41.600608825683594, "finite": true, "measured": true, "status": "decode_step", "step": 117, "wall_ms": 41.62222193554044}
{"argmax": 6677, "cuda_ms": 41.639678955078125, "finite": true, "measured": true, "status": "decode_step", "step": 118, "wall_ms": 41.657294146716595}
{"argmax": 323, "cuda_ms": 41.60425567626953, "finite": true, "measured": true, "status": "decode_step", "step": 119, "wall_ms": 41.62634816020727}
{"argmax": 4236, "cuda_ms": 41.601375579833984, "finite": true, "measured": true, "status": "decode_step", "step": 120, "wall_ms": 41.61904798820615}
{"argmax": 287, "cuda_ms": 41.63430404663086, "finite": true, "measured": true, "status": "decode_step", "step": 121, "wall_ms": 41.6555218398571}
{"argmax": 11, "cuda_ms": 41.65980911254883, "finite": true, "measured": true, "status": "decode_step", "step": 122, "wall_ms": 41.67675273492932}
{"argmax": 279, "cuda_ms": 41.65305709838867, "finite": true, "measured": true, "status": "decode_step", "step": 123, "wall_ms": 41.66573705151677}
{"argmax": 33184, "cuda_ms": 41.62054443359375, "finite": true, "measured": true, "status": "decode_step", "step": 124, "wall_ms": 41.638166178017855}
{"argmax": 7471, "cuda_ms": 41.65238571166992, "finite": true, "measured": true, "status": "decode_step", "step": 125, "wall_ms": 41.673229075968266}
{"argmax": 8830, "cuda_ms": 41.626976013183594, "finite": true, "measured": true, "status": "decode_step", "step": 126, "wall_ms": 41.64568707346916}
{"argmax": 279, "cuda_ms": 41.60163116455078, "finite": true, "measured": true, "status": "decode_step", "step": 127, "wall_ms": 41.62200167775154}
{"argmax": 3388, "cuda_ms": 41.608734130859375, "finite": true, "measured": true, "status": "decode_step", "step": 128, "wall_ms": 41.625897865742445}
{"argmax": 369, "cuda_ms": 41.58806228637695, "finite": true, "measured": true, "status": "decode_step", "step": 129, "wall_ms": 41.6101342998445}
{"argmax": 37419, "cuda_ms": 41.57660675048828, "finite": true, "measured": true, "status": "decode_step", "step": 130, "wall_ms": 41.5944610722363}
{"argmax": 6373, "cuda_ms": 41.61161422729492, "finite": true, "measured": true, "status": "decode_step", "step": 131, "wall_ms": 41.63328791037202}
{"argmax": 11, "cuda_ms": 41.58892822265625, "finite": true, "measured": true, "status": "decode_step", "step": 132, "wall_ms": 41.60694917663932}
{"argmax": 6020, "cuda_ms": 41.54774475097656, "finite": true, "measured": true, "status": "decode_step", "step": 133, "wall_ms": 41.570544708520174}
{"argmax": 24043, "cuda_ms": 41.5814094543457, "finite": true, "measured": true, "status": "decode_step", "step": 134, "wall_ms": 41.599607560783625}
{"argmax": 13, "cuda_ms": 41.56777572631836, "finite": true, "measured": true, "status": "decode_step", "step": 135, "wall_ms": 41.58836230635643}
{"argmax": 578, "cuda_ms": 41.57347106933594, "finite": true, "measured": true, "status": "decode_step", "step": 136, "wall_ms": 41.59218678250909}
{"argmax": 311, "cuda_ms": 41.63020706176758, "finite": true, "measured": true, "status": "decode_step", "step": 137, "wall_ms": 41.65217699483037}
{"argmax": 19816, "cuda_ms": 41.62799835205078, "finite": true, "measured": true, "status": "decode_step", "step": 138, "wall_ms": 41.646859142929316}
{"argmax": 468, "cuda_ms": 41.60444641113281, "finite": true, "measured": true, "status": "decode_step", "step": 139, "wall_ms": 41.62588808685541}
{"argmax": 13, "cuda_ms": 41.600833892822266, "finite": true, "measured": true, "status": "decode_step", "step": 140, "wall_ms": 41.61933809518814}
{"argmax": 2947, "cuda_ms": 41.61948776245117, "finite": true, "measured": true, "status": "decode_step", "step": 141, "wall_ms": 41.639236733317375}
{"argmax": 8536, "cuda_ms": 41.61542510986328, "finite": true, "measured": true, "status": "decode_step", "step": 142, "wall_ms": 41.63424018770456}
{"argmax": 6150, "cuda_ms": 41.619808197021484, "finite": true, "measured": true, "status": "decode_step", "step": 143, "wall_ms": 41.64170194417238}
{"decode_cuda_median_ms": 41.58910369873047, "decode_wall_median_ms": 41.60969378426671, "result": "results/system_benchmarks/tp1_sparse_full_v6/formal_legacy_offload_t65536_r1/benchmark.json", "status": "complete", "validated_layers": 0}
