{"context": 32768, "gpu": "NVIDIA L40S", "measure_steps": 128, "mode": "legacy", "status": "starting", "storage": "local", "warmup_steps": 16}
{"status": "extensions_ready"}
Loading weights:   0%|          | 0/291 [00:00<?, ?it/s]Loading weights: 100%|██████████| 291/291 [00:00<00:00, 9667.89it/s]
{"allocated_gib": 19.524168014526367, "host_exact_key_gib": 0.0, "status": "model_ready"}
{"peak_allocated_gib": 21.422971725463867, "prefill_ms": 5110.1328125, "status": "prefill_complete"}
{"argmax": 11, "cuda_ms": 105.60406494140625, "finite": true, "measured": false, "status": "decode_step", "step": 0, "wall_ms": 105.60938715934753}
{"argmax": 396, "cuda_ms": 33.9310417175293, "finite": true, "measured": false, "status": "decode_step", "step": 1, "wall_ms": 33.94593019038439}
{"argmax": 36177, "cuda_ms": 33.698368072509766, "finite": true, "measured": false, "status": "decode_step", "step": 2, "wall_ms": 33.712451346218586}
{"argmax": 220, "cuda_ms": 33.6324462890625, "finite": true, "measured": false, "status": "decode_step", "step": 3, "wall_ms": 33.64827483892441}
{"argmax": 11, "cuda_ms": 33.652671813964844, "finite": true, "measured": false, "status": "decode_step", "step": 4, "wall_ms": 33.66739396005869}
{"argmax": 315, "cuda_ms": 33.63888168334961, "finite": true, "measured": false, "status": "decode_step", "step": 5, "wall_ms": 33.657800406217575}
{"argmax": 7658, "cuda_ms": 33.61539077758789, "finite": true, "measured": false, "status": "decode_step", "step": 6, "wall_ms": 33.631501253694296}
{"argmax": 323, "cuda_ms": 33.630592346191406, "finite": true, "measured": false, "status": "decode_step", "step": 7, "wall_ms": 33.645741641521454}
{"argmax": 7327, "cuda_ms": 33.609375, "finite": true, "measured": false, "status": "decode_step", "step": 8, "wall_ms": 33.62567164003849}
{"argmax": 23298, "cuda_ms": 33.62579345703125, "finite": true, "measured": false, "status": "decode_step", "step": 9, "wall_ms": 33.639922738075256}
{"argmax": 11, "cuda_ms": 33.623390197753906, "finite": true, "measured": false, "status": "decode_step", "step": 10, "wall_ms": 33.63985288888216}
{"argmax": 11, "cuda_ms": 33.60995101928711, "finite": true, "measured": false, "status": "decode_step", "step": 11, "wall_ms": 33.627614844590425}
{"argmax": 323, "cuda_ms": 33.596641540527344, "finite": true, "measured": false, "status": "decode_step", "step": 12, "wall_ms": 33.613534178584814}
{"argmax": 527, "cuda_ms": 33.5838737487793, "finite": true, "measured": false, "status": "decode_step", "step": 13, "wall_ms": 33.59760995954275}
{"argmax": 264, "cuda_ms": 33.590911865234375, "finite": true, "measured": false, "status": "decode_step", "step": 14, "wall_ms": 33.606322947889566}
{"argmax": 8536, "cuda_ms": 33.591617584228516, "finite": true, "measured": false, "status": "decode_step", "step": 15, "wall_ms": 33.608546014875174}
{"argmax": 13537, "cuda_ms": 33.600894927978516, "finite": true, "measured": true, "status": "decode_step", "step": 16, "wall_ms": 33.61506620422006}
{"argmax": 13537, "cuda_ms": 33.59030532836914, "finite": true, "measured": true, "status": "decode_step", "step": 17, "wall_ms": 33.60726498067379}
{"argmax": 13, "cuda_ms": 33.596351623535156, "finite": true, "measured": true, "status": "decode_step", "step": 18, "wall_ms": 33.6094768717885}
{"argmax": 791, "cuda_ms": 33.594398498535156, "finite": true, "measured": true, "status": "decode_step", "step": 19, "wall_ms": 33.60746428370476}
{"argmax": 374, "cuda_ms": 33.634239196777344, "finite": true, "measured": true, "status": "decode_step", "step": 20, "wall_ms": 33.65072887390852}
{"argmax": 374, "cuda_ms": 33.57894515991211, "finite": true, "measured": true, "status": "decode_step", "step": 21, "wall_ms": 33.59390376135707}
{"argmax": 279, "cuda_ms": 33.59222412109375, "finite": true, "measured": true, "status": "decode_step", "step": 22, "wall_ms": 33.60982798039913}
{"argmax": 3560, "cuda_ms": 33.582847595214844, "finite": true, "measured": true, "status": "decode_step", "step": 23, "wall_ms": 33.597559202462435}
{"argmax": 323, "cuda_ms": 33.607200622558594, "finite": true, "measured": true, "status": "decode_step", "step": 24, "wall_ms": 33.62143598496914}
{"argmax": 12823, "cuda_ms": 33.588382720947266, "finite": true, "measured": true, "status": "decode_step", "step": 25, "wall_ms": 33.60691387206316}
{"argmax": 1511, "cuda_ms": 33.611839294433594, "finite": true, "measured": true, "status": "decode_step", "step": 26, "wall_ms": 33.6263831704855}
{"argmax": 6968, "cuda_ms": 33.58329772949219, "finite": true, "measured": true, "status": "decode_step", "step": 27, "wall_ms": 33.60109496861696}
{"argmax": 323, "cuda_ms": 33.61977767944336, "finite": true, "measured": true, "status": "decode_step", "step": 28, "wall_ms": 33.632622100412846}
{"argmax": 1862, "cuda_ms": 33.56892776489258, "finite": true, "measured": true, "status": "decode_step", "step": 29, "wall_ms": 33.58337888494134}
{"argmax": 91605, "cuda_ms": 33.59561538696289, "finite": true, "measured": true, "status": "decode_step", "step": 30, "wall_ms": 33.61402405425906}
{"argmax": 11006, "cuda_ms": 33.590431213378906, "finite": true, "measured": true, "status": "decode_step", "step": 31, "wall_ms": 33.6033278144896}
{"argmax": 369, "cuda_ms": 33.58860778808594, "finite": true, "measured": true, "status": "decode_step", "step": 32, "wall_ms": 33.60659396275878}
{"argmax": 279, "cuda_ms": 33.5280647277832, "finite": true, "measured": true, "status": "decode_step", "step": 33, "wall_ms": 33.54275785386562}
{"argmax": 19071, "cuda_ms": 33.55001449584961, "finite": true, "measured": true, "status": "decode_step", "step": 34, "wall_ms": 33.56347791850567}
{"argmax": 11351, "cuda_ms": 33.53126525878906, "finite": true, "measured": true, "status": "decode_step", "step": 35, "wall_ms": 33.548166044056416}
{"argmax": 13, "cuda_ms": 33.541568756103516, "finite": true, "measured": true, "status": "decode_step", "step": 36, "wall_ms": 33.5619761608541}
{"argmax": 20783, "cuda_ms": 33.53900909423828, "finite": true, "measured": true, "status": "decode_step", "step": 37, "wall_ms": 33.55629835277796}
{"argmax": 3388, "cuda_ms": 33.53318405151367, "finite": true, "measured": true, "status": "decode_step", "step": 38, "wall_ms": 33.55366364121437}
{"argmax": 690, "cuda_ms": 33.555519104003906, "finite": true, "measured": true, "status": "decode_step", "step": 39, "wall_ms": 33.570689149200916}
{"argmax": 389, "cuda_ms": 33.54345703125, "finite": true, "measured": true, "status": "decode_step", "step": 40, "wall_ms": 33.56480970978737}
{"argmax": 279, "cuda_ms": 33.551361083984375, "finite": true, "measured": true, "status": "decode_step", "step": 41, "wall_ms": 33.56497082859278}
{"argmax": 3560, "cuda_ms": 33.552223205566406, "finite": true, "measured": true, "status": "decode_step", "step": 42, "wall_ms": 33.57093967497349}
{"argmax": 315, "cuda_ms": 33.54150390625, "finite": true, "measured": true, "status": "decode_step", "step": 43, "wall_ms": 33.55612698942423}
{"argmax": 37419, "cuda_ms": 33.546302795410156, "finite": true, "measured": true, "status": "decode_step", "step": 44, "wall_ms": 33.56035379692912}
{"argmax": 11335, "cuda_ms": 33.52640151977539, "finite": true, "measured": true, "status": "decode_step", "step": 45, "wall_ms": 33.544379752129316}
{"argmax": 304, "cuda_ms": 33.557151794433594, "finite": true, "measured": true, "status": "decode_step", "step": 46, "wall_ms": 33.57180114835501}
{"argmax": 279, "cuda_ms": 33.54092788696289, "finite": true, "measured": true, "status": "decode_step", "step": 47, "wall_ms": 33.55817077681422}
{"argmax": 8244, "cuda_ms": 33.53200149536133, "finite": true, "measured": true, "status": "decode_step", "step": 48, "wall_ms": 33.54754578322172}
{"argmax": 315, "cuda_ms": 33.52073669433594, "finite": true, "measured": true, "status": "decode_step", "step": 49, "wall_ms": 33.5348560474813}
{"argmax": 33184, "cuda_ms": 33.52790451049805, "finite": true, "measured": true, "status": "decode_step", "step": 50, "wall_ms": 33.54365983977914}
{"argmax": 33184, "cuda_ms": 33.52220916748047, "finite": true, "measured": true, "status": "decode_step", "step": 51, "wall_ms": 33.535417169332504}
{"argmax": 10706, "cuda_ms": 33.533729553222656, "finite": true, "measured": true, "status": "decode_step", "step": 52, "wall_ms": 33.55239285156131}
{"argmax": 323, "cuda_ms": 33.537025451660156, "finite": true, "measured": true, "status": "decode_step", "step": 53, "wall_ms": 33.55683898553252}
{"argmax": 279, "cuda_ms": 33.55708694458008, "finite": true, "measured": true, "status": "decode_step", "step": 54, "wall_ms": 33.573172986507416}
{"argmax": 5133, "cuda_ms": 33.534847259521484, "finite": true, "measured": true, "status": "decode_step", "step": 55, "wall_ms": 33.55162078514695}
{"argmax": 311, "cuda_ms": 33.583648681640625, "finite": true, "measured": true, "status": "decode_step", "step": 56, "wall_ms": 33.59681786969304}
{"argmax": 279, "cuda_ms": 33.56835174560547, "finite": true, "measured": true, "status": "decode_step", "step": 57, "wall_ms": 33.58633304014802}
{"argmax": 323, "cuda_ms": 33.55091094970703, "finite": true, "measured": true, "status": "decode_step", "step": 58, "wall_ms": 33.56450982391834}
{"argmax": 11, "cuda_ms": 33.53036880493164, "finite": true, "measured": true, "status": "decode_step", "step": 59, "wall_ms": 33.54602213948965}
{"argmax": 41582, "cuda_ms": 33.55696105957031, "finite": true, "measured": true, "status": "decode_step", "step": 60, "wall_ms": 33.57071988284588}
{"argmax": 11, "cuda_ms": 33.551231384277344, "finite": true, "measured": true, "status": "decode_step", "step": 61, "wall_ms": 33.565600868314505}
{"argmax": 323, "cuda_ms": 33.55372619628906, "finite": true, "measured": true, "status": "decode_step", "step": 62, "wall_ms": 33.57000881806016}
{"argmax": 3927, "cuda_ms": 33.53984069824219, "finite": true, "measured": true, "status": "decode_step", "step": 63, "wall_ms": 33.55378517881036}
{"argmax": 11006, "cuda_ms": 33.54764938354492, "finite": true, "measured": true, "status": "decode_step", "step": 64, "wall_ms": 33.563930075615644}
{"argmax": 5315, "cuda_ms": 33.53366470336914, "finite": true, "measured": true, "status": "decode_step", "step": 65, "wall_ms": 33.54646312072873}
{"argmax": 519, "cuda_ms": 33.54518508911133, "finite": true, "measured": true, "status": "decode_step", "step": 66, "wall_ms": 33.55877101421356}
{"argmax": 1105, "cuda_ms": 33.524478912353516, "finite": true, "measured": true, "status": "decode_step", "step": 67, "wall_ms": 33.541166223585606}
{"argmax": 11351, "cuda_ms": 33.55539321899414, "finite": true, "measured": true, "status": "decode_step", "step": 68, "wall_ms": 33.56881672516465}
{"argmax": 627, "cuda_ms": 33.55097579956055, "finite": true, "measured": true, "status": "decode_step", "step": 69, "wall_ms": 33.5677950643003}
{"argmax": 20783, "cuda_ms": 33.51347351074219, "finite": true, "measured": true, "status": "decode_step", "step": 70, "wall_ms": 33.52684387937188}
{"argmax": 311, "cuda_ms": 33.520896911621094, "finite": true, "measured": true, "status": "decode_step", "step": 71, "wall_ms": 33.539684023708105}
{"argmax": 682, "cuda_ms": 33.53583908081055, "finite": true, "measured": true, "status": "decode_step", "step": 72, "wall_ms": 33.55374373495579}
{"argmax": 468, "cuda_ms": 33.5458869934082, "finite": true, "measured": true, "status": "decode_step", "step": 73, "wall_ms": 33.558801747858524}
{"argmax": 13, "cuda_ms": 33.57440185546875, "finite": true, "measured": true, "status": "decode_step", "step": 74, "wall_ms": 33.59227208420634}
{"argmax": 2947, "cuda_ms": 33.536800384521484, "finite": true, "measured": true, "status": "decode_step", "step": 75, "wall_ms": 33.550419844686985}
{"argmax": 8536, "cuda_ms": 33.561920166015625, "finite": true, "measured": true, "status": "decode_step", "step": 76, "wall_ms": 33.57526706531644}
{"argmax": 6150, "cuda_ms": 33.54441452026367, "finite": true, "measured": true, "status": "decode_step", "step": 77, "wall_ms": 33.5607947781682}
{"argmax": 315, "cuda_ms": 33.51286315917969, "finite": true, "measured": true, "status": "decode_step", "step": 78, "wall_ms": 33.52641314268112}
{"argmax": 3142, "cuda_ms": 33.52934265136719, "finite": true, "measured": true, "status": "decode_step", "step": 79, "wall_ms": 33.546293154358864}
{"argmax": 323, "cuda_ms": 33.54537582397461, "finite": true, "measured": true, "status": "decode_step", "step": 80, "wall_ms": 33.55842083692551}
{"argmax": 7327, "cuda_ms": 33.53142547607422, "finite": true, "measured": true, "status": "decode_step", "step": 81, "wall_ms": 33.54819631204009}
{"argmax": 23298, "cuda_ms": 33.52668762207031, "finite": true, "measured": true, "status": "decode_step", "step": 82, "wall_ms": 33.54318905621767}
{"argmax": 4236, "cuda_ms": 33.54767990112305, "finite": true, "measured": true, "status": "decode_step", "step": 83, "wall_ms": 33.56109466403723}
{"argmax": 26, "cuda_ms": 33.5645751953125, "finite": true, "measured": true, "status": "decode_step", "step": 84, "wall_ms": 33.58150506392121}
{"argmax": 3885, "cuda_ms": 33.54547119140625, "finite": true, "measured": true, "status": "decode_step", "step": 85, "wall_ms": 33.56050420552492}
{"argmax": 449, "cuda_ms": 33.6005744934082, "finite": true, "measured": true, "status": "decode_step", "step": 86, "wall_ms": 33.613782841712236}
{"argmax": 2947, "cuda_ms": 33.51551818847656, "finite": true, "measured": true, "status": "decode_step", "step": 87, "wall_ms": 33.532832749187946}
{"argmax": 8536, "cuda_ms": 33.55382537841797, "finite": true, "measured": true, "status": "decode_step", "step": 88, "wall_ms": 33.56723394244909}
{"argmax": 6150, "cuda_ms": 33.56275177001953, "finite": true, "measured": true, "status": "decode_step", "step": 89, "wall_ms": 33.57984311878681}
{"argmax": 8041, "cuda_ms": 33.549888610839844, "finite": true, "measured": true, "status": "decode_step", "step": 90, "wall_ms": 33.56454009190202}
{"argmax": 627, "cuda_ms": 33.529056549072266, "finite": true, "measured": true, "status": "decode_step", "step": 91, "wall_ms": 33.543219324201345}
{"argmax": 791, "cuda_ms": 33.527774810791016, "finite": true, "measured": true, "status": "decode_step", "step": 92, "wall_ms": 33.54565193876624}
{"argmax": 3388, "cuda_ms": 33.5412483215332, "finite": true, "measured": true, "status": "decode_step", "step": 93, "wall_ms": 33.55505596846342}
{"argmax": 49095, "cuda_ms": 33.54867172241211, "finite": true, "measured": true, "status": "decode_step", "step": 94, "wall_ms": 33.566062804311514}
{"argmax": 459, "cuda_ms": 33.55235290527344, "finite": true, "measured": true, "status": "decode_step", "step": 95, "wall_ms": 33.567153848707676}
{"argmax": 4236, "cuda_ms": 33.559425354003906, "finite": true, "measured": true, "status": "decode_step", "step": 96, "wall_ms": 33.573844004422426}
{"argmax": 889, "cuda_ms": 33.54185485839844, "finite": true, "measured": true, "status": "decode_step", "step": 97, "wall_ms": 33.55759009718895}
{"argmax": 10068, "cuda_ms": 33.56732940673828, "finite": true, "measured": true, "status": "decode_step", "step": 98, "wall_ms": 33.58072368428111}
{"argmax": 9021, "cuda_ms": 33.55472183227539, "finite": true, "measured": true, "status": "decode_step", "step": 99, "wall_ms": 33.57200091704726}
{"argmax": 374, "cuda_ms": 33.53104019165039, "finite": true, "measured": true, "status": "decode_step", "step": 100, "wall_ms": 33.54506101459265}
{"argmax": 304, "cuda_ms": 33.533023834228516, "finite": true, "measured": true, "status": "decode_step", "step": 101, "wall_ms": 33.54851622134447}
{"argmax": 4500, "cuda_ms": 33.537567138671875, "finite": true, "measured": true, "status": "decode_step", "step": 102, "wall_ms": 33.552623353898525}
{"argmax": 10706, "cuda_ms": 33.53334426879883, "finite": true, "measured": true, "status": "decode_step", "step": 103, "wall_ms": 33.54635322466493}
{"argmax": 13, "cuda_ms": 33.580223083496094, "finite": true, "measured": true, "status": "decode_step", "step": 104, "wall_ms": 33.597579691559076}
{"argmax": 889, "cuda_ms": 33.543617248535156, "finite": true, "measured": true, "status": "decode_step", "step": 105, "wall_ms": 33.55713002383709}
{"argmax": 311, "cuda_ms": 33.541439056396484, "finite": true, "measured": true, "status": "decode_step", "step": 106, "wall_ms": 33.555887173861265}
{"argmax": 387, "cuda_ms": 33.530113220214844, "finite": true, "measured": true, "status": "decode_step", "step": 107, "wall_ms": 33.544241450726986}
{"argmax": 264, "cuda_ms": 33.56288146972656, "finite": true, "measured": true, "status": "decode_step", "step": 108, "wall_ms": 33.576678950339556}
{"argmax": 6373, "cuda_ms": 33.555904388427734, "finite": true, "measured": true, "status": "decode_step", "step": 109, "wall_ms": 33.57224212959409}
{"argmax": 10093, "cuda_ms": 33.56140899658203, "finite": true, "measured": true, "status": "decode_step", "step": 110, "wall_ms": 33.5752172395587}
{"argmax": 13, "cuda_ms": 33.53388977050781, "finite": true, "measured": true, "status": "decode_step", "step": 111, "wall_ms": 33.54980889707804}
{"argmax": 37419, "cuda_ms": 33.57740783691406, "finite": true, "measured": true, "status": "decode_step", "step": 112, "wall_ms": 33.59014913439751}
{"argmax": 13, "cuda_ms": 33.56800079345703, "finite": true, "measured": true, "status": "decode_step", "step": 113, "wall_ms": 33.581855706870556}
{"argmax": 578, "cuda_ms": 33.555809020996094, "finite": true, "measured": true, "status": "decode_step", "step": 114, "wall_ms": 33.57210103422403}
{"argmax": 3388, "cuda_ms": 33.554176330566406, "finite": true, "measured": true, "status": "decode_step", "step": 115, "wall_ms": 33.56694430112839}
{"argmax": 690, "cuda_ms": 33.56083297729492, "finite": true, "measured": true, "status": "decode_step", "step": 116, "wall_ms": 33.5764279589057}
{"argmax": 264, "cuda_ms": 33.562400817871094, "finite": true, "measured": true, "status": "decode_step", "step": 117, "wall_ms": 33.57531642541289}
{"argmax": 6677, "cuda_ms": 33.555809020996094, "finite": true, "measured": true, "status": "decode_step", "step": 118, "wall_ms": 33.56917714700103}
{"argmax": 323, "cuda_ms": 33.55356979370117, "finite": true, "measured": true, "status": "decode_step", "step": 119, "wall_ms": 33.5704293102026}
{"argmax": 33184, "cuda_ms": 33.66108703613281, "finite": true, "measured": true, "status": "decode_step", "step": 120, "wall_ms": 33.67412369698286}
{"argmax": 287, "cuda_ms": 33.54470443725586, "finite": true, "measured": true, "status": "decode_step", "step": 121, "wall_ms": 33.561977092176676}
{"argmax": 11, "cuda_ms": 33.55116653442383, "finite": true, "measured": true, "status": "decode_step", "step": 122, "wall_ms": 33.56392029672861}
{"argmax": 279, "cuda_ms": 33.556671142578125, "finite": true, "measured": true, "status": "decode_step", "step": 123, "wall_ms": 33.5702090524137}
{"argmax": 33184, "cuda_ms": 33.54521560668945, "finite": true, "measured": true, "status": "decode_step", "step": 124, "wall_ms": 33.56148488819599}
{"argmax": 7471, "cuda_ms": 33.55440139770508, "finite": true, "measured": true, "status": "decode_step", "step": 125, "wall_ms": 33.567935694009066}
{"argmax": 6020, "cuda_ms": 33.55571365356445, "finite": true, "measured": true, "status": "decode_step", "step": 126, "wall_ms": 33.57357392087579}
{"argmax": 279, "cuda_ms": 33.531742095947266, "finite": true, "measured": true, "status": "decode_step", "step": 127, "wall_ms": 33.545090816915035}
{"argmax": 3388, "cuda_ms": 33.55526351928711, "finite": true, "measured": true, "status": "decode_step", "step": 128, "wall_ms": 33.5891367867589}
{"argmax": 369, "cuda_ms": 33.552734375, "finite": true, "measured": true, "status": "decode_step", "step": 129, "wall_ms": 33.56970800086856}
{"argmax": 37419, "cuda_ms": 33.58332824707031, "finite": true, "measured": true, "status": "decode_step", "step": 130, "wall_ms": 33.59631774947047}
{"argmax": 6373, "cuda_ms": 33.55027389526367, "finite": true, "measured": true, "status": "decode_step", "step": 131, "wall_ms": 33.56748493388295}
{"argmax": 323, "cuda_ms": 33.53945541381836, "finite": true, "measured": true, "status": "decode_step", "step": 132, "wall_ms": 33.55284268036485}
{"argmax": 6020, "cuda_ms": 33.54227066040039, "finite": true, "measured": true, "status": "decode_step", "step": 133, "wall_ms": 33.556568436324596}
{"argmax": 24043, "cuda_ms": 33.543968200683594, "finite": true, "measured": true, "status": "decode_step", "step": 134, "wall_ms": 33.561195246875286}
{"argmax": 13, "cuda_ms": 33.5431022644043, "finite": true, "measured": true, "status": "decode_step", "step": 135, "wall_ms": 33.55557704344392}
{"argmax": 5377, "cuda_ms": 33.559391021728516, "finite": true, "measured": true, "status": "decode_step", "step": 136, "wall_ms": 33.57702912762761}
{"argmax": 311, "cuda_ms": 33.54729461669922, "finite": true, "measured": true, "status": "decode_step", "step": 137, "wall_ms": 33.56165578588843}
{"argmax": 19816, "cuda_ms": 33.57539367675781, "finite": true, "measured": true, "status": "decode_step", "step": 138, "wall_ms": 33.58894633129239}
{"argmax": 468, "cuda_ms": 33.5563850402832, "finite": true, "measured": true, "status": "decode_step", "step": 139, "wall_ms": 33.57375366613269}
{"argmax": 13, "cuda_ms": 33.567169189453125, "finite": true, "measured": true, "status": "decode_step", "step": 140, "wall_ms": 33.58014393597841}
{"argmax": 2947, "cuda_ms": 33.5552978515625, "finite": true, "measured": true, "status": "decode_step", "step": 141, "wall_ms": 33.57293317094445}
{"argmax": 8536, "cuda_ms": 33.53353500366211, "finite": true, "measured": true, "status": "decode_step", "step": 142, "wall_ms": 33.54727430269122}
{"argmax": 6150, "cuda_ms": 33.531551361083984, "finite": true, "measured": true, "status": "decode_step", "step": 143, "wall_ms": 33.54660328477621}
{"decode_cuda_median_ms": 33.55094337463379, "decode_wall_median_ms": 33.56528584845364, "result": "results/system_benchmarks/tp1_sparse_full_v6/formal_legacy_local_t32768_r1/benchmark.json", "status": "complete", "validated_layers": 0}
