{"context": 131072, "gpu": "NVIDIA L40S", "measure_steps": 128, "mode": "optimized", "status": "starting", "storage": "offload", "warmup_steps": 16}
{"status": "extensions_ready"}
Loading weights:   0%|          | 0/291 [00:00<?, ?it/s]Loading weights: 100%|██████████| 291/291 [00:00<00:00, 9475.67it/s]
{"allocated_gib": 25.09675407409668, "host_exact_key_gib": 8.0087890625, "status": "model_ready"}
{"peak_allocated_gib": 32.66816520690918, "prefill_ms": 38855.015625, "status": "prefill_complete"}
{"argmax": 11, "cuda_ms": 133.15216064453125, "finite": true, "measured": false, "status": "decode_step", "step": 0, "wall_ms": 133.17702617496252}
{"argmax": 13, "cuda_ms": 43.94803237915039, "finite": true, "measured": false, "status": "decode_step", "step": 1, "wall_ms": 43.969590216875076}
{"argmax": 17200, "cuda_ms": 43.69286346435547, "finite": true, "measured": false, "status": "decode_step", "step": 2, "wall_ms": 43.71401807293296}
{"argmax": 7876, "cuda_ms": 43.660865783691406, "finite": true, "measured": false, "status": "decode_step", "step": 3, "wall_ms": 43.688829988241196}
{"argmax": 32107, "cuda_ms": 43.70140838623047, "finite": true, "measured": false, "status": "decode_step", "step": 4, "wall_ms": 43.72466402128339}
{"argmax": 315, "cuda_ms": 43.66284942626953, "finite": true, "measured": false, "status": "decode_step", "step": 5, "wall_ms": 43.689741753041744}
{"argmax": 8184, "cuda_ms": 43.707969665527344, "finite": true, "measured": false, "status": "decode_step", "step": 6, "wall_ms": 43.72818907722831}
{"argmax": 323, "cuda_ms": 43.75321578979492, "finite": true, "measured": false, "status": "decode_step", "step": 7, "wall_ms": 43.781719636172056}
{"argmax": 7327, "cuda_ms": 43.672542572021484, "finite": true, "measured": false, "status": "decode_step", "step": 8, "wall_ms": 43.69819490239024}
{"argmax": 23298, "cuda_ms": 43.690494537353516, "finite": true, "measured": false, "status": "decode_step", "step": 9, "wall_ms": 43.710813857614994}
{"argmax": 520, "cuda_ms": 43.68716812133789, "finite": true, "measured": false, "status": "decode_step", "step": 10, "wall_ms": 43.70777914300561}
{"argmax": 11, "cuda_ms": 43.68044662475586, "finite": true, "measured": false, "status": "decode_step", "step": 11, "wall_ms": 43.70858008041978}
{"argmax": 279, "cuda_ms": 43.772640228271484, "finite": true, "measured": false, "status": "decode_step", "step": 12, "wall_ms": 43.78954088315368}
{"argmax": 527, "cuda_ms": 43.598751068115234, "finite": true, "measured": false, "status": "decode_step", "step": 13, "wall_ms": 43.629861902445555}
{"argmax": 264, "cuda_ms": 43.66048049926758, "finite": true, "measured": false, "status": "decode_step", "step": 14, "wall_ms": 43.68790937587619}
{"argmax": 8536, "cuda_ms": 43.7342414855957, "finite": true, "measured": false, "status": "decode_step", "step": 15, "wall_ms": 43.76610601320863}
{"argmax": 6150, "cuda_ms": 43.75059127807617, "finite": true, "measured": true, "status": "decode_step", "step": 16, "wall_ms": 43.776070699095726}
{"argmax": 315, "cuda_ms": 43.70832061767578, "finite": true, "measured": true, "status": "decode_step", "step": 17, "wall_ms": 43.72676694765687}
{"argmax": 13, "cuda_ms": 43.54307174682617, "finite": true, "measured": true, "status": "decode_step", "step": 18, "wall_ms": 43.5583246871829}
{"argmax": 791, "cuda_ms": 43.62681579589844, "finite": true, "measured": true, "status": "decode_step", "step": 19, "wall_ms": 43.653388042002916}
{"argmax": 374, "cuda_ms": 43.689247131347656, "finite": true, "measured": true, "status": "decode_step", "step": 20, "wall_ms": 43.7057763338089}
{"argmax": 374, "cuda_ms": 43.632606506347656, "finite": true, "measured": true, "status": "decode_step", "step": 21, "wall_ms": 43.65947609767318}
{"argmax": 279, "cuda_ms": 43.741214752197266, "finite": true, "measured": true, "status": "decode_step", "step": 22, "wall_ms": 43.765425216406584}
{"argmax": 3560, "cuda_ms": 43.597023010253906, "finite": true, "measured": true, "status": "decode_step", "step": 23, "wall_ms": 43.62703766673803}
{"argmax": 323, "cuda_ms": 43.666046142578125, "finite": true, "measured": true, "status": "decode_step", "step": 24, "wall_ms": 43.682850897312164}
{"argmax": 26411, "cuda_ms": 43.591007232666016, "finite": true, "measured": true, "status": "decode_step", "step": 25, "wall_ms": 43.61059283837676}
{"argmax": 1511, "cuda_ms": 43.57513427734375, "finite": true, "measured": true, "status": "decode_step", "step": 26, "wall_ms": 43.60238183289766}
{"argmax": 7524, "cuda_ms": 43.63955307006836, "finite": true, "measured": true, "status": "decode_step", "step": 27, "wall_ms": 43.66451408714056}
{"argmax": 323, "cuda_ms": 43.648929595947266, "finite": true, "measured": true, "status": "decode_step", "step": 28, "wall_ms": 43.6760107986629}
{"argmax": 8907, "cuda_ms": 43.67478561401367, "finite": true, "measured": true, "status": "decode_step", "step": 29, "wall_ms": 43.69516996666789}
{"argmax": 91605, "cuda_ms": 43.6511344909668, "finite": true, "measured": true, "status": "decode_step", "step": 30, "wall_ms": 43.68175007402897}
{"argmax": 11006, "cuda_ms": 43.604576110839844, "finite": true, "measured": true, "status": "decode_step", "step": 31, "wall_ms": 43.62928122282028}
{"argmax": 369, "cuda_ms": 43.49052810668945, "finite": true, "measured": true, "status": "decode_step", "step": 32, "wall_ms": 43.51103398948908}
{"argmax": 586, "cuda_ms": 43.67647933959961, "finite": true, "measured": true, "status": "decode_step", "step": 33, "wall_ms": 43.70475420728326}
{"argmax": 323, "cuda_ms": 43.669921875, "finite": true, "measured": true, "status": "decode_step", "step": 34, "wall_ms": 43.699076399207115}
{"argmax": 11351, "cuda_ms": 43.575103759765625, "finite": true, "measured": true, "status": "decode_step", "step": 35, "wall_ms": 43.599836993962526}
{"argmax": 13, "cuda_ms": 43.625953674316406, "finite": true, "measured": true, "status": "decode_step", "step": 36, "wall_ms": 43.64609718322754}
{"argmax": 578, "cuda_ms": 43.5425910949707, "finite": true, "measured": true, "status": "decode_step", "step": 37, "wall_ms": 43.56307303532958}
{"argmax": 3388, "cuda_ms": 43.42380905151367, "finite": true, "measured": true, "status": "decode_step", "step": 38, "wall_ms": 43.452356941998005}
{"argmax": 690, "cuda_ms": 43.51123046875, "finite": true, "measured": true, "status": "decode_step", "step": 39, "wall_ms": 43.5255472548306}
{"argmax": 389, "cuda_ms": 43.52809524536133, "finite": true, "measured": true, "status": "decode_step", "step": 40, "wall_ms": 43.54603681713343}
{"argmax": 279, "cuda_ms": 43.5351676940918, "finite": true, "measured": true, "status": "decode_step", "step": 41, "wall_ms": 43.55419985949993}
{"argmax": 3560, "cuda_ms": 43.44473648071289, "finite": true, "measured": true, "status": "decode_step", "step": 42, "wall_ms": 43.47629193216562}
{"argmax": 315, "cuda_ms": 43.49494552612305, "finite": true, "measured": true, "status": "decode_step", "step": 43, "wall_ms": 43.51531062275171}
{"argmax": 2254, "cuda_ms": 43.643775939941406, "finite": true, "measured": true, "status": "decode_step", "step": 44, "wall_ms": 43.67074277251959}
{"argmax": 11335, "cuda_ms": 43.50156784057617, "finite": true, "measured": true, "status": "decode_step", "step": 45, "wall_ms": 43.53163484483957}
{"argmax": 304, "cuda_ms": 43.528831481933594, "finite": true, "measured": true, "status": "decode_step", "step": 46, "wall_ms": 43.55455003678799}
{"argmax": 279, "cuda_ms": 43.59036636352539, "finite": true, "measured": true, "status": "decode_step", "step": 47, "wall_ms": 43.62076800316572}
{"argmax": 4500, "cuda_ms": 43.6635856628418, "finite": true, "measured": true, "status": "decode_step", "step": 48, "wall_ms": 43.690463062375784}
{"argmax": 315, "cuda_ms": 43.63203048706055, "finite": true, "measured": true, "status": "decode_step", "step": 49, "wall_ms": 43.66332199424505}
{"argmax": 33184, "cuda_ms": 43.607872009277344, "finite": true, "measured": true, "status": "decode_step", "step": 50, "wall_ms": 43.630443047732115}
{"argmax": 33184, "cuda_ms": 43.608734130859375, "finite": true, "measured": true, "status": "decode_step", "step": 51, "wall_ms": 43.63549966365099}
{"argmax": 10706, "cuda_ms": 43.70646286010742, "finite": true, "measured": true, "status": "decode_step", "step": 52, "wall_ms": 43.72347192838788}
{"argmax": 323, "cuda_ms": 43.641502380371094, "finite": true, "measured": true, "status": "decode_step", "step": 53, "wall_ms": 43.673227075487375}
{"argmax": 279, "cuda_ms": 43.62294387817383, "finite": true, "measured": true, "status": "decode_step", "step": 54, "wall_ms": 43.65003202110529}
{"argmax": 5536, "cuda_ms": 43.57804870605469, "finite": true, "measured": true, "status": "decode_step", "step": 55, "wall_ms": 43.60665800049901}
{"argmax": 311, "cuda_ms": 43.48118209838867, "finite": true, "measured": true, "status": "decode_step", "step": 56, "wall_ms": 43.50849101319909}
{"argmax": 279, "cuda_ms": 43.574913024902344, "finite": true, "measured": true, "status": "decode_step", "step": 57, "wall_ms": 43.60630689188838}
{"argmax": 13607, "cuda_ms": 43.6383056640625, "finite": true, "measured": true, "status": "decode_step", "step": 58, "wall_ms": 43.665064964443445}
{"argmax": 627, "cuda_ms": 43.418270111083984, "finite": true, "measured": true, "status": "decode_step", "step": 59, "wall_ms": 43.43750514090061}
{"argmax": 323, "cuda_ms": 43.589088439941406, "finite": true, "measured": true, "status": "decode_step", "step": 60, "wall_ms": 43.606588151305914}
{"argmax": 11, "cuda_ms": 43.59107208251953, "finite": true, "measured": true, "status": "decode_step", "step": 61, "wall_ms": 43.6154012568295}
{"argmax": 323, "cuda_ms": 43.62688064575195, "finite": true, "measured": true, "status": "decode_step", "step": 62, "wall_ms": 43.65349793806672}
{"argmax": 1023, "cuda_ms": 43.587425231933594, "finite": true, "measured": true, "status": "decode_step", "step": 63, "wall_ms": 43.61193487420678}
{"argmax": 11351, "cuda_ms": 43.88796615600586, "finite": true, "measured": true, "status": "decode_step", "step": 64, "wall_ms": 43.91460819169879}
{"argmax": 11351, "cuda_ms": 43.93315124511719, "finite": true, "measured": true, "status": "decode_step", "step": 65, "wall_ms": 43.96198922768235}
{"argmax": 519, "cuda_ms": 43.85980987548828, "finite": true, "measured": true, "status": "decode_step", "step": 66, "wall_ms": 43.888318818062544}
{"argmax": 8336, "cuda_ms": 43.9455680847168, "finite": true, "measured": true, "status": "decode_step", "step": 67, "wall_ms": 43.97442704066634}
{"argmax": 11351, "cuda_ms": 43.95132827758789, "finite": true, "measured": true, "status": "decode_step", "step": 68, "wall_ms": 43.97975513711572}
{"argmax": 627, "cuda_ms": 43.89945602416992, "finite": true, "measured": true, "status": "decode_step", "step": 69, "wall_ms": 43.915689922869205}
{"argmax": 578, "cuda_ms": 43.88479995727539, "finite": true, "measured": true, "status": "decode_step", "step": 70, "wall_ms": 43.916771188378334}
{"argmax": 311, "cuda_ms": 43.93715286254883, "finite": true, "measured": true, "status": "decode_step", "step": 71, "wall_ms": 43.96352078765631}
{"argmax": 682, "cuda_ms": 43.75203323364258, "finite": true, "measured": true, "status": "decode_step", "step": 72, "wall_ms": 43.788999784737825}
{"argmax": 468, "cuda_ms": 43.95724868774414, "finite": true, "measured": true, "status": "decode_step", "step": 73, "wall_ms": 43.98322058841586}
{"argmax": 13, "cuda_ms": 43.78355026245117, "finite": true, "measured": true, "status": "decode_step", "step": 74, "wall_ms": 43.815950863063335}
{"argmax": 2947, "cuda_ms": 43.85830307006836, "finite": true, "measured": true, "status": "decode_step", "step": 75, "wall_ms": 43.884783051908016}
{"argmax": 8536, "cuda_ms": 43.842430114746094, "finite": true, "measured": true, "status": "decode_step", "step": 76, "wall_ms": 43.87410683557391}
{"argmax": 6150, "cuda_ms": 43.77008056640625, "finite": true, "measured": true, "status": "decode_step", "step": 77, "wall_ms": 43.788458686321974}
{"argmax": 315, "cuda_ms": 43.53587341308594, "finite": true, "measured": true, "status": "decode_step", "step": 78, "wall_ms": 43.553388211876154}
{"argmax": 3142, "cuda_ms": 43.51283264160156, "finite": true, "measured": true, "status": "decode_step", "step": 79, "wall_ms": 43.52948209270835}
{"argmax": 323, "cuda_ms": 43.50515365600586, "finite": true, "measured": true, "status": "decode_step", "step": 80, "wall_ms": 43.52110903710127}
{"argmax": 7327, "cuda_ms": 43.562686920166016, "finite": true, "measured": true, "status": "decode_step", "step": 81, "wall_ms": 43.58018795028329}
{"argmax": 23298, "cuda_ms": 43.56016159057617, "finite": true, "measured": true, "status": "decode_step", "step": 82, "wall_ms": 43.57662331312895}
{"argmax": 4236, "cuda_ms": 43.57868957519531, "finite": true, "measured": true, "status": "decode_step", "step": 83, "wall_ms": 43.59604185447097}
{"argmax": 26, "cuda_ms": 43.5366096496582, "finite": true, "measured": true, "status": "decode_step", "step": 84, "wall_ms": 43.55318704620004}
{"argmax": 3885, "cuda_ms": 43.55891036987305, "finite": true, "measured": true, "status": "decode_step", "step": 85, "wall_ms": 43.5767131857574}
{"argmax": 449, "cuda_ms": 43.56719970703125, "finite": true, "measured": true, "status": "decode_step", "step": 86, "wall_ms": 43.66556601598859}
{"argmax": 2947, "cuda_ms": 44.05331039428711, "finite": true, "measured": true, "status": "decode_step", "step": 87, "wall_ms": 44.070510659366846}
{"argmax": 8536, "cuda_ms": 43.596126556396484, "finite": true, "measured": true, "status": "decode_step", "step": 88, "wall_ms": 43.613017071038485}
{"argmax": 6150, "cuda_ms": 43.54006576538086, "finite": true, "measured": true, "status": "decode_step", "step": 89, "wall_ms": 43.557544238865376}
{"argmax": 8041, "cuda_ms": 43.58009719848633, "finite": true, "measured": true, "status": "decode_step", "step": 90, "wall_ms": 43.59643300995231}
{"argmax": 627, "cuda_ms": 43.56902313232422, "finite": true, "measured": true, "status": "decode_step", "step": 91, "wall_ms": 43.58640778809786}
{"argmax": 2028, "cuda_ms": 43.58163070678711, "finite": true, "measured": true, "status": "decode_step", "step": 92, "wall_ms": 43.59853593632579}
{"argmax": 3388, "cuda_ms": 43.55673599243164, "finite": true, "measured": true, "status": "decode_step", "step": 93, "wall_ms": 43.57460979372263}
{"argmax": 49095, "cuda_ms": 43.55775833129883, "finite": true, "measured": true, "status": "decode_step", "step": 94, "wall_ms": 43.57369802892208}
{"argmax": 6319, "cuda_ms": 43.553504943847656, "finite": true, "measured": true, "status": "decode_step", "step": 95, "wall_ms": 43.57165517285466}
{"argmax": 4236, "cuda_ms": 43.59392166137695, "finite": true, "measured": true, "status": "decode_step", "step": 96, "wall_ms": 43.61045313999057}
{"argmax": 889, "cuda_ms": 43.53811264038086, "finite": true, "measured": true, "status": "decode_step", "step": 97, "wall_ms": 43.55643270537257}
{"argmax": 6156, "cuda_ms": 43.56844711303711, "finite": true, "measured": true, "status": "decode_step", "step": 98, "wall_ms": 43.584815226495266}
{"argmax": 9021, "cuda_ms": 43.508575439453125, "finite": true, "measured": true, "status": "decode_step", "step": 99, "wall_ms": 43.526248075068}
{"argmax": 374, "cuda_ms": 43.5700798034668, "finite": true, "measured": true, "status": "decode_step", "step": 100, "wall_ms": 43.58588717877865}
{"argmax": 304, "cuda_ms": 43.552799224853516, "finite": true, "measured": true, "status": "decode_step", "step": 101, "wall_ms": 43.56989311054349}
{"argmax": 2536, "cuda_ms": 43.548255920410156, "finite": true, "measured": true, "status": "decode_step", "step": 102, "wall_ms": 43.565095867961645}
{"argmax": 10706, "cuda_ms": 43.54662322998047, "finite": true, "measured": true, "status": "decode_step", "step": 103, "wall_ms": 43.562822975218296}
{"argmax": 13, "cuda_ms": 43.57270431518555, "finite": true, "measured": true, "status": "decode_step", "step": 104, "wall_ms": 43.58965205028653}
{"argmax": 889, "cuda_ms": 43.5463981628418, "finite": true, "measured": true, "status": "decode_step", "step": 105, "wall_ms": 43.5642939992249}
{"argmax": 311, "cuda_ms": 43.57932662963867, "finite": true, "measured": true, "status": "decode_step", "step": 106, "wall_ms": 43.59738389030099}
{"argmax": 387, "cuda_ms": 43.538753509521484, "finite": true, "measured": true, "status": "decode_step", "step": 107, "wall_ms": 43.556281831115484}
{"argmax": 264, "cuda_ms": 43.55564880371094, "finite": true, "measured": true, "status": "decode_step", "step": 108, "wall_ms": 43.57411898672581}
{"argmax": 6373, "cuda_ms": 43.56358337402344, "finite": true, "measured": true, "status": "decode_step", "step": 109, "wall_ms": 43.579848017543554}
{"argmax": 10093, "cuda_ms": 43.57843017578125, "finite": true, "measured": true, "status": "decode_step", "step": 110, "wall_ms": 43.597023002803326}
{"argmax": 13, "cuda_ms": 43.562625885009766, "finite": true, "measured": true, "status": "decode_step", "step": 111, "wall_ms": 43.577623553574085}
{"argmax": 279, "cuda_ms": 43.540672302246094, "finite": true, "measured": true, "status": "decode_step", "step": 112, "wall_ms": 43.55793492868543}
{"argmax": 13, "cuda_ms": 43.57209777832031, "finite": true, "measured": true, "status": "decode_step", "step": 113, "wall_ms": 43.58878079801798}
{"argmax": 578, "cuda_ms": 43.59552001953125, "finite": true, "measured": true, "status": "decode_step", "step": 114, "wall_ms": 43.61182590946555}
{"argmax": 3388, "cuda_ms": 43.52268981933594, "finite": true, "measured": true, "status": "decode_step", "step": 115, "wall_ms": 43.53834595531225}
{"argmax": 690, "cuda_ms": 43.56947326660156, "finite": true, "measured": true, "status": "decode_step", "step": 116, "wall_ms": 43.58661826699972}
{"argmax": 264, "cuda_ms": 43.534751892089844, "finite": true, "measured": true, "status": "decode_step", "step": 117, "wall_ms": 43.55168482288718}
{"argmax": 6677, "cuda_ms": 43.573726654052734, "finite": true, "measured": true, "status": "decode_step", "step": 118, "wall_ms": 43.59143506735563}
{"argmax": 323, "cuda_ms": 43.56991958618164, "finite": true, "measured": true, "status": "decode_step", "step": 119, "wall_ms": 43.586276937276125}
{"argmax": 37419, "cuda_ms": 43.58720016479492, "finite": true, "measured": true, "status": "decode_step", "step": 120, "wall_ms": 43.60541608184576}
{"argmax": 287, "cuda_ms": 43.57721710205078, "finite": true, "measured": true, "status": "decode_step", "step": 121, "wall_ms": 43.594560120254755}
{"argmax": 11, "cuda_ms": 43.580257415771484, "finite": true, "measured": true, "status": "decode_step", "step": 122, "wall_ms": 43.610923923552036}
{"argmax": 279, "cuda_ms": 43.821502685546875, "finite": true, "measured": true, "status": "decode_step", "step": 123, "wall_ms": 43.83839387446642}
{"argmax": 33184, "cuda_ms": 43.60675048828125, "finite": true, "measured": true, "status": "decode_step", "step": 124, "wall_ms": 43.62432425841689}
{"argmax": 7471, "cuda_ms": 43.574302673339844, "finite": true, "measured": true, "status": "decode_step", "step": 125, "wall_ms": 43.590332847088575}
{"argmax": 323, "cuda_ms": 43.6082878112793, "finite": true, "measured": true, "status": "decode_step", "step": 126, "wall_ms": 43.626026250422}
{"argmax": 279, "cuda_ms": 43.575584411621094, "finite": true, "measured": true, "status": "decode_step", "step": 127, "wall_ms": 43.59357804059982}
{"argmax": 3560, "cuda_ms": 43.557918548583984, "finite": true, "measured": true, "status": "decode_step", "step": 128, "wall_ms": 43.57434017583728}
{"argmax": 369, "cuda_ms": 43.57843017578125, "finite": true, "measured": true, "status": "decode_step", "step": 129, "wall_ms": 43.5965321958065}
{"argmax": 37419, "cuda_ms": 43.588417053222656, "finite": true, "measured": true, "status": "decode_step", "step": 130, "wall_ms": 43.60487498342991}
{"argmax": 6373, "cuda_ms": 43.5404167175293, "finite": true, "measured": true, "status": "decode_step", "step": 131, "wall_ms": 43.55777474120259}
{"argmax": 323, "cuda_ms": 43.585601806640625, "finite": true, "measured": true, "status": "decode_step", "step": 132, "wall_ms": 43.60153013840318}
{"argmax": 9293, "cuda_ms": 43.54230499267578, "finite": true, "measured": true, "status": "decode_step", "step": 133, "wall_ms": 43.55982784181833}
{"argmax": 24043, "cuda_ms": 43.57465744018555, "finite": true, "measured": true, "status": "decode_step", "step": 134, "wall_ms": 43.59050281345844}
{"argmax": 13, "cuda_ms": 43.549503326416016, "finite": true, "measured": true, "status": "decode_step", "step": 135, "wall_ms": 43.56630705296993}
{"argmax": 5377, "cuda_ms": 43.58528137207031, "finite": true, "measured": true, "status": "decode_step", "step": 136, "wall_ms": 43.60172990709543}
{"argmax": 311, "cuda_ms": 43.55625534057617, "finite": true, "measured": true, "status": "decode_step", "step": 137, "wall_ms": 43.573176953941584}
{"argmax": 19816, "cuda_ms": 43.587711334228516, "finite": true, "measured": true, "status": "decode_step", "step": 138, "wall_ms": 43.60524611547589}
{"argmax": 468, "cuda_ms": 43.547393798828125, "finite": true, "measured": true, "status": "decode_step", "step": 139, "wall_ms": 43.56477502733469}
{"argmax": 13, "cuda_ms": 43.569313049316406, "finite": true, "measured": true, "status": "decode_step", "step": 140, "wall_ms": 43.5865567997098}
{"argmax": 2947, "cuda_ms": 43.522335052490234, "finite": true, "measured": true, "status": "decode_step", "step": 141, "wall_ms": 43.53900672867894}
{"argmax": 8536, "cuda_ms": 43.591041564941406, "finite": true, "measured": true, "status": "decode_step", "step": 142, "wall_ms": 43.608109932392836}
{"argmax": 6150, "cuda_ms": 43.553409576416016, "finite": true, "measured": true, "status": "decode_step", "step": 143, "wall_ms": 43.56943164020777}
{"decode_cuda_median_ms": 43.57843017578125, "decode_wall_median_ms": 43.59918646514416, "result": "results/system_benchmarks/tp1_sparse_full_v6/formal_optimized_offload_t131072_r1/benchmark.json", "status": "complete", "validated_layers": 0}
