{"context": 32768, "gpu": "NVIDIA L40S", "measure_steps": 128, "mode": "legacy", "status": "starting", "storage": "offload", "warmup_steps": 16}
{"status": "extensions_ready"}
Loading weights:   0%|          | 0/291 [00:00<?, ?it/s]Loading weights: 100%|██████████| 291/291 [00:00<00:00, 9900.49it/s]
{"allocated_gib": 17.515378952026367, "host_exact_key_gib": 2.0087890625, "status": "model_ready"}
{"peak_allocated_gib": 19.414182662963867, "prefill_ms": 4881.32177734375, "status": "prefill_complete"}
{"argmax": 11, "cuda_ms": 106.76911926269531, "finite": true, "measured": false, "status": "decode_step", "step": 0, "wall_ms": 106.78019700571895}
{"argmax": 396, "cuda_ms": 37.42582321166992, "finite": true, "measured": false, "status": "decode_step", "step": 1, "wall_ms": 37.443557754158974}
{"argmax": 36177, "cuda_ms": 37.26115036010742, "finite": true, "measured": false, "status": "decode_step", "step": 2, "wall_ms": 37.27841982617974}
{"argmax": 220, "cuda_ms": 37.28579330444336, "finite": true, "measured": false, "status": "decode_step", "step": 3, "wall_ms": 37.302976939827204}
{"argmax": 11, "cuda_ms": 37.207008361816406, "finite": true, "measured": false, "status": "decode_step", "step": 4, "wall_ms": 37.223247811198235}
{"argmax": 315, "cuda_ms": 37.22585678100586, "finite": true, "measured": false, "status": "decode_step", "step": 5, "wall_ms": 37.24524099379778}
{"argmax": 7658, "cuda_ms": 37.233184814453125, "finite": true, "measured": false, "status": "decode_step", "step": 6, "wall_ms": 37.25011786445975}
{"argmax": 323, "cuda_ms": 37.17366409301758, "finite": true, "measured": false, "status": "decode_step", "step": 7, "wall_ms": 37.18918701633811}
{"argmax": 7327, "cuda_ms": 37.24208068847656, "finite": true, "measured": false, "status": "decode_step", "step": 8, "wall_ms": 37.25758008658886}
{"argmax": 23298, "cuda_ms": 37.20569610595703, "finite": true, "measured": false, "status": "decode_step", "step": 9, "wall_ms": 37.220904137939215}
{"argmax": 11, "cuda_ms": 37.185665130615234, "finite": true, "measured": false, "status": "decode_step", "step": 10, "wall_ms": 37.20395918935537}
{"argmax": 11, "cuda_ms": 37.20649719238281, "finite": true, "measured": false, "status": "decode_step", "step": 11, "wall_ms": 37.22385922446847}
{"argmax": 323, "cuda_ms": 37.185569763183594, "finite": true, "measured": false, "status": "decode_step", "step": 12, "wall_ms": 37.202698178589344}
{"argmax": 527, "cuda_ms": 37.29212951660156, "finite": true, "measured": false, "status": "decode_step", "step": 13, "wall_ms": 37.30861563235521}
{"argmax": 264, "cuda_ms": 37.1965446472168, "finite": true, "measured": false, "status": "decode_step", "step": 14, "wall_ms": 37.214644718915224}
{"argmax": 8536, "cuda_ms": 37.207679748535156, "finite": true, "measured": false, "status": "decode_step", "step": 15, "wall_ms": 37.223818711936474}
{"argmax": 13537, "cuda_ms": 37.17715072631836, "finite": true, "measured": true, "status": "decode_step", "step": 16, "wall_ms": 37.193273194134235}
{"argmax": 13537, "cuda_ms": 37.18844985961914, "finite": true, "measured": true, "status": "decode_step", "step": 17, "wall_ms": 37.204931024461985}
{"argmax": 13, "cuda_ms": 37.14003372192383, "finite": true, "measured": true, "status": "decode_step", "step": 18, "wall_ms": 37.15621819719672}
{"argmax": 791, "cuda_ms": 37.15039825439453, "finite": true, "measured": true, "status": "decode_step", "step": 19, "wall_ms": 37.16746438294649}
{"argmax": 374, "cuda_ms": 37.218177795410156, "finite": true, "measured": true, "status": "decode_step", "step": 20, "wall_ms": 37.2352059930563}
{"argmax": 374, "cuda_ms": 37.1545295715332, "finite": true, "measured": true, "status": "decode_step", "step": 21, "wall_ms": 37.17228211462498}
{"argmax": 279, "cuda_ms": 37.20323181152344, "finite": true, "measured": true, "status": "decode_step", "step": 22, "wall_ms": 37.21880167722702}
{"argmax": 3560, "cuda_ms": 37.155582427978516, "finite": true, "measured": true, "status": "decode_step", "step": 23, "wall_ms": 37.179253064095974}
{"argmax": 323, "cuda_ms": 37.13929748535156, "finite": true, "measured": true, "status": "decode_step", "step": 24, "wall_ms": 37.15481609106064}
{"argmax": 12823, "cuda_ms": 37.1761589050293, "finite": true, "measured": true, "status": "decode_step", "step": 25, "wall_ms": 37.19458496198058}
{"argmax": 1511, "cuda_ms": 37.152000427246094, "finite": true, "measured": true, "status": "decode_step", "step": 26, "wall_ms": 37.16874588280916}
{"argmax": 6968, "cuda_ms": 37.225791931152344, "finite": true, "measured": true, "status": "decode_step", "step": 27, "wall_ms": 37.243408150970936}
{"argmax": 323, "cuda_ms": 37.161598205566406, "finite": true, "measured": true, "status": "decode_step", "step": 28, "wall_ms": 37.17869101092219}
{"argmax": 1862, "cuda_ms": 37.208030700683594, "finite": true, "measured": true, "status": "decode_step", "step": 29, "wall_ms": 37.22454980015755}
{"argmax": 91605, "cuda_ms": 37.13510513305664, "finite": true, "measured": true, "status": "decode_step", "step": 30, "wall_ms": 37.152883131057024}
{"argmax": 11006, "cuda_ms": 37.15324783325195, "finite": true, "measured": true, "status": "decode_step", "step": 31, "wall_ms": 37.16900711879134}
{"argmax": 369, "cuda_ms": 37.12086486816406, "finite": true, "measured": true, "status": "decode_step", "step": 32, "wall_ms": 37.139613181352615}
{"argmax": 279, "cuda_ms": 37.11248016357422, "finite": true, "measured": true, "status": "decode_step", "step": 33, "wall_ms": 37.127765361219645}
{"argmax": 19071, "cuda_ms": 37.124961853027344, "finite": true, "measured": true, "status": "decode_step", "step": 34, "wall_ms": 37.143930327147245}
{"argmax": 11351, "cuda_ms": 37.170814514160156, "finite": true, "measured": true, "status": "decode_step", "step": 35, "wall_ms": 37.186974193900824}
{"argmax": 13, "cuda_ms": 37.13606262207031, "finite": true, "measured": true, "status": "decode_step", "step": 36, "wall_ms": 37.15218184515834}
{"argmax": 20783, "cuda_ms": 37.13529586791992, "finite": true, "measured": true, "status": "decode_step", "step": 37, "wall_ms": 37.15129103511572}
{"argmax": 3388, "cuda_ms": 37.123966217041016, "finite": true, "measured": true, "status": "decode_step", "step": 38, "wall_ms": 37.14211704209447}
{"argmax": 690, "cuda_ms": 37.11782455444336, "finite": true, "measured": true, "status": "decode_step", "step": 39, "wall_ms": 37.135676946491}
{"argmax": 389, "cuda_ms": 37.179264068603516, "finite": true, "measured": true, "status": "decode_step", "step": 40, "wall_ms": 37.19654818996787}
{"argmax": 279, "cuda_ms": 37.12223815917969, "finite": true, "measured": true, "status": "decode_step", "step": 41, "wall_ms": 37.13872190564871}
{"argmax": 3560, "cuda_ms": 37.127296447753906, "finite": true, "measured": true, "status": "decode_step", "step": 42, "wall_ms": 37.14282810688019}
{"argmax": 315, "cuda_ms": 37.141056060791016, "finite": true, "measured": true, "status": "decode_step", "step": 43, "wall_ms": 37.16352907940745}
{"argmax": 37419, "cuda_ms": 37.112159729003906, "finite": true, "measured": true, "status": "decode_step", "step": 44, "wall_ms": 37.12831623852253}
{"argmax": 11335, "cuda_ms": 37.116416931152344, "finite": true, "measured": true, "status": "decode_step", "step": 45, "wall_ms": 37.13240195065737}
{"argmax": 304, "cuda_ms": 37.13248062133789, "finite": true, "measured": true, "status": "decode_step", "step": 46, "wall_ms": 37.14865678921342}
{"argmax": 279, "cuda_ms": 37.1258544921875, "finite": true, "measured": true, "status": "decode_step", "step": 47, "wall_ms": 37.19587717205286}
{"argmax": 8244, "cuda_ms": 37.4562873840332, "finite": true, "measured": true, "status": "decode_step", "step": 48, "wall_ms": 37.47442411258817}
{"argmax": 315, "cuda_ms": 37.15961456298828, "finite": true, "measured": true, "status": "decode_step", "step": 49, "wall_ms": 37.176738027483225}
{"argmax": 33184, "cuda_ms": 37.13014221191406, "finite": true, "measured": true, "status": "decode_step", "step": 50, "wall_ms": 37.14756388217211}
{"argmax": 33184, "cuda_ms": 37.13568115234375, "finite": true, "measured": true, "status": "decode_step", "step": 51, "wall_ms": 37.15232200920582}
{"argmax": 10706, "cuda_ms": 37.05904006958008, "finite": true, "measured": true, "status": "decode_step", "step": 52, "wall_ms": 37.078100722283125}
{"argmax": 323, "cuda_ms": 37.175838470458984, "finite": true, "measured": true, "status": "decode_step", "step": 53, "wall_ms": 37.192102055996656}
{"argmax": 279, "cuda_ms": 37.1761589050293, "finite": true, "measured": true, "status": "decode_step", "step": 54, "wall_ms": 37.192992866039276}
{"argmax": 5133, "cuda_ms": 37.117855072021484, "finite": true, "measured": true, "status": "decode_step", "step": 55, "wall_ms": 37.13407460600138}
{"argmax": 311, "cuda_ms": 37.15110397338867, "finite": true, "measured": true, "status": "decode_step", "step": 56, "wall_ms": 37.167954724282026}
{"argmax": 279, "cuda_ms": 37.16310501098633, "finite": true, "measured": true, "status": "decode_step", "step": 57, "wall_ms": 37.17958275228739}
{"argmax": 323, "cuda_ms": 37.15187072753906, "finite": true, "measured": true, "status": "decode_step", "step": 58, "wall_ms": 37.16899687424302}
{"argmax": 11, "cuda_ms": 37.07683181762695, "finite": true, "measured": true, "status": "decode_step", "step": 59, "wall_ms": 37.092952989041805}
{"argmax": 41582, "cuda_ms": 37.148319244384766, "finite": true, "measured": true, "status": "decode_step", "step": 60, "wall_ms": 37.164038978517056}
{"argmax": 11, "cuda_ms": 37.11750411987305, "finite": true, "measured": true, "status": "decode_step", "step": 61, "wall_ms": 37.13552700355649}
{"argmax": 323, "cuda_ms": 37.13372802734375, "finite": true, "measured": true, "status": "decode_step", "step": 62, "wall_ms": 37.14932780712843}
{"argmax": 3927, "cuda_ms": 37.118560791015625, "finite": true, "measured": true, "status": "decode_step", "step": 63, "wall_ms": 37.13529696688056}
{"argmax": 11006, "cuda_ms": 37.13929748535156, "finite": true, "measured": true, "status": "decode_step", "step": 64, "wall_ms": 37.15482586994767}
{"argmax": 5315, "cuda_ms": 37.13558578491211, "finite": true, "measured": true, "status": "decode_step", "step": 65, "wall_ms": 37.15165099129081}
{"argmax": 519, "cuda_ms": 37.119102478027344, "finite": true, "measured": true, "status": "decode_step", "step": 66, "wall_ms": 37.136307917535305}
{"argmax": 1105, "cuda_ms": 37.14179229736328, "finite": true, "measured": true, "status": "decode_step", "step": 67, "wall_ms": 37.158521357923746}
{"argmax": 11351, "cuda_ms": 37.09017562866211, "finite": true, "measured": true, "status": "decode_step", "step": 68, "wall_ms": 37.111060693860054}
{"argmax": 627, "cuda_ms": 37.14771270751953, "finite": true, "measured": true, "status": "decode_step", "step": 69, "wall_ms": 37.16400871053338}
{"argmax": 20783, "cuda_ms": 37.06412887573242, "finite": true, "measured": true, "status": "decode_step", "step": 70, "wall_ms": 37.08222694694996}
{"argmax": 311, "cuda_ms": 37.11427307128906, "finite": true, "measured": true, "status": "decode_step", "step": 71, "wall_ms": 37.131020333617926}
{"argmax": 682, "cuda_ms": 37.123104095458984, "finite": true, "measured": true, "status": "decode_step", "step": 72, "wall_ms": 37.14083507657051}
{"argmax": 468, "cuda_ms": 37.13286590576172, "finite": true, "measured": true, "status": "decode_step", "step": 73, "wall_ms": 37.15019905939698}
{"argmax": 13, "cuda_ms": 37.06777572631836, "finite": true, "measured": true, "status": "decode_step", "step": 74, "wall_ms": 37.083799950778484}
{"argmax": 2947, "cuda_ms": 37.09843063354492, "finite": true, "measured": true, "status": "decode_step", "step": 75, "wall_ms": 37.11484605446458}
{"argmax": 8536, "cuda_ms": 37.15385437011719, "finite": true, "measured": true, "status": "decode_step", "step": 76, "wall_ms": 37.16979827731848}
{"argmax": 6150, "cuda_ms": 37.106689453125, "finite": true, "measured": true, "status": "decode_step", "step": 77, "wall_ms": 37.1244209818542}
{"argmax": 315, "cuda_ms": 37.137569427490234, "finite": true, "measured": true, "status": "decode_step", "step": 78, "wall_ms": 37.15381398797035}
{"argmax": 3142, "cuda_ms": 37.06755065917969, "finite": true, "measured": true, "status": "decode_step", "step": 79, "wall_ms": 37.08473080769181}
{"argmax": 323, "cuda_ms": 37.15635299682617, "finite": true, "measured": true, "status": "decode_step", "step": 80, "wall_ms": 37.172531709074974}
{"argmax": 7327, "cuda_ms": 37.08313751220703, "finite": true, "measured": true, "status": "decode_step", "step": 81, "wall_ms": 37.10172697901726}
{"argmax": 23298, "cuda_ms": 37.10649490356445, "finite": true, "measured": true, "status": "decode_step", "step": 82, "wall_ms": 37.1234193444252}
{"argmax": 4236, "cuda_ms": 37.14604949951172, "finite": true, "measured": true, "status": "decode_step", "step": 83, "wall_ms": 37.162006832659245}
{"argmax": 26, "cuda_ms": 37.106815338134766, "finite": true, "measured": true, "status": "decode_step", "step": 84, "wall_ms": 37.12297836318612}
{"argmax": 3885, "cuda_ms": 37.15212631225586, "finite": true, "measured": true, "status": "decode_step", "step": 85, "wall_ms": 37.16859593987465}
{"argmax": 449, "cuda_ms": 37.097408294677734, "finite": true, "measured": true, "status": "decode_step", "step": 86, "wall_ms": 37.11519716307521}
{"argmax": 2947, "cuda_ms": 37.15737533569336, "finite": true, "measured": true, "status": "decode_step", "step": 87, "wall_ms": 37.17500623315573}
{"argmax": 8536, "cuda_ms": 37.27302551269531, "finite": true, "measured": true, "status": "decode_step", "step": 88, "wall_ms": 37.289907690137625}
{"argmax": 6150, "cuda_ms": 37.1605110168457, "finite": true, "measured": true, "status": "decode_step", "step": 89, "wall_ms": 37.17631800100207}
{"argmax": 8041, "cuda_ms": 37.14495849609375, "finite": true, "measured": true, "status": "decode_step", "step": 90, "wall_ms": 37.16449998319149}
{"argmax": 627, "cuda_ms": 37.164703369140625, "finite": true, "measured": true, "status": "decode_step", "step": 91, "wall_ms": 37.18092478811741}
{"argmax": 791, "cuda_ms": 37.13145446777344, "finite": true, "measured": true, "status": "decode_step", "step": 92, "wall_ms": 37.14698413386941}
{"argmax": 3388, "cuda_ms": 37.10319900512695, "finite": true, "measured": true, "status": "decode_step", "step": 93, "wall_ms": 37.11910219863057}
{"argmax": 49095, "cuda_ms": 37.109214782714844, "finite": true, "measured": true, "status": "decode_step", "step": 94, "wall_ms": 37.12432971224189}
{"argmax": 459, "cuda_ms": 37.13862228393555, "finite": true, "measured": true, "status": "decode_step", "step": 95, "wall_ms": 37.15700889006257}
{"argmax": 4236, "cuda_ms": 37.11481475830078, "finite": true, "measured": true, "status": "decode_step", "step": 96, "wall_ms": 37.131900899112225}
{"argmax": 889, "cuda_ms": 37.125919342041016, "finite": true, "measured": true, "status": "decode_step", "step": 97, "wall_ms": 37.14328911155462}
{"argmax": 10068, "cuda_ms": 37.14227294921875, "finite": true, "measured": true, "status": "decode_step", "step": 98, "wall_ms": 37.15861216187477}
{"argmax": 9021, "cuda_ms": 37.11510467529297, "finite": true, "measured": true, "status": "decode_step", "step": 99, "wall_ms": 37.13274281471968}
{"argmax": 374, "cuda_ms": 37.13350296020508, "finite": true, "measured": true, "status": "decode_step", "step": 100, "wall_ms": 37.14961837977171}
{"argmax": 304, "cuda_ms": 37.106014251708984, "finite": true, "measured": true, "status": "decode_step", "step": 101, "wall_ms": 37.12293831631541}
{"argmax": 4500, "cuda_ms": 37.12665557861328, "finite": true, "measured": true, "status": "decode_step", "step": 102, "wall_ms": 37.14315826073289}
{"argmax": 10706, "cuda_ms": 37.07126235961914, "finite": true, "measured": true, "status": "decode_step", "step": 103, "wall_ms": 37.08826610818505}
{"argmax": 13, "cuda_ms": 37.087615966796875, "finite": true, "measured": true, "status": "decode_step", "step": 104, "wall_ms": 37.10524179041386}
{"argmax": 889, "cuda_ms": 37.12217712402344, "finite": true, "measured": true, "status": "decode_step", "step": 105, "wall_ms": 37.139642983675}
{"argmax": 311, "cuda_ms": 37.09423828125, "finite": true, "measured": true, "status": "decode_step", "step": 106, "wall_ms": 37.11622813716531}
{"argmax": 387, "cuda_ms": 37.384735107421875, "finite": true, "measured": true, "status": "decode_step", "step": 107, "wall_ms": 37.40129433572292}
{"argmax": 264, "cuda_ms": 37.192256927490234, "finite": true, "measured": true, "status": "decode_step", "step": 108, "wall_ms": 37.209887988865376}
{"argmax": 6373, "cuda_ms": 37.293983459472656, "finite": true, "measured": true, "status": "decode_step", "step": 109, "wall_ms": 37.30967780575156}
{"argmax": 10093, "cuda_ms": 37.31488037109375, "finite": true, "measured": true, "status": "decode_step", "step": 110, "wall_ms": 37.33621723949909}
{"argmax": 13, "cuda_ms": 37.331329345703125, "finite": true, "measured": true, "status": "decode_step", "step": 111, "wall_ms": 37.348564714193344}
{"argmax": 37419, "cuda_ms": 37.266944885253906, "finite": true, "measured": true, "status": "decode_step", "step": 112, "wall_ms": 37.2918201610446}
{"argmax": 13, "cuda_ms": 37.24991989135742, "finite": true, "measured": true, "status": "decode_step", "step": 113, "wall_ms": 37.276336923241615}
{"argmax": 578, "cuda_ms": 37.22288131713867, "finite": true, "measured": true, "status": "decode_step", "step": 114, "wall_ms": 37.24007308483124}
{"argmax": 3388, "cuda_ms": 37.26473617553711, "finite": true, "measured": true, "status": "decode_step", "step": 115, "wall_ms": 37.29011816903949}
{"argmax": 690, "cuda_ms": 37.228416442871094, "finite": true, "measured": true, "status": "decode_step", "step": 116, "wall_ms": 37.245902232825756}
{"argmax": 264, "cuda_ms": 37.225311279296875, "finite": true, "measured": true, "status": "decode_step", "step": 117, "wall_ms": 37.244209088385105}
{"argmax": 6677, "cuda_ms": 37.2922248840332, "finite": true, "measured": true, "status": "decode_step", "step": 118, "wall_ms": 37.31396282091737}
{"argmax": 323, "cuda_ms": 37.21177673339844, "finite": true, "measured": true, "status": "decode_step", "step": 119, "wall_ms": 37.237209267914295}
{"argmax": 33184, "cuda_ms": 37.25958251953125, "finite": true, "measured": true, "status": "decode_step", "step": 120, "wall_ms": 37.2764877974987}
{"argmax": 287, "cuda_ms": 37.26768112182617, "finite": true, "measured": true, "status": "decode_step", "step": 121, "wall_ms": 37.28543175384402}
{"argmax": 11, "cuda_ms": 37.169952392578125, "finite": true, "measured": true, "status": "decode_step", "step": 122, "wall_ms": 37.187605164945126}
{"argmax": 279, "cuda_ms": 37.29267120361328, "finite": true, "measured": true, "status": "decode_step", "step": 123, "wall_ms": 37.30967687442899}
{"argmax": 33184, "cuda_ms": 37.25395202636719, "finite": true, "measured": true, "status": "decode_step", "step": 124, "wall_ms": 37.27701911702752}
{"argmax": 7471, "cuda_ms": 37.301727294921875, "finite": true, "measured": true, "status": "decode_step", "step": 125, "wall_ms": 37.32211608439684}
{"argmax": 6020, "cuda_ms": 37.18038558959961, "finite": true, "measured": true, "status": "decode_step", "step": 126, "wall_ms": 37.205781787633896}
{"argmax": 279, "cuda_ms": 37.13894271850586, "finite": true, "measured": true, "status": "decode_step", "step": 127, "wall_ms": 37.15596720576286}
{"argmax": 3388, "cuda_ms": 37.26063919067383, "finite": true, "measured": true, "status": "decode_step", "step": 128, "wall_ms": 37.28382894769311}
{"argmax": 369, "cuda_ms": 37.28559875488281, "finite": true, "measured": true, "status": "decode_step", "step": 129, "wall_ms": 37.3024670407176}
{"argmax": 37419, "cuda_ms": 37.16726303100586, "finite": true, "measured": true, "status": "decode_step", "step": 130, "wall_ms": 37.24128473550081}
{"argmax": 6373, "cuda_ms": 37.83318328857422, "finite": true, "measured": true, "status": "decode_step", "step": 131, "wall_ms": 37.84991381689906}
{"argmax": 323, "cuda_ms": 37.19289779663086, "finite": true, "measured": true, "status": "decode_step", "step": 132, "wall_ms": 37.20791498199105}
{"argmax": 6020, "cuda_ms": 37.35862350463867, "finite": true, "measured": true, "status": "decode_step", "step": 133, "wall_ms": 37.37635677680373}
{"argmax": 24043, "cuda_ms": 37.422367095947266, "finite": true, "measured": true, "status": "decode_step", "step": 134, "wall_ms": 37.445951253175735}
{"argmax": 13, "cuda_ms": 37.253662109375, "finite": true, "measured": true, "status": "decode_step", "step": 135, "wall_ms": 37.28386806324124}
{"argmax": 5377, "cuda_ms": 37.225120544433594, "finite": true, "measured": true, "status": "decode_step", "step": 136, "wall_ms": 37.24370896816254}
{"argmax": 311, "cuda_ms": 37.258785247802734, "finite": true, "measured": true, "status": "decode_step", "step": 137, "wall_ms": 37.27895114570856}
{"argmax": 19816, "cuda_ms": 37.240928649902344, "finite": true, "measured": true, "status": "decode_step", "step": 138, "wall_ms": 37.25785994902253}
{"argmax": 468, "cuda_ms": 37.371551513671875, "finite": true, "measured": true, "status": "decode_step", "step": 139, "wall_ms": 37.394783925265074}
{"argmax": 13, "cuda_ms": 37.48175811767578, "finite": true, "measured": true, "status": "decode_step", "step": 140, "wall_ms": 37.50276518985629}
{"argmax": 2947, "cuda_ms": 37.315521240234375, "finite": true, "measured": true, "status": "decode_step", "step": 141, "wall_ms": 37.33966173604131}
{"argmax": 8536, "cuda_ms": 37.215423583984375, "finite": true, "measured": true, "status": "decode_step", "step": 142, "wall_ms": 37.23237104713917}
{"argmax": 6150, "cuda_ms": 37.37311935424805, "finite": true, "measured": true, "status": "decode_step", "step": 143, "wall_ms": 37.38877596333623}
{"decode_cuda_median_ms": 37.1507511138916, "decode_wall_median_ms": 37.16827533207834, "result": "results/system_benchmarks/tp1_sparse_full_v6/formal_legacy_offload_t32768_r0/benchmark.json", "status": "complete", "validated_layers": 0}
