{"context": 131072, "gpu": "NVIDIA L40S", "measure_steps": 128, "mode": "legacy", "status": "starting", "storage": "offload", "warmup_steps": 16}
{"status": "extensions_ready"}
Loading weights:   0%|          | 0/291 [00:00<?, ?it/s]Loading weights: 100%|██████████| 291/291 [00:00<00:00, 9160.55it/s]
{"allocated_gib": 25.09675407409668, "host_exact_key_gib": 8.0087890625, "status": "model_ready"}
{"peak_allocated_gib": 32.66816520690918, "prefill_ms": 39010.35546875, "status": "prefill_complete"}
{"argmax": 11, "cuda_ms": 126.283935546875, "finite": true, "measured": false, "status": "decode_step", "step": 0, "wall_ms": 126.29991816356778}
{"argmax": 13, "cuda_ms": 51.50137710571289, "finite": true, "measured": false, "status": "decode_step", "step": 1, "wall_ms": 51.523099187761545}
{"argmax": 17200, "cuda_ms": 51.38361740112305, "finite": true, "measured": false, "status": "decode_step", "step": 2, "wall_ms": 51.40288919210434}
{"argmax": 7876, "cuda_ms": 51.38297653198242, "finite": true, "measured": false, "status": "decode_step", "step": 3, "wall_ms": 51.40373995527625}
{"argmax": 32107, "cuda_ms": 51.353248596191406, "finite": true, "measured": false, "status": "decode_step", "step": 4, "wall_ms": 51.373905036598444}
{"argmax": 315, "cuda_ms": 51.379329681396484, "finite": true, "measured": false, "status": "decode_step", "step": 5, "wall_ms": 51.40047473832965}
{"argmax": 8184, "cuda_ms": 51.41279983520508, "finite": true, "measured": false, "status": "decode_step", "step": 6, "wall_ms": 51.43283307552338}
{"argmax": 323, "cuda_ms": 51.32246398925781, "finite": true, "measured": false, "status": "decode_step", "step": 7, "wall_ms": 51.344762090593576}
{"argmax": 7327, "cuda_ms": 51.37433624267578, "finite": true, "measured": false, "status": "decode_step", "step": 8, "wall_ms": 51.40030523762107}
{"argmax": 23298, "cuda_ms": 51.35068893432617, "finite": true, "measured": false, "status": "decode_step", "step": 9, "wall_ms": 51.37114226818085}
{"argmax": 520, "cuda_ms": 51.34028625488281, "finite": true, "measured": false, "status": "decode_step", "step": 10, "wall_ms": 51.359503995627165}
{"argmax": 11, "cuda_ms": 51.37721633911133, "finite": true, "measured": false, "status": "decode_step", "step": 11, "wall_ms": 51.39701999723911}
{"argmax": 279, "cuda_ms": 51.332000732421875, "finite": true, "measured": false, "status": "decode_step", "step": 12, "wall_ms": 51.352913957089186}
{"argmax": 527, "cuda_ms": 51.365440368652344, "finite": true, "measured": false, "status": "decode_step", "step": 13, "wall_ms": 51.38639407232404}
{"argmax": 264, "cuda_ms": 51.32793426513672, "finite": true, "measured": false, "status": "decode_step", "step": 14, "wall_ms": 51.348787266761065}
{"argmax": 8536, "cuda_ms": 51.34339141845703, "finite": true, "measured": false, "status": "decode_step", "step": 15, "wall_ms": 51.36362975463271}
{"argmax": 6150, "cuda_ms": 51.36979293823242, "finite": true, "measured": true, "status": "decode_step", "step": 16, "wall_ms": 51.390849985182285}
{"argmax": 315, "cuda_ms": 51.42406463623047, "finite": true, "measured": true, "status": "decode_step", "step": 17, "wall_ms": 51.4438203535974}
{"argmax": 13, "cuda_ms": 51.34796905517578, "finite": true, "measured": true, "status": "decode_step", "step": 18, "wall_ms": 51.43720982596278}
{"argmax": 791, "cuda_ms": 51.90137481689453, "finite": true, "measured": true, "status": "decode_step", "step": 19, "wall_ms": 51.92101281136274}
{"argmax": 374, "cuda_ms": 51.37510299682617, "finite": true, "measured": true, "status": "decode_step", "step": 20, "wall_ms": 51.39460600912571}
{"argmax": 374, "cuda_ms": 51.38115310668945, "finite": true, "measured": true, "status": "decode_step", "step": 21, "wall_ms": 51.4013166539371}
{"argmax": 279, "cuda_ms": 51.32777786254883, "finite": true, "measured": true, "status": "decode_step", "step": 22, "wall_ms": 51.348518114537}
{"argmax": 3560, "cuda_ms": 51.445247650146484, "finite": true, "measured": true, "status": "decode_step", "step": 23, "wall_ms": 51.464891992509365}
{"argmax": 323, "cuda_ms": 51.3884162902832, "finite": true, "measured": true, "status": "decode_step", "step": 24, "wall_ms": 51.408978179097176}
{"argmax": 26411, "cuda_ms": 51.3636474609375, "finite": true, "measured": true, "status": "decode_step", "step": 25, "wall_ms": 51.383398938924074}
{"argmax": 1511, "cuda_ms": 51.342529296875, "finite": true, "measured": true, "status": "decode_step", "step": 26, "wall_ms": 51.362899132072926}
{"argmax": 7524, "cuda_ms": 51.378177642822266, "finite": true, "measured": true, "status": "decode_step", "step": 27, "wall_ms": 51.39929288998246}
{"argmax": 323, "cuda_ms": 51.31212615966797, "finite": true, "measured": true, "status": "decode_step", "step": 28, "wall_ms": 51.33109074085951}
{"argmax": 8907, "cuda_ms": 51.43868637084961, "finite": true, "measured": true, "status": "decode_step", "step": 29, "wall_ms": 51.458791829645634}
{"argmax": 91605, "cuda_ms": 51.38304138183594, "finite": true, "measured": true, "status": "decode_step", "step": 30, "wall_ms": 51.40418093651533}
{"argmax": 11006, "cuda_ms": 51.32252883911133, "finite": true, "measured": true, "status": "decode_step", "step": 31, "wall_ms": 51.350029185414314}
{"argmax": 369, "cuda_ms": 51.34339141845703, "finite": true, "measured": true, "status": "decode_step", "step": 32, "wall_ms": 51.36324977502227}
{"argmax": 586, "cuda_ms": 51.345184326171875, "finite": true, "measured": true, "status": "decode_step", "step": 33, "wall_ms": 51.36578297242522}
{"argmax": 323, "cuda_ms": 51.33513641357422, "finite": true, "measured": true, "status": "decode_step", "step": 34, "wall_ms": 51.3565200380981}
{"argmax": 11351, "cuda_ms": 51.301727294921875, "finite": true, "measured": true, "status": "decode_step", "step": 35, "wall_ms": 51.32256913930178}
{"argmax": 13, "cuda_ms": 51.319297790527344, "finite": true, "measured": true, "status": "decode_step", "step": 36, "wall_ms": 51.33867310360074}
{"argmax": 578, "cuda_ms": 51.28889465332031, "finite": true, "measured": true, "status": "decode_step", "step": 37, "wall_ms": 51.309279166162014}
{"argmax": 3388, "cuda_ms": 51.323265075683594, "finite": true, "measured": true, "status": "decode_step", "step": 38, "wall_ms": 51.343420054763556}
{"argmax": 690, "cuda_ms": 51.31497573852539, "finite": true, "measured": true, "status": "decode_step", "step": 39, "wall_ms": 51.33563885465264}
{"argmax": 389, "cuda_ms": 51.31507110595703, "finite": true, "measured": true, "status": "decode_step", "step": 40, "wall_ms": 51.33527796715498}
{"argmax": 279, "cuda_ms": 51.283870697021484, "finite": true, "measured": true, "status": "decode_step", "step": 41, "wall_ms": 51.30302906036377}
{"argmax": 3560, "cuda_ms": 51.274593353271484, "finite": true, "measured": true, "status": "decode_step", "step": 42, "wall_ms": 51.29571817815304}
{"argmax": 315, "cuda_ms": 51.3106575012207, "finite": true, "measured": true, "status": "decode_step", "step": 43, "wall_ms": 51.331170834600925}
{"argmax": 2254, "cuda_ms": 51.308929443359375, "finite": true, "measured": true, "status": "decode_step", "step": 44, "wall_ms": 51.32967932149768}
{"argmax": 11335, "cuda_ms": 51.28425598144531, "finite": true, "measured": true, "status": "decode_step", "step": 45, "wall_ms": 51.30385095253587}
{"argmax": 304, "cuda_ms": 51.277313232421875, "finite": true, "measured": true, "status": "decode_step", "step": 46, "wall_ms": 51.29724973812699}
{"argmax": 279, "cuda_ms": 51.283809661865234, "finite": true, "measured": true, "status": "decode_step", "step": 47, "wall_ms": 51.303309854120016}
{"argmax": 4500, "cuda_ms": 51.266719818115234, "finite": true, "measured": true, "status": "decode_step", "step": 48, "wall_ms": 51.286735106259584}
{"argmax": 315, "cuda_ms": 51.24211120605469, "finite": true, "measured": true, "status": "decode_step", "step": 49, "wall_ms": 51.261567045003176}
{"argmax": 33184, "cuda_ms": 51.314048767089844, "finite": true, "measured": true, "status": "decode_step", "step": 50, "wall_ms": 51.34737491607666}
{"argmax": 33184, "cuda_ms": 51.51273727416992, "finite": true, "measured": true, "status": "decode_step", "step": 51, "wall_ms": 51.53202172368765}
{"argmax": 10706, "cuda_ms": 51.321632385253906, "finite": true, "measured": true, "status": "decode_step", "step": 52, "wall_ms": 51.3414666056633}
{"argmax": 323, "cuda_ms": 51.300289154052734, "finite": true, "measured": true, "status": "decode_step", "step": 53, "wall_ms": 51.31955398246646}
{"argmax": 279, "cuda_ms": 51.28736114501953, "finite": true, "measured": true, "status": "decode_step", "step": 54, "wall_ms": 51.30755575373769}
{"argmax": 5536, "cuda_ms": 51.30691146850586, "finite": true, "measured": true, "status": "decode_step", "step": 55, "wall_ms": 51.32715497165918}
{"argmax": 311, "cuda_ms": 51.34067153930664, "finite": true, "measured": true, "status": "decode_step", "step": 56, "wall_ms": 51.36095592752099}
{"argmax": 279, "cuda_ms": 51.320064544677734, "finite": true, "measured": true, "status": "decode_step", "step": 57, "wall_ms": 51.33962398394942}
{"argmax": 13607, "cuda_ms": 51.33964920043945, "finite": true, "measured": true, "status": "decode_step", "step": 58, "wall_ms": 51.35922413319349}
{"argmax": 627, "cuda_ms": 51.29884719848633, "finite": true, "measured": true, "status": "decode_step", "step": 59, "wall_ms": 51.32055561989546}
{"argmax": 323, "cuda_ms": 51.37673568725586, "finite": true, "measured": true, "status": "decode_step", "step": 60, "wall_ms": 51.397490315139294}
{"argmax": 11, "cuda_ms": 51.354366302490234, "finite": true, "measured": true, "status": "decode_step", "step": 61, "wall_ms": 51.375437062233686}
{"argmax": 323, "cuda_ms": 51.306880950927734, "finite": true, "measured": true, "status": "decode_step", "step": 62, "wall_ms": 51.3269049115479}
{"argmax": 1023, "cuda_ms": 51.330848693847656, "finite": true, "measured": true, "status": "decode_step", "step": 63, "wall_ms": 51.35568883270025}
{"argmax": 11351, "cuda_ms": 51.59814453125, "finite": true, "measured": true, "status": "decode_step", "step": 64, "wall_ms": 51.61800142377615}
{"argmax": 11351, "cuda_ms": 51.63228988647461, "finite": true, "measured": true, "status": "decode_step", "step": 65, "wall_ms": 51.653624046593904}
{"argmax": 519, "cuda_ms": 51.631649017333984, "finite": true, "measured": true, "status": "decode_step", "step": 66, "wall_ms": 51.65094928815961}
{"argmax": 8336, "cuda_ms": 51.621726989746094, "finite": true, "measured": true, "status": "decode_step", "step": 67, "wall_ms": 51.642556209117174}
{"argmax": 11351, "cuda_ms": 51.661502838134766, "finite": true, "measured": true, "status": "decode_step", "step": 68, "wall_ms": 51.68286710977554}
{"argmax": 627, "cuda_ms": 51.64019012451172, "finite": true, "measured": true, "status": "decode_step", "step": 69, "wall_ms": 51.660954020917416}
{"argmax": 578, "cuda_ms": 51.62307357788086, "finite": true, "measured": true, "status": "decode_step", "step": 70, "wall_ms": 51.642767153680325}
{"argmax": 311, "cuda_ms": 51.65510559082031, "finite": true, "measured": true, "status": "decode_step", "step": 71, "wall_ms": 51.6745843924582}
{"argmax": 682, "cuda_ms": 51.61699295043945, "finite": true, "measured": true, "status": "decode_step", "step": 72, "wall_ms": 51.63975292816758}
{"argmax": 468, "cuda_ms": 51.68524932861328, "finite": true, "measured": true, "status": "decode_step", "step": 73, "wall_ms": 51.70919606462121}
{"argmax": 13, "cuda_ms": 51.69084930419922, "finite": true, "measured": true, "status": "decode_step", "step": 74, "wall_ms": 51.71716911718249}
{"argmax": 2947, "cuda_ms": 51.713409423828125, "finite": true, "measured": true, "status": "decode_step", "step": 75, "wall_ms": 51.735436078161}
{"argmax": 8536, "cuda_ms": 51.64198303222656, "finite": true, "measured": true, "status": "decode_step", "step": 76, "wall_ms": 51.661535166203976}
{"argmax": 6150, "cuda_ms": 51.688926696777344, "finite": true, "measured": true, "status": "decode_step", "step": 77, "wall_ms": 51.7097981646657}
{"argmax": 315, "cuda_ms": 51.630592346191406, "finite": true, "measured": true, "status": "decode_step", "step": 78, "wall_ms": 51.65111972019076}
{"argmax": 3142, "cuda_ms": 51.64873504638672, "finite": true, "measured": true, "status": "decode_step", "step": 79, "wall_ms": 51.66793521493673}
{"argmax": 323, "cuda_ms": 51.69123077392578, "finite": true, "measured": true, "status": "decode_step", "step": 80, "wall_ms": 51.71468434855342}
{"argmax": 7327, "cuda_ms": 51.662208557128906, "finite": true, "measured": true, "status": "decode_step", "step": 81, "wall_ms": 51.682105753570795}
{"argmax": 23298, "cuda_ms": 51.622047424316406, "finite": true, "measured": true, "status": "decode_step", "step": 82, "wall_ms": 51.64261721074581}
{"argmax": 4236, "cuda_ms": 51.905120849609375, "finite": true, "measured": true, "status": "decode_step", "step": 83, "wall_ms": 51.924798637628555}
{"argmax": 26, "cuda_ms": 51.684288024902344, "finite": true, "measured": true, "status": "decode_step", "step": 84, "wall_ms": 51.70433921739459}
{"argmax": 3885, "cuda_ms": 51.694496154785156, "finite": true, "measured": true, "status": "decode_step", "step": 85, "wall_ms": 51.71435372903943}
{"argmax": 449, "cuda_ms": 51.618526458740234, "finite": true, "measured": true, "status": "decode_step", "step": 86, "wall_ms": 51.640124060213566}
{"argmax": 2947, "cuda_ms": 51.65574264526367, "finite": true, "measured": true, "status": "decode_step", "step": 87, "wall_ms": 51.67528614401817}
{"argmax": 8536, "cuda_ms": 51.903358459472656, "finite": true, "measured": true, "status": "decode_step", "step": 88, "wall_ms": 51.9252591766417}
{"argmax": 6150, "cuda_ms": 51.682559967041016, "finite": true, "measured": true, "status": "decode_step", "step": 89, "wall_ms": 51.70277692377567}
{"argmax": 8041, "cuda_ms": 51.62611389160156, "finite": true, "measured": true, "status": "decode_step", "step": 90, "wall_ms": 51.64655297994614}
{"argmax": 627, "cuda_ms": 51.61648178100586, "finite": true, "measured": true, "status": "decode_step", "step": 91, "wall_ms": 51.63540691137314}
{"argmax": 2028, "cuda_ms": 51.65651321411133, "finite": true, "measured": true, "status": "decode_step", "step": 92, "wall_ms": 51.67825100943446}
{"argmax": 3388, "cuda_ms": 51.632225036621094, "finite": true, "measured": true, "status": "decode_step", "step": 93, "wall_ms": 51.65223218500614}
{"argmax": 49095, "cuda_ms": 51.64992141723633, "finite": true, "measured": true, "status": "decode_step", "step": 94, "wall_ms": 51.671259105205536}
{"argmax": 6319, "cuda_ms": 51.697696685791016, "finite": true, "measured": true, "status": "decode_step", "step": 95, "wall_ms": 51.71832023188472}
{"argmax": 4236, "cuda_ms": 51.661888122558594, "finite": true, "measured": true, "status": "decode_step", "step": 96, "wall_ms": 51.68166570365429}
{"argmax": 889, "cuda_ms": 51.65167999267578, "finite": true, "measured": true, "status": "decode_step", "step": 97, "wall_ms": 51.67151987552643}
{"argmax": 6156, "cuda_ms": 51.677215576171875, "finite": true, "measured": true, "status": "decode_step", "step": 98, "wall_ms": 51.69745022431016}
{"argmax": 9021, "cuda_ms": 51.6286735534668, "finite": true, "measured": true, "status": "decode_step", "step": 99, "wall_ms": 51.64822470396757}
{"argmax": 374, "cuda_ms": 51.64992141723633, "finite": true, "measured": true, "status": "decode_step", "step": 100, "wall_ms": 51.66997807100415}
{"argmax": 304, "cuda_ms": 51.63151931762695, "finite": true, "measured": true, "status": "decode_step", "step": 101, "wall_ms": 51.65006825700402}
{"argmax": 2536, "cuda_ms": 51.699039459228516, "finite": true, "measured": true, "status": "decode_step", "step": 102, "wall_ms": 51.72032304108143}
{"argmax": 10706, "cuda_ms": 51.63622283935547, "finite": true, "measured": true, "status": "decode_step", "step": 103, "wall_ms": 51.65557703003287}
{"argmax": 13, "cuda_ms": 51.634334564208984, "finite": true, "measured": true, "status": "decode_step", "step": 104, "wall_ms": 51.65370274335146}
{"argmax": 889, "cuda_ms": 51.67619323730469, "finite": true, "measured": true, "status": "decode_step", "step": 105, "wall_ms": 51.69585719704628}
{"argmax": 311, "cuda_ms": 51.64976119995117, "finite": true, "measured": true, "status": "decode_step", "step": 106, "wall_ms": 51.66982766240835}
{"argmax": 387, "cuda_ms": 51.646240234375, "finite": true, "measured": true, "status": "decode_step", "step": 107, "wall_ms": 51.6663221642375}
{"argmax": 264, "cuda_ms": 51.682369232177734, "finite": true, "measured": true, "status": "decode_step", "step": 108, "wall_ms": 51.700964104384184}
{"argmax": 6373, "cuda_ms": 51.624576568603516, "finite": true, "measured": true, "status": "decode_step", "step": 109, "wall_ms": 51.645800936967134}
{"argmax": 10093, "cuda_ms": 51.655582427978516, "finite": true, "measured": true, "status": "decode_step", "step": 110, "wall_ms": 51.676136907190084}
{"argmax": 13, "cuda_ms": 51.6115837097168, "finite": true, "measured": true, "status": "decode_step", "step": 111, "wall_ms": 51.63328303024173}
{"argmax": 279, "cuda_ms": 51.604095458984375, "finite": true, "measured": true, "status": "decode_step", "step": 112, "wall_ms": 51.622847095131874}
{"argmax": 13, "cuda_ms": 51.65651321411133, "finite": true, "measured": true, "status": "decode_step", "step": 113, "wall_ms": 51.67748872190714}
{"argmax": 578, "cuda_ms": 51.631168365478516, "finite": true, "measured": true, "status": "decode_step", "step": 114, "wall_ms": 51.67483538389206}
{"argmax": 3388, "cuda_ms": 51.831905364990234, "finite": true, "measured": true, "status": "decode_step", "step": 115, "wall_ms": 51.853903103619814}
{"argmax": 690, "cuda_ms": 51.642398834228516, "finite": true, "measured": true, "status": "decode_step", "step": 116, "wall_ms": 51.66148627176881}
{"argmax": 264, "cuda_ms": 51.61689758300781, "finite": true, "measured": true, "status": "decode_step", "step": 117, "wall_ms": 51.638660952448845}
{"argmax": 6677, "cuda_ms": 51.665313720703125, "finite": true, "measured": true, "status": "decode_step", "step": 118, "wall_ms": 51.6848498955369}
{"argmax": 323, "cuda_ms": 51.71184158325195, "finite": true, "measured": true, "status": "decode_step", "step": 119, "wall_ms": 51.73329310491681}
{"argmax": 37419, "cuda_ms": 51.64457702636719, "finite": true, "measured": true, "status": "decode_step", "step": 120, "wall_ms": 51.664589904248714}
{"argmax": 287, "cuda_ms": 51.6761589050293, "finite": true, "measured": true, "status": "decode_step", "step": 121, "wall_ms": 51.697087939828634}
{"argmax": 11, "cuda_ms": 51.66454315185547, "finite": true, "measured": true, "status": "decode_step", "step": 122, "wall_ms": 51.68526014313102}
{"argmax": 279, "cuda_ms": 51.6748161315918, "finite": true, "measured": true, "status": "decode_step", "step": 123, "wall_ms": 51.69521505013108}
{"argmax": 33184, "cuda_ms": 51.65254211425781, "finite": true, "measured": true, "status": "decode_step", "step": 124, "wall_ms": 51.671940833330154}
{"argmax": 7471, "cuda_ms": 51.63715362548828, "finite": true, "measured": true, "status": "decode_step", "step": 125, "wall_ms": 51.65721895173192}
{"argmax": 323, "cuda_ms": 51.68649673461914, "finite": true, "measured": true, "status": "decode_step", "step": 126, "wall_ms": 51.707022823393345}
{"argmax": 279, "cuda_ms": 51.68086242675781, "finite": true, "measured": true, "status": "decode_step", "step": 127, "wall_ms": 51.70138506218791}
{"argmax": 3560, "cuda_ms": 51.65983963012695, "finite": true, "measured": true, "status": "decode_step", "step": 128, "wall_ms": 51.67948128655553}
{"argmax": 369, "cuda_ms": 51.695072174072266, "finite": true, "measured": true, "status": "decode_step", "step": 129, "wall_ms": 51.713834051042795}
{"argmax": 37419, "cuda_ms": 51.670814514160156, "finite": true, "measured": true, "status": "decode_step", "step": 130, "wall_ms": 51.69161967933178}
{"argmax": 6373, "cuda_ms": 51.7110710144043, "finite": true, "measured": true, "status": "decode_step", "step": 131, "wall_ms": 51.73067795112729}
{"argmax": 323, "cuda_ms": 51.612510681152344, "finite": true, "measured": true, "status": "decode_step", "step": 132, "wall_ms": 51.63347302004695}
{"argmax": 9293, "cuda_ms": 51.670528411865234, "finite": true, "measured": true, "status": "decode_step", "step": 133, "wall_ms": 51.690307911485434}
{"argmax": 24043, "cuda_ms": 51.654815673828125, "finite": true, "measured": true, "status": "decode_step", "step": 134, "wall_ms": 51.67568568140268}
{"argmax": 13, "cuda_ms": 51.6569938659668, "finite": true, "measured": true, "status": "decode_step", "step": 135, "wall_ms": 51.67705798521638}
{"argmax": 5377, "cuda_ms": 51.636478424072266, "finite": true, "measured": true, "status": "decode_step", "step": 136, "wall_ms": 51.65797891095281}
{"argmax": 311, "cuda_ms": 51.69139099121094, "finite": true, "measured": true, "status": "decode_step", "step": 137, "wall_ms": 51.71067779883742}
{"argmax": 19816, "cuda_ms": 51.657440185546875, "finite": true, "measured": true, "status": "decode_step", "step": 138, "wall_ms": 51.67793016880751}
{"argmax": 468, "cuda_ms": 51.65078353881836, "finite": true, "measured": true, "status": "decode_step", "step": 139, "wall_ms": 51.671280059963465}
{"argmax": 13, "cuda_ms": 51.6495361328125, "finite": true, "measured": true, "status": "decode_step", "step": 140, "wall_ms": 51.669246051460505}
{"argmax": 2947, "cuda_ms": 51.59980773925781, "finite": true, "measured": true, "status": "decode_step", "step": 141, "wall_ms": 51.619041711091995}
{"argmax": 8536, "cuda_ms": 51.67091369628906, "finite": true, "measured": true, "status": "decode_step", "step": 142, "wall_ms": 51.691059954464436}
{"argmax": 6150, "cuda_ms": 51.66166305541992, "finite": true, "measured": true, "status": "decode_step", "step": 143, "wall_ms": 51.68221611529589}
{"decode_cuda_median_ms": 51.631343841552734, "decode_wall_median_ms": 51.651034504175186, "result": "results/system_benchmarks/tp1_sparse_full_v6/formal_legacy_offload_t131072_r1/benchmark.json", "status": "complete", "validated_layers": 0}
