{"context": 131072, "gpu": "NVIDIA L40S", "measure_steps": 128, "profile_components": false, "status": "starting", "storage": "local", "warmup_steps": 16}
Loading weights:   0%|          | 0/291 [00:00<?, ?it/s]Loading weights: 100%|██████████| 291/291 [00:00<00:00, 9722.73it/s]
{"allocated_gib": 30.975595474243164, "exact_kv_gib": 16.017578125, "gpu_staging_gib": 0.0, "host_exact_kv_gib": 0.0, "status": "model_ready"}
{"peak_allocated_gib": 38.547006607055664, "prefill_ms": 37124.23828125, "status": "prefill_complete"}
{"argmax": 11, "components": {"attention_block_ms": 0.0, "cache_append_ms": 0.0, "dense_attention_ms": 0.0, "host_to_gpu_ms": 0.0}, "cuda_ms": 116.22541046142578, "finite": true, "measured": false, "status": "decode_step", "step": 0, "wall_ms": 116.23489111661911}
{"argmax": 4918, "components": {"attention_block_ms": 0.0, "cache_append_ms": 0.0, "dense_attention_ms": 0.0, "host_to_gpu_ms": 0.0}, "cuda_ms": 47.604671478271484, "finite": true, "measured": false, "status": "decode_step", "step": 1, "wall_ms": 47.623285092413425}
{"argmax": 17200, "components": {"attention_block_ms": 0.0, "cache_append_ms": 0.0, "dense_attention_ms": 0.0, "host_to_gpu_ms": 0.0}, "cuda_ms": 47.45119857788086, "finite": true, "measured": false, "status": "decode_step", "step": 2, "wall_ms": 47.47028602287173}
{"argmax": 7876, "components": {"attention_block_ms": 0.0, "cache_append_ms": 0.0, "dense_attention_ms": 0.0, "host_to_gpu_ms": 0.0}, "cuda_ms": 47.47350311279297, "finite": true, "measured": false, "status": "decode_step", "step": 3, "wall_ms": 47.49090690165758}
{"argmax": 6150, "components": {"attention_block_ms": 0.0, "cache_append_ms": 0.0, "dense_attention_ms": 0.0, "host_to_gpu_ms": 0.0}, "cuda_ms": 47.458560943603516, "finite": true, "measured": false, "status": "decode_step", "step": 4, "wall_ms": 47.476745676249266}
{"argmax": 315, "components": {"attention_block_ms": 0.0, "cache_append_ms": 0.0, "dense_attention_ms": 0.0, "host_to_gpu_ms": 0.0}, "cuda_ms": 47.473182678222656, "finite": true, "measured": false, "status": "decode_step", "step": 5, "wall_ms": 47.49059630557895}
{"argmax": 7658, "components": {"attention_block_ms": 0.0, "cache_append_ms": 0.0, "dense_attention_ms": 0.0, "host_to_gpu_ms": 0.0}, "cuda_ms": 47.44559860229492, "finite": true, "measured": false, "status": "decode_step", "step": 6, "wall_ms": 47.46520798653364}
{"argmax": 323, "components": {"attention_block_ms": 0.0, "cache_append_ms": 0.0, "dense_attention_ms": 0.0, "host_to_gpu_ms": 0.0}, "cuda_ms": 47.422847747802734, "finite": true, "measured": false, "status": "decode_step", "step": 7, "wall_ms": 47.44075099006295}
{"argmax": 279, "components": {"attention_block_ms": 0.0, "cache_append_ms": 0.0, "dense_attention_ms": 0.0, "host_to_gpu_ms": 0.0}, "cuda_ms": 47.43814468383789, "finite": true, "measured": false, "status": "decode_step", "step": 8, "wall_ms": 47.455953899770975}
{"argmax": 23298, "components": {"attention_block_ms": 0.0, "cache_append_ms": 0.0, "dense_attention_ms": 0.0, "host_to_gpu_ms": 0.0}, "cuda_ms": 47.41846466064453, "finite": true, "measured": false, "status": "decode_step", "step": 9, "wall_ms": 47.43690602481365}
{"argmax": 520, "components": {"attention_block_ms": 0.0, "cache_append_ms": 0.0, "dense_attention_ms": 0.0, "host_to_gpu_ms": 0.0}, "cuda_ms": 47.45270538330078, "finite": true, "measured": false, "status": "decode_step", "step": 10, "wall_ms": 47.468422912061214}
{"argmax": 311, "components": {"attention_block_ms": 0.0, "cache_append_ms": 0.0, "dense_attention_ms": 0.0, "host_to_gpu_ms": 0.0}, "cuda_ms": 47.41183853149414, "finite": true, "measured": false, "status": "decode_step", "step": 11, "wall_ms": 47.430186066776514}
{"argmax": 358, "components": {"attention_block_ms": 0.0, "cache_append_ms": 0.0, "dense_attention_ms": 0.0, "host_to_gpu_ms": 0.0}, "cuda_ms": 47.453311920166016, "finite": true, "measured": false, "status": "decode_step", "step": 12, "wall_ms": 47.471567057073116}
{"argmax": 527, "components": {"attention_block_ms": 0.0, "cache_append_ms": 0.0, "dense_attention_ms": 0.0, "host_to_gpu_ms": 0.0}, "cuda_ms": 47.415550231933594, "finite": true, "measured": false, "status": "decode_step", "step": 13, "wall_ms": 47.43601521477103}
{"argmax": 459, "components": {"attention_block_ms": 0.0, "cache_append_ms": 0.0, "dense_attention_ms": 0.0, "host_to_gpu_ms": 0.0}, "cuda_ms": 47.46384048461914, "finite": true, "measured": false, "status": "decode_step", "step": 14, "wall_ms": 47.48123325407505}
{"argmax": 8536, "components": {"attention_block_ms": 0.0, "cache_append_ms": 0.0, "dense_attention_ms": 0.0, "host_to_gpu_ms": 0.0}, "cuda_ms": 47.41020965576172, "finite": true, "measured": false, "status": "decode_step", "step": 15, "wall_ms": 47.42936510592699}
{"argmax": 13537, "components": {"attention_block_ms": 0.0, "cache_append_ms": 0.0, "dense_attention_ms": 0.0, "host_to_gpu_ms": 0.0}, "cuda_ms": 47.44598388671875, "finite": true, "measured": true, "status": "decode_step", "step": 16, "wall_ms": 47.46376583352685}
{"argmax": 13537, "components": {"attention_block_ms": 0.0, "cache_append_ms": 0.0, "dense_attention_ms": 0.0, "host_to_gpu_ms": 0.0}, "cuda_ms": 47.4015998840332, "finite": true, "measured": true, "status": "decode_step", "step": 17, "wall_ms": 47.41888912394643}
{"argmax": 26, "components": {"attention_block_ms": 0.0, "cache_append_ms": 0.0, "dense_attention_ms": 0.0, "host_to_gpu_ms": 0.0}, "cuda_ms": 47.43830490112305, "finite": true, "measured": true, "status": "decode_step", "step": 18, "wall_ms": 47.45658626779914}
{"argmax": 791, "components": {"attention_block_ms": 0.0, "cache_append_ms": 0.0, "dense_attention_ms": 0.0, "host_to_gpu_ms": 0.0}, "cuda_ms": 47.422752380371094, "finite": true, "measured": true, "status": "decode_step", "step": 19, "wall_ms": 47.441993840038776}
{"argmax": 374, "components": {"attention_block_ms": 0.0, "cache_append_ms": 0.0, "dense_attention_ms": 0.0, "host_to_gpu_ms": 0.0}, "cuda_ms": 47.439456939697266, "finite": true, "measured": true, "status": "decode_step", "step": 20, "wall_ms": 47.45796788483858}
{"argmax": 374, "components": {"attention_block_ms": 0.0, "cache_append_ms": 0.0, "dense_attention_ms": 0.0, "host_to_gpu_ms": 0.0}, "cuda_ms": 47.42544174194336, "finite": true, "measured": true, "status": "decode_step", "step": 21, "wall_ms": 47.441983595490456}
{"argmax": 279, "components": {"attention_block_ms": 0.0, "cache_append_ms": 0.0, "dense_attention_ms": 0.0, "host_to_gpu_ms": 0.0}, "cuda_ms": 47.42723083496094, "finite": true, "measured": true, "status": "decode_step", "step": 22, "wall_ms": 47.44416708126664}
{"argmax": 3560, "components": {"attention_block_ms": 0.0, "cache_append_ms": 0.0, "dense_attention_ms": 0.0, "host_to_gpu_ms": 0.0}, "cuda_ms": 47.408287048339844, "finite": true, "measured": true, "status": "decode_step", "step": 23, "wall_ms": 47.42696089670062}
{"argmax": 323, "components": {"attention_block_ms": 0.0, "cache_append_ms": 0.0, "dense_attention_ms": 0.0, "host_to_gpu_ms": 0.0}, "cuda_ms": 47.4532470703125, "finite": true, "measured": true, "status": "decode_step", "step": 24, "wall_ms": 47.47128812596202}
{"argmax": 26411, "components": {"attention_block_ms": 0.0, "cache_append_ms": 0.0, "dense_attention_ms": 0.0, "host_to_gpu_ms": 0.0}, "cuda_ms": 47.40288162231445, "finite": true, "measured": true, "status": "decode_step", "step": 25, "wall_ms": 47.42157272994518}
{"argmax": 1511, "components": {"attention_block_ms": 0.0, "cache_append_ms": 0.0, "dense_attention_ms": 0.0, "host_to_gpu_ms": 0.0}, "cuda_ms": 47.463008880615234, "finite": true, "measured": true, "status": "decode_step", "step": 26, "wall_ms": 47.48046211898327}
{"argmax": 7524, "components": {"attention_block_ms": 0.0, "cache_append_ms": 0.0, "dense_attention_ms": 0.0, "host_to_gpu_ms": 0.0}, "cuda_ms": 47.417022705078125, "finite": true, "measured": true, "status": "decode_step", "step": 27, "wall_ms": 47.435964923352}
{"argmax": 323, "components": {"attention_block_ms": 0.0, "cache_append_ms": 0.0, "dense_attention_ms": 0.0, "host_to_gpu_ms": 0.0}, "cuda_ms": 47.476959228515625, "finite": true, "measured": true, "status": "decode_step", "step": 28, "wall_ms": 47.49430064111948}
{"argmax": 8907, "components": {"attention_block_ms": 0.0, "cache_append_ms": 0.0, "dense_attention_ms": 0.0, "host_to_gpu_ms": 0.0}, "cuda_ms": 47.44492721557617, "finite": true, "measured": true, "status": "decode_step", "step": 29, "wall_ms": 47.463295981287956}
{"argmax": 91605, "components": {"attention_block_ms": 0.0, "cache_append_ms": 0.0, "dense_attention_ms": 0.0, "host_to_gpu_ms": 0.0}, "cuda_ms": 47.407615661621094, "finite": true, "measured": true, "status": "decode_step", "step": 30, "wall_ms": 47.42647986859083}
{"argmax": 1862, "components": {"attention_block_ms": 0.0, "cache_append_ms": 0.0, "dense_attention_ms": 0.0, "host_to_gpu_ms": 0.0}, "cuda_ms": 47.41270446777344, "finite": true, "measured": true, "status": "decode_step", "step": 31, "wall_ms": 47.42927476763725}
{"argmax": 369, "components": {"attention_block_ms": 0.0, "cache_append_ms": 0.0, "dense_attention_ms": 0.0, "host_to_gpu_ms": 0.0}, "cuda_ms": 47.418174743652344, "finite": true, "measured": true, "status": "decode_step", "step": 32, "wall_ms": 47.4368860013783}
{"argmax": 586, "components": {"attention_block_ms": 0.0, "cache_append_ms": 0.0, "dense_attention_ms": 0.0, "host_to_gpu_ms": 0.0}, "cuda_ms": 47.413822174072266, "finite": true, "measured": true, "status": "decode_step", "step": 33, "wall_ms": 47.43024613708258}
{"argmax": 7100, "components": {"attention_block_ms": 0.0, "cache_append_ms": 0.0, "dense_attention_ms": 0.0, "host_to_gpu_ms": 0.0}, "cuda_ms": 47.43452835083008, "finite": true, "measured": true, "status": "decode_step", "step": 34, "wall_ms": 47.45236970484257}
{"argmax": 11351, "components": {"attention_block_ms": 0.0, "cache_append_ms": 0.0, "dense_attention_ms": 0.0, "host_to_gpu_ms": 0.0}, "cuda_ms": 47.43376159667969, "finite": true, "measured": true, "status": "decode_step", "step": 35, "wall_ms": 47.45194874703884}
{"argmax": 13, "components": {"attention_block_ms": 0.0, "cache_append_ms": 0.0, "dense_attention_ms": 0.0, "host_to_gpu_ms": 0.0}, "cuda_ms": 47.44492721557617, "finite": true, "measured": true, "status": "decode_step", "step": 36, "wall_ms": 47.463085036724806}
{"argmax": 578, "components": {"attention_block_ms": 0.0, "cache_append_ms": 0.0, "dense_attention_ms": 0.0, "host_to_gpu_ms": 0.0}, "cuda_ms": 47.415489196777344, "finite": true, "measured": true, "status": "decode_step", "step": 37, "wall_ms": 47.43432207033038}
{"argmax": 3388, "components": {"attention_block_ms": 0.0, "cache_append_ms": 0.0, "dense_attention_ms": 0.0, "host_to_gpu_ms": 0.0}, "cuda_ms": 47.43299102783203, "finite": true, "measured": true, "status": "decode_step", "step": 38, "wall_ms": 47.45022626593709}
{"argmax": 690, "components": {"attention_block_ms": 0.0, "cache_append_ms": 0.0, "dense_attention_ms": 0.0, "host_to_gpu_ms": 0.0}, "cuda_ms": 47.42598342895508, "finite": true, "measured": true, "status": "decode_step", "step": 39, "wall_ms": 47.443294897675514}
{"argmax": 389, "components": {"attention_block_ms": 0.0, "cache_append_ms": 0.0, "dense_attention_ms": 0.0, "host_to_gpu_ms": 0.0}, "cuda_ms": 47.43222427368164, "finite": true, "measured": true, "status": "decode_step", "step": 40, "wall_ms": 47.448412980884314}
{"argmax": 279, "components": {"attention_block_ms": 0.0, "cache_append_ms": 0.0, "dense_attention_ms": 0.0, "host_to_gpu_ms": 0.0}, "cuda_ms": 47.43328094482422, "finite": true, "measured": true, "status": "decode_step", "step": 41, "wall_ms": 47.45062720030546}
{"argmax": 3560, "components": {"attention_block_ms": 0.0, "cache_append_ms": 0.0, "dense_attention_ms": 0.0, "host_to_gpu_ms": 0.0}, "cuda_ms": 47.450496673583984, "finite": true, "measured": true, "status": "decode_step", "step": 42, "wall_ms": 47.46836330741644}
{"argmax": 315, "components": {"attention_block_ms": 0.0, "cache_append_ms": 0.0, "dense_attention_ms": 0.0, "host_to_gpu_ms": 0.0}, "cuda_ms": 47.43644714355469, "finite": true, "measured": true, "status": "decode_step", "step": 43, "wall_ms": 47.45370103046298}
{"argmax": 33184, "components": {"attention_block_ms": 0.0, "cache_append_ms": 0.0, "dense_attention_ms": 0.0, "host_to_gpu_ms": 0.0}, "cuda_ms": 47.418399810791016, "finite": true, "measured": true, "status": "decode_step", "step": 44, "wall_ms": 47.43680590763688}
{"argmax": 11335, "components": {"attention_block_ms": 0.0, "cache_append_ms": 0.0, "dense_attention_ms": 0.0, "host_to_gpu_ms": 0.0}, "cuda_ms": 47.42329788208008, "finite": true, "measured": true, "status": "decode_step", "step": 45, "wall_ms": 47.43946995586157}
{"argmax": 304, "components": {"attention_block_ms": 0.0, "cache_append_ms": 0.0, "dense_attention_ms": 0.0, "host_to_gpu_ms": 0.0}, "cuda_ms": 47.43584060668945, "finite": true, "measured": true, "status": "decode_step", "step": 46, "wall_ms": 47.45273990556598}
{"argmax": 279, "components": {"attention_block_ms": 0.0, "cache_append_ms": 0.0, "dense_attention_ms": 0.0, "host_to_gpu_ms": 0.0}, "cuda_ms": 47.414974212646484, "finite": true, "measured": true, "status": "decode_step", "step": 47, "wall_ms": 47.43252927437425}
{"argmax": 33184, "components": {"attention_block_ms": 0.0, "cache_append_ms": 0.0, "dense_attention_ms": 0.0, "host_to_gpu_ms": 0.0}, "cuda_ms": 47.425758361816406, "finite": true, "measured": true, "status": "decode_step", "step": 48, "wall_ms": 47.44392726570368}
{"argmax": 315, "components": {"attention_block_ms": 0.0, "cache_append_ms": 0.0, "dense_attention_ms": 0.0, "host_to_gpu_ms": 0.0}, "cuda_ms": 47.42643356323242, "finite": true, "measured": true, "status": "decode_step", "step": 49, "wall_ms": 47.44298476725817}
{"argmax": 33184, "components": {"attention_block_ms": 0.0, "cache_append_ms": 0.0, "dense_attention_ms": 0.0, "host_to_gpu_ms": 0.0}, "cuda_ms": 47.444095611572266, "finite": true, "measured": true, "status": "decode_step", "step": 50, "wall_ms": 47.462624963372946}
{"argmax": 33184, "components": {"attention_block_ms": 0.0, "cache_append_ms": 0.0, "dense_attention_ms": 0.0, "host_to_gpu_ms": 0.0}, "cuda_ms": 47.411617279052734, "finite": true, "measured": true, "status": "decode_step", "step": 51, "wall_ms": 47.43177816271782}
{"argmax": 10706, "components": {"attention_block_ms": 0.0, "cache_append_ms": 0.0, "dense_attention_ms": 0.0, "host_to_gpu_ms": 0.0}, "cuda_ms": 47.46406555175781, "finite": true, "measured": true, "status": "decode_step", "step": 52, "wall_ms": 47.481803223490715}
{"argmax": 323, "components": {"attention_block_ms": 0.0, "cache_append_ms": 0.0, "dense_attention_ms": 0.0, "host_to_gpu_ms": 0.0}, "cuda_ms": 47.43241500854492, "finite": true, "measured": true, "status": "decode_step", "step": 53, "wall_ms": 47.45085723698139}
{"argmax": 279, "components": {"attention_block_ms": 0.0, "cache_append_ms": 0.0, "dense_attention_ms": 0.0, "host_to_gpu_ms": 0.0}, "cuda_ms": 47.45532989501953, "finite": true, "measured": true, "status": "decode_step", "step": 54, "wall_ms": 47.47307999059558}
{"argmax": 5536, "components": {"attention_block_ms": 0.0, "cache_append_ms": 0.0, "dense_attention_ms": 0.0, "host_to_gpu_ms": 0.0}, "cuda_ms": 47.4161262512207, "finite": true, "measured": true, "status": "decode_step", "step": 55, "wall_ms": 47.435013111680746}
{"argmax": 311, "components": {"attention_block_ms": 0.0, "cache_append_ms": 0.0, "dense_attention_ms": 0.0, "host_to_gpu_ms": 0.0}, "cuda_ms": 47.42784118652344, "finite": true, "measured": true, "status": "decode_step", "step": 56, "wall_ms": 47.44523763656616}
{"argmax": 279, "components": {"attention_block_ms": 0.0, "cache_append_ms": 0.0, "dense_attention_ms": 0.0, "host_to_gpu_ms": 0.0}, "cuda_ms": 47.4422721862793, "finite": true, "measured": true, "status": "decode_step", "step": 57, "wall_ms": 47.46167315170169}
{"argmax": 323, "components": {"attention_block_ms": 0.0, "cache_append_ms": 0.0, "dense_attention_ms": 0.0, "host_to_gpu_ms": 0.0}, "cuda_ms": 47.42975997924805, "finite": true, "measured": true, "status": "decode_step", "step": 58, "wall_ms": 47.44862299412489}
{"argmax": 13, "components": {"attention_block_ms": 0.0, "cache_append_ms": 0.0, "dense_attention_ms": 0.0, "host_to_gpu_ms": 0.0}, "cuda_ms": 47.45033645629883, "finite": true, "measured": true, "status": "decode_step", "step": 59, "wall_ms": 47.468853648751974}
{"argmax": 41582, "components": {"attention_block_ms": 0.0, "cache_append_ms": 0.0, "dense_attention_ms": 0.0, "host_to_gpu_ms": 0.0}, "cuda_ms": 47.438655853271484, "finite": true, "measured": true, "status": "decode_step", "step": 60, "wall_ms": 47.45633527636528}
{"argmax": 11, "components": {"attention_block_ms": 0.0, "cache_append_ms": 0.0, "dense_attention_ms": 0.0, "host_to_gpu_ms": 0.0}, "cuda_ms": 47.41155242919922, "finite": true, "measured": true, "status": "decode_step", "step": 61, "wall_ms": 47.429475001990795}
{"argmax": 323, "components": {"attention_block_ms": 0.0, "cache_append_ms": 0.0, "dense_attention_ms": 0.0, "host_to_gpu_ms": 0.0}, "cuda_ms": 47.4304313659668, "finite": true, "measured": true, "status": "decode_step", "step": 62, "wall_ms": 47.44810285046697}
{"argmax": 3927, "components": {"attention_block_ms": 0.0, "cache_append_ms": 0.0, "dense_attention_ms": 0.0, "host_to_gpu_ms": 0.0}, "cuda_ms": 47.418975830078125, "finite": true, "measured": true, "status": "decode_step", "step": 63, "wall_ms": 47.43602406233549}
{"argmax": 11006, "components": {"attention_block_ms": 0.0, "cache_append_ms": 0.0, "dense_attention_ms": 0.0, "host_to_gpu_ms": 0.0}, "cuda_ms": 47.428863525390625, "finite": true, "measured": true, "status": "decode_step", "step": 64, "wall_ms": 47.44717199355364}
{"argmax": 5315, "components": {"attention_block_ms": 0.0, "cache_append_ms": 0.0, "dense_attention_ms": 0.0, "host_to_gpu_ms": 0.0}, "cuda_ms": 47.41814422607422, "finite": true, "measured": true, "status": "decode_step", "step": 65, "wall_ms": 47.441062051802874}
{"argmax": 519, "components": {"attention_block_ms": 0.0, "cache_append_ms": 0.0, "dense_attention_ms": 0.0, "host_to_gpu_ms": 0.0}, "cuda_ms": 47.471553802490234, "finite": true, "measured": true, "status": "decode_step", "step": 66, "wall_ms": 47.486960887908936}
{"argmax": 1105, "components": {"attention_block_ms": 0.0, "cache_append_ms": 0.0, "dense_attention_ms": 0.0, "host_to_gpu_ms": 0.0}, "cuda_ms": 47.42515182495117, "finite": true, "measured": true, "status": "decode_step", "step": 67, "wall_ms": 47.44246415793896}
{"argmax": 11351, "components": {"attention_block_ms": 0.0, "cache_append_ms": 0.0, "dense_attention_ms": 0.0, "host_to_gpu_ms": 0.0}, "cuda_ms": 47.44892883300781, "finite": true, "measured": true, "status": "decode_step", "step": 68, "wall_ms": 47.464827075600624}
{"argmax": 13, "components": {"attention_block_ms": 0.0, "cache_append_ms": 0.0, "dense_attention_ms": 0.0, "host_to_gpu_ms": 0.0}, "cuda_ms": 47.418399810791016, "finite": true, "measured": true, "status": "decode_step", "step": 69, "wall_ms": 47.43605479598045}
{"argmax": 578, "components": {"attention_block_ms": 0.0, "cache_append_ms": 0.0, "dense_attention_ms": 0.0, "host_to_gpu_ms": 0.0}, "cuda_ms": 47.447391510009766, "finite": true, "measured": true, "status": "decode_step", "step": 70, "wall_ms": 47.4630962125957}
{"argmax": 311, "components": {"attention_block_ms": 0.0, "cache_append_ms": 0.0, "dense_attention_ms": 0.0, "host_to_gpu_ms": 0.0}, "cuda_ms": 47.41523361206055, "finite": true, "measured": true, "status": "decode_step", "step": 71, "wall_ms": 47.43474302813411}
{"argmax": 4236, "components": {"attention_block_ms": 0.0, "cache_append_ms": 0.0, "dense_attention_ms": 0.0, "host_to_gpu_ms": 0.0}, "cuda_ms": 47.440032958984375, "finite": true, "measured": true, "status": "decode_step", "step": 72, "wall_ms": 47.458307817578316}
{"argmax": 468, "components": {"attention_block_ms": 0.0, "cache_append_ms": 0.0, "dense_attention_ms": 0.0, "host_to_gpu_ms": 0.0}, "cuda_ms": 47.441566467285156, "finite": true, "measured": true, "status": "decode_step", "step": 73, "wall_ms": 47.46010061353445}
{"argmax": 13, "components": {"attention_block_ms": 0.0, "cache_append_ms": 0.0, "dense_attention_ms": 0.0, "host_to_gpu_ms": 0.0}, "cuda_ms": 47.43584060668945, "finite": true, "measured": true, "status": "decode_step", "step": 74, "wall_ms": 47.454711981117725}
{"argmax": 2947, "components": {"attention_block_ms": 0.0, "cache_append_ms": 0.0, "dense_attention_ms": 0.0, "host_to_gpu_ms": 0.0}, "cuda_ms": 47.42428970336914, "finite": true, "measured": true, "status": "decode_step", "step": 75, "wall_ms": 47.44524788111448}
{"argmax": 8536, "components": {"attention_block_ms": 0.0, "cache_append_ms": 0.0, "dense_attention_ms": 0.0, "host_to_gpu_ms": 0.0}, "cuda_ms": 47.444000244140625, "finite": true, "measured": true, "status": "decode_step", "step": 76, "wall_ms": 47.462334390729666}
{"argmax": 6150, "components": {"attention_block_ms": 0.0, "cache_append_ms": 0.0, "dense_attention_ms": 0.0, "host_to_gpu_ms": 0.0}, "cuda_ms": 47.43193435668945, "finite": true, "measured": true, "status": "decode_step", "step": 77, "wall_ms": 47.448153141885996}
{"argmax": 315, "components": {"attention_block_ms": 0.0, "cache_append_ms": 0.0, "dense_attention_ms": 0.0, "host_to_gpu_ms": 0.0}, "cuda_ms": 47.43961715698242, "finite": true, "measured": true, "status": "decode_step", "step": 78, "wall_ms": 47.460020054131746}
{"argmax": 3142, "components": {"attention_block_ms": 0.0, "cache_append_ms": 0.0, "dense_attention_ms": 0.0, "host_to_gpu_ms": 0.0}, "cuda_ms": 47.42524719238281, "finite": true, "measured": true, "status": "decode_step", "step": 79, "wall_ms": 47.44221409782767}
{"argmax": 323, "components": {"attention_block_ms": 0.0, "cache_append_ms": 0.0, "dense_attention_ms": 0.0, "host_to_gpu_ms": 0.0}, "cuda_ms": 47.43199920654297, "finite": true, "measured": true, "status": "decode_step", "step": 80, "wall_ms": 47.461351845413446}
{"argmax": 7327, "components": {"attention_block_ms": 0.0, "cache_append_ms": 0.0, "dense_attention_ms": 0.0, "host_to_gpu_ms": 0.0}, "cuda_ms": 47.82735824584961, "finite": true, "measured": true, "status": "decode_step", "step": 81, "wall_ms": 47.85021394491196}
{"argmax": 23298, "components": {"attention_block_ms": 0.0, "cache_append_ms": 0.0, "dense_attention_ms": 0.0, "host_to_gpu_ms": 0.0}, "cuda_ms": 47.45840072631836, "finite": true, "measured": true, "status": "decode_step", "step": 82, "wall_ms": 47.475683968514204}
{"argmax": 4236, "components": {"attention_block_ms": 0.0, "cache_append_ms": 0.0, "dense_attention_ms": 0.0, "host_to_gpu_ms": 0.0}, "cuda_ms": 47.429344177246094, "finite": true, "measured": true, "status": "decode_step", "step": 83, "wall_ms": 47.44666116312146}
{"argmax": 26, "components": {"attention_block_ms": 0.0, "cache_append_ms": 0.0, "dense_attention_ms": 0.0, "host_to_gpu_ms": 0.0}, "cuda_ms": 47.44566345214844, "finite": true, "measured": true, "status": "decode_step", "step": 84, "wall_ms": 47.46180307120085}
{"argmax": 3885, "components": {"attention_block_ms": 0.0, "cache_append_ms": 0.0, "dense_attention_ms": 0.0, "host_to_gpu_ms": 0.0}, "cuda_ms": 47.44102478027344, "finite": true, "measured": true, "status": "decode_step", "step": 85, "wall_ms": 47.46082192286849}
{"argmax": 449, "components": {"attention_block_ms": 0.0, "cache_append_ms": 0.0, "dense_attention_ms": 0.0, "host_to_gpu_ms": 0.0}, "cuda_ms": 47.43814468383789, "finite": true, "measured": true, "status": "decode_step", "step": 86, "wall_ms": 47.4562649615109}
{"argmax": 2947, "components": {"attention_block_ms": 0.0, "cache_append_ms": 0.0, "dense_attention_ms": 0.0, "host_to_gpu_ms": 0.0}, "cuda_ms": 47.419551849365234, "finite": true, "measured": true, "status": "decode_step", "step": 87, "wall_ms": 47.43581544607878}
{"argmax": 8536, "components": {"attention_block_ms": 0.0, "cache_append_ms": 0.0, "dense_attention_ms": 0.0, "host_to_gpu_ms": 0.0}, "cuda_ms": 47.42041778564453, "finite": true, "measured": true, "status": "decode_step", "step": 88, "wall_ms": 47.44536895304918}
{"argmax": 6150, "components": {"attention_block_ms": 0.0, "cache_append_ms": 0.0, "dense_attention_ms": 0.0, "host_to_gpu_ms": 0.0}, "cuda_ms": 47.44166564941406, "finite": true, "measured": true, "status": "decode_step", "step": 89, "wall_ms": 47.4565951153636}
{"argmax": 8041, "components": {"attention_block_ms": 0.0, "cache_append_ms": 0.0, "dense_attention_ms": 0.0, "host_to_gpu_ms": 0.0}, "cuda_ms": 47.42643356323242, "finite": true, "measured": true, "status": "decode_step", "step": 90, "wall_ms": 47.44459828361869}
{"argmax": 627, "components": {"attention_block_ms": 0.0, "cache_append_ms": 0.0, "dense_attention_ms": 0.0, "host_to_gpu_ms": 0.0}, "cuda_ms": 47.44041442871094, "finite": true, "measured": true, "status": "decode_step", "step": 91, "wall_ms": 47.4562649615109}
{"argmax": 2028, "components": {"attention_block_ms": 0.0, "cache_append_ms": 0.0, "dense_attention_ms": 0.0, "host_to_gpu_ms": 0.0}, "cuda_ms": 47.438751220703125, "finite": true, "measured": true, "status": "decode_step", "step": 92, "wall_ms": 47.458207700401545}
{"argmax": 3388, "components": {"attention_block_ms": 0.0, "cache_append_ms": 0.0, "dense_attention_ms": 0.0, "host_to_gpu_ms": 0.0}, "cuda_ms": 47.437950134277344, "finite": true, "measured": true, "status": "decode_step", "step": 93, "wall_ms": 47.4562649615109}
{"argmax": 49095, "components": {"attention_block_ms": 0.0, "cache_append_ms": 0.0, "dense_attention_ms": 0.0, "host_to_gpu_ms": 0.0}, "cuda_ms": 47.444000244140625, "finite": true, "measured": true, "status": "decode_step", "step": 94, "wall_ms": 47.462624963372946}
{"argmax": 459, "components": {"attention_block_ms": 0.0, "cache_append_ms": 0.0, "dense_attention_ms": 0.0, "host_to_gpu_ms": 0.0}, "cuda_ms": 47.4257926940918, "finite": true, "measured": true, "status": "decode_step", "step": 95, "wall_ms": 47.445569187402725}
{"argmax": 4236, "components": {"attention_block_ms": 0.0, "cache_append_ms": 0.0, "dense_attention_ms": 0.0, "host_to_gpu_ms": 0.0}, "cuda_ms": 47.438270568847656, "finite": true, "measured": true, "status": "decode_step", "step": 96, "wall_ms": 47.45623469352722}
{"argmax": 889, "components": {"attention_block_ms": 0.0, "cache_append_ms": 0.0, "dense_attention_ms": 0.0, "host_to_gpu_ms": 0.0}, "cuda_ms": 47.4192008972168, "finite": true, "measured": true, "status": "decode_step", "step": 97, "wall_ms": 47.43708577007055}
{"argmax": 6156, "components": {"attention_block_ms": 0.0, "cache_append_ms": 0.0, "dense_attention_ms": 0.0, "host_to_gpu_ms": 0.0}, "cuda_ms": 47.44643020629883, "finite": true, "measured": true, "status": "decode_step", "step": 98, "wall_ms": 47.46246477589011}
{"argmax": 9021, "components": {"attention_block_ms": 0.0, "cache_append_ms": 0.0, "dense_attention_ms": 0.0, "host_to_gpu_ms": 0.0}, "cuda_ms": 47.41740798950195, "finite": true, "measured": true, "status": "decode_step", "step": 99, "wall_ms": 47.436955850571394}
{"argmax": 374, "components": {"attention_block_ms": 0.0, "cache_append_ms": 0.0, "dense_attention_ms": 0.0, "host_to_gpu_ms": 0.0}, "cuda_ms": 47.4469108581543, "finite": true, "measured": true, "status": "decode_step", "step": 100, "wall_ms": 47.46597912162542}
{"argmax": 304, "components": {"attention_block_ms": 0.0, "cache_append_ms": 0.0, "dense_attention_ms": 0.0, "host_to_gpu_ms": 0.0}, "cuda_ms": 47.42144012451172, "finite": true, "measured": true, "status": "decode_step", "step": 101, "wall_ms": 47.4409619346261}
{"argmax": 2536, "components": {"attention_block_ms": 0.0, "cache_append_ms": 0.0, "dense_attention_ms": 0.0, "host_to_gpu_ms": 0.0}, "cuda_ms": 47.41984176635742, "finite": true, "measured": true, "status": "decode_step", "step": 102, "wall_ms": 47.43810789659619}
{"argmax": 10706, "components": {"attention_block_ms": 0.0, "cache_append_ms": 0.0, "dense_attention_ms": 0.0, "host_to_gpu_ms": 0.0}, "cuda_ms": 47.443519592285156, "finite": true, "measured": true, "status": "decode_step", "step": 103, "wall_ms": 47.46101191267371}
{"argmax": 13, "components": {"attention_block_ms": 0.0, "cache_append_ms": 0.0, "dense_attention_ms": 0.0, "host_to_gpu_ms": 0.0}, "cuda_ms": 47.46284866333008, "finite": true, "measured": true, "status": "decode_step", "step": 104, "wall_ms": 47.480270732194185}
{"argmax": 889, "components": {"attention_block_ms": 0.0, "cache_append_ms": 0.0, "dense_attention_ms": 0.0, "host_to_gpu_ms": 0.0}, "cuda_ms": 47.455841064453125, "finite": true, "measured": true, "status": "decode_step", "step": 105, "wall_ms": 47.471978701651096}
{"argmax": 311, "components": {"attention_block_ms": 0.0, "cache_append_ms": 0.0, "dense_attention_ms": 0.0, "host_to_gpu_ms": 0.0}, "cuda_ms": 47.440704345703125, "finite": true, "measured": true, "status": "decode_step", "step": 106, "wall_ms": 47.46078094467521}
{"argmax": 387, "components": {"attention_block_ms": 0.0, "cache_append_ms": 0.0, "dense_attention_ms": 0.0, "host_to_gpu_ms": 0.0}, "cuda_ms": 47.41622543334961, "finite": true, "measured": true, "status": "decode_step", "step": 107, "wall_ms": 47.43434302508831}
{"argmax": 264, "components": {"attention_block_ms": 0.0, "cache_append_ms": 0.0, "dense_attention_ms": 0.0, "host_to_gpu_ms": 0.0}, "cuda_ms": 47.453121185302734, "finite": true, "measured": true, "status": "decode_step", "step": 108, "wall_ms": 47.46909439563751}
{"argmax": 6373, "components": {"attention_block_ms": 0.0, "cache_append_ms": 0.0, "dense_attention_ms": 0.0, "host_to_gpu_ms": 0.0}, "cuda_ms": 47.42892837524414, "finite": true, "measured": true, "status": "decode_step", "step": 109, "wall_ms": 47.44814336299896}
{"argmax": 10093, "components": {"attention_block_ms": 0.0, "cache_append_ms": 0.0, "dense_attention_ms": 0.0, "host_to_gpu_ms": 0.0}, "cuda_ms": 47.4486083984375, "finite": true, "measured": true, "status": "decode_step", "step": 110, "wall_ms": 47.46506782248616}
{"argmax": 13, "components": {"attention_block_ms": 0.0, "cache_append_ms": 0.0, "dense_attention_ms": 0.0, "host_to_gpu_ms": 0.0}, "cuda_ms": 47.42099380493164, "finite": true, "measured": true, "status": "decode_step", "step": 111, "wall_ms": 47.439428977668285}
{"argmax": 279, "components": {"attention_block_ms": 0.0, "cache_append_ms": 0.0, "dense_attention_ms": 0.0, "host_to_gpu_ms": 0.0}, "cuda_ms": 47.44220733642578, "finite": true, "measured": true, "status": "decode_step", "step": 112, "wall_ms": 47.45827801525593}
{"argmax": 13, "components": {"attention_block_ms": 0.0, "cache_append_ms": 0.0, "dense_attention_ms": 0.0, "host_to_gpu_ms": 0.0}, "cuda_ms": 47.42105484008789, "finite": true, "measured": true, "status": "decode_step", "step": 113, "wall_ms": 47.441642731428146}
{"argmax": 578, "components": {"attention_block_ms": 0.0, "cache_append_ms": 0.0, "dense_attention_ms": 0.0, "host_to_gpu_ms": 0.0}, "cuda_ms": 47.43695831298828, "finite": true, "measured": true, "status": "decode_step", "step": 114, "wall_ms": 47.4526803009212}
{"argmax": 3388, "components": {"attention_block_ms": 0.0, "cache_append_ms": 0.0, "dense_attention_ms": 0.0, "host_to_gpu_ms": 0.0}, "cuda_ms": 47.439903259277344, "finite": true, "measured": true, "status": "decode_step", "step": 115, "wall_ms": 47.459930181503296}
{"argmax": 374, "components": {"attention_block_ms": 0.0, "cache_append_ms": 0.0, "dense_attention_ms": 0.0, "host_to_gpu_ms": 0.0}, "cuda_ms": 47.44054412841797, "finite": true, "measured": true, "status": "decode_step", "step": 116, "wall_ms": 47.45818814262748}
{"argmax": 264, "components": {"attention_block_ms": 0.0, "cache_append_ms": 0.0, "dense_attention_ms": 0.0, "host_to_gpu_ms": 0.0}, "cuda_ms": 47.43775939941406, "finite": true, "measured": true, "status": "decode_step", "step": 117, "wall_ms": 47.454423271119595}
{"argmax": 6677, "components": {"attention_block_ms": 0.0, "cache_append_ms": 0.0, "dense_attention_ms": 0.0, "host_to_gpu_ms": 0.0}, "cuda_ms": 47.447296142578125, "finite": true, "measured": true, "status": "decode_step", "step": 118, "wall_ms": 47.465919982641935}
{"argmax": 323, "components": {"attention_block_ms": 0.0, "cache_append_ms": 0.0, "dense_attention_ms": 0.0, "host_to_gpu_ms": 0.0}, "cuda_ms": 47.45951843261719, "finite": true, "measured": true, "status": "decode_step", "step": 119, "wall_ms": 47.47684579342604}
{"argmax": 4236, "components": {"attention_block_ms": 0.0, "cache_append_ms": 0.0, "dense_attention_ms": 0.0, "host_to_gpu_ms": 0.0}, "cuda_ms": 47.44553756713867, "finite": true, "measured": true, "status": "decode_step", "step": 120, "wall_ms": 47.463777009397745}
{"argmax": 287, "components": {"attention_block_ms": 0.0, "cache_append_ms": 0.0, "dense_attention_ms": 0.0, "host_to_gpu_ms": 0.0}, "cuda_ms": 47.421791076660156, "finite": true, "measured": true, "status": "decode_step", "step": 121, "wall_ms": 47.439550049602985}
{"argmax": 11, "components": {"attention_block_ms": 0.0, "cache_append_ms": 0.0, "dense_attention_ms": 0.0, "host_to_gpu_ms": 0.0}, "cuda_ms": 47.45500946044922, "finite": true, "measured": true, "status": "decode_step", "step": 122, "wall_ms": 47.47381107881665}
{"argmax": 279, "components": {"attention_block_ms": 0.0, "cache_append_ms": 0.0, "dense_attention_ms": 0.0, "host_to_gpu_ms": 0.0}, "cuda_ms": 47.42793655395508, "finite": true, "measured": true, "status": "decode_step", "step": 123, "wall_ms": 47.44777176529169}
{"argmax": 33184, "components": {"attention_block_ms": 0.0, "cache_append_ms": 0.0, "dense_attention_ms": 0.0, "host_to_gpu_ms": 0.0}, "cuda_ms": 47.440673828125, "finite": true, "measured": true, "status": "decode_step", "step": 124, "wall_ms": 47.45739605277777}
{"argmax": 7471, "components": {"attention_block_ms": 0.0, "cache_append_ms": 0.0, "dense_attention_ms": 0.0, "host_to_gpu_ms": 0.0}, "cuda_ms": 47.434814453125, "finite": true, "measured": true, "status": "decode_step", "step": 125, "wall_ms": 47.452600207179785}
{"argmax": 2737, "components": {"attention_block_ms": 0.0, "cache_append_ms": 0.0, "dense_attention_ms": 0.0, "host_to_gpu_ms": 0.0}, "cuda_ms": 47.471073150634766, "finite": true, "measured": true, "status": "decode_step", "step": 126, "wall_ms": 47.488353215157986}
{"argmax": 279, "components": {"attention_block_ms": 0.0, "cache_append_ms": 0.0, "dense_attention_ms": 0.0, "host_to_gpu_ms": 0.0}, "cuda_ms": 47.409854888916016, "finite": true, "measured": true, "status": "decode_step", "step": 127, "wall_ms": 47.43514396250248}
{"argmax": 3388, "components": {"attention_block_ms": 0.0, "cache_append_ms": 0.0, "dense_attention_ms": 0.0, "host_to_gpu_ms": 0.0}, "cuda_ms": 47.65193557739258, "finite": true, "measured": true, "status": "decode_step", "step": 128, "wall_ms": 47.670154832303524}
{"argmax": 369, "components": {"attention_block_ms": 0.0, "cache_append_ms": 0.0, "dense_attention_ms": 0.0, "host_to_gpu_ms": 0.0}, "cuda_ms": 47.465824127197266, "finite": true, "measured": true, "status": "decode_step", "step": 129, "wall_ms": 47.483295667916536}
{"argmax": 37419, "components": {"attention_block_ms": 0.0, "cache_append_ms": 0.0, "dense_attention_ms": 0.0, "host_to_gpu_ms": 0.0}, "cuda_ms": 47.42486572265625, "finite": true, "measured": true, "status": "decode_step", "step": 130, "wall_ms": 47.44139313697815}
{"argmax": 6373, "components": {"attention_block_ms": 0.0, "cache_append_ms": 0.0, "dense_attention_ms": 0.0, "host_to_gpu_ms": 0.0}, "cuda_ms": 47.437313079833984, "finite": true, "measured": true, "status": "decode_step", "step": 131, "wall_ms": 47.45207820087671}
{"argmax": 323, "components": {"attention_block_ms": 0.0, "cache_append_ms": 0.0, "dense_attention_ms": 0.0, "host_to_gpu_ms": 0.0}, "cuda_ms": 47.43859100341797, "finite": true, "measured": true, "status": "decode_step", "step": 132, "wall_ms": 47.45509289205074}
{"argmax": 6020, "components": {"attention_block_ms": 0.0, "cache_append_ms": 0.0, "dense_attention_ms": 0.0, "host_to_gpu_ms": 0.0}, "cuda_ms": 47.4417610168457, "finite": true, "measured": true, "status": "decode_step", "step": 133, "wall_ms": 47.45823796838522}
{"argmax": 24043, "components": {"attention_block_ms": 0.0, "cache_append_ms": 0.0, "dense_attention_ms": 0.0, "host_to_gpu_ms": 0.0}, "cuda_ms": 47.45030212402344, "finite": true, "measured": true, "status": "decode_step", "step": 134, "wall_ms": 47.46874328702688}
{"argmax": 13, "components": {"attention_block_ms": 0.0, "cache_append_ms": 0.0, "dense_attention_ms": 0.0, "host_to_gpu_ms": 0.0}, "cuda_ms": 47.43983840942383, "finite": true, "measured": true, "status": "decode_step", "step": 135, "wall_ms": 47.45717626065016}
{"argmax": 5377, "components": {"attention_block_ms": 0.0, "cache_append_ms": 0.0, "dense_attention_ms": 0.0, "host_to_gpu_ms": 0.0}, "cuda_ms": 47.45363235473633, "finite": true, "measured": true, "status": "decode_step", "step": 136, "wall_ms": 47.47335007414222}
{"argmax": 311, "components": {"attention_block_ms": 0.0, "cache_append_ms": 0.0, "dense_attention_ms": 0.0, "host_to_gpu_ms": 0.0}, "cuda_ms": 47.433441162109375, "finite": true, "measured": true, "status": "decode_step", "step": 137, "wall_ms": 47.45034594088793}
{"argmax": 19816, "components": {"attention_block_ms": 0.0, "cache_append_ms": 0.0, "dense_attention_ms": 0.0, "host_to_gpu_ms": 0.0}, "cuda_ms": 47.45030212402344, "finite": true, "measured": true, "status": "decode_step", "step": 138, "wall_ms": 47.46842384338379}
{"argmax": 468, "components": {"attention_block_ms": 0.0, "cache_append_ms": 0.0, "dense_attention_ms": 0.0, "host_to_gpu_ms": 0.0}, "cuda_ms": 47.435585021972656, "finite": true, "measured": true, "status": "decode_step", "step": 139, "wall_ms": 47.453771345317364}
{"argmax": 13, "components": {"attention_block_ms": 0.0, "cache_append_ms": 0.0, "dense_attention_ms": 0.0, "host_to_gpu_ms": 0.0}, "cuda_ms": 47.47110366821289, "finite": true, "measured": true, "status": "decode_step", "step": 140, "wall_ms": 47.488023061305285}
{"argmax": 2947, "components": {"attention_block_ms": 0.0, "cache_append_ms": 0.0, "dense_attention_ms": 0.0, "host_to_gpu_ms": 0.0}, "cuda_ms": 47.44451141357422, "finite": true, "measured": true, "status": "decode_step", "step": 141, "wall_ms": 47.463756054639816}
{"argmax": 8536, "components": {"attention_block_ms": 0.0, "cache_append_ms": 0.0, "dense_attention_ms": 0.0, "host_to_gpu_ms": 0.0}, "cuda_ms": 47.47545623779297, "finite": true, "measured": true, "status": "decode_step", "step": 142, "wall_ms": 47.49228898435831}
{"argmax": 6150, "components": {"attention_block_ms": 0.0, "cache_append_ms": 0.0, "dense_attention_ms": 0.0, "host_to_gpu_ms": 0.0}, "cuda_ms": 47.42988967895508, "finite": true, "measured": true, "status": "decode_step", "step": 143, "wall_ms": 47.449345234781504}
{"decode_cuda_median_ms": 47.436702728271484, "decode_wall_median_ms": 47.45409730821848, "result": "results/system_benchmarks/tp1_dense_full_v6/formal_dense_local_t131072_r1/benchmark.json", "status": "complete", "validated_layers": 0}
