{"context": 65536, "gpu": "NVIDIA L40S", "measure_steps": 128, "profile_components": false, "status": "starting", "storage": "local", "warmup_steps": 16}
Loading weights:   0%|          | 0/291 [00:00<?, ?it/s]Loading weights: 100%|██████████| 291/291 [00:00<00:00, 9103.77it/s]
{"allocated_gib": 22.975351333618164, "exact_kv_gib": 8.017578125, "gpu_staging_gib": 0.0, "host_exact_kv_gib": 0.0, "status": "model_ready"}
{"peak_allocated_gib": 26.765024185180664, "prefill_ms": 12429.287109375, "status": "prefill_complete"}
{"argmax": 11, "components": {"attention_block_ms": 0.0, "cache_append_ms": 0.0, "dense_attention_ms": 0.0, "host_to_gpu_ms": 0.0}, "cuda_ms": 102.5959701538086, "finite": true, "measured": false, "status": "decode_step", "step": 0, "wall_ms": 102.60455729439855}
{"argmax": 771, "components": {"attention_block_ms": 0.0, "cache_append_ms": 0.0, "dense_attention_ms": 0.0, "host_to_gpu_ms": 0.0}, "cuda_ms": 36.24291229248047, "finite": true, "measured": false, "status": "decode_step", "step": 1, "wall_ms": 36.2580269575119}
{"argmax": 39037, "components": {"attention_block_ms": 0.0, "cache_append_ms": 0.0, "dense_attention_ms": 0.0, "host_to_gpu_ms": 0.0}, "cuda_ms": 36.063297271728516, "finite": true, "measured": false, "status": "decode_step", "step": 2, "wall_ms": 36.08028078451753}
{"argmax": 698, "components": {"attention_block_ms": 0.0, "cache_append_ms": 0.0, "dense_attention_ms": 0.0, "host_to_gpu_ms": 0.0}, "cuda_ms": 35.98080062866211, "finite": true, "measured": false, "status": "decode_step", "step": 3, "wall_ms": 35.997907631099224}
{"argmax": 11, "components": {"attention_block_ms": 0.0, "cache_append_ms": 0.0, "dense_attention_ms": 0.0, "host_to_gpu_ms": 0.0}, "cuda_ms": 35.97187042236328, "finite": true, "measured": false, "status": "decode_step", "step": 4, "wall_ms": 35.989665891975164}
{"argmax": 315, "components": {"attention_block_ms": 0.0, "cache_append_ms": 0.0, "dense_attention_ms": 0.0, "host_to_gpu_ms": 0.0}, "cuda_ms": 35.973121643066406, "finite": true, "measured": false, "status": "decode_step", "step": 5, "wall_ms": 35.99453205242753}
{"argmax": 8184, "components": {"attention_block_ms": 0.0, "cache_append_ms": 0.0, "dense_attention_ms": 0.0, "host_to_gpu_ms": 0.0}, "cuda_ms": 35.98969650268555, "finite": true, "measured": false, "status": "decode_step", "step": 6, "wall_ms": 36.01025603711605}
{"argmax": 323, "components": {"attention_block_ms": 0.0, "cache_append_ms": 0.0, "dense_attention_ms": 0.0, "host_to_gpu_ms": 0.0}, "cuda_ms": 35.96380615234375, "finite": true, "measured": false, "status": "decode_step", "step": 7, "wall_ms": 35.97891004756093}
{"argmax": 7327, "components": {"attention_block_ms": 0.0, "cache_append_ms": 0.0, "dense_attention_ms": 0.0, "host_to_gpu_ms": 0.0}, "cuda_ms": 35.98137664794922, "finite": true, "measured": false, "status": "decode_step", "step": 8, "wall_ms": 35.998448729515076}
{"argmax": 23298, "components": {"attention_block_ms": 0.0, "cache_append_ms": 0.0, "dense_attention_ms": 0.0, "host_to_gpu_ms": 0.0}, "cuda_ms": 36.02067184448242, "finite": true, "measured": false, "status": "decode_step", "step": 9, "wall_ms": 36.03656589984894}
{"argmax": 11, "components": {"attention_block_ms": 0.0, "cache_append_ms": 0.0, "dense_attention_ms": 0.0, "host_to_gpu_ms": 0.0}, "cuda_ms": 35.969791412353516, "finite": true, "measured": false, "status": "decode_step", "step": 10, "wall_ms": 35.9870120882988}
{"argmax": 11, "components": {"attention_block_ms": 0.0, "cache_append_ms": 0.0, "dense_attention_ms": 0.0, "host_to_gpu_ms": 0.0}, "cuda_ms": 35.963294982910156, "finite": true, "measured": false, "status": "decode_step", "step": 11, "wall_ms": 35.98636016249657}
{"argmax": 323, "components": {"attention_block_ms": 0.0, "cache_append_ms": 0.0, "dense_attention_ms": 0.0, "host_to_gpu_ms": 0.0}, "cuda_ms": 36.000064849853516, "finite": true, "measured": false, "status": "decode_step", "step": 12, "wall_ms": 36.01981978863478}
{"argmax": 527, "components": {"attention_block_ms": 0.0, "cache_append_ms": 0.0, "dense_attention_ms": 0.0, "host_to_gpu_ms": 0.0}, "cuda_ms": 35.985599517822266, "finite": true, "measured": false, "status": "decode_step", "step": 13, "wall_ms": 36.005289293825626}
{"argmax": 264, "components": {"attention_block_ms": 0.0, "cache_append_ms": 0.0, "dense_attention_ms": 0.0, "host_to_gpu_ms": 0.0}, "cuda_ms": 35.970367431640625, "finite": true, "measured": false, "status": "decode_step", "step": 14, "wall_ms": 35.98425816744566}
{"argmax": 8536, "components": {"attention_block_ms": 0.0, "cache_append_ms": 0.0, "dense_attention_ms": 0.0, "host_to_gpu_ms": 0.0}, "cuda_ms": 35.967647552490234, "finite": true, "measured": false, "status": "decode_step", "step": 15, "wall_ms": 35.98734177649021}
{"argmax": 6150, "components": {"attention_block_ms": 0.0, "cache_append_ms": 0.0, "dense_attention_ms": 0.0, "host_to_gpu_ms": 0.0}, "cuda_ms": 35.986270904541016, "finite": true, "measured": true, "status": "decode_step", "step": 16, "wall_ms": 36.001844331622124}
{"argmax": 315, "components": {"attention_block_ms": 0.0, "cache_append_ms": 0.0, "dense_attention_ms": 0.0, "host_to_gpu_ms": 0.0}, "cuda_ms": 35.99235153198242, "finite": true, "measured": true, "status": "decode_step", "step": 17, "wall_ms": 36.01295035332441}
{"argmax": 11, "components": {"attention_block_ms": 0.0, "cache_append_ms": 0.0, "dense_attention_ms": 0.0, "host_to_gpu_ms": 0.0}, "cuda_ms": 35.9637451171875, "finite": true, "measured": true, "status": "decode_step", "step": 18, "wall_ms": 35.981171764433384}
{"argmax": 54, "components": {"attention_block_ms": 0.0, "cache_append_ms": 0.0, "dense_attention_ms": 0.0, "host_to_gpu_ms": 0.0}, "cuda_ms": 35.96012878417969, "finite": true, "measured": true, "status": "decode_step", "step": 19, "wall_ms": 35.97485274076462}
{"argmax": 374, "components": {"attention_block_ms": 0.0, "cache_append_ms": 0.0, "dense_attention_ms": 0.0, "host_to_gpu_ms": 0.0}, "cuda_ms": 35.96963119506836, "finite": true, "measured": true, "status": "decode_step", "step": 20, "wall_ms": 35.98997602239251}
{"argmax": 374, "components": {"attention_block_ms": 0.0, "cache_append_ms": 0.0, "dense_attention_ms": 0.0, "host_to_gpu_ms": 0.0}, "cuda_ms": 35.96681594848633, "finite": true, "measured": true, "status": "decode_step", "step": 21, "wall_ms": 35.98124207928777}
{"argmax": 279, "components": {"attention_block_ms": 0.0, "cache_append_ms": 0.0, "dense_attention_ms": 0.0, "host_to_gpu_ms": 0.0}, "cuda_ms": 35.96480178833008, "finite": true, "measured": true, "status": "decode_step", "step": 22, "wall_ms": 35.98271496593952}
{"argmax": 3560, "components": {"attention_block_ms": 0.0, "cache_append_ms": 0.0, "dense_attention_ms": 0.0, "host_to_gpu_ms": 0.0}, "cuda_ms": 35.9453125, "finite": true, "measured": true, "status": "decode_step", "step": 23, "wall_ms": 35.9602109529078}
{"argmax": 323, "components": {"attention_block_ms": 0.0, "cache_append_ms": 0.0, "dense_attention_ms": 0.0, "host_to_gpu_ms": 0.0}, "cuda_ms": 35.94348907470703, "finite": true, "measured": true, "status": "decode_step", "step": 24, "wall_ms": 35.963837057352066}
{"argmax": 26411, "components": {"attention_block_ms": 0.0, "cache_append_ms": 0.0, "dense_attention_ms": 0.0, "host_to_gpu_ms": 0.0}, "cuda_ms": 36.01545715332031, "finite": true, "measured": true, "status": "decode_step", "step": 25, "wall_ms": 36.03594470769167}
{"argmax": 1511, "components": {"attention_block_ms": 0.0, "cache_append_ms": 0.0, "dense_attention_ms": 0.0, "host_to_gpu_ms": 0.0}, "cuda_ms": 35.96860885620117, "finite": true, "measured": true, "status": "decode_step", "step": 26, "wall_ms": 35.98711080849171}
{"argmax": 7524, "components": {"attention_block_ms": 0.0, "cache_append_ms": 0.0, "dense_attention_ms": 0.0, "host_to_gpu_ms": 0.0}, "cuda_ms": 35.97404861450195, "finite": true, "measured": true, "status": "decode_step", "step": 27, "wall_ms": 35.99495301023126}
{"argmax": 11, "components": {"attention_block_ms": 0.0, "cache_append_ms": 0.0, "dense_attention_ms": 0.0, "host_to_gpu_ms": 0.0}, "cuda_ms": 35.949214935302734, "finite": true, "measured": true, "status": "decode_step", "step": 28, "wall_ms": 35.96376720815897}
{"argmax": 8907, "components": {"attention_block_ms": 0.0, "cache_append_ms": 0.0, "dense_attention_ms": 0.0, "host_to_gpu_ms": 0.0}, "cuda_ms": 35.98227310180664, "finite": true, "measured": true, "status": "decode_step", "step": 29, "wall_ms": 35.99813813343644}
{"argmax": 91605, "components": {"attention_block_ms": 0.0, "cache_append_ms": 0.0, "dense_attention_ms": 0.0, "host_to_gpu_ms": 0.0}, "cuda_ms": 35.95532989501953, "finite": true, "measured": true, "status": "decode_step", "step": 30, "wall_ms": 35.96954606473446}
{"argmax": 1862, "components": {"attention_block_ms": 0.0, "cache_append_ms": 0.0, "dense_attention_ms": 0.0, "host_to_gpu_ms": 0.0}, "cuda_ms": 35.932193756103516, "finite": true, "measured": true, "status": "decode_step", "step": 31, "wall_ms": 35.94899503514171}
{"argmax": 369, "components": {"attention_block_ms": 0.0, "cache_append_ms": 0.0, "dense_attention_ms": 0.0, "host_to_gpu_ms": 0.0}, "cuda_ms": 36.00048065185547, "finite": true, "measured": true, "status": "decode_step", "step": 32, "wall_ms": 36.01698623970151}
{"argmax": 586, "components": {"attention_block_ms": 0.0, "cache_append_ms": 0.0, "dense_attention_ms": 0.0, "host_to_gpu_ms": 0.0}, "cuda_ms": 35.97526550292969, "finite": true, "measured": true, "status": "decode_step", "step": 33, "wall_ms": 35.99478304386139}
{"argmax": 323, "components": {"attention_block_ms": 0.0, "cache_append_ms": 0.0, "dense_attention_ms": 0.0, "host_to_gpu_ms": 0.0}, "cuda_ms": 35.965694427490234, "finite": true, "measured": true, "status": "decode_step", "step": 34, "wall_ms": 35.98313499242067}
{"argmax": 11351, "components": {"attention_block_ms": 0.0, "cache_append_ms": 0.0, "dense_attention_ms": 0.0, "host_to_gpu_ms": 0.0}, "cuda_ms": 35.95814514160156, "finite": true, "measured": true, "status": "decode_step", "step": 35, "wall_ms": 35.974523052573204}
{"argmax": 13, "components": {"attention_block_ms": 0.0, "cache_append_ms": 0.0, "dense_attention_ms": 0.0, "host_to_gpu_ms": 0.0}, "cuda_ms": 35.97398376464844, "finite": true, "measured": true, "status": "decode_step", "step": 36, "wall_ms": 35.99439188838005}
{"argmax": 20783, "components": {"attention_block_ms": 0.0, "cache_append_ms": 0.0, "dense_attention_ms": 0.0, "host_to_gpu_ms": 0.0}, "cuda_ms": 35.96646499633789, "finite": true, "measured": true, "status": "decode_step", "step": 37, "wall_ms": 35.98123323172331}
{"argmax": 3388, "components": {"attention_block_ms": 0.0, "cache_append_ms": 0.0, "dense_attention_ms": 0.0, "host_to_gpu_ms": 0.0}, "cuda_ms": 35.95555114746094, "finite": true, "measured": true, "status": "decode_step", "step": 38, "wall_ms": 35.971047822386026}
{"argmax": 14861, "components": {"attention_block_ms": 0.0, "cache_append_ms": 0.0, "dense_attention_ms": 0.0, "host_to_gpu_ms": 0.0}, "cuda_ms": 35.96809768676758, "finite": true, "measured": true, "status": "decode_step", "step": 39, "wall_ms": 35.98382696509361}
{"argmax": 389, "components": {"attention_block_ms": 0.0, "cache_append_ms": 0.0, "dense_attention_ms": 0.0, "host_to_gpu_ms": 0.0}, "cuda_ms": 35.95228958129883, "finite": true, "measured": true, "status": "decode_step", "step": 40, "wall_ms": 35.969204269349575}
{"argmax": 279, "components": {"attention_block_ms": 0.0, "cache_append_ms": 0.0, "dense_attention_ms": 0.0, "host_to_gpu_ms": 0.0}, "cuda_ms": 35.963008880615234, "finite": true, "measured": true, "status": "decode_step", "step": 41, "wall_ms": 35.98015056923032}
{"argmax": 3560, "components": {"attention_block_ms": 0.0, "cache_append_ms": 0.0, "dense_attention_ms": 0.0, "host_to_gpu_ms": 0.0}, "cuda_ms": 35.9345588684082, "finite": true, "measured": true, "status": "decode_step", "step": 42, "wall_ms": 35.94969492405653}
{"argmax": 315, "components": {"attention_block_ms": 0.0, "cache_append_ms": 0.0, "dense_attention_ms": 0.0, "host_to_gpu_ms": 0.0}, "cuda_ms": 36.00841522216797, "finite": true, "measured": true, "status": "decode_step", "step": 43, "wall_ms": 36.025118082761765}
{"argmax": 33184, "components": {"attention_block_ms": 0.0, "cache_append_ms": 0.0, "dense_attention_ms": 0.0, "host_to_gpu_ms": 0.0}, "cuda_ms": 35.9442253112793, "finite": true, "measured": true, "status": "decode_step", "step": 44, "wall_ms": 35.95740720629692}
{"argmax": 11335, "components": {"attention_block_ms": 0.0, "cache_append_ms": 0.0, "dense_attention_ms": 0.0, "host_to_gpu_ms": 0.0}, "cuda_ms": 35.99603271484375, "finite": true, "measured": true, "status": "decode_step", "step": 45, "wall_ms": 36.01520415395498}
{"argmax": 304, "components": {"attention_block_ms": 0.0, "cache_append_ms": 0.0, "dense_attention_ms": 0.0, "host_to_gpu_ms": 0.0}, "cuda_ms": 35.98553466796875, "finite": true, "measured": true, "status": "decode_step", "step": 46, "wall_ms": 36.005458794534206}
{"argmax": 279, "components": {"attention_block_ms": 0.0, "cache_append_ms": 0.0, "dense_attention_ms": 0.0, "host_to_gpu_ms": 0.0}, "cuda_ms": 35.95743942260742, "finite": true, "measured": true, "status": "decode_step", "step": 47, "wall_ms": 35.97763832658529}
{"argmax": 4500, "components": {"attention_block_ms": 0.0, "cache_append_ms": 0.0, "dense_attention_ms": 0.0, "host_to_gpu_ms": 0.0}, "cuda_ms": 35.98982238769531, "finite": true, "measured": true, "status": "decode_step", "step": 48, "wall_ms": 36.008222959935665}
{"argmax": 315, "components": {"attention_block_ms": 0.0, "cache_append_ms": 0.0, "dense_attention_ms": 0.0, "host_to_gpu_ms": 0.0}, "cuda_ms": 35.9475212097168, "finite": true, "measured": true, "status": "decode_step", "step": 49, "wall_ms": 35.962624941021204}
{"argmax": 33184, "components": {"attention_block_ms": 0.0, "cache_append_ms": 0.0, "dense_attention_ms": 0.0, "host_to_gpu_ms": 0.0}, "cuda_ms": 35.97296142578125, "finite": true, "measured": true, "status": "decode_step", "step": 50, "wall_ms": 35.989555064588785}
{"argmax": 33184, "components": {"attention_block_ms": 0.0, "cache_append_ms": 0.0, "dense_attention_ms": 0.0, "host_to_gpu_ms": 0.0}, "cuda_ms": 35.98076629638672, "finite": true, "measured": true, "status": "decode_step", "step": 51, "wall_ms": 35.9990899451077}
{"argmax": 10706, "components": {"attention_block_ms": 0.0, "cache_append_ms": 0.0, "dense_attention_ms": 0.0, "host_to_gpu_ms": 0.0}, "cuda_ms": 35.97574234008789, "finite": true, "measured": true, "status": "decode_step", "step": 52, "wall_ms": 35.995963960886}
{"argmax": 323, "components": {"attention_block_ms": 0.0, "cache_append_ms": 0.0, "dense_attention_ms": 0.0, "host_to_gpu_ms": 0.0}, "cuda_ms": 35.9727668762207, "finite": true, "measured": true, "status": "decode_step", "step": 53, "wall_ms": 35.98735202103853}
{"argmax": 279, "components": {"attention_block_ms": 0.0, "cache_append_ms": 0.0, "dense_attention_ms": 0.0, "host_to_gpu_ms": 0.0}, "cuda_ms": 35.94764709472656, "finite": true, "measured": true, "status": "decode_step", "step": 54, "wall_ms": 35.96401680260897}
{"argmax": 5133, "components": {"attention_block_ms": 0.0, "cache_append_ms": 0.0, "dense_attention_ms": 0.0, "host_to_gpu_ms": 0.0}, "cuda_ms": 35.98166275024414, "finite": true, "measured": true, "status": "decode_step", "step": 55, "wall_ms": 35.99792765453458}
{"argmax": 311, "components": {"attention_block_ms": 0.0, "cache_append_ms": 0.0, "dense_attention_ms": 0.0, "host_to_gpu_ms": 0.0}, "cuda_ms": 35.94947052001953, "finite": true, "measured": true, "status": "decode_step", "step": 56, "wall_ms": 35.96904408186674}
{"argmax": 279, "components": {"attention_block_ms": 0.0, "cache_append_ms": 0.0, "dense_attention_ms": 0.0, "host_to_gpu_ms": 0.0}, "cuda_ms": 35.97257614135742, "finite": true, "measured": true, "status": "decode_step", "step": 57, "wall_ms": 35.99403193220496}
{"argmax": 323, "components": {"attention_block_ms": 0.0, "cache_append_ms": 0.0, "dense_attention_ms": 0.0, "host_to_gpu_ms": 0.0}, "cuda_ms": 35.95452880859375, "finite": true, "measured": true, "status": "decode_step", "step": 58, "wall_ms": 35.974562633782625}
{"argmax": 323, "components": {"attention_block_ms": 0.0, "cache_append_ms": 0.0, "dense_attention_ms": 0.0, "host_to_gpu_ms": 0.0}, "cuda_ms": 35.97740936279297, "finite": true, "measured": true, "status": "decode_step", "step": 59, "wall_ms": 35.99731670692563}
{"argmax": 41582, "components": {"attention_block_ms": 0.0, "cache_append_ms": 0.0, "dense_attention_ms": 0.0, "host_to_gpu_ms": 0.0}, "cuda_ms": 35.975711822509766, "finite": true, "measured": true, "status": "decode_step", "step": 60, "wall_ms": 35.99469317123294}
{"argmax": 11, "components": {"attention_block_ms": 0.0, "cache_append_ms": 0.0, "dense_attention_ms": 0.0, "host_to_gpu_ms": 0.0}, "cuda_ms": 35.967681884765625, "finite": true, "measured": true, "status": "decode_step", "step": 61, "wall_ms": 35.98550893366337}
{"argmax": 323, "components": {"attention_block_ms": 0.0, "cache_append_ms": 0.0, "dense_attention_ms": 0.0, "host_to_gpu_ms": 0.0}, "cuda_ms": 35.9725456237793, "finite": true, "measured": true, "status": "decode_step", "step": 62, "wall_ms": 35.988353192806244}
{"argmax": 3927, "components": {"attention_block_ms": 0.0, "cache_append_ms": 0.0, "dense_attention_ms": 0.0, "host_to_gpu_ms": 0.0}, "cuda_ms": 35.98905563354492, "finite": true, "measured": true, "status": "decode_step", "step": 63, "wall_ms": 36.007692106068134}
{"argmax": 11006, "components": {"attention_block_ms": 0.0, "cache_append_ms": 0.0, "dense_attention_ms": 0.0, "host_to_gpu_ms": 0.0}, "cuda_ms": 35.95756912231445, "finite": true, "measured": true, "status": "decode_step", "step": 64, "wall_ms": 35.99007613956928}
{"argmax": 5315, "components": {"attention_block_ms": 0.0, "cache_append_ms": 0.0, "dense_attention_ms": 0.0, "host_to_gpu_ms": 0.0}, "cuda_ms": 36.23004913330078, "finite": true, "measured": true, "status": "decode_step", "step": 65, "wall_ms": 36.25000407919288}
{"argmax": 519, "components": {"attention_block_ms": 0.0, "cache_append_ms": 0.0, "dense_attention_ms": 0.0, "host_to_gpu_ms": 0.0}, "cuda_ms": 35.988033294677734, "finite": true, "measured": true, "status": "decode_step", "step": 66, "wall_ms": 36.00767208263278}
{"argmax": 269, "components": {"attention_block_ms": 0.0, "cache_append_ms": 0.0, "dense_attention_ms": 0.0, "host_to_gpu_ms": 0.0}, "cuda_ms": 35.96681594848633, "finite": true, "measured": true, "status": "decode_step", "step": 67, "wall_ms": 35.98057245835662}
{"argmax": 11351, "components": {"attention_block_ms": 0.0, "cache_append_ms": 0.0, "dense_attention_ms": 0.0, "host_to_gpu_ms": 0.0}, "cuda_ms": 35.96614456176758, "finite": true, "measured": true, "status": "decode_step", "step": 68, "wall_ms": 35.98952479660511}
{"argmax": 13, "components": {"attention_block_ms": 0.0, "cache_append_ms": 0.0, "dense_attention_ms": 0.0, "host_to_gpu_ms": 0.0}, "cuda_ms": 35.97923278808594, "finite": true, "measured": true, "status": "decode_step", "step": 69, "wall_ms": 35.99544381722808}
{"argmax": 20783, "components": {"attention_block_ms": 0.0, "cache_append_ms": 0.0, "dense_attention_ms": 0.0, "host_to_gpu_ms": 0.0}, "cuda_ms": 35.96495819091797, "finite": true, "measured": true, "status": "decode_step", "step": 70, "wall_ms": 35.98676109686494}
{"argmax": 311, "components": {"attention_block_ms": 0.0, "cache_append_ms": 0.0, "dense_attention_ms": 0.0, "host_to_gpu_ms": 0.0}, "cuda_ms": 35.981727600097656, "finite": true, "measured": true, "status": "decode_step", "step": 71, "wall_ms": 36.003025248646736}
{"argmax": 19560, "components": {"attention_block_ms": 0.0, "cache_append_ms": 0.0, "dense_attention_ms": 0.0, "host_to_gpu_ms": 0.0}, "cuda_ms": 35.95916748046875, "finite": true, "measured": true, "status": "decode_step", "step": 72, "wall_ms": 35.978998988866806}
{"argmax": 468, "components": {"attention_block_ms": 0.0, "cache_append_ms": 0.0, "dense_attention_ms": 0.0, "host_to_gpu_ms": 0.0}, "cuda_ms": 35.96451187133789, "finite": true, "measured": true, "status": "decode_step", "step": 73, "wall_ms": 35.99081700667739}
{"argmax": 13, "components": {"attention_block_ms": 0.0, "cache_append_ms": 0.0, "dense_attention_ms": 0.0, "host_to_gpu_ms": 0.0}, "cuda_ms": 35.95449447631836, "finite": true, "measured": true, "status": "decode_step", "step": 74, "wall_ms": 35.967713221907616}
{"argmax": 2947, "components": {"attention_block_ms": 0.0, "cache_append_ms": 0.0, "dense_attention_ms": 0.0, "host_to_gpu_ms": 0.0}, "cuda_ms": 36.00483322143555, "finite": true, "measured": true, "status": "decode_step", "step": 75, "wall_ms": 36.02529922500253}
{"argmax": 8536, "components": {"attention_block_ms": 0.0, "cache_append_ms": 0.0, "dense_attention_ms": 0.0, "host_to_gpu_ms": 0.0}, "cuda_ms": 35.97532653808594, "finite": true, "measured": true, "status": "decode_step", "step": 76, "wall_ms": 35.99013574421406}
{"argmax": 6150, "components": {"attention_block_ms": 0.0, "cache_append_ms": 0.0, "dense_attention_ms": 0.0, "host_to_gpu_ms": 0.0}, "cuda_ms": 35.978206634521484, "finite": true, "measured": true, "status": "decode_step", "step": 77, "wall_ms": 35.99821822717786}
{"argmax": 315, "components": {"attention_block_ms": 0.0, "cache_append_ms": 0.0, "dense_attention_ms": 0.0, "host_to_gpu_ms": 0.0}, "cuda_ms": 35.957855224609375, "finite": true, "measured": true, "status": "decode_step", "step": 78, "wall_ms": 35.97837779670954}
{"argmax": 3142, "components": {"attention_block_ms": 0.0, "cache_append_ms": 0.0, "dense_attention_ms": 0.0, "host_to_gpu_ms": 0.0}, "cuda_ms": 35.959903717041016, "finite": true, "measured": true, "status": "decode_step", "step": 79, "wall_ms": 35.97534401342273}
{"argmax": 323, "components": {"attention_block_ms": 0.0, "cache_append_ms": 0.0, "dense_attention_ms": 0.0, "host_to_gpu_ms": 0.0}, "cuda_ms": 35.963966369628906, "finite": true, "measured": true, "status": "decode_step", "step": 80, "wall_ms": 35.98329611122608}
{"argmax": 7327, "components": {"attention_block_ms": 0.0, "cache_append_ms": 0.0, "dense_attention_ms": 0.0, "host_to_gpu_ms": 0.0}, "cuda_ms": 35.98524856567383, "finite": true, "measured": true, "status": "decode_step", "step": 81, "wall_ms": 35.998959094285965}
{"argmax": 23298, "components": {"attention_block_ms": 0.0, "cache_append_ms": 0.0, "dense_attention_ms": 0.0, "host_to_gpu_ms": 0.0}, "cuda_ms": 35.96278381347656, "finite": true, "measured": true, "status": "decode_step", "step": 82, "wall_ms": 35.98054079338908}
{"argmax": 4236, "components": {"attention_block_ms": 0.0, "cache_append_ms": 0.0, "dense_attention_ms": 0.0, "host_to_gpu_ms": 0.0}, "cuda_ms": 35.96566390991211, "finite": true, "measured": true, "status": "decode_step", "step": 83, "wall_ms": 35.980502143502235}
{"argmax": 26, "components": {"attention_block_ms": 0.0, "cache_append_ms": 0.0, "dense_attention_ms": 0.0, "host_to_gpu_ms": 0.0}, "cuda_ms": 36.00294494628906, "finite": true, "measured": true, "status": "decode_step", "step": 84, "wall_ms": 36.02152271196246}
{"argmax": 3885, "components": {"attention_block_ms": 0.0, "cache_append_ms": 0.0, "dense_attention_ms": 0.0, "host_to_gpu_ms": 0.0}, "cuda_ms": 35.97398376464844, "finite": true, "measured": true, "status": "decode_step", "step": 85, "wall_ms": 35.990437027066946}
{"argmax": 449, "components": {"attention_block_ms": 0.0, "cache_append_ms": 0.0, "dense_attention_ms": 0.0, "host_to_gpu_ms": 0.0}, "cuda_ms": 35.9535026550293, "finite": true, "measured": true, "status": "decode_step", "step": 86, "wall_ms": 35.96866363659501}
{"argmax": 2947, "components": {"attention_block_ms": 0.0, "cache_append_ms": 0.0, "dense_attention_ms": 0.0, "host_to_gpu_ms": 0.0}, "cuda_ms": 35.978336334228516, "finite": true, "measured": true, "status": "decode_step", "step": 87, "wall_ms": 35.99848784506321}
{"argmax": 8536, "components": {"attention_block_ms": 0.0, "cache_append_ms": 0.0, "dense_attention_ms": 0.0, "host_to_gpu_ms": 0.0}, "cuda_ms": 35.96278381347656, "finite": true, "measured": true, "status": "decode_step", "step": 88, "wall_ms": 35.982824862003326}
{"argmax": 6150, "components": {"attention_block_ms": 0.0, "cache_append_ms": 0.0, "dense_attention_ms": 0.0, "host_to_gpu_ms": 0.0}, "cuda_ms": 35.996192932128906, "finite": true, "measured": true, "status": "decode_step", "step": 89, "wall_ms": 36.01675573736429}
{"argmax": 8041, "components": {"attention_block_ms": 0.0, "cache_append_ms": 0.0, "dense_attention_ms": 0.0, "host_to_gpu_ms": 0.0}, "cuda_ms": 35.9672966003418, "finite": true, "measured": true, "status": "decode_step", "step": 90, "wall_ms": 35.9814940020442}
{"argmax": 627, "components": {"attention_block_ms": 0.0, "cache_append_ms": 0.0, "dense_attention_ms": 0.0, "host_to_gpu_ms": 0.0}, "cuda_ms": 36.000545501708984, "finite": true, "measured": true, "status": "decode_step", "step": 91, "wall_ms": 36.01672500371933}
{"argmax": 791, "components": {"attention_block_ms": 0.0, "cache_append_ms": 0.0, "dense_attention_ms": 0.0, "host_to_gpu_ms": 0.0}, "cuda_ms": 35.99776077270508, "finite": true, "measured": true, "status": "decode_step", "step": 92, "wall_ms": 36.01486189290881}
{"argmax": 3388, "components": {"attention_block_ms": 0.0, "cache_append_ms": 0.0, "dense_attention_ms": 0.0, "host_to_gpu_ms": 0.0}, "cuda_ms": 36.00163269042969, "finite": true, "measured": true, "status": "decode_step", "step": 93, "wall_ms": 36.02234413847327}
{"argmax": 49095, "components": {"attention_block_ms": 0.0, "cache_append_ms": 0.0, "dense_attention_ms": 0.0, "host_to_gpu_ms": 0.0}, "cuda_ms": 35.98495864868164, "finite": true, "measured": true, "status": "decode_step", "step": 94, "wall_ms": 36.003225948661566}
{"argmax": 6319, "components": {"attention_block_ms": 0.0, "cache_append_ms": 0.0, "dense_attention_ms": 0.0, "host_to_gpu_ms": 0.0}, "cuda_ms": 36.01055908203125, "finite": true, "measured": true, "status": "decode_step", "step": 95, "wall_ms": 36.03059612214565}
{"argmax": 4236, "components": {"attention_block_ms": 0.0, "cache_append_ms": 0.0, "dense_attention_ms": 0.0, "host_to_gpu_ms": 0.0}, "cuda_ms": 35.978816986083984, "finite": true, "measured": true, "status": "decode_step", "step": 96, "wall_ms": 35.99452320486307}
{"argmax": 889, "components": {"attention_block_ms": 0.0, "cache_append_ms": 0.0, "dense_attention_ms": 0.0, "host_to_gpu_ms": 0.0}, "cuda_ms": 35.9791374206543, "finite": true, "measured": true, "status": "decode_step", "step": 97, "wall_ms": 35.99789785221219}
{"argmax": 6156, "components": {"attention_block_ms": 0.0, "cache_append_ms": 0.0, "dense_attention_ms": 0.0, "host_to_gpu_ms": 0.0}, "cuda_ms": 35.98998260498047, "finite": true, "measured": true, "status": "decode_step", "step": 98, "wall_ms": 36.006529815495014}
{"argmax": 9021, "components": {"attention_block_ms": 0.0, "cache_append_ms": 0.0, "dense_attention_ms": 0.0, "host_to_gpu_ms": 0.0}, "cuda_ms": 35.982177734375, "finite": true, "measured": true, "status": "decode_step", "step": 99, "wall_ms": 36.003636196255684}
{"argmax": 374, "components": {"attention_block_ms": 0.0, "cache_append_ms": 0.0, "dense_attention_ms": 0.0, "host_to_gpu_ms": 0.0}, "cuda_ms": 35.96307373046875, "finite": true, "measured": true, "status": "decode_step", "step": 100, "wall_ms": 35.97963973879814}
{"argmax": 304, "components": {"attention_block_ms": 0.0, "cache_append_ms": 0.0, "dense_attention_ms": 0.0, "host_to_gpu_ms": 0.0}, "cuda_ms": 35.98940658569336, "finite": true, "measured": true, "status": "decode_step", "step": 101, "wall_ms": 36.00637102499604}
{"argmax": 33184, "components": {"attention_block_ms": 0.0, "cache_append_ms": 0.0, "dense_attention_ms": 0.0, "host_to_gpu_ms": 0.0}, "cuda_ms": 35.970176696777344, "finite": true, "measured": true, "status": "decode_step", "step": 102, "wall_ms": 35.9850088134408}
{"argmax": 10706, "components": {"attention_block_ms": 0.0, "cache_append_ms": 0.0, "dense_attention_ms": 0.0, "host_to_gpu_ms": 0.0}, "cuda_ms": 35.98662567138672, "finite": true, "measured": true, "status": "decode_step", "step": 103, "wall_ms": 36.005958914756775}
{"argmax": 13, "components": {"attention_block_ms": 0.0, "cache_append_ms": 0.0, "dense_attention_ms": 0.0, "host_to_gpu_ms": 0.0}, "cuda_ms": 35.97897720336914, "finite": true, "measured": true, "status": "decode_step", "step": 104, "wall_ms": 35.99797794595361}
{"argmax": 889, "components": {"attention_block_ms": 0.0, "cache_append_ms": 0.0, "dense_attention_ms": 0.0, "host_to_gpu_ms": 0.0}, "cuda_ms": 35.984352111816406, "finite": true, "measured": true, "status": "decode_step", "step": 105, "wall_ms": 36.00092185661197}
{"argmax": 311, "components": {"attention_block_ms": 0.0, "cache_append_ms": 0.0, "dense_attention_ms": 0.0, "host_to_gpu_ms": 0.0}, "cuda_ms": 35.96736145019531, "finite": true, "measured": true, "status": "decode_step", "step": 106, "wall_ms": 35.983115900307894}
{"argmax": 387, "components": {"attention_block_ms": 0.0, "cache_append_ms": 0.0, "dense_attention_ms": 0.0, "host_to_gpu_ms": 0.0}, "cuda_ms": 35.98099136352539, "finite": true, "measured": true, "status": "decode_step", "step": 107, "wall_ms": 36.00066201761365}
{"argmax": 264, "components": {"attention_block_ms": 0.0, "cache_append_ms": 0.0, "dense_attention_ms": 0.0, "host_to_gpu_ms": 0.0}, "cuda_ms": 35.96451187133789, "finite": true, "measured": true, "status": "decode_step", "step": 108, "wall_ms": 35.985258873552084}
{"argmax": 6373, "components": {"attention_block_ms": 0.0, "cache_append_ms": 0.0, "dense_attention_ms": 0.0, "host_to_gpu_ms": 0.0}, "cuda_ms": 35.962398529052734, "finite": true, "measured": true, "status": "decode_step", "step": 109, "wall_ms": 35.981784109026194}
{"argmax": 10093, "components": {"attention_block_ms": 0.0, "cache_append_ms": 0.0, "dense_attention_ms": 0.0, "host_to_gpu_ms": 0.0}, "cuda_ms": 35.97679901123047, "finite": true, "measured": true, "status": "decode_step", "step": 110, "wall_ms": 35.99368082359433}
{"argmax": 304, "components": {"attention_block_ms": 0.0, "cache_append_ms": 0.0, "dense_attention_ms": 0.0, "host_to_gpu_ms": 0.0}, "cuda_ms": 35.985633850097656, "finite": true, "measured": true, "status": "decode_step", "step": 111, "wall_ms": 36.000652238726616}
{"argmax": 37419, "components": {"attention_block_ms": 0.0, "cache_append_ms": 0.0, "dense_attention_ms": 0.0, "host_to_gpu_ms": 0.0}, "cuda_ms": 35.980735778808594, "finite": true, "measured": true, "status": "decode_step", "step": 112, "wall_ms": 35.99794674664736}
{"argmax": 13, "components": {"attention_block_ms": 0.0, "cache_append_ms": 0.0, "dense_attention_ms": 0.0, "host_to_gpu_ms": 0.0}, "cuda_ms": 35.97296142578125, "finite": true, "measured": true, "status": "decode_step", "step": 113, "wall_ms": 35.98743211477995}
{"argmax": 578, "components": {"attention_block_ms": 0.0, "cache_append_ms": 0.0, "dense_attention_ms": 0.0, "host_to_gpu_ms": 0.0}, "cuda_ms": 35.982879638671875, "finite": true, "measured": true, "status": "decode_step", "step": 114, "wall_ms": 35.998358856886625}
{"argmax": 3388, "components": {"attention_block_ms": 0.0, "cache_append_ms": 0.0, "dense_attention_ms": 0.0, "host_to_gpu_ms": 0.0}, "cuda_ms": 35.96092987060547, "finite": true, "measured": true, "status": "decode_step", "step": 115, "wall_ms": 35.98581999540329}
{"argmax": 374, "components": {"attention_block_ms": 0.0, "cache_append_ms": 0.0, "dense_attention_ms": 0.0, "host_to_gpu_ms": 0.0}, "cuda_ms": 35.98451232910156, "finite": true, "measured": true, "status": "decode_step", "step": 116, "wall_ms": 36.003956105560064}
{"argmax": 264, "components": {"attention_block_ms": 0.0, "cache_append_ms": 0.0, "dense_attention_ms": 0.0, "host_to_gpu_ms": 0.0}, "cuda_ms": 35.98051071166992, "finite": true, "measured": true, "status": "decode_step", "step": 117, "wall_ms": 36.00128320977092}
{"argmax": 6677, "components": {"attention_block_ms": 0.0, "cache_append_ms": 0.0, "dense_attention_ms": 0.0, "host_to_gpu_ms": 0.0}, "cuda_ms": 35.97468948364258, "finite": true, "measured": true, "status": "decode_step", "step": 118, "wall_ms": 35.99519422277808}
{"argmax": 323, "components": {"attention_block_ms": 0.0, "cache_append_ms": 0.0, "dense_attention_ms": 0.0, "host_to_gpu_ms": 0.0}, "cuda_ms": 36.01558303833008, "finite": true, "measured": true, "status": "decode_step", "step": 119, "wall_ms": 36.03238984942436}
{"argmax": 4236, "components": {"attention_block_ms": 0.0, "cache_append_ms": 0.0, "dense_attention_ms": 0.0, "host_to_gpu_ms": 0.0}, "cuda_ms": 35.972511291503906, "finite": true, "measured": true, "status": "decode_step", "step": 120, "wall_ms": 35.99197790026665}
{"argmax": 287, "components": {"attention_block_ms": 0.0, "cache_append_ms": 0.0, "dense_attention_ms": 0.0, "host_to_gpu_ms": 0.0}, "cuda_ms": 36.005470275878906, "finite": true, "measured": true, "status": "decode_step", "step": 121, "wall_ms": 36.02534905076027}
{"argmax": 11, "components": {"attention_block_ms": 0.0, "cache_append_ms": 0.0, "dense_attention_ms": 0.0, "host_to_gpu_ms": 0.0}, "cuda_ms": 35.982177734375, "finite": true, "measured": true, "status": "decode_step", "step": 122, "wall_ms": 36.002414766699076}
{"argmax": 279, "components": {"attention_block_ms": 0.0, "cache_append_ms": 0.0, "dense_attention_ms": 0.0, "host_to_gpu_ms": 0.0}, "cuda_ms": 35.97590255737305, "finite": true, "measured": true, "status": "decode_step", "step": 123, "wall_ms": 35.991386976093054}
{"argmax": 33184, "components": {"attention_block_ms": 0.0, "cache_append_ms": 0.0, "dense_attention_ms": 0.0, "host_to_gpu_ms": 0.0}, "cuda_ms": 35.97087860107422, "finite": true, "measured": true, "status": "decode_step", "step": 124, "wall_ms": 35.99197929725051}
{"argmax": 7471, "components": {"attention_block_ms": 0.0, "cache_append_ms": 0.0, "dense_attention_ms": 0.0, "host_to_gpu_ms": 0.0}, "cuda_ms": 36.00227355957031, "finite": true, "measured": true, "status": "decode_step", "step": 125, "wall_ms": 36.0217927955091}
{"argmax": 8830, "components": {"attention_block_ms": 0.0, "cache_append_ms": 0.0, "dense_attention_ms": 0.0, "host_to_gpu_ms": 0.0}, "cuda_ms": 35.99052810668945, "finite": true, "measured": true, "status": "decode_step", "step": 126, "wall_ms": 36.0109768807888}
{"argmax": 279, "components": {"attention_block_ms": 0.0, "cache_append_ms": 0.0, "dense_attention_ms": 0.0, "host_to_gpu_ms": 0.0}, "cuda_ms": 35.972129821777344, "finite": true, "measured": true, "status": "decode_step", "step": 127, "wall_ms": 35.98985495045781}
{"argmax": 3388, "components": {"attention_block_ms": 0.0, "cache_append_ms": 0.0, "dense_attention_ms": 0.0, "host_to_gpu_ms": 0.0}, "cuda_ms": 35.9664306640625, "finite": true, "measured": true, "status": "decode_step", "step": 128, "wall_ms": 35.986070055514574}
{"argmax": 369, "components": {"attention_block_ms": 0.0, "cache_append_ms": 0.0, "dense_attention_ms": 0.0, "host_to_gpu_ms": 0.0}, "cuda_ms": 35.985408782958984, "finite": true, "measured": true, "status": "decode_step", "step": 129, "wall_ms": 36.00572934374213}
{"argmax": 37419, "components": {"attention_block_ms": 0.0, "cache_append_ms": 0.0, "dense_attention_ms": 0.0, "host_to_gpu_ms": 0.0}, "cuda_ms": 36.004638671875, "finite": true, "measured": true, "status": "decode_step", "step": 130, "wall_ms": 36.02063190191984}
{"argmax": 6373, "components": {"attention_block_ms": 0.0, "cache_append_ms": 0.0, "dense_attention_ms": 0.0, "host_to_gpu_ms": 0.0}, "cuda_ms": 36.02329635620117, "finite": true, "measured": true, "status": "decode_step", "step": 131, "wall_ms": 36.043656058609486}
{"argmax": 11, "components": {"attention_block_ms": 0.0, "cache_append_ms": 0.0, "dense_attention_ms": 0.0, "host_to_gpu_ms": 0.0}, "cuda_ms": 35.97459030151367, "finite": true, "measured": true, "status": "decode_step", "step": 132, "wall_ms": 35.993841011077166}
{"argmax": 6020, "components": {"attention_block_ms": 0.0, "cache_append_ms": 0.0, "dense_attention_ms": 0.0, "host_to_gpu_ms": 0.0}, "cuda_ms": 35.994239807128906, "finite": true, "measured": true, "status": "decode_step", "step": 133, "wall_ms": 36.01406095549464}
{"argmax": 24043, "components": {"attention_block_ms": 0.0, "cache_append_ms": 0.0, "dense_attention_ms": 0.0, "host_to_gpu_ms": 0.0}, "cuda_ms": 35.9826545715332, "finite": true, "measured": true, "status": "decode_step", "step": 134, "wall_ms": 35.99540377035737}
{"argmax": 13, "components": {"attention_block_ms": 0.0, "cache_append_ms": 0.0, "dense_attention_ms": 0.0, "host_to_gpu_ms": 0.0}, "cuda_ms": 35.986175537109375, "finite": true, "measured": true, "status": "decode_step", "step": 135, "wall_ms": 36.00265504792333}
{"argmax": 578, "components": {"attention_block_ms": 0.0, "cache_append_ms": 0.0, "dense_attention_ms": 0.0, "host_to_gpu_ms": 0.0}, "cuda_ms": 36.00035095214844, "finite": true, "measured": true, "status": "decode_step", "step": 136, "wall_ms": 36.02142306044698}
{"argmax": 311, "components": {"attention_block_ms": 0.0, "cache_append_ms": 0.0, "dense_attention_ms": 0.0, "host_to_gpu_ms": 0.0}, "cuda_ms": 35.97411346435547, "finite": true, "measured": true, "status": "decode_step", "step": 137, "wall_ms": 35.98962491378188}
{"argmax": 19816, "components": {"attention_block_ms": 0.0, "cache_append_ms": 0.0, "dense_attention_ms": 0.0, "host_to_gpu_ms": 0.0}, "cuda_ms": 35.986270904541016, "finite": true, "measured": true, "status": "decode_step", "step": 138, "wall_ms": 36.00781178101897}
{"argmax": 468, "components": {"attention_block_ms": 0.0, "cache_append_ms": 0.0, "dense_attention_ms": 0.0, "host_to_gpu_ms": 0.0}, "cuda_ms": 36.00352096557617, "finite": true, "measured": true, "status": "decode_step", "step": 139, "wall_ms": 36.02199302986264}
{"argmax": 13, "components": {"attention_block_ms": 0.0, "cache_append_ms": 0.0, "dense_attention_ms": 0.0, "host_to_gpu_ms": 0.0}, "cuda_ms": 35.99776077270508, "finite": true, "measured": true, "status": "decode_step", "step": 140, "wall_ms": 36.017837934195995}
{"argmax": 2947, "components": {"attention_block_ms": 0.0, "cache_append_ms": 0.0, "dense_attention_ms": 0.0, "host_to_gpu_ms": 0.0}, "cuda_ms": 35.97177505493164, "finite": true, "measured": true, "status": "decode_step", "step": 141, "wall_ms": 35.991278011351824}
{"argmax": 8536, "components": {"attention_block_ms": 0.0, "cache_append_ms": 0.0, "dense_attention_ms": 0.0, "host_to_gpu_ms": 0.0}, "cuda_ms": 35.99900817871094, "finite": true, "measured": true, "status": "decode_step", "step": 142, "wall_ms": 36.01983981207013}
{"argmax": 6150, "components": {"attention_block_ms": 0.0, "cache_append_ms": 0.0, "dense_attention_ms": 0.0, "host_to_gpu_ms": 0.0}, "cuda_ms": 35.98876953125, "finite": true, "measured": true, "status": "decode_step", "step": 143, "wall_ms": 36.0089335590601}
{"decode_cuda_median_ms": 35.97529602050781, "decode_wall_median_ms": 35.99445754662156, "result": "results/system_benchmarks/tp1_dense_full_v6/formal_dense_local_t65536_r0/benchmark.json", "status": "complete", "validated_layers": 0}
