CASE 64 0 1 0 eager 0.05369599908590317 0.07288000360131264
CASE 64 0 1 0 graph 0.029984000138938427 0.024848000146448612
CASE 64 0 1 1 eager 0.029904000461101532 0.07264000177383423
CASE 64 0 1 1 graph 0.02980799973011017 0.02486399933695793
CASE 64 0 1 2 eager 0.029872000217437744 0.07292800024151802
CASE 64 0 1 2 graph 0.029839999973773956 0.02478400059044361
CASE 64 0 4 0 eager 0.04745600000023842 0.07665600255131721
CASE 64 0 4 0 graph 0.04707200080156326 0.03232000023126602
CASE 64 0 4 1 eager 0.04713600128889084 0.07344000041484833
CASE 64 0 4 1 graph 0.04740799963474274 0.032127998769283295
CASE 64 0 4 2 eager 0.04723200015723705 0.07438400015234947
CASE 64 0 4 2 graph 0.04732799902558327 0.03195200115442276
CASE 64 0 16 0 eager 0.04992000013589859 0.07708799839019775
CASE 64 0 16 0 graph 0.04878399893641472 0.03545600175857544
CASE 64 0 16 1 eager 0.050255998969078064 0.0745919980108738
CASE 64 0 16 1 graph 0.04911999963223934 0.035679999738931656
CASE 64 0 16 2 eager 0.04995200037956238 0.07430399954319
CASE 64 0 16 2 graph 0.04873599857091904 0.0352960005402565
CASE 64 0 64 0 eager 0.08641600236296654 0.076688002794981
CASE 64 0 64 0 graph 0.0913119986653328 0.052352000027894974
CASE 64 0 64 1 eager 0.08656000345945358 0.07371200248599052
CASE 64 0 64 1 graph 0.09011200070381165 0.05291200056672096
CASE 64 0 64 2 eager 0.08627200126647949 0.07460800185799599
CASE 64 0 64 2 graph 0.09012800082564354 0.05299199931323528
CASE 64 0 128 0 eager 0.11539199948310852 0.07611199840903282
CASE 64 0 128 0 graph 0.11638399958610535 0.0743199996650219
CASE 64 0 128 1 eager 0.11515199765563011 0.07348800078034401
CASE 64 0 128 1 graph 0.11588800325989723 0.07398399710655212
CASE 64 0 128 2 eager 0.11497599631547928 0.07494399696588516
CASE 64 0 128 2 graph 0.11606399714946747 0.07372800260782242
CASE 64 0 256 0 eager 0.14505600184202194 0.11428799852728844
CASE 64 0 256 0 graph 0.14587199687957764 0.11441599950194359
CASE 64 0 256 1 eager 0.1454240009188652 0.1146400012075901
CASE 64 0 256 1 graph 0.14505599439144135 0.11473600193858147
CASE 64 0 256 2 eager 0.14529599994421005 0.11502400040626526
CASE 64 0 256 2 graph 0.1457120031118393 0.11468800157308578
CASE 64 18 1 0 eager 0.03251200169324875 0.0745600014925003
CASE 64 18 1 0 graph 0.028111999854445457 0.02420799992978573
CASE 64 18 1 1 eager 0.028111999854445457 0.07547200098633766
CASE 64 18 1 1 graph 0.02792000025510788 0.02420799992978573
CASE 64 18 1 2 eager 0.02759999968111515 0.0751039981842041
CASE 64 18 1 2 graph 0.02801600005477667 0.02412799932062626
CASE 64 18 4 0 eager 0.03744000010192394 0.07523199915885925
CASE 64 18 4 0 graph 0.03681600093841553 0.02497600018978119
CASE 64 18 4 1 eager 0.03731200098991394 0.07319999858736992
CASE 64 18 4 1 graph 0.0368800014257431 0.024992000311613083
CASE 64 18 4 2 eager 0.03728000074625015 0.0737760029733181
CASE 64 18 4 2 graph 0.036639999598264694 0.025119999423623085
CASE 64 18 16 0 eager 0.04211200028657913 0.07464000210165977
CASE 64 18 16 0 graph 0.040063999593257904 0.027904000133275986
CASE 64 18 16 1 eager 0.04225600138306618 0.0732479989528656
CASE 64 18 16 1 graph 0.039712000638246536 0.028144000098109245
CASE 64 18 16 2 eager 0.042160000652074814 0.07407999783754349
CASE 64 18 16 2 graph 0.04024000093340874 0.028239999897778034
CASE 64 18 64 0 eager 0.07310399785637856 0.07849600166082382
CASE 64 18 64 0 graph 0.07295999675989151 0.04052799940109253
CASE 64 18 64 1 eager 0.07292799651622772 0.07419199869036674
CASE 64 18 64 1 graph 0.07742400094866753 0.040463998913764954
CASE 64 18 64 2 eager 0.07305599749088287 0.07473600283265114
CASE 64 18 64 2 graph 0.07337599992752075 0.040352001786231995
CASE 64 18 128 0 eager 0.09651199728250504 0.07507199794054031
CASE 64 18 128 0 graph 0.09720000252127647 0.06168000027537346
CASE 64 18 128 1 eager 0.09590400010347366 0.0737760029733181
CASE 64 18 128 1 graph 0.09729600325226784 0.06008000113070011
CASE 64 18 128 2 eager 0.09638399630784988 0.07372800260782242
CASE 64 18 128 2 graph 0.097120001912117 0.06196799874305725
CASE 64 18 256 0 eager 0.1318880021572113 0.09497600048780441
CASE 64 18 256 0 graph 0.1324480026960373 0.09441599994897842
CASE 64 18 256 1 eager 0.13150399923324585 0.09512000158429146
CASE 64 18 256 1 graph 0.13176000118255615 0.0942080020904541
CASE 64 18 256 2 eager 0.13147199898958206 0.09476799890398979
CASE 64 18 256 2 graph 0.13102400302886963 0.09425600245594978
CASE 64 35 1 0 eager 0.02404800057411194 0.07580799981951714
CASE 64 35 1 0 graph 0.07075200229883194 0.07011199742555618
CASE 64 35 1 1 eager 0.023744000121951103 0.0737759992480278
CASE 64 35 1 1 graph 0.06454399973154068 0.07329599931836128
CASE 64 35 1 2 eager 0.023824000731110573 0.07238399982452393
CASE 64 35 1 2 graph 0.06425600126385689 0.0684799998998642
CASE 64 35 4 0 eager 0.030527999624609947 0.07468800246715546
CASE 64 35 4 0 graph 0.055376000702381134 0.07043199986219406
CASE 64 35 4 1 eager 0.030160000547766685 0.0745760016143322
CASE 64 35 4 1 graph 0.07076799869537354 0.07262399792671204
CASE 64 35 4 2 eager 0.030368000268936157 0.07335999980568886
CASE 64 35 4 2 graph 0.05084800161421299 0.06323199905455112
CASE 64 35 16 0 eager 0.032127998769283295 0.07580799981951714
CASE 64 35 16 0 graph 0.07200000062584877 0.05894400179386139
CASE 64 35 16 1 eager 0.032048000022768974 0.07443200051784515
CASE 64 35 16 1 graph 0.0806879997253418 0.07188799977302551
CASE 64 35 16 2 eager 0.032207999378442764 0.07481599971652031
CASE 64 35 16 2 graph 0.08553599938750267 0.06526399962604046
CASE 64 35 64 0 eager 0.04707200080156326 0.07652800157666206
CASE 64 35 64 0 graph 0.049216000363230705 0.08027200028300285
CASE 64 35 64 1 eager 0.04742399975657463 0.07436800003051758
CASE 64 35 64 1 graph 0.048767998814582825 0.08310399949550629
CASE 64 35 64 2 eager 0.04686399921774864 0.07052800059318542
CASE 64 35 64 2 graph 0.04899200052022934 0.08020799979567528
CASE 64 35 128 0 eager 0.056912001222372055 0.07681600004434586
CASE 64 35 128 0 graph 0.05793599970638752 0.04062400013208389
CASE 64 35 128 1 eager 0.05684800073504448 0.07344000041484833
CASE 64 35 128 1 graph 0.05711999908089638 0.040431998670101166
CASE 64 35 128 2 eager 0.05688000097870827 0.0735200010240078
CASE 64 35 128 2 graph 0.05724800005555153 0.0414079986512661
CASE 64 35 256 0 eager 0.09286399930715561 0.07560000196099281
CASE 64 35 256 0 graph 0.09252799674868584 0.05843199975788593
CASE 64 35 256 1 eager 0.09257599711418152 0.07436800003051758
CASE 64 35 256 1 graph 0.09259199723601341 0.05751999840140343
CASE 64 35 256 2 eager 0.09270399808883667 0.07411199808120728
CASE 64 35 256 2 graph 0.09243200346827507 0.05724800005555153
CASE 96 0 1 0 eager 0.07380800321698189 0.07313599810004234
CASE 96 0 1 0 graph 0.05724800005555153 0.026464000344276428
CASE 96 0 1 1 eager 0.05649599991738796 0.07380800321698189
CASE 96 0 1 1 graph 0.05708799883723259 0.026448000222444534
CASE 96 0 1 2 eager 0.056832000613212585 0.07464000210165977
CASE 96 0 1 2 graph 0.05697599984705448 0.02627200074493885
CASE 96 0 4 0 eager 0.05689600110054016 0.077504001557827
CASE 96 0 4 0 graph 0.057103998959064484 0.03352000005543232
CASE 96 0 4 1 eager 0.05700800009071827 0.07340800017118454
CASE 96 0 4 1 graph 0.05724800005555153 0.03411199897527695
CASE 96 0 4 2 eager 0.05702400021255016 0.0743199996650219
CASE 96 0 4 2 graph 0.05684800073504448 0.03376000002026558
CASE 96 0 16 0 eager 0.05764799937605858 0.07488000020384789
CASE 96 0 16 0 graph 0.05819199979305267 0.0376800000667572
CASE 96 0 16 1 eager 0.05804799869656563 0.07303999736905098
CASE 96 0 16 1 graph 0.0575999990105629 0.03815999999642372
CASE 96 0 16 2 eager 0.05769599974155426 0.07480000331997871
CASE 96 0 16 2 graph 0.05838399939239025 0.038176000118255615
CASE 96 0 64 0 eager 0.11406399682164192 0.07390399649739265
CASE 96 0 64 0 graph 0.11414399743080139 0.060736000537872314
CASE 96 0 64 1 eager 0.11387200281023979 0.07284800335764885
CASE 96 0 64 1 graph 0.1133119985461235 0.06032000109553337
CASE 96 0 64 2 eager 0.1130719967186451 0.07353600114583969
CASE 96 0 64 2 graph 0.11315199732780457 0.060447998344898224
CASE 96 0 128 0 eager 0.12675199657678604 0.08975999802350998
CASE 96 0 128 0 graph 0.1273759976029396 0.0891840010881424
CASE 96 0 128 1 eager 0.1266079992055893 0.08975999802350998
CASE 96 0 128 1 graph 0.12747199833393097 0.08923200145363808
CASE 96 0 128 2 eager 0.12639999389648438 0.08990399911999702
CASE 96 0 128 2 graph 0.12759999930858612 0.08937600255012512
CASE 96 0 256 0 eager 0.17772799730300903 0.12647999823093414
CASE 96 0 256 0 graph 0.17654399573802948 0.1263199970126152
CASE 96 0 256 1 eager 0.17564800381660461 0.12678399682044983
CASE 96 0 256 1 graph 0.17766399681568146 0.1268799975514412
CASE 96 0 256 2 eager 0.17481599748134613 0.12646399438381195
CASE 96 0 256 2 graph 0.1791359931230545 0.1271200031042099
CASE 96 18 1 0 eager 0.07382400333881378 0.07360000163316727
CASE 96 18 1 0 graph 0.056991999968886375 0.026240000501275063
CASE 96 18 1 1 eager 0.05684800073504448 0.0780319981276989
CASE 96 18 1 1 graph 0.057151999324560165 0.026367999613285065
CASE 96 18 1 2 eager 0.05681600049138069 0.07345600053668022
CASE 96 18 1 2 graph 0.05718399956822395 0.026176000013947487
CASE 96 18 4 0 eager 0.05716799944639206 0.07415999844670296
CASE 96 18 4 0 graph 0.056384000927209854 0.03441600129008293
CASE 96 18 4 1 eager 0.056703999638557434 0.07393599674105644
CASE 96 18 4 1 graph 0.05686400085687637 0.03377600014209747
CASE 96 18 4 2 eager 0.05697600170969963 0.07440000027418137
CASE 96 18 4 2 graph 0.05708799883723259 0.034063998609781265
CASE 96 18 16 0 eager 0.05788800120353699 0.07385599985718727
CASE 96 18 16 0 graph 0.0581279993057251 0.03824000060558319
CASE 96 18 16 1 eager 0.058111999183893204 0.07544000074267387
CASE 96 18 16 1 graph 0.05830400064587593 0.038095999509096146
CASE 96 18 16 2 eager 0.057951999828219414 0.07646400108933449
CASE 96 18 16 2 graph 0.058031998574733734 0.03790399990975857
CASE 96 18 64 0 eager 0.11347199976444244 0.07412799820303917
CASE 96 18 64 0 graph 0.11407999694347382 0.06080000102519989
CASE 96 18 64 1 eager 0.11343999952077866 0.07372800260782242
CASE 96 18 64 1 graph 0.11289600282907486 0.06068800017237663
CASE 96 18 64 2 eager 0.11308799684047699 0.07526399940252304
CASE 96 18 64 2 graph 0.11315199732780457 0.06070400029420853
CASE 96 18 128 0 eager 0.12699200212955475 0.08964799717068672
CASE 96 18 128 0 graph 0.12769600003957748 0.08936000242829323
CASE 96 18 128 1 eager 0.12625599652528763 0.0899679996073246
CASE 96 18 128 1 graph 0.12702400237321854 0.08950400352478027
CASE 96 18 128 2 eager 0.1263199970126152 0.08979199826717377
CASE 96 18 128 2 graph 0.12841599434614182 0.08948800340294838
CASE 96 18 256 0 eager 0.1786080002784729 0.12696000188589096
CASE 96 18 256 0 graph 0.1783359944820404 0.1263199970126152
CASE 96 18 256 1 eager 0.1772639974951744 0.12750399857759476
CASE 96 18 256 1 graph 0.17785599827766418 0.1268800050020218
CASE 96 18 256 2 eager 0.1767840012907982 0.12671999633312225
CASE 96 18 256 2 graph 0.17716799676418304 0.12564799934625626
CASE 96 35 1 0 eager 0.03139200061559677 0.07300800085067749
CASE 96 35 1 0 graph 0.027904000133275986 0.023951999843120575
CASE 96 35 1 1 eager 0.027712000533938408 0.07532799988985062
CASE 96 35 1 1 graph 0.027823999524116516 0.02403199952095747
CASE 96 35 1 2 eager 0.027775999158620834 0.07398399710655212
CASE 96 35 1 2 graph 0.027775999158620834 0.02404800057411194
CASE 96 35 4 0 eager 0.03713599964976311 0.07569599896669388
CASE 96 35 4 0 graph 0.036559998989105225 0.025119999423623085
CASE 96 35 4 1 eager 0.03713599964976311 0.07073600217700005
CASE 96 35 4 1 graph 0.03638400137424469 0.02497600018978119
CASE 96 35 4 2 eager 0.037376001477241516 0.08017599955201149
CASE 96 35 4 2 graph 0.036768000572919846 0.024864000268280506
CASE 96 35 16 0 eager 0.042208001017570496 0.07566400244832039
CASE 96 35 16 0 graph 0.039792001247406006 0.0284000001847744
CASE 96 35 16 1 eager 0.04217600077390671 0.07399999722838402
CASE 96 35 16 1 graph 0.04012800008058548 0.02816000021994114
CASE 96 35 16 2 eager 0.04230399988591671 0.0737600028514862
CASE 96 35 16 2 graph 0.03993599861860275 0.028335999697446823
CASE 96 35 64 0 eager 0.07318399846553802 0.07423999905586243
CASE 96 35 64 0 graph 0.0732319988310337 0.04068800061941147
CASE 96 35 64 1 eager 0.07303999736905098 0.08007999882102013
CASE 96 35 64 1 graph 0.07368000224232674 0.04064000025391579
CASE 96 35 64 2 eager 0.07300799712538719 0.07745600119233131
CASE 96 35 64 2 graph 0.07319999858736992 0.04068800061941147
CASE 96 35 128 0 eager 0.09643199667334557 0.07393599674105644
CASE 96 35 128 0 graph 0.09777599945664406 0.06193599849939346
CASE 96 35 128 1 eager 0.09612800180912018 0.0745600014925003
CASE 96 35 128 1 graph 0.09758399799466133 0.05942400172352791
CASE 96 35 128 2 eager 0.09612800180912018 0.07472000271081924
CASE 96 35 128 2 graph 0.09854399785399437 0.05974400043487549
CASE 96 35 256 0 eager 0.1319200024008751 0.0949920006096363
CASE 96 35 256 0 graph 0.13052800297737122 0.09425600245594978
CASE 96 35 256 1 eager 0.13199999928474426 0.0960800014436245
CASE 96 35 256 1 graph 0.1321919932961464 0.09441599994897842
CASE 96 35 256 2 eager 0.1316640004515648 0.09492800012230873
CASE 96 35 256 2 graph 0.13131199777126312 0.09459199756383896
COMPLETE formal
