CASE 64 18 1 0 eager 0.05097600072622299 0.08617600053548813
CASE 64 18 1 0 graph 0.08675199747085571 0.0966079980134964
[rank6]: Traceback (most recent call last):
[rank6]:   File "/workspace/BasisServe-CALS/evaluation/benchmark_qwen3_a8_tp8.py", line 192, in <module>
[rank6]:     main()
[rank6]:   File "/workspace/miniforge3/envs/basis/lib/python3.12/site-packages/torch/utils/_contextlib.py", line 124, in decorate_context
[rank6]:     return func(*args, **kwargs)
[rank6]:            ^^^^^^^^^^^^^^^^^^^^^
[rank6]:   File "/workspace/BasisServe-CALS/evaluation/benchmark_qwen3_a8_tp8.py", line 152, in main
[rank6]:     assert torch.equal(arena,expected)
[rank6]:            ^^^^^^^^^^^^^^^^^^^^^^^^^^^
[rank6]: AssertionError
[rank2]: Traceback (most recent call last):
[rank2]:   File "/workspace/BasisServe-CALS/evaluation/benchmark_qwen3_a8_tp8.py", line 192, in <module>
[rank2]:     main()
[rank2]:   File "/workspace/miniforge3/envs/basis/lib/python3.12/site-packages/torch/utils/_contextlib.py", line 124, in decorate_context
[rank2]:     return func(*args, **kwargs)
[rank2]:            ^^^^^^^^^^^^^^^^^^^^^
[rank2]:   File "/workspace/BasisServe-CALS/evaluation/benchmark_qwen3_a8_tp8.py", line 152, in main
[rank2]:     assert torch.equal(arena,expected)
[rank2]:            ^^^^^^^^^^^^^^^^^^^^^^^^^^^
[rank2]: AssertionError
[rank7]: Traceback (most recent call last):
[rank7]:   File "/workspace/BasisServe-CALS/evaluation/benchmark_qwen3_a8_tp8.py", line 192, in <module>
[rank7]:     main()
[rank7]:   File "/workspace/miniforge3/envs/basis/lib/python3.12/site-packages/torch/utils/_contextlib.py", line 124, in decorate_context
[rank7]:     return func(*args, **kwargs)
[rank7]:            ^^^^^^^^^^^^^^^^^^^^^
[rank7]:   File "/workspace/BasisServe-CALS/evaluation/benchmark_qwen3_a8_tp8.py", line 152, in main
[rank7]:     assert torch.equal(arena,expected)
[rank7]:            ^^^^^^^^^^^^^^^^^^^^^^^^^^^
[rank7]: AssertionError
[rank4]: Traceback (most recent call last):
[rank4]:   File "/workspace/BasisServe-CALS/evaluation/benchmark_qwen3_a8_tp8.py", line 192, in <module>
[rank4]:     main()
[rank4]:   File "/workspace/miniforge3/envs/basis/lib/python3.12/site-packages/torch/utils/_contextlib.py", line 124, in decorate_context
[rank4]:     return func(*args, **kwargs)
[rank4]:            ^^^^^^^^^^^^^^^^^^^^^
[rank4]:   File "/workspace/BasisServe-CALS/evaluation/benchmark_qwen3_a8_tp8.py", line 152, in main
[rank4]:     assert torch.equal(arena,expected)
[rank4]:            ^^^^^^^^^^^^^^^^^^^^^^^^^^^
[rank4]: AssertionError
[rank5]: Traceback (most recent call last):
[rank5]:   File "/workspace/BasisServe-CALS/evaluation/benchmark_qwen3_a8_tp8.py", line 192, in <module>
[rank5]:     main()
[rank5]:   File "/workspace/miniforge3/envs/basis/lib/python3.12/site-packages/torch/utils/_contextlib.py", line 124, in decorate_context
[rank5]:     return func(*args, **kwargs)
[rank5]:            ^^^^^^^^^^^^^^^^^^^^^
[rank5]:   File "/workspace/BasisServe-CALS/evaluation/benchmark_qwen3_a8_tp8.py", line 152, in main
[rank5]:     assert torch.equal(arena,expected)
[rank5]:            ^^^^^^^^^^^^^^^^^^^^^^^^^^^
[rank5]: AssertionError
[rank1]: Traceback (most recent call last):
[rank1]:   File "/workspace/BasisServe-CALS/evaluation/benchmark_qwen3_a8_tp8.py", line 192, in <module>
[rank1]:     main()
[rank1]:   File "/workspace/miniforge3/envs/basis/lib/python3.12/site-packages/torch/utils/_contextlib.py", line 124, in decorate_context
[rank1]:     return func(*args, **kwargs)
[rank1]:            ^^^^^^^^^^^^^^^^^^^^^
[rank1]:   File "/workspace/BasisServe-CALS/evaluation/benchmark_qwen3_a8_tp8.py", line 152, in main
[rank1]:     assert torch.equal(arena,expected)
[rank1]:            ^^^^^^^^^^^^^^^^^^^^^^^^^^^
[rank1]: AssertionError
[rank3]: Traceback (most recent call last):
[rank3]:   File "/workspace/BasisServe-CALS/evaluation/benchmark_qwen3_a8_tp8.py", line 192, in <module>
[rank3]:     main()
[rank3]:   File "/workspace/miniforge3/envs/basis/lib/python3.12/site-packages/torch/utils/_contextlib.py", line 124, in decorate_context
[rank3]:     return func(*args, **kwargs)
[rank3]:            ^^^^^^^^^^^^^^^^^^^^^
[rank3]:   File "/workspace/BasisServe-CALS/evaluation/benchmark_qwen3_a8_tp8.py", line 152, in main
[rank3]:     assert torch.equal(arena,expected)
[rank3]:            ^^^^^^^^^^^^^^^^^^^^^^^^^^^
[rank3]: AssertionError
[rank0]: Traceback (most recent call last):
[rank0]:   File "/workspace/BasisServe-CALS/evaluation/benchmark_qwen3_a8_tp8.py", line 192, in <module>
[rank0]:     main()
[rank0]:   File "/workspace/miniforge3/envs/basis/lib/python3.12/site-packages/torch/utils/_contextlib.py", line 124, in decorate_context
[rank0]:     return func(*args, **kwargs)
[rank0]:            ^^^^^^^^^^^^^^^^^^^^^
[rank0]:   File "/workspace/BasisServe-CALS/evaluation/benchmark_qwen3_a8_tp8.py", line 152, in main
[rank0]:     assert torch.equal(arena,expected)
[rank0]:            ^^^^^^^^^^^^^^^^^^^^^^^^^^^
[rank0]: AssertionError
[rank0]:[W925 17:00:00.461920566 ProcessGroupNCCL.cpp:1624] Warning: WARNING: destroy_process_group() was not called before program exit, which can leak resources. For more info, please see https://pytorch.org/docs/stable/distributed.html#shutdown (function operator())
W0925 17:00:01.417000 492045 site-packages/torch/distributed/elastic/multiprocessing/api.py:1028] Sending process 492061 closing signal SIGTERM
W0925 17:00:01.417000 492045 site-packages/torch/distributed/elastic/multiprocessing/api.py:1028] Sending process 492062 closing signal SIGTERM
W0925 17:00:01.417000 492045 site-packages/torch/distributed/elastic/multiprocessing/api.py:1028] Sending process 492063 closing signal SIGTERM
W0925 17:00:01.417000 492045 site-packages/torch/distributed/elastic/multiprocessing/api.py:1028] Sending process 492064 closing signal SIGTERM
W0925 17:00:01.418000 492045 site-packages/torch/distributed/elastic/multiprocessing/api.py:1028] Sending process 492065 closing signal SIGTERM
W0925 17:00:01.418000 492045 site-packages/torch/distributed/elastic/multiprocessing/api.py:1028] Sending process 492067 closing signal SIGTERM
E0925 17:00:01.934000 492045 site-packages/torch/distributed/elastic/multiprocessing/api.py:1002] failed (exitcode: 1) local_rank: 5 (pid: 492066) of binary: /workspace/miniforge3/envs/basis/bin/python
Traceback (most recent call last):
  File "<frozen runpy>", line 198, in _run_module_as_main
  File "<frozen runpy>", line 88, in _run_code
  File "/workspace/miniforge3/envs/basis/lib/python3.12/site-packages/torch/distributed/run.py", line 1032, in <module>
    main()
  File "/workspace/miniforge3/envs/basis/lib/python3.12/site-packages/torch/distributed/elastic/multiprocessing/errors/__init__.py", line 367, in wrapper
    return f(*args, **kwargs)
           ^^^^^^^^^^^^^^^^^^
  File "/workspace/miniforge3/envs/basis/lib/python3.12/site-packages/torch/distributed/run.py", line 1028, in main
    run(args)
  File "/workspace/miniforge3/envs/basis/lib/python3.12/site-packages/torch/distributed/run.py", line 1019, in run
    elastic_launch(
  File "/workspace/miniforge3/envs/basis/lib/python3.12/site-packages/torch/distributed/launcher/api.py", line 194, in __call__
    return launch_agent(
           ^^^^^^^^^^^^^
  File "/workspace/miniforge3/envs/basis/lib/python3.12/site-packages/torch/distributed/launcher/api.py", line 383, in launch_agent
    raise ChildFailedError(
torch.distributed.elastic.multiprocessing.errors.ChildFailedError: 
============================================================
evaluation/benchmark_qwen3_a8_tp8.py FAILED
------------------------------------------------------------
Failures:
[1]:
  time      : 2026-09-25_17:00:01
  host      : 4abf9c34fd8c
  rank      : 7 (local_rank: 7)
  exitcode  : 1 (pid: 492068) 
  error_file: <N/A>
  traceback : To enable traceback see: https://pytorch.org/docs/stable/elastic/errors.html
[2]:
  time      : 2026-09-25_17:00:01
  host      : 4abf9c34fd8c
  rank      : 0 (local_rank: 0)
  exitcode  : -15 (pid: 492061)  (SIGTERM)
  error_file: <N/A>
  traceback : Signal 15 (SIGTERM) received by PID 492061
[3]:
  time      : 2026-09-25_17:00:01
  host      : 4abf9c34fd8c
  rank      : 1 (local_rank: 1)
  exitcode  : 1 (pid: 492062) 
  error_file: <N/A>
  traceback : To enable traceback see: https://pytorch.org/docs/stable/elastic/errors.html
[4]:
  time      : 2026-09-25_17:00:01
  host      : 4abf9c34fd8c
  rank      : 2 (local_rank: 2)
  exitcode  : -15 (pid: 492063)  (SIGTERM)
  error_file: <N/A>
  traceback : Signal 15 (SIGTERM) received by PID 492063
[5]:
  time      : 2026-09-25_17:00:01
  host      : 4abf9c34fd8c
  rank      : 3 (local_rank: 3)
  exitcode  : 1 (pid: 492064) 
  error_file: <N/A>
  traceback : To enable traceback see: https://pytorch.org/docs/stable/elastic/errors.html
[6]:
  time      : 2026-09-25_17:00:01
  host      : 4abf9c34fd8c
  rank      : 4 (local_rank: 4)
  exitcode  : -15 (pid: 492065)  (SIGTERM)
  error_file: <N/A>
  traceback : Signal 15 (SIGTERM) received by PID 492065
[7]:
  time      : 2026-09-25_17:00:01
  host      : 4abf9c34fd8c
  rank      : 6 (local_rank: 6)
  exitcode  : -15 (pid: 492067)  (SIGTERM)
  error_file: <N/A>
  traceback : Signal 15 (SIGTERM) received by PID 492067
------------------------------------------------------------
Root Cause (first observed failure):
[0]:
  time      : 2026-09-25_17:00:01
  host      : 4abf9c34fd8c
  rank      : 5 (local_rank: 5)
  exitcode  : 1 (pid: 492066) 
  error_file: <N/A>
  traceback : To enable traceback see: https://pytorch.org/docs/stable/elastic/errors.html
============================================================
ERROR conda.cli.main_run:execute(148): `conda run python -m torch.distributed.run --standalone --nproc_per_node=8 evaluation/benchmark_qwen3_a8_tp8.py --phase smoke --output results/q3-a8-tp8` failed. (See above for error)
CASE 64 18 1 0 eager 0.05283199995756149 0.09257599711418152
CASE 64 18 1 0 graph 0.029152000322937965 0.02579200081527233
[rank4]: Traceback (most recent call last):
[rank4]:   File "/workspace/BasisServe-CALS/evaluation/benchmark_qwen3_a8_tp8.py", line 195, in <module>
[rank4]:     main()
[rank4]:   File "/workspace/miniforge3/envs/basis/lib/python3.12/site-packages/torch/utils/_contextlib.py", line 124, in decorate_context
[rank4]:     return func(*args, **kwargs)
[rank4]:            ^^^^^^^^^^^^^^^^^^^^^
[rank4]:   File "/workspace/BasisServe-CALS/evaluation/benchmark_qwen3_a8_tp8.py", line 152, in main
[rank4]:     assert torch.equal(arena,expected), (nominal,layer,rows,mode,rank,
[rank4]:            ^^^^^^^^^^^^^^^^^^^^^^^^^^^
[rank4]: AssertionError: (64, 18, 16, 'a8', 4, 206, [[12, 9], [13, 4], [53, 3], [65, 5]], [216, 200, 80, 96], [217, 201, 81, 97])
[rank6]: Traceback (most recent call last):
[rank6]:   File "/workspace/BasisServe-CALS/evaluation/benchmark_qwen3_a8_tp8.py", line 195, in <module>
[rank6]:     main()
[rank6]:   File "/workspace/miniforge3/envs/basis/lib/python3.12/site-packages/torch/utils/_contextlib.py", line 124, in decorate_context
[rank6]:     return func(*args, **kwargs)
[rank6]:            ^^^^^^^^^^^^^^^^^^^^^
[rank6]:   File "/workspace/BasisServe-CALS/evaluation/benchmark_qwen3_a8_tp8.py", line 152, in main
[rank6]:     assert torch.equal(arena,expected), (nominal,layer,rows,mode,rank,
[rank6]:            ^^^^^^^^^^^^^^^^^^^^^^^^^^^
[rank6]: AssertionError: (64, 18, 16, 'a8', 6, 206, [[12, 9], [13, 4], [53, 3], [65, 5]], [216, 200, 80, 96], [217, 201, 81, 97])
[rank2]: Traceback (most recent call last):
[rank2]:   File "/workspace/BasisServe-CALS/evaluation/benchmark_qwen3_a8_tp8.py", line 195, in <module>
[rank2]:     main()
[rank2]:   File "/workspace/miniforge3/envs/basis/lib/python3.12/site-packages/torch/utils/_contextlib.py", line 124, in decorate_context
[rank2]:     return func(*args, **kwargs)
[rank2]:            ^^^^^^^^^^^^^^^^^^^^^
[rank2]:   File "/workspace/BasisServe-CALS/evaluation/benchmark_qwen3_a8_tp8.py", line 152, in main
[rank2]:     assert torch.equal(arena,expected), (nominal,layer,rows,mode,rank,
[rank2]:            ^^^^^^^^^^^^^^^^^^^^^^^^^^^
[rank2]: AssertionError: (64, 18, 16, 'a8', 2, 206, [[12, 9], [13, 4], [53, 3], [65, 5]], [216, 200, 80, 96], [217, 201, 81, 97])
[rank1]: Traceback (most recent call last):
[rank1]:   File "/workspace/BasisServe-CALS/evaluation/benchmark_qwen3_a8_tp8.py", line 195, in <module>
[rank1]:     main()
[rank1]:   File "/workspace/miniforge3/envs/basis/lib/python3.12/site-packages/torch/utils/_contextlib.py", line 124, in decorate_context
[rank1]:     return func(*args, **kwargs)
[rank1]:            ^^^^^^^^^^^^^^^^^^^^^
[rank1]:   File "/workspace/BasisServe-CALS/evaluation/benchmark_qwen3_a8_tp8.py", line 152, in main
[rank1]:     assert torch.equal(arena,expected), (nominal,layer,rows,mode,rank,
[rank1]:            ^^^^^^^^^^^^^^^^^^^^^^^^^^^
[rank1]: AssertionError: (64, 18, 16, 'a8', 1, 206, [[12, 9], [13, 4], [53, 3], [65, 5]], [216, 200, 80, 96], [217, 201, 81, 97])
[rank7]: Traceback (most recent call last):
[rank7]:   File "/workspace/BasisServe-CALS/evaluation/benchmark_qwen3_a8_tp8.py", line 195, in <module>
[rank7]:     main()
[rank7]:   File "/workspace/miniforge3/envs/basis/lib/python3.12/site-packages/torch/utils/_contextlib.py", line 124, in decorate_context
[rank7]:     return func(*args, **kwargs)
[rank7]:            ^^^^^^^^^^^^^^^^^^^^^
[rank7]:   File "/workspace/BasisServe-CALS/evaluation/benchmark_qwen3_a8_tp8.py", line 152, in main
[rank7]:     assert torch.equal(arena,expected), (nominal,layer,rows,mode,rank,
[rank7]:            ^^^^^^^^^^^^^^^^^^^^^^^^^^^
[rank7]: AssertionError: (64, 18, 16, 'a8', 7, 206, [[12, 9], [13, 4], [53, 3], [65, 5]], [216, 200, 80, 96], [217, 201, 81, 97])
[rank0]: Traceback (most recent call last):
[rank0]:   File "/workspace/BasisServe-CALS/evaluation/benchmark_qwen3_a8_tp8.py", line 195, in <module>
[rank0]:     main()
[rank0]:   File "/workspace/miniforge3/envs/basis/lib/python3.12/site-packages/torch/utils/_contextlib.py", line 124, in decorate_context
[rank0]:     return func(*args, **kwargs)
[rank0]:            ^^^^^^^^^^^^^^^^^^^^^
[rank0]:   File "/workspace/BasisServe-CALS/evaluation/benchmark_qwen3_a8_tp8.py", line 152, in main
[rank0]:     assert torch.equal(arena,expected), (nominal,layer,rows,mode,rank,
[rank0]:            ^^^^^^^^^^^^^^^^^^^^^^^^^^^
[rank0]: AssertionError: (64, 18, 16, 'a8', 0, 206, [[12, 9], [13, 4], [53, 3], [65, 5]], [216, 200, 80, 96], [217, 201, 81, 97])
[rank5]: Traceback (most recent call last):
[rank5]:   File "/workspace/BasisServe-CALS/evaluation/benchmark_qwen3_a8_tp8.py", line 195, in <module>
[rank5]:     main()
[rank5]:   File "/workspace/miniforge3/envs/basis/lib/python3.12/site-packages/torch/utils/_contextlib.py", line 124, in decorate_context
[rank5]:     return func(*args, **kwargs)
[rank5]:            ^^^^^^^^^^^^^^^^^^^^^
[rank5]:   File "/workspace/BasisServe-CALS/evaluation/benchmark_qwen3_a8_tp8.py", line 152, in main
[rank5]:     assert torch.equal(arena,expected), (nominal,layer,rows,mode,rank,
[rank5]:            ^^^^^^^^^^^^^^^^^^^^^^^^^^^
[rank5]: AssertionError: (64, 18, 16, 'a8', 5, 206, [[12, 9], [13, 4], [53, 3], [65, 5]], [216, 200, 80, 96], [217, 201, 81, 97])
[rank3]: Traceback (most recent call last):
[rank3]:   File "/workspace/BasisServe-CALS/evaluation/benchmark_qwen3_a8_tp8.py", line 195, in <module>
[rank3]:     main()
[rank3]:   File "/workspace/miniforge3/envs/basis/lib/python3.12/site-packages/torch/utils/_contextlib.py", line 124, in decorate_context
[rank3]:     return func(*args, **kwargs)
[rank3]:            ^^^^^^^^^^^^^^^^^^^^^
[rank3]:   File "/workspace/BasisServe-CALS/evaluation/benchmark_qwen3_a8_tp8.py", line 152, in main
[rank3]:     assert torch.equal(arena,expected), (nominal,layer,rows,mode,rank,
[rank3]:            ^^^^^^^^^^^^^^^^^^^^^^^^^^^
[rank3]: AssertionError: (64, 18, 16, 'a8', 3, 206, [[12, 9], [13, 4], [53, 3], [65, 5]], [216, 200, 80, 96], [217, 201, 81, 97])
[rank0]:[W925 17:00:57.706354889 ProcessGroupNCCL.cpp:1624] Warning: WARNING: destroy_process_group() was not called before program exit, which can leak resources. For more info, please see https://pytorch.org/docs/stable/distributed.html#shutdown (function operator())
W0925 17:00:57.985000 492561 site-packages/torch/distributed/elastic/multiprocessing/api.py:1028] Sending process 492575 closing signal SIGTERM
W0925 17:00:57.986000 492561 site-packages/torch/distributed/elastic/multiprocessing/api.py:1028] Sending process 492576 closing signal SIGTERM
W0925 17:00:57.986000 492561 site-packages/torch/distributed/elastic/multiprocessing/api.py:1028] Sending process 492577 closing signal SIGTERM
W0925 17:00:57.986000 492561 site-packages/torch/distributed/elastic/multiprocessing/api.py:1028] Sending process 492578 closing signal SIGTERM
W0925 17:00:57.987000 492561 site-packages/torch/distributed/elastic/multiprocessing/api.py:1028] Sending process 492579 closing signal SIGTERM
W0925 17:00:57.987000 492561 site-packages/torch/distributed/elastic/multiprocessing/api.py:1028] Sending process 492581 closing signal SIGTERM
W0925 17:00:57.987000 492561 site-packages/torch/distributed/elastic/multiprocessing/api.py:1028] Sending process 492582 closing signal SIGTERM
E0925 17:00:58.567000 492561 site-packages/torch/distributed/elastic/multiprocessing/api.py:1002] failed (exitcode: 1) local_rank: 5 (pid: 492580) of binary: /workspace/miniforge3/envs/basis/bin/python
Traceback (most recent call last):
  File "<frozen runpy>", line 198, in _run_module_as_main
  File "<frozen runpy>", line 88, in _run_code
  File "/workspace/miniforge3/envs/basis/lib/python3.12/site-packages/torch/distributed/run.py", line 1032, in <module>
    main()
  File "/workspace/miniforge3/envs/basis/lib/python3.12/site-packages/torch/distributed/elastic/multiprocessing/errors/__init__.py", line 367, in wrapper
    return f(*args, **kwargs)
           ^^^^^^^^^^^^^^^^^^
  File "/workspace/miniforge3/envs/basis/lib/python3.12/site-packages/torch/distributed/run.py", line 1028, in main
    run(args)
  File "/workspace/miniforge3/envs/basis/lib/python3.12/site-packages/torch/distributed/run.py", line 1019, in run
    elastic_launch(
  File "/workspace/miniforge3/envs/basis/lib/python3.12/site-packages/torch/distributed/launcher/api.py", line 194, in __call__
    return launch_agent(
           ^^^^^^^^^^^^^
  File "/workspace/miniforge3/envs/basis/lib/python3.12/site-packages/torch/distributed/launcher/api.py", line 383, in launch_agent
    raise ChildFailedError(
torch.distributed.elastic.multiprocessing.errors.ChildFailedError: 
============================================================
evaluation/benchmark_qwen3_a8_tp8.py FAILED
------------------------------------------------------------
Failures:
[1]:
  time      : 2026-09-25_17:00:58
  host      : 4abf9c34fd8c
  rank      : 0 (local_rank: 0)
  exitcode  : -15 (pid: 492575)  (SIGTERM)
  error_file: <N/A>
  traceback : Signal 15 (SIGTERM) received by PID 492575
[2]:
  time      : 2026-09-25_17:00:58
  host      : 4abf9c34fd8c
  rank      : 1 (local_rank: 1)
  exitcode  : 1 (pid: 492576) 
  error_file: <N/A>
  traceback : To enable traceback see: https://pytorch.org/docs/stable/elastic/errors.html
[3]:
  time      : 2026-09-25_17:00:58
  host      : 4abf9c34fd8c
  rank      : 2 (local_rank: 2)
  exitcode  : -15 (pid: 492577)  (SIGTERM)
  error_file: <N/A>
  traceback : Signal 15 (SIGTERM) received by PID 492577
[4]:
  time      : 2026-09-25_17:00:58
  host      : 4abf9c34fd8c
  rank      : 3 (local_rank: 3)
  exitcode  : -15 (pid: 492578)  (SIGTERM)
  error_file: <N/A>
  traceback : Signal 15 (SIGTERM) received by PID 492578
[5]:
  time      : 2026-09-25_17:00:58
  host      : 4abf9c34fd8c
  rank      : 4 (local_rank: 4)
  exitcode  : -15 (pid: 492579)  (SIGTERM)
  error_file: <N/A>
  traceback : Signal 15 (SIGTERM) received by PID 492579
[6]:
  time      : 2026-09-25_17:00:58
  host      : 4abf9c34fd8c
  rank      : 6 (local_rank: 6)
  exitcode  : 1 (pid: 492581) 
  error_file: <N/A>
  traceback : To enable traceback see: https://pytorch.org/docs/stable/elastic/errors.html
[7]:
  time      : 2026-09-25_17:00:58
  host      : 4abf9c34fd8c
  rank      : 7 (local_rank: 7)
  exitcode  : 1 (pid: 492582) 
  error_file: <N/A>
  traceback : To enable traceback see: https://pytorch.org/docs/stable/elastic/errors.html
------------------------------------------------------------
Root Cause (first observed failure):
[0]:
  time      : 2026-09-25_17:00:57
  host      : 4abf9c34fd8c
  rank      : 5 (local_rank: 5)
  exitcode  : 1 (pid: 492580) 
  error_file: <N/A>
  traceback : To enable traceback see: https://pytorch.org/docs/stable/elastic/errors.html
============================================================
ERROR conda.cli.main_run:execute(148): `conda run python -m torch.distributed.run --standalone --nproc_per_node=8 evaluation/benchmark_qwen3_a8_tp8.py --phase smoke --output results/q3-a8-tp8` failed. (See above for error)
CASE 64 18 1 0 eager 0.050912000238895416 0.09116800129413605
CASE 64 18 1 0 graph 0.07289600372314453 0.07664000242948532
CASE 64 18 16 0 eager 0.04307200014591217 0.09996800124645233
CASE 64 18 16 0 graph 0.10444799810647964 0.05676800012588501
CASE 96 18 1 0 eager 0.07539200037717819 0.08710400015115738
CASE 96 18 1 0 graph 0.08972799777984619 0.09094399958848953
CASE 96 18 16 0 eager 0.05974400043487549 0.08393599838018417
CASE 96 18 16 0 graph 0.11568000167608261 0.08374399691820145
COMPLETE smoke
