[transformers] Token indices sequence length is longer than the specified maximum sequence length for this model (2518423 > 131072). Running this sequence through the model will result in indexing errors
LOAD R64
Loading weights:   0%|          | 0/399 [00:00<?, ?it/s]Loading weights: 100%|██████████| 399/399 [00:00<00:00, 9884.22it/s]
ARM R64 bf16
PPL 1/146 13.925096
PPL 2/146 11.613730
PPL 3/146 11.686882
PPL 4/146 10.925659
PPL 5/146 16.722194
PPL 6/146 13.613214
PPL 7/146 11.422269
PPL 8/146 10.666102
PPL 9/146 10.327118
PPL 10/146 10.178490
PPL 11/146 9.940823
PPL 12/146 9.785295
PPL 13/146 9.647565
PPL 14/146 9.636178
PPL 15/146 9.590471
PPL 16/146 9.606004
PPL 17/146 9.696491
PPL 18/146 9.676223
PPL 19/146 9.555938
PPL 20/146 9.345581
PPL 21/146 9.254754
PPL 22/146 9.258421
PPL 23/146 9.184818
PPL 24/146 9.151503
PPL 25/146 9.138058
PPL 26/146 9.131096
PPL 27/146 9.167896
PPL 28/146 9.283311
PPL 29/146 9.304945
PPL 30/146 9.190565
PPL 31/146 9.076999
PPL 32/146 8.943602
PPL 33/146 8.773471
PPL 34/146 8.739494
PPL 35/146 9.262844
PPL 36/146 9.220038
PPL 37/146 9.076555
PPL 38/146 8.902361
PPL 39/146 8.776641
PPL 40/146 8.605854
PPL 41/146 8.493817
PPL 42/146 8.462142
PPL 43/146 8.514611
PPL 44/146 8.612537
PPL 45/146 8.682369
PPL 46/146 8.704844
PPL 47/146 8.721273
PPL 48/146 8.757856
PPL 49/146 8.791636
PPL 50/146 8.754001
PPL 51/146 8.773509
PPL 52/146 8.735305
PPL 53/146 8.691557
PPL 54/146 8.635796
PPL 55/146 8.563629
PPL 56/146 8.515032
PPL 57/146 8.440782
PPL 58/146 8.356256
PPL 59/146 8.321116
PPL 60/146 8.289369
PPL 61/146 8.292428
PPL 62/146 8.314179
PPL 63/146 8.347554
PPL 64/146 8.406227
PPL 65/146 8.371997
PPL 66/146 8.330962
PPL 67/146 8.329927
PPL 68/146 8.308734
PPL 69/146 8.282316
PPL 70/146 8.262362
PPL 71/146 8.226148
PPL 72/146 8.218863
PPL 73/146 8.236645
PPL 74/146 8.269666
PPL 75/146 8.261258
PPL 76/146 8.242228
PPL 77/146 8.240011
PPL 78/146 8.231968
PPL 79/146 8.220886
PPL 80/146 8.231010
PPL 81/146 8.236973
PPL 82/146 8.241963
PPL 83/146 8.203764
PPL 84/146 8.178076
PPL 85/146 8.164063
PPL 86/146 8.146549
PPL 87/146 8.125678
PPL 88/146 8.104005
PPL 89/146 8.112716
PPL 90/146 8.116384
PPL 91/146 8.123732
PPL 92/146 8.192527
PPL 93/146 8.257397
PPL 94/146 8.289273
PPL 95/146 8.325910
PPL 96/146 8.364615
PPL 97/146 8.379716
PPL 98/146 8.409289
PPL 99/146 8.406167
PPL 100/146 8.420982
PPL 101/146 8.404238
PPL 102/146 8.390179
PPL 103/146 8.403764
PPL 104/146 8.393926
PPL 105/146 8.405301
PPL 106/146 8.402654
PPL 107/146 8.408854
PPL 108/146 8.412020
PPL 109/146 8.399540
PPL 110/146 8.398497
PPL 111/146 8.387808
PPL 112/146 8.367860
PPL 113/146 8.347408
PPL 114/146 8.329979
PPL 115/146 8.340294
PPL 116/146 8.347738
PPL 117/146 8.363289
PPL 118/146 8.362527
PPL 119/146 8.355884
PPL 120/146 8.348833
PPL 121/146 8.362688
PPL 122/146 8.345738
PPL 123/146 8.326018
PPL 124/146 8.307057
PPL 125/146 8.305219
PPL 126/146 8.312784
PPL 127/146 8.309553
PPL 128/146 8.306574
PPL 129/146 8.296471
PPL 130/146 8.289351
PPL 131/146 8.276623
PPL 132/146 8.275918
PPL 133/146 8.267282
PPL 134/146 8.262333
PPL 135/146 8.279433
PPL 136/146 8.278980
PPL 137/146 8.255246
PPL 138/146 8.227654
PPL 139/146 8.203743
PPL 140/146 8.216986
PPL 141/146 8.239525
PPL 142/146 8.240597
PPL 143/146 8.243181
PPL 144/146 8.246989
PPL 145/146 8.254667
PPL 146/146 8.258728
ARM R64 kv4
FISHER 1/16 loss=4785.133301
FISHER 2/16 loss=5525.238770
FISHER 3/16 loss=4292.603516
FISHER 4/16 loss=4294.298828
FISHER 5/16 loss=4700.364258
FISHER 6/16 loss=4300.028320
FISHER 7/16 loss=4227.271973
FISHER 8/16 loss=4395.791992
FISHER 9/16 loss=3090.455078
FISHER 10/16 loss=4824.204102
FISHER 11/16 loss=5105.839844
FISHER 12/16 loss=4793.729492
FISHER 13/16 loss=4427.306641
FISHER 14/16 loss=4629.043945
FISHER 15/16 loss=4558.936523
FISHER 16/16 loss=4367.708496
CODEBOOK 0.k
CODEBOOK 0.v
CODEBOOK 1.k
CODEBOOK 1.v
CODEBOOK 2.k
CODEBOOK 2.v
CODEBOOK 3.k
CODEBOOK 3.v
CODEBOOK 4.k
CODEBOOK 4.v
CODEBOOK 5.k
CODEBOOK 5.v
CODEBOOK 6.k
CODEBOOK 6.v
CODEBOOK 7.k
CODEBOOK 7.v
CODEBOOK 8.k
CODEBOOK 8.v
CODEBOOK 9.k
CODEBOOK 9.v
CODEBOOK 10.k
CODEBOOK 10.v
CODEBOOK 11.k
CODEBOOK 11.v
CODEBOOK 12.k
CODEBOOK 12.v
CODEBOOK 13.k
CODEBOOK 13.v
CODEBOOK 14.k
CODEBOOK 14.v
CODEBOOK 15.k
CODEBOOK 15.v
CODEBOOK 16.k
CODEBOOK 16.v
CODEBOOK 17.k
CODEBOOK 17.v
CODEBOOK 18.k
CODEBOOK 18.v
CODEBOOK 19.k
CODEBOOK 19.v
CODEBOOK 20.k
CODEBOOK 20.v
CODEBOOK 21.k
CODEBOOK 21.v
CODEBOOK 22.k
CODEBOOK 22.v
CODEBOOK 23.k
CODEBOOK 23.v
CODEBOOK 24.k
CODEBOOK 24.v
CODEBOOK 25.k
CODEBOOK 25.v
CODEBOOK 26.k
CODEBOOK 26.v
CODEBOOK 27.k
CODEBOOK 27.v
CODEBOOK 28.k
CODEBOOK 28.v
CODEBOOK 29.k
CODEBOOK 29.v
CODEBOOK 30.k
CODEBOOK 30.v
CODEBOOK 31.k
CODEBOOK 31.v
CODEBOOK 32.k
CODEBOOK 32.v
CODEBOOK 33.k
CODEBOOK 33.v
CODEBOOK 34.k
CODEBOOK 34.v
CODEBOOK 35.k
CODEBOOK 35.v
PPL 1/146 6.506777
PPL 2/146 7.962025
PPL 3/146 9.092842
Terminated
ERROR conda.cli.main_run:execute(148): `conda run python evaluation/eval_qwen3_kv4_fp8_ppl.py --phase formal --ranks 64 96 --output results/q3-kv4-fp8` failed. (See above for error)
