[transformers] Token indices sequence length is longer than the specified maximum sequence length for this model (2518423 > 131072). Running this sequence through the model will result in indexing errors
LOAD R64
Loading weights:   0%|          | 0/399 [00:00<?, ?it/s]Loading weights: 100%|██████████| 399/399 [00:00<00:00, 10081.73it/s]
Traceback (most recent call last):
  File "/workspace/BasisServe-CALS/evaluation/eval_qwen3_kv4_fp8_ppl.py", line 259, in <module>
    main()
  File "/workspace/BasisServe-CALS/evaluation/eval_qwen3_kv4_fp8_ppl.py", line 197, in main
    projections, modules, indices, schedule = install_factors(model, args.checkpoints / f"Q3-8B-C1-R{rank}", rank)
                                              ^^^^^^^^^^^^^^^^^^^^^^^^^^^^^^^^^^^^^^^^^^^^^^^^^^^^^^^^^^^^^^^^^^^^
  File "/workspace/miniforge3/envs/basis/lib/python3.12/site-packages/torch/utils/_contextlib.py", line 124, in decorate_context
    return func(*args, **kwargs)
           ^^^^^^^^^^^^^^^^^^^^^
  File "/workspace/BasisServe-CALS/basisserve/core/qwen3_kv4_fp8_quality.py", line 96, in install_factors
    assert path.is_relative_to(checkpoint)
           ^^^^^^^^^^^^^^^^^^^^^^^^^^^^^^^
AssertionError
ERROR conda.cli.main_run:execute(148): `conda run python evaluation/eval_qwen3_kv4_fp8_ppl.py --phase smoke --ranks 64 96 --output results/q3-kv4-fp8` failed. (See above for error)
[transformers] Token indices sequence length is longer than the specified maximum sequence length for this model (2518423 > 131072). Running this sequence through the model will result in indexing errors
LOAD R64
Loading weights:   0%|          | 0/399 [00:00<?, ?it/s]Loading weights: 100%|██████████| 399/399 [00:00<00:00, 9550.90it/s]
ARM R64 bf16
PPL 1/2 61.189486
PPL 2/2 26.406772
ARM R64 kv4
FISHER 1/1 loss=418.487732
CODEBOOK 0.k
CODEBOOK 0.v
CODEBOOK 1.k
CODEBOOK 1.v
CODEBOOK 2.k
CODEBOOK 2.v
CODEBOOK 3.k
CODEBOOK 3.v
CODEBOOK 4.k
CODEBOOK 4.v
CODEBOOK 5.k
CODEBOOK 5.v
CODEBOOK 6.k
CODEBOOK 6.v
CODEBOOK 7.k
CODEBOOK 7.v
CODEBOOK 8.k
CODEBOOK 8.v
CODEBOOK 9.k
CODEBOOK 9.v
CODEBOOK 10.k
CODEBOOK 10.v
CODEBOOK 11.k
CODEBOOK 11.v
CODEBOOK 12.k
CODEBOOK 12.v
CODEBOOK 13.k
CODEBOOK 13.v
CODEBOOK 14.k
CODEBOOK 14.v
CODEBOOK 15.k
CODEBOOK 15.v
CODEBOOK 16.k
CODEBOOK 16.v
CODEBOOK 17.k
CODEBOOK 17.v
CODEBOOK 18.k
CODEBOOK 18.v
CODEBOOK 19.k
CODEBOOK 19.v
CODEBOOK 20.k
CODEBOOK 20.v
CODEBOOK 21.k
CODEBOOK 21.v
CODEBOOK 22.k
CODEBOOK 22.v
CODEBOOK 23.k
CODEBOOK 23.v
CODEBOOK 24.k
CODEBOOK 24.v
CODEBOOK 25.k
CODEBOOK 25.v
CODEBOOK 26.k
CODEBOOK 26.v
CODEBOOK 27.k
CODEBOOK 27.v
CODEBOOK 28.k
CODEBOOK 28.v
CODEBOOK 29.k
CODEBOOK 29.v
CODEBOOK 30.k
CODEBOOK 30.v
CODEBOOK 31.k
CODEBOOK 31.v
CODEBOOK 32.k
CODEBOOK 32.v
CODEBOOK 33.k
CODEBOOK 33.v
CODEBOOK 34.k
CODEBOOK 34.v
CODEBOOK 35.k
CODEBOOK 35.v
PPL 1/2 9.781700
PPL 2/2 10.666617
ARM R64 fp8
FP8_CALIBRATION 1/1
PPL 1/2 9.447436
PPL 2/2 10.403244
ARM R64 kv4_fp8
FP8_CALIBRATION 1/1
PPL 1/2 9.961437
PPL 2/2 10.720442
LOAD R96
Loading weights:   0%|          | 0/399 [00:00<?, ?it/s]Loading weights: 100%|██████████| 399/399 [00:00<00:00, 9507.54it/s]
ARM R96 bf16
PPL 1/2 9.300762
PPL 2/2 10.183958
ARM R96 kv4
FISHER 1/1 loss=392.164795
CODEBOOK 0.k
CODEBOOK 0.v
CODEBOOK 1.k
CODEBOOK 1.v
CODEBOOK 2.k
CODEBOOK 2.v
CODEBOOK 3.k
CODEBOOK 3.v
CODEBOOK 4.k
CODEBOOK 4.v
CODEBOOK 5.k
CODEBOOK 5.v
CODEBOOK 6.k
CODEBOOK 6.v
CODEBOOK 7.k
CODEBOOK 7.v
CODEBOOK 8.k
CODEBOOK 8.v
CODEBOOK 9.k
CODEBOOK 9.v
CODEBOOK 10.k
CODEBOOK 10.v
CODEBOOK 11.k
CODEBOOK 11.v
CODEBOOK 12.k
CODEBOOK 12.v
CODEBOOK 13.k
CODEBOOK 13.v
CODEBOOK 14.k
CODEBOOK 14.v
CODEBOOK 15.k
CODEBOOK 15.v
CODEBOOK 16.k
CODEBOOK 16.v
CODEBOOK 17.k
CODEBOOK 17.v
CODEBOOK 18.k
CODEBOOK 18.v
CODEBOOK 19.k
CODEBOOK 19.v
CODEBOOK 20.k
CODEBOOK 20.v
CODEBOOK 21.k
CODEBOOK 21.v
CODEBOOK 22.k
CODEBOOK 22.v
CODEBOOK 23.k
CODEBOOK 23.v
CODEBOOK 24.k
CODEBOOK 24.v
CODEBOOK 25.k
CODEBOOK 25.v
CODEBOOK 26.k
CODEBOOK 26.v
CODEBOOK 27.k
CODEBOOK 27.v
CODEBOOK 28.k
CODEBOOK 28.v
CODEBOOK 29.k
CODEBOOK 29.v
CODEBOOK 30.k
CODEBOOK 30.v
CODEBOOK 31.k
CODEBOOK 31.v
CODEBOOK 32.k
CODEBOOK 32.v
CODEBOOK 33.k
CODEBOOK 33.v
CODEBOOK 34.k
CODEBOOK 34.v
CODEBOOK 35.k
CODEBOOK 35.v
PPL 1/2 9.317420
PPL 2/2 10.343896
ARM R96 fp8
FP8_CALIBRATION 1/1
PPL 1/2 9.285823
PPL 2/2 10.210873
ARM R96 kv4_fp8
FP8_CALIBRATION 1/1
PPL 1/2 9.256050
PPL 2/2 10.185898
COMPLETE smoke
