{"context": 131072, "gpu": "NVIDIA L40S", "measure_steps": 128, "mode": "optimized", "status": "starting", "storage": "local", "warmup_steps": 16}
{"status": "extensions_ready"}
Loading weights:   0%|          | 0/291 [00:00<?, ?it/s]Loading weights: 100%|██████████| 291/291 [00:00<00:00, 10198.47it/s]
{"allocated_gib": 33.10554313659668, "host_exact_key_gib": 0.0, "status": "model_ready"}
{"peak_allocated_gib": 40.67695426940918, "prefill_ms": 37725.9296875, "status": "prefill_complete"}
{"argmax": 11, "cuda_ms": 106.24089813232422, "finite": true, "measured": false, "status": "decode_step", "step": 0, "wall_ms": 106.25423025339842}
{"argmax": 13, "cuda_ms": 40.47923278808594, "finite": true, "measured": false, "status": "decode_step", "step": 1, "wall_ms": 40.494196116924286}
{"argmax": 17200, "cuda_ms": 40.26115036010742, "finite": true, "measured": false, "status": "decode_step", "step": 2, "wall_ms": 40.27879377827048}
{"argmax": 7876, "cuda_ms": 40.2756462097168, "finite": true, "measured": false, "status": "decode_step", "step": 3, "wall_ms": 40.290561970323324}
{"argmax": 32107, "cuda_ms": 40.27814483642578, "finite": true, "measured": false, "status": "decode_step", "step": 4, "wall_ms": 40.295238606631756}
{"argmax": 315, "cuda_ms": 40.27475357055664, "finite": true, "measured": false, "status": "decode_step", "step": 5, "wall_ms": 40.29036220163107}
{"argmax": 8184, "cuda_ms": 40.27446365356445, "finite": true, "measured": false, "status": "decode_step", "step": 6, "wall_ms": 40.291603188961744}
{"argmax": 323, "cuda_ms": 40.27705764770508, "finite": true, "measured": false, "status": "decode_step", "step": 7, "wall_ms": 40.29264533892274}
{"argmax": 7327, "cuda_ms": 40.24428939819336, "finite": true, "measured": false, "status": "decode_step", "step": 8, "wall_ms": 40.26103764772415}
{"argmax": 23298, "cuda_ms": 40.266849517822266, "finite": true, "measured": false, "status": "decode_step", "step": 9, "wall_ms": 40.282661095261574}
{"argmax": 520, "cuda_ms": 40.24528121948242, "finite": true, "measured": false, "status": "decode_step", "step": 10, "wall_ms": 40.2624299749732}
{"argmax": 11, "cuda_ms": 40.24607849121094, "finite": true, "measured": false, "status": "decode_step", "step": 11, "wall_ms": 40.27027217671275}
{"argmax": 279, "cuda_ms": 40.270240783691406, "finite": true, "measured": false, "status": "decode_step", "step": 12, "wall_ms": 40.28751701116562}
{"argmax": 527, "cuda_ms": 40.23503875732422, "finite": true, "measured": false, "status": "decode_step", "step": 13, "wall_ms": 40.25106271728873}
{"argmax": 264, "cuda_ms": 40.257568359375, "finite": true, "measured": false, "status": "decode_step", "step": 14, "wall_ms": 40.274519007653}
{"argmax": 8536, "cuda_ms": 40.22825622558594, "finite": true, "measured": false, "status": "decode_step", "step": 15, "wall_ms": 40.24384217336774}
{"argmax": 6150, "cuda_ms": 40.239295959472656, "finite": true, "measured": true, "status": "decode_step", "step": 16, "wall_ms": 40.25558987632394}
{"argmax": 315, "cuda_ms": 40.23241424560547, "finite": true, "measured": true, "status": "decode_step", "step": 17, "wall_ms": 40.24819890037179}
{"argmax": 13, "cuda_ms": 40.26812744140625, "finite": true, "measured": true, "status": "decode_step", "step": 18, "wall_ms": 40.284823160618544}
{"argmax": 791, "cuda_ms": 40.24281692504883, "finite": true, "measured": true, "status": "decode_step", "step": 19, "wall_ms": 40.25924578309059}
{"argmax": 374, "cuda_ms": 40.274078369140625, "finite": true, "measured": true, "status": "decode_step", "step": 20, "wall_ms": 40.29015079140663}
{"argmax": 374, "cuda_ms": 40.24291229248047, "finite": true, "measured": true, "status": "decode_step", "step": 21, "wall_ms": 40.25987582281232}
{"argmax": 279, "cuda_ms": 40.26723098754883, "finite": true, "measured": true, "status": "decode_step", "step": 22, "wall_ms": 40.28240032494068}
{"argmax": 3560, "cuda_ms": 40.26860809326172, "finite": true, "measured": true, "status": "decode_step", "step": 23, "wall_ms": 40.28423177078366}
{"argmax": 323, "cuda_ms": 40.27094268798828, "finite": true, "measured": true, "status": "decode_step", "step": 24, "wall_ms": 40.285464376211166}
{"argmax": 26411, "cuda_ms": 40.25779342651367, "finite": true, "measured": true, "status": "decode_step", "step": 25, "wall_ms": 40.27490923181176}
{"argmax": 1511, "cuda_ms": 40.258079528808594, "finite": true, "measured": true, "status": "decode_step", "step": 26, "wall_ms": 40.272084064781666}
{"argmax": 7524, "cuda_ms": 40.214752197265625, "finite": true, "measured": true, "status": "decode_step", "step": 27, "wall_ms": 40.231653954833746}
{"argmax": 323, "cuda_ms": 40.26262283325195, "finite": true, "measured": true, "status": "decode_step", "step": 28, "wall_ms": 40.278143249452114}
{"argmax": 8907, "cuda_ms": 40.243072509765625, "finite": true, "measured": true, "status": "decode_step", "step": 29, "wall_ms": 40.26021575555205}
{"argmax": 91605, "cuda_ms": 40.27212905883789, "finite": true, "measured": true, "status": "decode_step", "step": 30, "wall_ms": 40.28790816664696}
{"argmax": 11006, "cuda_ms": 40.218238830566406, "finite": true, "measured": true, "status": "decode_step", "step": 31, "wall_ms": 40.23487865924835}
{"argmax": 369, "cuda_ms": 40.188350677490234, "finite": true, "measured": true, "status": "decode_step", "step": 32, "wall_ms": 40.2021799236536}
{"argmax": 586, "cuda_ms": 40.2119026184082, "finite": true, "measured": true, "status": "decode_step", "step": 33, "wall_ms": 40.22854892536998}
{"argmax": 323, "cuda_ms": 40.22547149658203, "finite": true, "measured": true, "status": "decode_step", "step": 34, "wall_ms": 40.24085775017738}
{"argmax": 11351, "cuda_ms": 40.1767692565918, "finite": true, "measured": true, "status": "decode_step", "step": 35, "wall_ms": 40.1938371360302}
{"argmax": 13, "cuda_ms": 40.18918228149414, "finite": true, "measured": true, "status": "decode_step", "step": 36, "wall_ms": 40.2036621235311}
{"argmax": 578, "cuda_ms": 40.18086242675781, "finite": true, "measured": true, "status": "decode_step", "step": 37, "wall_ms": 40.197903756052256}
{"argmax": 3388, "cuda_ms": 40.21414566040039, "finite": true, "measured": true, "status": "decode_step", "step": 38, "wall_ms": 40.22904997691512}
{"argmax": 690, "cuda_ms": 40.208961486816406, "finite": true, "measured": true, "status": "decode_step", "step": 39, "wall_ms": 40.226466953754425}
{"argmax": 389, "cuda_ms": 40.202430725097656, "finite": true, "measured": true, "status": "decode_step", "step": 40, "wall_ms": 40.217242669314146}
{"argmax": 279, "cuda_ms": 40.20655822753906, "finite": true, "measured": true, "status": "decode_step", "step": 41, "wall_ms": 40.2235621586442}
{"argmax": 3560, "cuda_ms": 40.20124816894531, "finite": true, "measured": true, "status": "decode_step", "step": 42, "wall_ms": 40.21664196625352}
{"argmax": 315, "cuda_ms": 40.20956802368164, "finite": true, "measured": true, "status": "decode_step", "step": 43, "wall_ms": 40.226927027106285}
{"argmax": 2254, "cuda_ms": 40.198272705078125, "finite": true, "measured": true, "status": "decode_step", "step": 44, "wall_ms": 40.21497908979654}
{"argmax": 11335, "cuda_ms": 40.203006744384766, "finite": true, "measured": true, "status": "decode_step", "step": 45, "wall_ms": 40.21995700895786}
{"argmax": 304, "cuda_ms": 40.21913528442383, "finite": true, "measured": true, "status": "decode_step", "step": 46, "wall_ms": 40.23439809679985}
{"argmax": 279, "cuda_ms": 40.21526336669922, "finite": true, "measured": true, "status": "decode_step", "step": 47, "wall_ms": 40.23208422586322}
{"argmax": 4500, "cuda_ms": 40.198463439941406, "finite": true, "measured": true, "status": "decode_step", "step": 48, "wall_ms": 40.21322587504983}
{"argmax": 315, "cuda_ms": 40.21980667114258, "finite": true, "measured": true, "status": "decode_step", "step": 49, "wall_ms": 40.23571079596877}
{"argmax": 33184, "cuda_ms": 40.19609451293945, "finite": true, "measured": true, "status": "decode_step", "step": 50, "wall_ms": 40.21327616646886}
{"argmax": 33184, "cuda_ms": 40.185855865478516, "finite": true, "measured": true, "status": "decode_step", "step": 51, "wall_ms": 40.20228981971741}
{"argmax": 10706, "cuda_ms": 40.200096130371094, "finite": true, "measured": true, "status": "decode_step", "step": 52, "wall_ms": 40.21658096462488}
{"argmax": 323, "cuda_ms": 40.22127914428711, "finite": true, "measured": true, "status": "decode_step", "step": 53, "wall_ms": 40.23655131459236}
{"argmax": 279, "cuda_ms": 40.19200134277344, "finite": true, "measured": true, "status": "decode_step", "step": 54, "wall_ms": 40.20899021998048}
{"argmax": 5536, "cuda_ms": 40.19468688964844, "finite": true, "measured": true, "status": "decode_step", "step": 55, "wall_ms": 40.209411177784204}
{"argmax": 311, "cuda_ms": 40.19606399536133, "finite": true, "measured": true, "status": "decode_step", "step": 56, "wall_ms": 40.21325707435608}
{"argmax": 279, "cuda_ms": 40.19027328491211, "finite": true, "measured": true, "status": "decode_step", "step": 57, "wall_ms": 40.20475363358855}
{"argmax": 13607, "cuda_ms": 40.20729446411133, "finite": true, "measured": true, "status": "decode_step", "step": 58, "wall_ms": 40.22362222895026}
{"argmax": 627, "cuda_ms": 40.199520111083984, "finite": true, "measured": true, "status": "decode_step", "step": 59, "wall_ms": 40.21470807492733}
{"argmax": 323, "cuda_ms": 40.18601608276367, "finite": true, "measured": true, "status": "decode_step", "step": 60, "wall_ms": 40.20316107198596}
{"argmax": 11, "cuda_ms": 40.20969772338867, "finite": true, "measured": true, "status": "decode_step", "step": 61, "wall_ms": 40.22429324686527}
{"argmax": 323, "cuda_ms": 40.189247131347656, "finite": true, "measured": true, "status": "decode_step", "step": 62, "wall_ms": 40.205845143646}
{"argmax": 1023, "cuda_ms": 40.19398498535156, "finite": true, "measured": true, "status": "decode_step", "step": 63, "wall_ms": 40.20828893408179}
{"argmax": 11351, "cuda_ms": 40.56403350830078, "finite": true, "measured": true, "status": "decode_step", "step": 64, "wall_ms": 40.5811658129096}
{"argmax": 11351, "cuda_ms": 40.5516471862793, "finite": true, "measured": true, "status": "decode_step", "step": 65, "wall_ms": 40.56754568591714}
{"argmax": 519, "cuda_ms": 40.54934310913086, "finite": true, "measured": true, "status": "decode_step", "step": 66, "wall_ms": 40.566795039922}
{"argmax": 8336, "cuda_ms": 40.5412483215332, "finite": true, "measured": true, "status": "decode_step", "step": 67, "wall_ms": 40.55629996582866}
{"argmax": 11351, "cuda_ms": 40.53635025024414, "finite": true, "measured": true, "status": "decode_step", "step": 68, "wall_ms": 40.553895290941}
{"argmax": 627, "cuda_ms": 40.52595138549805, "finite": true, "measured": true, "status": "decode_step", "step": 69, "wall_ms": 40.5498999170959}
{"argmax": 578, "cuda_ms": 40.56060791015625, "finite": true, "measured": true, "status": "decode_step", "step": 70, "wall_ms": 40.581576991826296}
{"argmax": 311, "cuda_ms": 40.53535842895508, "finite": true, "measured": true, "status": "decode_step", "step": 71, "wall_ms": 40.55099096149206}
{"argmax": 682, "cuda_ms": 40.52796936035156, "finite": true, "measured": true, "status": "decode_step", "step": 72, "wall_ms": 40.545203257352114}
{"argmax": 468, "cuda_ms": 40.53801727294922, "finite": true, "measured": true, "status": "decode_step", "step": 73, "wall_ms": 40.55800102651119}
{"argmax": 13, "cuda_ms": 40.905120849609375, "finite": true, "measured": true, "status": "decode_step", "step": 74, "wall_ms": 40.92202568426728}
{"argmax": 2947, "cuda_ms": 40.52348709106445, "finite": true, "measured": true, "status": "decode_step", "step": 75, "wall_ms": 40.53966514766216}
{"argmax": 8536, "cuda_ms": 40.54393768310547, "finite": true, "measured": true, "status": "decode_step", "step": 76, "wall_ms": 40.56145716458559}
{"argmax": 6150, "cuda_ms": 40.53807830810547, "finite": true, "measured": true, "status": "decode_step", "step": 77, "wall_ms": 40.55358516052365}
{"argmax": 315, "cuda_ms": 40.54604721069336, "finite": true, "measured": true, "status": "decode_step", "step": 78, "wall_ms": 40.562708862125874}
{"argmax": 3142, "cuda_ms": 40.5041618347168, "finite": true, "measured": true, "status": "decode_step", "step": 79, "wall_ms": 40.51976418122649}
{"argmax": 323, "cuda_ms": 40.55206298828125, "finite": true, "measured": true, "status": "decode_step", "step": 80, "wall_ms": 40.568777825683355}
{"argmax": 7327, "cuda_ms": 40.5417594909668, "finite": true, "measured": true, "status": "decode_step", "step": 81, "wall_ms": 40.55815236642957}
{"argmax": 23298, "cuda_ms": 40.53811264038086, "finite": true, "measured": true, "status": "decode_step", "step": 82, "wall_ms": 40.55402474477887}
{"argmax": 4236, "cuda_ms": 40.52790451049805, "finite": true, "measured": true, "status": "decode_step", "step": 83, "wall_ms": 40.543700102716684}
{"argmax": 26, "cuda_ms": 40.559104919433594, "finite": true, "measured": true, "status": "decode_step", "step": 84, "wall_ms": 40.575418155640364}
{"argmax": 3885, "cuda_ms": 40.53776168823242, "finite": true, "measured": true, "status": "decode_step", "step": 85, "wall_ms": 40.553064085543156}
{"argmax": 449, "cuda_ms": 40.5346565246582, "finite": true, "measured": true, "status": "decode_step", "step": 86, "wall_ms": 40.551052428781986}
{"argmax": 2947, "cuda_ms": 40.50102233886719, "finite": true, "measured": true, "status": "decode_step", "step": 87, "wall_ms": 40.51765101030469}
{"argmax": 8536, "cuda_ms": 40.70435333251953, "finite": true, "measured": true, "status": "decode_step", "step": 88, "wall_ms": 40.71982391178608}
{"argmax": 6150, "cuda_ms": 40.547969818115234, "finite": true, "measured": true, "status": "decode_step", "step": 89, "wall_ms": 40.56500177830458}
{"argmax": 8041, "cuda_ms": 40.54108810424805, "finite": true, "measured": true, "status": "decode_step", "step": 90, "wall_ms": 40.55647877976298}
{"argmax": 627, "cuda_ms": 40.53897476196289, "finite": true, "measured": true, "status": "decode_step", "step": 91, "wall_ms": 40.55505711585283}
{"argmax": 2028, "cuda_ms": 40.53910446166992, "finite": true, "measured": true, "status": "decode_step", "step": 92, "wall_ms": 40.554286912083626}
{"argmax": 3388, "cuda_ms": 40.55388641357422, "finite": true, "measured": true, "status": "decode_step", "step": 93, "wall_ms": 40.57107074186206}
{"argmax": 49095, "cuda_ms": 40.54684829711914, "finite": true, "measured": true, "status": "decode_step", "step": 94, "wall_ms": 40.56145716458559}
{"argmax": 6319, "cuda_ms": 40.519710540771484, "finite": true, "measured": true, "status": "decode_step", "step": 95, "wall_ms": 40.53650889545679}
{"argmax": 4236, "cuda_ms": 40.57843017578125, "finite": true, "measured": true, "status": "decode_step", "step": 96, "wall_ms": 40.592753794044256}
{"argmax": 889, "cuda_ms": 40.537601470947266, "finite": true, "measured": true, "status": "decode_step", "step": 97, "wall_ms": 40.554435923695564}
{"argmax": 6156, "cuda_ms": 40.56403350830078, "finite": true, "measured": true, "status": "decode_step", "step": 98, "wall_ms": 40.578091982752085}
{"argmax": 9021, "cuda_ms": 40.55756759643555, "finite": true, "measured": true, "status": "decode_step", "step": 99, "wall_ms": 40.57322395965457}
{"argmax": 374, "cuda_ms": 40.55302429199219, "finite": true, "measured": true, "status": "decode_step", "step": 100, "wall_ms": 40.56775709614158}
{"argmax": 304, "cuda_ms": 40.538753509521484, "finite": true, "measured": true, "status": "decode_step", "step": 101, "wall_ms": 40.55598936975002}
{"argmax": 2536, "cuda_ms": 40.54707336425781, "finite": true, "measured": true, "status": "decode_step", "step": 102, "wall_ms": 40.5613761395216}
{"argmax": 10706, "cuda_ms": 40.554527282714844, "finite": true, "measured": true, "status": "decode_step", "step": 103, "wall_ms": 40.57258414104581}
{"argmax": 13, "cuda_ms": 40.57721710205078, "finite": true, "measured": true, "status": "decode_step", "step": 104, "wall_ms": 40.59193283319473}
{"argmax": 889, "cuda_ms": 40.551231384277344, "finite": true, "measured": true, "status": "decode_step", "step": 105, "wall_ms": 40.56880809366703}
{"argmax": 311, "cuda_ms": 40.53500747680664, "finite": true, "measured": true, "status": "decode_step", "step": 106, "wall_ms": 40.54986918345094}
{"argmax": 387, "cuda_ms": 40.55955123901367, "finite": true, "measured": true, "status": "decode_step", "step": 107, "wall_ms": 40.57684959843755}
{"argmax": 264, "cuda_ms": 40.53081512451172, "finite": true, "measured": true, "status": "decode_step", "step": 108, "wall_ms": 40.54658394306898}
{"argmax": 6373, "cuda_ms": 40.55036926269531, "finite": true, "measured": true, "status": "decode_step", "step": 109, "wall_ms": 40.56778643280268}
{"argmax": 10093, "cuda_ms": 40.5425910949707, "finite": true, "measured": true, "status": "decode_step", "step": 110, "wall_ms": 40.558221749961376}
{"argmax": 13, "cuda_ms": 40.56364822387695, "finite": true, "measured": true, "status": "decode_step", "step": 111, "wall_ms": 40.581035893410444}
{"argmax": 279, "cuda_ms": 40.57961654663086, "finite": true, "measured": true, "status": "decode_step", "step": 112, "wall_ms": 40.59502715244889}
{"argmax": 13, "cuda_ms": 40.585758209228516, "finite": true, "measured": true, "status": "decode_step", "step": 113, "wall_ms": 40.60236783698201}
{"argmax": 578, "cuda_ms": 40.558719635009766, "finite": true, "measured": true, "status": "decode_step", "step": 114, "wall_ms": 40.574477054178715}
{"argmax": 3388, "cuda_ms": 40.55632019042969, "finite": true, "measured": true, "status": "decode_step", "step": 115, "wall_ms": 40.57326400652528}
{"argmax": 690, "cuda_ms": 40.56047821044922, "finite": true, "measured": true, "status": "decode_step", "step": 116, "wall_ms": 40.576049126684666}
{"argmax": 264, "cuda_ms": 40.54054260253906, "finite": true, "measured": true, "status": "decode_step", "step": 117, "wall_ms": 40.5576410703361}
{"argmax": 6677, "cuda_ms": 40.539710998535156, "finite": true, "measured": true, "status": "decode_step", "step": 118, "wall_ms": 40.55992513895035}
{"argmax": 323, "cuda_ms": 40.55878448486328, "finite": true, "measured": true, "status": "decode_step", "step": 119, "wall_ms": 40.575077291578054}
{"argmax": 37419, "cuda_ms": 40.53891372680664, "finite": true, "measured": true, "status": "decode_step", "step": 120, "wall_ms": 40.55574769154191}
{"argmax": 287, "cuda_ms": 40.55324935913086, "finite": true, "measured": true, "status": "decode_step", "step": 121, "wall_ms": 40.569990407675505}
{"argmax": 11, "cuda_ms": 40.583553314208984, "finite": true, "measured": true, "status": "decode_step", "step": 122, "wall_ms": 40.60080600902438}
{"argmax": 279, "cuda_ms": 40.57187271118164, "finite": true, "measured": true, "status": "decode_step", "step": 123, "wall_ms": 40.58805573731661}
{"argmax": 33184, "cuda_ms": 40.569313049316406, "finite": true, "measured": true, "status": "decode_step", "step": 124, "wall_ms": 40.58486223220825}
{"argmax": 7471, "cuda_ms": 40.57939147949219, "finite": true, "measured": true, "status": "decode_step", "step": 125, "wall_ms": 40.595417842268944}
{"argmax": 323, "cuda_ms": 40.54713439941406, "finite": true, "measured": true, "status": "decode_step", "step": 126, "wall_ms": 40.562768932431936}
{"argmax": 279, "cuda_ms": 40.582942962646484, "finite": true, "measured": true, "status": "decode_step", "step": 127, "wall_ms": 40.598672814667225}
{"argmax": 3560, "cuda_ms": 40.56758499145508, "finite": true, "measured": true, "status": "decode_step", "step": 128, "wall_ms": 40.58371018618345}
{"argmax": 369, "cuda_ms": 40.56943893432617, "finite": true, "measured": true, "status": "decode_step", "step": 129, "wall_ms": 40.58448225259781}
{"argmax": 37419, "cuda_ms": 40.55177688598633, "finite": true, "measured": true, "status": "decode_step", "step": 130, "wall_ms": 40.56913824751973}
{"argmax": 6373, "cuda_ms": 40.54105758666992, "finite": true, "measured": true, "status": "decode_step", "step": 131, "wall_ms": 40.556689724326134}
{"argmax": 323, "cuda_ms": 40.538368225097656, "finite": true, "measured": true, "status": "decode_step", "step": 132, "wall_ms": 40.55654024705291}
{"argmax": 9293, "cuda_ms": 40.564449310302734, "finite": true, "measured": true, "status": "decode_step", "step": 133, "wall_ms": 40.57913366705179}
{"argmax": 24043, "cuda_ms": 40.55424118041992, "finite": true, "measured": true, "status": "decode_step", "step": 134, "wall_ms": 40.570619981735945}
{"argmax": 13, "cuda_ms": 40.56691360473633, "finite": true, "measured": true, "status": "decode_step", "step": 135, "wall_ms": 40.58052599430084}
{"argmax": 5377, "cuda_ms": 40.55171203613281, "finite": true, "measured": true, "status": "decode_step", "step": 136, "wall_ms": 40.56870797649026}
{"argmax": 311, "cuda_ms": 40.55958557128906, "finite": true, "measured": true, "status": "decode_step", "step": 137, "wall_ms": 40.574215818196535}
{"argmax": 19816, "cuda_ms": 40.550209045410156, "finite": true, "measured": true, "status": "decode_step", "step": 138, "wall_ms": 40.567126125097275}
{"argmax": 468, "cuda_ms": 40.566078186035156, "finite": true, "measured": true, "status": "decode_step", "step": 139, "wall_ms": 40.58031411841512}
{"argmax": 13, "cuda_ms": 40.54528045654297, "finite": true, "measured": true, "status": "decode_step", "step": 140, "wall_ms": 40.5614972114563}
{"argmax": 2947, "cuda_ms": 40.56937789916992, "finite": true, "measured": true, "status": "decode_step", "step": 141, "wall_ms": 40.583440102636814}
{"argmax": 8536, "cuda_ms": 40.55120086669922, "finite": true, "measured": true, "status": "decode_step", "step": 142, "wall_ms": 40.56766629219055}
{"argmax": 6150, "cuda_ms": 40.553409576416016, "finite": true, "measured": true, "status": "decode_step", "step": 143, "wall_ms": 40.56758573278785}
{"decode_cuda_median_ms": 40.538095474243164, "decode_wall_median_ms": 40.554361417889595, "result": "results/system_benchmarks/tp1_sparse_full_v6/formal_optimized_local_t131072_r1/benchmark.json", "status": "complete", "validated_layers": 0}
