{"context": 16384, "gpu": "NVIDIA L40S", "measure_steps": 128, "mode": "optimized", "status": "starting", "storage": "offload", "warmup_steps": 16}
{"status": "extensions_ready"}
Loading weights:   0%|          | 0/291 [00:00<?, ?it/s]Loading weights: 100%|██████████| 291/291 [00:00<00:00, 10146.92it/s]
{"allocated_gib": 16.255552291870117, "host_exact_key_gib": 1.0087890625, "status": "model_ready"}
{"peak_allocated_gib": 17.208921432495117, "prefill_ms": 2403.71337890625, "status": "prefill_complete"}
{"argmax": 46137, "cuda_ms": 95.05958557128906, "finite": true, "measured": false, "status": "decode_step", "step": 0, "wall_ms": 95.07232997566462}
{"argmax": 396, "cuda_ms": 33.009918212890625, "finite": true, "measured": false, "status": "decode_step", "step": 1, "wall_ms": 33.025775104761124}
{"argmax": 386, "cuda_ms": 32.76512145996094, "finite": true, "measured": false, "status": "decode_step", "step": 2, "wall_ms": 32.77988685294986}
{"argmax": 7876, "cuda_ms": 32.71903991699219, "finite": true, "measured": false, "status": "decode_step", "step": 3, "wall_ms": 32.73381805047393}
{"argmax": 6150, "cuda_ms": 32.756126403808594, "finite": true, "measured": false, "status": "decode_step", "step": 4, "wall_ms": 32.774609979242086}
{"argmax": 315, "cuda_ms": 32.6703987121582, "finite": true, "measured": false, "status": "decode_step", "step": 5, "wall_ms": 32.68644819036126}
{"argmax": 8184, "cuda_ms": 32.815521240234375, "finite": true, "measured": false, "status": "decode_step", "step": 6, "wall_ms": 32.83561998978257}
{"argmax": 323, "cuda_ms": 32.9048957824707, "finite": true, "measured": false, "status": "decode_step", "step": 7, "wall_ms": 32.92148932814598}
{"argmax": 279, "cuda_ms": 32.70755386352539, "finite": true, "measured": false, "status": "decode_step", "step": 8, "wall_ms": 32.72346267476678}
{"argmax": 23298, "cuda_ms": 32.694881439208984, "finite": true, "measured": false, "status": "decode_step", "step": 9, "wall_ms": 32.71349798887968}
{"argmax": 11, "cuda_ms": 32.70598220825195, "finite": true, "measured": false, "status": "decode_step", "step": 10, "wall_ms": 32.72125031799078}
{"argmax": 11, "cuda_ms": 32.71142578125, "finite": true, "measured": false, "status": "decode_step", "step": 11, "wall_ms": 32.727239187806845}
{"argmax": 323, "cuda_ms": 32.702720642089844, "finite": true, "measured": false, "status": "decode_step", "step": 12, "wall_ms": 32.71867614239454}
{"argmax": 1253, "cuda_ms": 32.6558723449707, "finite": true, "measured": false, "status": "decode_step", "step": 13, "wall_ms": 32.67181618139148}
{"argmax": 2753, "cuda_ms": 32.6861457824707, "finite": true, "measured": false, "status": "decode_step", "step": 14, "wall_ms": 32.70431514829397}
{"argmax": 8536, "cuda_ms": 32.662750244140625, "finite": true, "measured": false, "status": "decode_step", "step": 15, "wall_ms": 32.6770837418735}
{"argmax": 6150, "cuda_ms": 32.70102310180664, "finite": true, "measured": true, "status": "decode_step", "step": 16, "wall_ms": 32.717594876885414}
{"argmax": 315, "cuda_ms": 32.67036819458008, "finite": true, "measured": true, "status": "decode_step", "step": 17, "wall_ms": 32.686498016119}
{"argmax": 1253, "cuda_ms": 32.73478317260742, "finite": true, "measured": true, "status": "decode_step", "step": 18, "wall_ms": 32.74959186092019}
{"argmax": 791, "cuda_ms": 32.680511474609375, "finite": true, "measured": true, "status": "decode_step", "step": 19, "wall_ms": 32.69768413156271}
{"argmax": 374, "cuda_ms": 32.66012954711914, "finite": true, "measured": true, "status": "decode_step", "step": 20, "wall_ms": 32.673568930476904}
{"argmax": 374, "cuda_ms": 32.65929412841797, "finite": true, "measured": true, "status": "decode_step", "step": 21, "wall_ms": 32.67544135451317}
{"argmax": 279, "cuda_ms": 32.6910400390625, "finite": true, "measured": true, "status": "decode_step", "step": 22, "wall_ms": 32.708610873669386}
{"argmax": 3560, "cuda_ms": 32.704864501953125, "finite": true, "measured": true, "status": "decode_step", "step": 23, "wall_ms": 32.72605687379837}
{"argmax": 323, "cuda_ms": 32.682369232177734, "finite": true, "measured": true, "status": "decode_step", "step": 24, "wall_ms": 32.699397299438715}
{"argmax": 10396, "cuda_ms": 32.640480041503906, "finite": true, "measured": true, "status": "decode_step", "step": 25, "wall_ms": 32.65446983277798}
{"argmax": 1511, "cuda_ms": 32.67174530029297, "finite": true, "measured": true, "status": "decode_step", "step": 26, "wall_ms": 32.68653806298971}
{"argmax": 7524, "cuda_ms": 32.68947219848633, "finite": true, "measured": true, "status": "decode_step", "step": 27, "wall_ms": 32.70712913945317}
{"argmax": 323, "cuda_ms": 32.70870590209961, "finite": true, "measured": true, "status": "decode_step", "step": 28, "wall_ms": 32.72489598020911}
{"argmax": 323, "cuda_ms": 32.68281555175781, "finite": true, "measured": true, "status": "decode_step", "step": 29, "wall_ms": 32.69979823380709}
{"argmax": 91605, "cuda_ms": 32.67084884643555, "finite": true, "measured": true, "status": "decode_step", "step": 30, "wall_ms": 32.68418414518237}
{"argmax": 11006, "cuda_ms": 32.71177673339844, "finite": true, "measured": true, "status": "decode_step", "step": 31, "wall_ms": 32.72586688399315}
{"argmax": 369, "cuda_ms": 32.69830322265625, "finite": true, "measured": true, "status": "decode_step", "step": 32, "wall_ms": 32.715111039578915}
{"argmax": 586, "cuda_ms": 32.68899154663086, "finite": true, "measured": true, "status": "decode_step", "step": 33, "wall_ms": 32.70434495061636}
{"argmax": 323, "cuda_ms": 32.683231353759766, "finite": true, "measured": true, "status": "decode_step", "step": 34, "wall_ms": 32.70029881969094}
{"argmax": 11351, "cuda_ms": 32.69023895263672, "finite": true, "measured": true, "status": "decode_step", "step": 35, "wall_ms": 32.70528698340058}
{"argmax": 13, "cuda_ms": 32.70198440551758, "finite": true, "measured": true, "status": "decode_step", "step": 36, "wall_ms": 32.71660301834345}
{"argmax": 578, "cuda_ms": 32.65750503540039, "finite": true, "measured": true, "status": "decode_step", "step": 37, "wall_ms": 32.67480107024312}
{"argmax": 3388, "cuda_ms": 32.622047424316406, "finite": true, "measured": true, "status": "decode_step", "step": 38, "wall_ms": 32.638516277074814}
{"argmax": 374, "cuda_ms": 32.64857482910156, "finite": true, "measured": true, "status": "decode_step", "step": 39, "wall_ms": 32.664746046066284}
{"argmax": 389, "cuda_ms": 32.67171096801758, "finite": true, "measured": true, "status": "decode_step", "step": 40, "wall_ms": 32.68798999488354}
{"argmax": 279, "cuda_ms": 32.68489456176758, "finite": true, "measured": true, "status": "decode_step", "step": 41, "wall_ms": 32.700959127396345}
{"argmax": 3560, "cuda_ms": 32.6479377746582, "finite": true, "measured": true, "status": "decode_step", "step": 42, "wall_ms": 32.66613790765405}
{"argmax": 315, "cuda_ms": 32.64700698852539, "finite": true, "measured": true, "status": "decode_step", "step": 43, "wall_ms": 32.66170201823115}
{"argmax": 33184, "cuda_ms": 32.668575286865234, "finite": true, "measured": true, "status": "decode_step", "step": 44, "wall_ms": 32.68488496541977}
{"argmax": 11335, "cuda_ms": 32.61801528930664, "finite": true, "measured": true, "status": "decode_step", "step": 45, "wall_ms": 32.63397980481386}
{"argmax": 304, "cuda_ms": 32.66825485229492, "finite": true, "measured": true, "status": "decode_step", "step": 46, "wall_ms": 32.68526587635279}
{"argmax": 279, "cuda_ms": 32.6486701965332, "finite": true, "measured": true, "status": "decode_step", "step": 47, "wall_ms": 32.66548691317439}
{"argmax": 4500, "cuda_ms": 32.63740921020508, "finite": true, "measured": true, "status": "decode_step", "step": 48, "wall_ms": 32.651056069880724}
{"argmax": 315, "cuda_ms": 32.70841598510742, "finite": true, "measured": true, "status": "decode_step", "step": 49, "wall_ms": 32.72655792534351}
{"argmax": 33184, "cuda_ms": 32.69375991821289, "finite": true, "measured": true, "status": "decode_step", "step": 50, "wall_ms": 32.710532657802105}
{"argmax": 33184, "cuda_ms": 32.695743560791016, "finite": true, "measured": true, "status": "decode_step", "step": 51, "wall_ms": 32.71020296961069}
{"argmax": 10706, "cuda_ms": 32.677120208740234, "finite": true, "measured": true, "status": "decode_step", "step": 52, "wall_ms": 32.69471088424325}
{"argmax": 11, "cuda_ms": 32.64064025878906, "finite": true, "measured": true, "status": "decode_step", "step": 53, "wall_ms": 32.65523072332144}
{"argmax": 279, "cuda_ms": 32.70870590209961, "finite": true, "measured": true, "status": "decode_step", "step": 54, "wall_ms": 32.72465476766229}
{"argmax": 5536, "cuda_ms": 32.67350387573242, "finite": true, "measured": true, "status": "decode_step", "step": 55, "wall_ms": 32.69050410017371}
{"argmax": 311, "cuda_ms": 32.66592025756836, "finite": true, "measured": true, "status": "decode_step", "step": 56, "wall_ms": 32.68129983916879}
{"argmax": 279, "cuda_ms": 32.65900802612305, "finite": true, "measured": true, "status": "decode_step", "step": 57, "wall_ms": 32.676082104444504}
{"argmax": 323, "cuda_ms": 32.6300163269043, "finite": true, "measured": true, "status": "decode_step", "step": 58, "wall_ms": 32.64388395473361}
{"argmax": 13, "cuda_ms": 32.68479919433594, "finite": true, "measured": true, "status": "decode_step", "step": 59, "wall_ms": 32.70066902041435}
{"argmax": 41582, "cuda_ms": 32.68921661376953, "finite": true, "measured": true, "status": "decode_step", "step": 60, "wall_ms": 32.707138918340206}
{"argmax": 11, "cuda_ms": 32.707359313964844, "finite": true, "measured": true, "status": "decode_step", "step": 61, "wall_ms": 32.72242099046707}
{"argmax": 323, "cuda_ms": 32.67388916015625, "finite": true, "measured": true, "status": "decode_step", "step": 62, "wall_ms": 32.69119467586279}
{"argmax": 1023, "cuda_ms": 32.65788650512695, "finite": true, "measured": true, "status": "decode_step", "step": 63, "wall_ms": 32.6721565797925}
{"argmax": 11006, "cuda_ms": 32.705726623535156, "finite": true, "measured": true, "status": "decode_step", "step": 64, "wall_ms": 32.721140421926975}
{"argmax": 11351, "cuda_ms": 32.69811248779297, "finite": true, "measured": true, "status": "decode_step", "step": 65, "wall_ms": 32.71704399958253}
{"argmax": 519, "cuda_ms": 32.69145584106445, "finite": true, "measured": true, "status": "decode_step", "step": 66, "wall_ms": 32.706827856600285}
{"argmax": 28846, "cuda_ms": 32.69424057006836, "finite": true, "measured": true, "status": "decode_step", "step": 67, "wall_ms": 32.70953334867954}
{"argmax": 11351, "cuda_ms": 32.653953552246094, "finite": true, "measured": true, "status": "decode_step", "step": 68, "wall_ms": 32.669251784682274}
{"argmax": 13, "cuda_ms": 32.656639099121094, "finite": true, "measured": true, "status": "decode_step", "step": 69, "wall_ms": 32.67252678051591}
{"argmax": 578, "cuda_ms": 32.662750244140625, "finite": true, "measured": true, "status": "decode_step", "step": 70, "wall_ms": 32.68091008067131}
{"argmax": 311, "cuda_ms": 32.674015045166016, "finite": true, "measured": true, "status": "decode_step", "step": 71, "wall_ms": 32.69022284075618}
{"argmax": 4236, "cuda_ms": 32.6923828125, "finite": true, "measured": true, "status": "decode_step", "step": 72, "wall_ms": 32.707839738577604}
{"argmax": 468, "cuda_ms": 32.66729736328125, "finite": true, "measured": true, "status": "decode_step", "step": 73, "wall_ms": 32.68400393426418}
{"argmax": 13, "cuda_ms": 32.687232971191406, "finite": true, "measured": true, "status": "decode_step", "step": 74, "wall_ms": 32.70384389907122}
{"argmax": 2947, "cuda_ms": 32.672607421875, "finite": true, "measured": true, "status": "decode_step", "step": 75, "wall_ms": 32.70251210778952}
{"argmax": 8536, "cuda_ms": 32.856414794921875, "finite": true, "measured": true, "status": "decode_step", "step": 76, "wall_ms": 32.87073317915201}
{"argmax": 6150, "cuda_ms": 32.71452713012695, "finite": true, "measured": true, "status": "decode_step", "step": 77, "wall_ms": 32.73009369149804}
{"argmax": 315, "cuda_ms": 32.66044616699219, "finite": true, "measured": true, "status": "decode_step", "step": 78, "wall_ms": 32.676713075488806}
{"argmax": 3142, "cuda_ms": 32.64140701293945, "finite": true, "measured": true, "status": "decode_step", "step": 79, "wall_ms": 32.65594178810716}
{"argmax": 323, "cuda_ms": 32.686561584472656, "finite": true, "measured": true, "status": "decode_step", "step": 80, "wall_ms": 32.70296286791563}
{"argmax": 7327, "cuda_ms": 32.65788650512695, "finite": true, "measured": true, "status": "decode_step", "step": 81, "wall_ms": 32.67101477831602}
{"argmax": 23298, "cuda_ms": 32.73823928833008, "finite": true, "measured": true, "status": "decode_step", "step": 82, "wall_ms": 32.75466011837125}
{"argmax": 4236, "cuda_ms": 32.67465591430664, "finite": true, "measured": true, "status": "decode_step", "step": 83, "wall_ms": 32.69067406654358}
{"argmax": 26, "cuda_ms": 32.71100616455078, "finite": true, "measured": true, "status": "decode_step", "step": 84, "wall_ms": 32.72640844807029}
{"argmax": 3885, "cuda_ms": 32.726463317871094, "finite": true, "measured": true, "status": "decode_step", "step": 85, "wall_ms": 32.74384327232838}
{"argmax": 449, "cuda_ms": 32.70220947265625, "finite": true, "measured": true, "status": "decode_step", "step": 86, "wall_ms": 32.71625284105539}
{"argmax": 2947, "cuda_ms": 32.71129608154297, "finite": true, "measured": true, "status": "decode_step", "step": 87, "wall_ms": 32.728300895541906}
{"argmax": 8536, "cuda_ms": 32.69257736206055, "finite": true, "measured": true, "status": "decode_step", "step": 88, "wall_ms": 32.709572929888964}
{"argmax": 6150, "cuda_ms": 32.754207611083984, "finite": true, "measured": true, "status": "decode_step", "step": 89, "wall_ms": 32.768961042165756}
{"argmax": 8041, "cuda_ms": 32.71241760253906, "finite": true, "measured": true, "status": "decode_step", "step": 90, "wall_ms": 32.728801015764475}
{"argmax": 627, "cuda_ms": 32.68975830078125, "finite": true, "measured": true, "status": "decode_step", "step": 91, "wall_ms": 32.70315332338214}
{"argmax": 2028, "cuda_ms": 32.73955154418945, "finite": true, "measured": true, "status": "decode_step", "step": 92, "wall_ms": 32.757905311882496}
{"argmax": 3388, "cuda_ms": 32.731040954589844, "finite": true, "measured": true, "status": "decode_step", "step": 93, "wall_ms": 32.747198827564716}
{"argmax": 49095, "cuda_ms": 32.766944885253906, "finite": true, "measured": true, "status": "decode_step", "step": 94, "wall_ms": 32.782190944999456}
{"argmax": 6319, "cuda_ms": 32.698143005371094, "finite": true, "measured": true, "status": "decode_step", "step": 95, "wall_ms": 32.71434875205159}
{"argmax": 4236, "cuda_ms": 32.69753646850586, "finite": true, "measured": true, "status": "decode_step", "step": 96, "wall_ms": 32.71081391721964}
{"argmax": 889, "cuda_ms": 32.693504333496094, "finite": true, "measured": true, "status": "decode_step", "step": 97, "wall_ms": 32.70778013393283}
{"argmax": 6156, "cuda_ms": 32.712127685546875, "finite": true, "measured": true, "status": "decode_step", "step": 98, "wall_ms": 32.72989206016064}
{"argmax": 9021, "cuda_ms": 32.702880859375, "finite": true, "measured": true, "status": "decode_step", "step": 99, "wall_ms": 32.717735040932894}
{"argmax": 374, "cuda_ms": 32.69839859008789, "finite": true, "measured": true, "status": "decode_step", "step": 100, "wall_ms": 32.71458996459842}
{"argmax": 304, "cuda_ms": 32.69865417480469, "finite": true, "measured": true, "status": "decode_step", "step": 101, "wall_ms": 32.713858876377344}
{"argmax": 33184, "cuda_ms": 32.67871856689453, "finite": true, "measured": true, "status": "decode_step", "step": 102, "wall_ms": 32.69486129283905}
{"argmax": 10706, "cuda_ms": 32.678592681884766, "finite": true, "measured": true, "status": "decode_step", "step": 103, "wall_ms": 32.695412170141935}
{"argmax": 13, "cuda_ms": 32.68409729003906, "finite": true, "measured": true, "status": "decode_step", "step": 104, "wall_ms": 32.70011814311147}
{"argmax": 889, "cuda_ms": 32.67708969116211, "finite": true, "measured": true, "status": "decode_step", "step": 105, "wall_ms": 32.69432857632637}
{"argmax": 311, "cuda_ms": 32.8243522644043, "finite": true, "measured": true, "status": "decode_step", "step": 106, "wall_ms": 32.84124005585909}
{"argmax": 387, "cuda_ms": 32.83145523071289, "finite": true, "measured": true, "status": "decode_step", "step": 107, "wall_ms": 32.84484473988414}
{"argmax": 264, "cuda_ms": 32.700992584228516, "finite": true, "measured": true, "status": "decode_step", "step": 108, "wall_ms": 32.718155067414045}
{"argmax": 10093, "cuda_ms": 32.70268630981445, "finite": true, "measured": true, "status": "decode_step", "step": 109, "wall_ms": 32.717003021389246}
{"argmax": 10093, "cuda_ms": 32.718143463134766, "finite": true, "measured": true, "status": "decode_step", "step": 110, "wall_ms": 32.734830398112535}
{"argmax": 304, "cuda_ms": 32.683937072753906, "finite": true, "measured": true, "status": "decode_step", "step": 111, "wall_ms": 32.69120631739497}
{"argmax": 279, "cuda_ms": 32.685726165771484, "finite": true, "measured": true, "status": "decode_step", "step": 112, "wall_ms": 32.70124038681388}
{"argmax": 11, "cuda_ms": 32.68534469604492, "finite": true, "measured": true, "status": "decode_step", "step": 113, "wall_ms": 32.702852971851826}
{"argmax": 578, "cuda_ms": 32.68297576904297, "finite": true, "measured": true, "status": "decode_step", "step": 114, "wall_ms": 32.69977821037173}
{"argmax": 3388, "cuda_ms": 32.683231353759766, "finite": true, "measured": true, "status": "decode_step", "step": 115, "wall_ms": 32.74495527148247}
{"argmax": 374, "cuda_ms": 32.72963333129883, "finite": true, "measured": true, "status": "decode_step", "step": 116, "wall_ms": 32.74642676115036}
{"argmax": 264, "cuda_ms": 32.70912170410156, "finite": true, "measured": true, "status": "decode_step", "step": 117, "wall_ms": 32.72420493885875}
{"argmax": 6677, "cuda_ms": 32.7457275390625, "finite": true, "measured": true, "status": "decode_step", "step": 118, "wall_ms": 32.76453539729118}
{"argmax": 323, "cuda_ms": 32.70217514038086, "finite": true, "measured": true, "status": "decode_step", "step": 119, "wall_ms": 32.71647309884429}
{"argmax": 4236, "cuda_ms": 32.71139144897461, "finite": true, "measured": true, "status": "decode_step", "step": 120, "wall_ms": 32.72749995812774}
{"argmax": 287, "cuda_ms": 32.721214294433594, "finite": true, "measured": true, "status": "decode_step", "step": 121, "wall_ms": 32.73856593295932}
{"argmax": 11, "cuda_ms": 32.71206283569336, "finite": true, "measured": true, "status": "decode_step", "step": 122, "wall_ms": 32.726758159697056}
{"argmax": 279, "cuda_ms": 32.70684814453125, "finite": true, "measured": true, "status": "decode_step", "step": 123, "wall_ms": 32.7245551161468}
{"argmax": 33184, "cuda_ms": 32.70070266723633, "finite": true, "measured": true, "status": "decode_step", "step": 124, "wall_ms": 32.71444095298648}
{"argmax": 7471, "cuda_ms": 32.69935989379883, "finite": true, "measured": true, "status": "decode_step", "step": 125, "wall_ms": 32.71367913112044}
{"argmax": 8830, "cuda_ms": 32.716064453125, "finite": true, "measured": true, "status": "decode_step", "step": 126, "wall_ms": 32.7338189817965}
{"argmax": 279, "cuda_ms": 32.720481872558594, "finite": true, "measured": true, "status": "decode_step", "step": 127, "wall_ms": 32.73527091369033}
{"argmax": 3388, "cuda_ms": 32.72684860229492, "finite": true, "measured": true, "status": "decode_step", "step": 128, "wall_ms": 32.743983902037144}
{"argmax": 369, "cuda_ms": 32.67353439331055, "finite": true, "measured": true, "status": "decode_step", "step": 129, "wall_ms": 32.68750896677375}
{"argmax": 37419, "cuda_ms": 32.69740676879883, "finite": true, "measured": true, "status": "decode_step", "step": 130, "wall_ms": 32.71249821409583}
{"argmax": 6373, "cuda_ms": 32.675968170166016, "finite": true, "measured": true, "status": "decode_step", "step": 131, "wall_ms": 32.69603196531534}
{"argmax": 11, "cuda_ms": 32.704063415527344, "finite": true, "measured": true, "status": "decode_step", "step": 132, "wall_ms": 32.71949803456664}
{"argmax": 6020, "cuda_ms": 32.67164611816406, "finite": true, "measured": true, "status": "decode_step", "step": 133, "wall_ms": 32.68879186362028}
{"argmax": 24043, "cuda_ms": 32.663841247558594, "finite": true, "measured": true, "status": "decode_step", "step": 134, "wall_ms": 32.679727766662836}
{"argmax": 13, "cuda_ms": 32.66022491455078, "finite": true, "measured": true, "status": "decode_step", "step": 135, "wall_ms": 32.67601225525141}
{"argmax": 578, "cuda_ms": 32.68675231933594, "finite": true, "measured": true, "status": "decode_step", "step": 136, "wall_ms": 32.704013865441084}
{"argmax": 311, "cuda_ms": 32.72515106201172, "finite": true, "measured": true, "status": "decode_step", "step": 137, "wall_ms": 32.74024883285165}
{"argmax": 19816, "cuda_ms": 32.684959411621094, "finite": true, "measured": true, "status": "decode_step", "step": 138, "wall_ms": 32.694749999791384}
{"argmax": 468, "cuda_ms": 32.684959411621094, "finite": true, "measured": true, "status": "decode_step", "step": 139, "wall_ms": 32.702160999178886}
{"argmax": 13, "cuda_ms": 32.71244812011719, "finite": true, "measured": true, "status": "decode_step", "step": 140, "wall_ms": 32.72739890962839}
{"argmax": 2947, "cuda_ms": 32.687808990478516, "finite": true, "measured": true, "status": "decode_step", "step": 141, "wall_ms": 32.70789980888367}
{"argmax": 8536, "cuda_ms": 32.69257736206055, "finite": true, "measured": true, "status": "decode_step", "step": 142, "wall_ms": 32.70742017775774}
{"argmax": 6150, "cuda_ms": 32.68873596191406, "finite": true, "measured": true, "status": "decode_step", "step": 143, "wall_ms": 32.70415402948856}
{"decode_cuda_median_ms": 32.68934440612793, "decode_wall_median_ms": 32.70697849802673, "result": "results/system_benchmarks/tp1_sparse_full_v6/formal_optimized_offload_t16384_r0/benchmark.json", "status": "complete", "validated_layers": 0}
