{"context": 131072, "gpu": "NVIDIA L40S", "measure_steps": 128, "mode": "optimized", "status": "starting", "storage": "offload", "warmup_steps": 16}
{"status": "extensions_ready"}
Loading weights:   0%|          | 0/291 [00:00<?, ?it/s]Loading weights: 100%|██████████| 291/291 [00:00<00:00, 8926.86it/s]
{"allocated_gib": 25.09675407409668, "host_exact_key_gib": 8.0087890625, "status": "model_ready"}
{"peak_allocated_gib": 32.66816520690918, "prefill_ms": 38361.703125, "status": "prefill_complete"}
{"argmax": 11, "cuda_ms": 110.61743927001953, "finite": true, "measured": false, "status": "decode_step", "step": 0, "wall_ms": 110.63655000180006}
{"argmax": 13, "cuda_ms": 43.64313507080078, "finite": true, "measured": false, "status": "decode_step", "step": 1, "wall_ms": 43.663662392646074}
{"argmax": 17200, "cuda_ms": 43.40617752075195, "finite": true, "measured": false, "status": "decode_step", "step": 2, "wall_ms": 43.42712927609682}
{"argmax": 7876, "cuda_ms": 43.36876678466797, "finite": true, "measured": false, "status": "decode_step", "step": 3, "wall_ms": 43.38814178481698}
{"argmax": 32107, "cuda_ms": 43.38835144042969, "finite": true, "measured": false, "status": "decode_step", "step": 4, "wall_ms": 43.407570105046034}
{"argmax": 315, "cuda_ms": 43.41471862792969, "finite": true, "measured": false, "status": "decode_step", "step": 5, "wall_ms": 43.43654401600361}
{"argmax": 8184, "cuda_ms": 43.448577880859375, "finite": true, "measured": false, "status": "decode_step", "step": 6, "wall_ms": 43.4708739630878}
{"argmax": 323, "cuda_ms": 43.40607833862305, "finite": true, "measured": false, "status": "decode_step", "step": 7, "wall_ms": 43.42656768858433}
{"argmax": 7327, "cuda_ms": 43.37363052368164, "finite": true, "measured": false, "status": "decode_step", "step": 8, "wall_ms": 43.39173622429371}
{"argmax": 23298, "cuda_ms": 43.405982971191406, "finite": true, "measured": false, "status": "decode_step", "step": 9, "wall_ms": 43.427339754998684}
{"argmax": 520, "cuda_ms": 43.37955093383789, "finite": true, "measured": false, "status": "decode_step", "step": 10, "wall_ms": 43.397906236350536}
{"argmax": 11, "cuda_ms": 43.385406494140625, "finite": true, "measured": false, "status": "decode_step", "step": 11, "wall_ms": 43.40679896995425}
{"argmax": 279, "cuda_ms": 43.408958435058594, "finite": true, "measured": false, "status": "decode_step", "step": 12, "wall_ms": 43.429101817309856}
{"argmax": 527, "cuda_ms": 43.40675354003906, "finite": true, "measured": false, "status": "decode_step", "step": 13, "wall_ms": 43.42914232984185}
{"argmax": 264, "cuda_ms": 43.36991882324219, "finite": true, "measured": false, "status": "decode_step", "step": 14, "wall_ms": 43.38874202221632}
{"argmax": 8536, "cuda_ms": 43.382240295410156, "finite": true, "measured": false, "status": "decode_step", "step": 15, "wall_ms": 43.43515122309327}
{"argmax": 6150, "cuda_ms": 44.0296630859375, "finite": true, "measured": true, "status": "decode_step", "step": 16, "wall_ms": 44.04764715582132}
{"argmax": 315, "cuda_ms": 43.38608169555664, "finite": true, "measured": true, "status": "decode_step", "step": 17, "wall_ms": 43.4080408886075}
{"argmax": 13, "cuda_ms": 43.4150390625, "finite": true, "measured": true, "status": "decode_step", "step": 18, "wall_ms": 43.43499103561044}
{"argmax": 791, "cuda_ms": 43.36377716064453, "finite": true, "measured": true, "status": "decode_step", "step": 19, "wall_ms": 43.385677970945835}
{"argmax": 374, "cuda_ms": 43.413185119628906, "finite": true, "measured": true, "status": "decode_step", "step": 20, "wall_ms": 43.43085503205657}
{"argmax": 374, "cuda_ms": 43.3864631652832, "finite": true, "measured": true, "status": "decode_step", "step": 21, "wall_ms": 43.40706905350089}
{"argmax": 279, "cuda_ms": 43.39334487915039, "finite": true, "measured": true, "status": "decode_step", "step": 22, "wall_ms": 43.41199668124318}
{"argmax": 3560, "cuda_ms": 43.402366638183594, "finite": true, "measured": true, "status": "decode_step", "step": 23, "wall_ms": 43.42253319919109}
{"argmax": 323, "cuda_ms": 43.41712188720703, "finite": true, "measured": true, "status": "decode_step", "step": 24, "wall_ms": 43.43863669782877}
{"argmax": 26411, "cuda_ms": 43.395999908447266, "finite": true, "measured": true, "status": "decode_step", "step": 25, "wall_ms": 43.41705376282334}
{"argmax": 1511, "cuda_ms": 43.377281188964844, "finite": true, "measured": true, "status": "decode_step", "step": 26, "wall_ms": 43.39671414345503}
{"argmax": 7524, "cuda_ms": 43.39817428588867, "finite": true, "measured": true, "status": "decode_step", "step": 27, "wall_ms": 43.41967822983861}
{"argmax": 323, "cuda_ms": 43.42617416381836, "finite": true, "measured": true, "status": "decode_step", "step": 28, "wall_ms": 43.44703909009695}
{"argmax": 8907, "cuda_ms": 43.36127853393555, "finite": true, "measured": true, "status": "decode_step", "step": 29, "wall_ms": 43.379798065871}
{"argmax": 91605, "cuda_ms": 43.406272888183594, "finite": true, "measured": true, "status": "decode_step", "step": 30, "wall_ms": 43.427899945527315}
{"argmax": 11006, "cuda_ms": 43.36569595336914, "finite": true, "measured": true, "status": "decode_step", "step": 31, "wall_ms": 43.38426515460014}
{"argmax": 369, "cuda_ms": 43.386558532714844, "finite": true, "measured": true, "status": "decode_step", "step": 32, "wall_ms": 43.40845067054033}
{"argmax": 586, "cuda_ms": 43.3355827331543, "finite": true, "measured": true, "status": "decode_step", "step": 33, "wall_ms": 43.35456108674407}
{"argmax": 323, "cuda_ms": 43.366432189941406, "finite": true, "measured": true, "status": "decode_step", "step": 34, "wall_ms": 43.3882107026875}
{"argmax": 11351, "cuda_ms": 43.331329345703125, "finite": true, "measured": true, "status": "decode_step", "step": 35, "wall_ms": 43.35678415372968}
{"argmax": 13, "cuda_ms": 43.432193756103516, "finite": true, "measured": true, "status": "decode_step", "step": 36, "wall_ms": 43.45319792628288}
{"argmax": 578, "cuda_ms": 43.32953643798828, "finite": true, "measured": true, "status": "decode_step", "step": 37, "wall_ms": 43.34882274270058}
{"argmax": 3388, "cuda_ms": 43.32710266113281, "finite": true, "measured": true, "status": "decode_step", "step": 38, "wall_ms": 43.34921296685934}
{"argmax": 690, "cuda_ms": 43.33750534057617, "finite": true, "measured": true, "status": "decode_step", "step": 39, "wall_ms": 43.35574200376868}
{"argmax": 389, "cuda_ms": 43.372318267822266, "finite": true, "measured": true, "status": "decode_step", "step": 40, "wall_ms": 43.395742774009705}
{"argmax": 279, "cuda_ms": 43.369407653808594, "finite": true, "measured": true, "status": "decode_step", "step": 41, "wall_ms": 43.39132597669959}
{"argmax": 3560, "cuda_ms": 43.335487365722656, "finite": true, "measured": true, "status": "decode_step", "step": 42, "wall_ms": 43.357474729418755}
{"argmax": 315, "cuda_ms": 43.345664978027344, "finite": true, "measured": true, "status": "decode_step", "step": 43, "wall_ms": 43.36337512359023}
{"argmax": 2254, "cuda_ms": 43.341407775878906, "finite": true, "measured": true, "status": "decode_step", "step": 44, "wall_ms": 43.36216300725937}
{"argmax": 11335, "cuda_ms": 43.321441650390625, "finite": true, "measured": true, "status": "decode_step", "step": 45, "wall_ms": 43.33968833088875}
{"argmax": 304, "cuda_ms": 43.326881408691406, "finite": true, "measured": true, "status": "decode_step", "step": 46, "wall_ms": 43.34804182872176}
{"argmax": 279, "cuda_ms": 43.34726333618164, "finite": true, "measured": true, "status": "decode_step", "step": 47, "wall_ms": 43.36680890992284}
{"argmax": 4500, "cuda_ms": 43.36489486694336, "finite": true, "measured": true, "status": "decode_step", "step": 48, "wall_ms": 43.38585818186402}
{"argmax": 315, "cuda_ms": 43.37027359008789, "finite": true, "measured": true, "status": "decode_step", "step": 49, "wall_ms": 43.39049430564046}
{"argmax": 33184, "cuda_ms": 43.37247848510742, "finite": true, "measured": true, "status": "decode_step", "step": 50, "wall_ms": 43.39326871559024}
{"argmax": 33184, "cuda_ms": 43.3438720703125, "finite": true, "measured": true, "status": "decode_step", "step": 51, "wall_ms": 43.364695739001036}
{"argmax": 10706, "cuda_ms": 43.34726333618164, "finite": true, "measured": true, "status": "decode_step", "step": 52, "wall_ms": 43.399938847869635}
{"argmax": 323, "cuda_ms": 43.551231384277344, "finite": true, "measured": true, "status": "decode_step", "step": 53, "wall_ms": 43.572546914219856}
{"argmax": 279, "cuda_ms": 43.3175048828125, "finite": true, "measured": true, "status": "decode_step", "step": 54, "wall_ms": 43.334081303328276}
{"argmax": 5536, "cuda_ms": 43.389408111572266, "finite": true, "measured": true, "status": "decode_step", "step": 55, "wall_ms": 43.41201717033982}
{"argmax": 311, "cuda_ms": 43.36124801635742, "finite": true, "measured": true, "status": "decode_step", "step": 56, "wall_ms": 43.37973892688751}
{"argmax": 279, "cuda_ms": 43.34444808959961, "finite": true, "measured": true, "status": "decode_step", "step": 57, "wall_ms": 43.36528712883592}
{"argmax": 13607, "cuda_ms": 43.37919998168945, "finite": true, "measured": true, "status": "decode_step", "step": 58, "wall_ms": 43.400699738413095}
{"argmax": 627, "cuda_ms": 43.34291076660156, "finite": true, "measured": true, "status": "decode_step", "step": 59, "wall_ms": 43.36537700146437}
{"argmax": 323, "cuda_ms": 43.34864044189453, "finite": true, "measured": true, "status": "decode_step", "step": 60, "wall_ms": 43.3702552691102}
{"argmax": 11, "cuda_ms": 43.351200103759766, "finite": true, "measured": true, "status": "decode_step", "step": 61, "wall_ms": 43.375832960009575}
{"argmax": 323, "cuda_ms": 43.351966857910156, "finite": true, "measured": true, "status": "decode_step", "step": 62, "wall_ms": 43.36903290823102}
{"argmax": 1023, "cuda_ms": 43.32438278198242, "finite": true, "measured": true, "status": "decode_step", "step": 63, "wall_ms": 43.34590816870332}
{"argmax": 11351, "cuda_ms": 43.67465591430664, "finite": true, "measured": true, "status": "decode_step", "step": 64, "wall_ms": 43.69443887844682}
{"argmax": 11351, "cuda_ms": 43.67820739746094, "finite": true, "measured": true, "status": "decode_step", "step": 65, "wall_ms": 43.6987248249352}
{"argmax": 519, "cuda_ms": 43.66566467285156, "finite": true, "measured": true, "status": "decode_step", "step": 66, "wall_ms": 43.68341201916337}
{"argmax": 8336, "cuda_ms": 43.67407989501953, "finite": true, "measured": true, "status": "decode_step", "step": 67, "wall_ms": 43.69521979242563}
{"argmax": 11351, "cuda_ms": 43.7143669128418, "finite": true, "measured": true, "status": "decode_step", "step": 68, "wall_ms": 43.7325150705874}
{"argmax": 627, "cuda_ms": 43.69068908691406, "finite": true, "measured": true, "status": "decode_step", "step": 69, "wall_ms": 43.71198592707515}
{"argmax": 578, "cuda_ms": 43.68492889404297, "finite": true, "measured": true, "status": "decode_step", "step": 70, "wall_ms": 43.7049949541688}
{"argmax": 311, "cuda_ms": 43.637054443359375, "finite": true, "measured": true, "status": "decode_step", "step": 71, "wall_ms": 43.656512163579464}
{"argmax": 682, "cuda_ms": 43.69798278808594, "finite": true, "measured": true, "status": "decode_step", "step": 72, "wall_ms": 43.71891589835286}
{"argmax": 468, "cuda_ms": 43.64556884765625, "finite": true, "measured": true, "status": "decode_step", "step": 73, "wall_ms": 43.66334294900298}
{"argmax": 13, "cuda_ms": 43.66726303100586, "finite": true, "measured": true, "status": "decode_step", "step": 74, "wall_ms": 43.688510078936815}
{"argmax": 2947, "cuda_ms": 43.62080001831055, "finite": true, "measured": true, "status": "decode_step", "step": 75, "wall_ms": 43.64082869142294}
{"argmax": 8536, "cuda_ms": 43.693214416503906, "finite": true, "measured": true, "status": "decode_step", "step": 76, "wall_ms": 43.71564043685794}
{"argmax": 6150, "cuda_ms": 43.644256591796875, "finite": true, "measured": true, "status": "decode_step", "step": 77, "wall_ms": 43.665516190230846}
{"argmax": 315, "cuda_ms": 43.666561126708984, "finite": true, "measured": true, "status": "decode_step", "step": 78, "wall_ms": 43.68846118450165}
{"argmax": 3142, "cuda_ms": 43.643455505371094, "finite": true, "measured": true, "status": "decode_step", "step": 79, "wall_ms": 43.66170987486839}
{"argmax": 323, "cuda_ms": 43.687808990478516, "finite": true, "measured": true, "status": "decode_step", "step": 80, "wall_ms": 43.7112539075315}
{"argmax": 7327, "cuda_ms": 43.68022537231445, "finite": true, "measured": true, "status": "decode_step", "step": 81, "wall_ms": 43.70169900357723}
{"argmax": 23298, "cuda_ms": 43.693695068359375, "finite": true, "measured": true, "status": "decode_step", "step": 82, "wall_ms": 43.714568950235844}
{"argmax": 4236, "cuda_ms": 43.649600982666016, "finite": true, "measured": true, "status": "decode_step", "step": 83, "wall_ms": 43.668040074408054}
{"argmax": 26, "cuda_ms": 43.6808967590332, "finite": true, "measured": true, "status": "decode_step", "step": 84, "wall_ms": 43.70230017229915}
{"argmax": 3885, "cuda_ms": 43.66432189941406, "finite": true, "measured": true, "status": "decode_step", "step": 85, "wall_ms": 43.689311016350985}
{"argmax": 449, "cuda_ms": 43.700801849365234, "finite": true, "measured": true, "status": "decode_step", "step": 86, "wall_ms": 43.72162977233529}
{"argmax": 2947, "cuda_ms": 43.70284652709961, "finite": true, "measured": true, "status": "decode_step", "step": 87, "wall_ms": 43.72463282197714}
{"argmax": 8536, "cuda_ms": 43.63734436035156, "finite": true, "measured": true, "status": "decode_step", "step": 88, "wall_ms": 43.659315910190344}
{"argmax": 6150, "cuda_ms": 43.7072639465332, "finite": true, "measured": true, "status": "decode_step", "step": 89, "wall_ms": 43.727138079702854}
{"argmax": 8041, "cuda_ms": 43.68412780761719, "finite": true, "measured": true, "status": "decode_step", "step": 90, "wall_ms": 43.70494419708848}
{"argmax": 627, "cuda_ms": 43.696510314941406, "finite": true, "measured": true, "status": "decode_step", "step": 91, "wall_ms": 43.71838457882404}
{"argmax": 2028, "cuda_ms": 43.698368072509766, "finite": true, "measured": true, "status": "decode_step", "step": 92, "wall_ms": 43.71647210791707}
{"argmax": 3388, "cuda_ms": 43.79644775390625, "finite": true, "measured": true, "status": "decode_step", "step": 93, "wall_ms": 43.81748288869858}
{"argmax": 49095, "cuda_ms": 43.69071960449219, "finite": true, "measured": true, "status": "decode_step", "step": 94, "wall_ms": 43.70912071317434}
{"argmax": 6319, "cuda_ms": 43.720672607421875, "finite": true, "measured": true, "status": "decode_step", "step": 95, "wall_ms": 43.742630165070295}
{"argmax": 4236, "cuda_ms": 43.683135986328125, "finite": true, "measured": true, "status": "decode_step", "step": 96, "wall_ms": 43.70055813342333}
{"argmax": 889, "cuda_ms": 43.79228973388672, "finite": true, "measured": true, "status": "decode_step", "step": 97, "wall_ms": 43.81527891382575}
{"argmax": 6156, "cuda_ms": 43.68102264404297, "finite": true, "measured": true, "status": "decode_step", "step": 98, "wall_ms": 43.701590038836}
{"argmax": 9021, "cuda_ms": 43.73023986816406, "finite": true, "measured": true, "status": "decode_step", "step": 99, "wall_ms": 43.752315919846296}
{"argmax": 374, "cuda_ms": 43.651710510253906, "finite": true, "measured": true, "status": "decode_step", "step": 100, "wall_ms": 43.67114370688796}
{"argmax": 304, "cuda_ms": 43.69241714477539, "finite": true, "measured": true, "status": "decode_step", "step": 101, "wall_ms": 43.714208994060755}
{"argmax": 2536, "cuda_ms": 43.677791595458984, "finite": true, "measured": true, "status": "decode_step", "step": 102, "wall_ms": 43.69543120265007}
{"argmax": 10706, "cuda_ms": 43.674625396728516, "finite": true, "measured": true, "status": "decode_step", "step": 103, "wall_ms": 43.69556065648794}
{"argmax": 13, "cuda_ms": 43.666656494140625, "finite": true, "measured": true, "status": "decode_step", "step": 104, "wall_ms": 43.68682811036706}
{"argmax": 889, "cuda_ms": 43.67049789428711, "finite": true, "measured": true, "status": "decode_step", "step": 105, "wall_ms": 43.69222605600953}
{"argmax": 311, "cuda_ms": 43.67228698730469, "finite": true, "measured": true, "status": "decode_step", "step": 106, "wall_ms": 43.69029309600592}
{"argmax": 387, "cuda_ms": 43.690303802490234, "finite": true, "measured": true, "status": "decode_step", "step": 107, "wall_ms": 43.71174518018961}
{"argmax": 264, "cuda_ms": 43.691551208496094, "finite": true, "measured": true, "status": "decode_step", "step": 108, "wall_ms": 43.712066020816565}
{"argmax": 6373, "cuda_ms": 43.70064163208008, "finite": true, "measured": true, "status": "decode_step", "step": 109, "wall_ms": 43.72131917625666}
{"argmax": 10093, "cuda_ms": 43.717918395996094, "finite": true, "measured": true, "status": "decode_step", "step": 110, "wall_ms": 43.73814491555095}
{"argmax": 13, "cuda_ms": 43.6677131652832, "finite": true, "measured": true, "status": "decode_step", "step": 111, "wall_ms": 43.687979225069284}
{"argmax": 279, "cuda_ms": 43.736961364746094, "finite": true, "measured": true, "status": "decode_step", "step": 112, "wall_ms": 43.759155087172985}
{"argmax": 13, "cuda_ms": 43.656959533691406, "finite": true, "measured": true, "status": "decode_step", "step": 113, "wall_ms": 43.67430880665779}
{"argmax": 578, "cuda_ms": 43.70857620239258, "finite": true, "measured": true, "status": "decode_step", "step": 114, "wall_ms": 43.72971225529909}
{"argmax": 3388, "cuda_ms": 43.67977523803711, "finite": true, "measured": true, "status": "decode_step", "step": 115, "wall_ms": 43.70039701461792}
{"argmax": 690, "cuda_ms": 43.692222595214844, "finite": true, "measured": true, "status": "decode_step", "step": 116, "wall_ms": 43.71482878923416}
{"argmax": 264, "cuda_ms": 43.69615936279297, "finite": true, "measured": true, "status": "decode_step", "step": 117, "wall_ms": 43.71460899710655}
{"argmax": 6677, "cuda_ms": 43.726112365722656, "finite": true, "measured": true, "status": "decode_step", "step": 118, "wall_ms": 43.748300056904554}
{"argmax": 323, "cuda_ms": 43.68819046020508, "finite": true, "measured": true, "status": "decode_step", "step": 119, "wall_ms": 43.707759119570255}
{"argmax": 37419, "cuda_ms": 43.66896057128906, "finite": true, "measured": true, "status": "decode_step", "step": 120, "wall_ms": 43.69144421070814}
{"argmax": 287, "cuda_ms": 43.716129302978516, "finite": true, "measured": true, "status": "decode_step", "step": 121, "wall_ms": 43.73699286952615}
{"argmax": 11, "cuda_ms": 43.70912170410156, "finite": true, "measured": true, "status": "decode_step", "step": 122, "wall_ms": 43.73046290129423}
{"argmax": 279, "cuda_ms": 43.68707275390625, "finite": true, "measured": true, "status": "decode_step", "step": 123, "wall_ms": 43.70442405343056}
{"argmax": 33184, "cuda_ms": 43.696449279785156, "finite": true, "measured": true, "status": "decode_step", "step": 124, "wall_ms": 43.723882641643286}
{"argmax": 7471, "cuda_ms": 44.03891372680664, "finite": true, "measured": true, "status": "decode_step", "step": 125, "wall_ms": 44.05717086046934}
{"argmax": 323, "cuda_ms": 43.717247009277344, "finite": true, "measured": true, "status": "decode_step", "step": 126, "wall_ms": 43.73896587640047}
{"argmax": 279, "cuda_ms": 43.696414947509766, "finite": true, "measured": true, "status": "decode_step", "step": 127, "wall_ms": 43.7163021415472}
{"argmax": 3560, "cuda_ms": 43.756961822509766, "finite": true, "measured": true, "status": "decode_step", "step": 128, "wall_ms": 43.77868492156267}
{"argmax": 369, "cuda_ms": 43.69686508178711, "finite": true, "measured": true, "status": "decode_step", "step": 129, "wall_ms": 43.7188558280468}
{"argmax": 37419, "cuda_ms": 43.72351837158203, "finite": true, "measured": true, "status": "decode_step", "step": 130, "wall_ms": 43.74205972999334}
{"argmax": 6373, "cuda_ms": 43.7256965637207, "finite": true, "measured": true, "status": "decode_step", "step": 131, "wall_ms": 43.74607605859637}
{"argmax": 323, "cuda_ms": 43.71299362182617, "finite": true, "measured": true, "status": "decode_step", "step": 132, "wall_ms": 43.73068269342184}
{"argmax": 9293, "cuda_ms": 43.691680908203125, "finite": true, "measured": true, "status": "decode_step", "step": 133, "wall_ms": 43.71384810656309}
{"argmax": 24043, "cuda_ms": 43.719486236572266, "finite": true, "measured": true, "status": "decode_step", "step": 134, "wall_ms": 43.73782407492399}
{"argmax": 13, "cuda_ms": 43.719486236572266, "finite": true, "measured": true, "status": "decode_step", "step": 135, "wall_ms": 43.73994609341025}
{"argmax": 5377, "cuda_ms": 43.70284652709961, "finite": true, "measured": true, "status": "decode_step", "step": 136, "wall_ms": 43.72059786692262}
{"argmax": 311, "cuda_ms": 43.691871643066406, "finite": true, "measured": true, "status": "decode_step", "step": 137, "wall_ms": 43.71392773464322}
{"argmax": 19816, "cuda_ms": 43.669376373291016, "finite": true, "measured": true, "status": "decode_step", "step": 138, "wall_ms": 43.687978759408}
{"argmax": 468, "cuda_ms": 43.70703887939453, "finite": true, "measured": true, "status": "decode_step", "step": 139, "wall_ms": 43.72909106314182}
{"argmax": 13, "cuda_ms": 43.69062423706055, "finite": true, "measured": true, "status": "decode_step", "step": 140, "wall_ms": 43.70841011404991}
{"argmax": 2947, "cuda_ms": 43.69673538208008, "finite": true, "measured": true, "status": "decode_step", "step": 141, "wall_ms": 43.7191859818995}
{"argmax": 8536, "cuda_ms": 43.71964645385742, "finite": true, "measured": true, "status": "decode_step", "step": 142, "wall_ms": 43.73772395774722}
{"argmax": 6150, "cuda_ms": 43.68960189819336, "finite": true, "measured": true, "status": "decode_step", "step": 143, "wall_ms": 43.71017310768366}
{"decode_cuda_median_ms": 43.66993713378906, "decode_wall_median_ms": 43.69086865335703, "result": "results/system_benchmarks/tp1_sparse_full_v6/formal_optimized_offload_t131072_r0/benchmark.json", "status": "complete", "validated_layers": 0}
