{"context": 65536, "gpu": "NVIDIA L40S", "measure_steps": 128, "mode": "legacy", "status": "starting", "storage": "local", "warmup_steps": 16}
{"status": "extensions_ready"}
Loading weights:   0%|          | 0/291 [00:00<?, ?it/s]Loading weights: 100%|██████████| 291/291 [00:00<00:00, 10050.33it/s]
{"allocated_gib": 24.043821334838867, "host_exact_key_gib": 0.0, "status": "model_ready"}
{"peak_allocated_gib": 27.833494186401367, "prefill_ms": 12490.818359375, "status": "prefill_complete"}
{"argmax": 11, "cuda_ms": 111.65010833740234, "finite": true, "measured": false, "status": "decode_step", "step": 0, "wall_ms": 111.66155198588967}
{"argmax": 771, "cuda_ms": 38.175262451171875, "finite": true, "measured": false, "status": "decode_step", "step": 1, "wall_ms": 38.19127520546317}
{"argmax": 11826, "cuda_ms": 37.97411346435547, "finite": true, "measured": false, "status": "decode_step", "step": 2, "wall_ms": 37.989323027431965}
{"argmax": 698, "cuda_ms": 37.972991943359375, "finite": true, "measured": false, "status": "decode_step", "step": 3, "wall_ms": 37.989814300090075}
{"argmax": 11, "cuda_ms": 37.991233825683594, "finite": true, "measured": false, "status": "decode_step", "step": 4, "wall_ms": 38.005937822163105}
{"argmax": 315, "cuda_ms": 37.94371032714844, "finite": true, "measured": false, "status": "decode_step", "step": 5, "wall_ms": 37.96000871807337}
{"argmax": 8184, "cuda_ms": 37.95286560058594, "finite": true, "measured": false, "status": "decode_step", "step": 6, "wall_ms": 37.96742996200919}
{"argmax": 17128, "cuda_ms": 37.94950485229492, "finite": true, "measured": false, "status": "decode_step", "step": 7, "wall_ms": 37.96504670754075}
{"argmax": 7327, "cuda_ms": 37.927520751953125, "finite": true, "measured": false, "status": "decode_step", "step": 8, "wall_ms": 37.943283561617136}
{"argmax": 23298, "cuda_ms": 37.91766357421875, "finite": true, "measured": false, "status": "decode_step", "step": 9, "wall_ms": 37.9352318122983}
{"argmax": 11, "cuda_ms": 37.94112014770508, "finite": true, "measured": false, "status": "decode_step", "step": 10, "wall_ms": 37.95776469632983}
{"argmax": 11, "cuda_ms": 37.918785095214844, "finite": true, "measured": false, "status": "decode_step", "step": 11, "wall_ms": 37.93423110619187}
{"argmax": 323, "cuda_ms": 37.94019317626953, "finite": true, "measured": false, "status": "decode_step", "step": 12, "wall_ms": 37.956093437969685}
{"argmax": 527, "cuda_ms": 37.90092849731445, "finite": true, "measured": false, "status": "decode_step", "step": 13, "wall_ms": 37.91671525686979}
{"argmax": 4860, "cuda_ms": 37.9251823425293, "finite": true, "measured": false, "status": "decode_step", "step": 14, "wall_ms": 37.941981572657824}
{"argmax": 8536, "cuda_ms": 37.92127990722656, "finite": true, "measured": false, "status": "decode_step", "step": 15, "wall_ms": 37.93601365759969}
{"argmax": 6150, "cuda_ms": 37.907230377197266, "finite": true, "measured": true, "status": "decode_step", "step": 16, "wall_ms": 37.92402520775795}
{"argmax": 315, "cuda_ms": 37.908897399902344, "finite": true, "measured": true, "status": "decode_step", "step": 17, "wall_ms": 37.923815194517374}
{"argmax": 11, "cuda_ms": 37.92620849609375, "finite": true, "measured": true, "status": "decode_step", "step": 18, "wall_ms": 37.942131981253624}
{"argmax": 54, "cuda_ms": 37.89718246459961, "finite": true, "measured": true, "status": "decode_step", "step": 19, "wall_ms": 37.913909647613764}
{"argmax": 374, "cuda_ms": 37.955230712890625, "finite": true, "measured": true, "status": "decode_step", "step": 20, "wall_ms": 37.97126607969403}
{"argmax": 374, "cuda_ms": 37.90544128417969, "finite": true, "measured": true, "status": "decode_step", "step": 21, "wall_ms": 37.92146127671003}
{"argmax": 279, "cuda_ms": 37.93302536010742, "finite": true, "measured": true, "status": "decode_step", "step": 22, "wall_ms": 37.94830106198788}
{"argmax": 3560, "cuda_ms": 37.95577621459961, "finite": true, "measured": true, "status": "decode_step", "step": 23, "wall_ms": 37.97241812571883}
{"argmax": 323, "cuda_ms": 37.93436813354492, "finite": true, "measured": true, "status": "decode_step", "step": 24, "wall_ms": 37.949813064187765}
{"argmax": 26411, "cuda_ms": 37.934688568115234, "finite": true, "measured": true, "status": "decode_step", "step": 25, "wall_ms": 37.95156721025705}
{"argmax": 1511, "cuda_ms": 37.93164825439453, "finite": true, "measured": true, "status": "decode_step", "step": 26, "wall_ms": 37.946718744933605}
{"argmax": 7524, "cuda_ms": 37.901248931884766, "finite": true, "measured": true, "status": "decode_step", "step": 27, "wall_ms": 37.91868733242154}
{"argmax": 11, "cuda_ms": 37.92870330810547, "finite": true, "measured": true, "status": "decode_step", "step": 28, "wall_ms": 37.94251289218664}
{"argmax": 323, "cuda_ms": 38.01599884033203, "finite": true, "measured": true, "status": "decode_step", "step": 29, "wall_ms": 38.03124511614442}
{"argmax": 91605, "cuda_ms": 37.92582321166992, "finite": true, "measured": true, "status": "decode_step", "step": 30, "wall_ms": 37.94263303279877}
{"argmax": 1862, "cuda_ms": 37.90399932861328, "finite": true, "measured": true, "status": "decode_step", "step": 31, "wall_ms": 37.91955905035138}
{"argmax": 369, "cuda_ms": 37.89372634887695, "finite": true, "measured": true, "status": "decode_step", "step": 32, "wall_ms": 37.910104263573885}
{"argmax": 586, "cuda_ms": 37.89894485473633, "finite": true, "measured": true, "status": "decode_step", "step": 33, "wall_ms": 37.91462117806077}
{"argmax": 323, "cuda_ms": 37.91203308105469, "finite": true, "measured": true, "status": "decode_step", "step": 34, "wall_ms": 37.928351666778326}
{"argmax": 11351, "cuda_ms": 37.90016174316406, "finite": true, "measured": true, "status": "decode_step", "step": 35, "wall_ms": 37.91546216234565}
{"argmax": 13, "cuda_ms": 37.86854553222656, "finite": true, "measured": true, "status": "decode_step", "step": 36, "wall_ms": 37.88507683202624}
{"argmax": 20783, "cuda_ms": 37.8851203918457, "finite": true, "measured": true, "status": "decode_step", "step": 37, "wall_ms": 37.900911178439856}
{"argmax": 3388, "cuda_ms": 37.89775848388672, "finite": true, "measured": true, "status": "decode_step", "step": 38, "wall_ms": 37.914540618658066}
{"argmax": 14861, "cuda_ms": 37.9081916809082, "finite": true, "measured": true, "status": "decode_step", "step": 39, "wall_ms": 37.923023104667664}
{"argmax": 389, "cuda_ms": 37.91263961791992, "finite": true, "measured": true, "status": "decode_step", "step": 40, "wall_ms": 37.92865201830864}
{"argmax": 279, "cuda_ms": 37.90419387817383, "finite": true, "measured": true, "status": "decode_step", "step": 41, "wall_ms": 37.92052110657096}
{"argmax": 3560, "cuda_ms": 37.912384033203125, "finite": true, "measured": true, "status": "decode_step", "step": 42, "wall_ms": 37.92749019339681}
{"argmax": 315, "cuda_ms": 37.8666877746582, "finite": true, "measured": true, "status": "decode_step", "step": 43, "wall_ms": 37.88339486345649}
{"argmax": 33184, "cuda_ms": 37.87587356567383, "finite": true, "measured": true, "status": "decode_step", "step": 44, "wall_ms": 37.89132600650191}
{"argmax": 11335, "cuda_ms": 37.8487663269043, "finite": true, "measured": true, "status": "decode_step", "step": 45, "wall_ms": 37.86522801965475}
{"argmax": 304, "cuda_ms": 37.884639739990234, "finite": true, "measured": true, "status": "decode_step", "step": 46, "wall_ms": 37.89982898160815}
{"argmax": 279, "cuda_ms": 37.85958480834961, "finite": true, "measured": true, "status": "decode_step", "step": 47, "wall_ms": 37.876083981245756}
{"argmax": 4500, "cuda_ms": 37.88768005371094, "finite": true, "measured": true, "status": "decode_step", "step": 48, "wall_ms": 37.90303412824869}
{"argmax": 315, "cuda_ms": 37.88630294799805, "finite": true, "measured": true, "status": "decode_step", "step": 49, "wall_ms": 37.902723997831345}
{"argmax": 33184, "cuda_ms": 37.90095901489258, "finite": true, "measured": true, "status": "decode_step", "step": 50, "wall_ms": 37.91514225304127}
{"argmax": 33184, "cuda_ms": 37.883262634277344, "finite": true, "measured": true, "status": "decode_step", "step": 51, "wall_ms": 37.8993577323854}
{"argmax": 10706, "cuda_ms": 37.878814697265625, "finite": true, "measured": true, "status": "decode_step", "step": 52, "wall_ms": 37.89375023916364}
{"argmax": 323, "cuda_ms": 37.894142150878906, "finite": true, "measured": true, "status": "decode_step", "step": 53, "wall_ms": 37.90906257927418}
{"argmax": 279, "cuda_ms": 37.942752838134766, "finite": true, "measured": true, "status": "decode_step", "step": 54, "wall_ms": 37.95827692374587}
{"argmax": 5133, "cuda_ms": 37.887264251708984, "finite": true, "measured": true, "status": "decode_step", "step": 55, "wall_ms": 37.903324235230684}
{"argmax": 311, "cuda_ms": 37.863712310791016, "finite": true, "measured": true, "status": "decode_step", "step": 56, "wall_ms": 37.8802097402513}
{"argmax": 279, "cuda_ms": 37.90415954589844, "finite": true, "measured": true, "status": "decode_step", "step": 57, "wall_ms": 37.92072972282767}
{"argmax": 323, "cuda_ms": 37.894657135009766, "finite": true, "measured": true, "status": "decode_step", "step": 58, "wall_ms": 37.91130566969514}
{"argmax": 323, "cuda_ms": 37.90809631347656, "finite": true, "measured": true, "status": "decode_step", "step": 59, "wall_ms": 37.92488621547818}
{"argmax": 41582, "cuda_ms": 37.9552001953125, "finite": true, "measured": true, "status": "decode_step", "step": 60, "wall_ms": 37.97087585553527}
{"argmax": 11, "cuda_ms": 37.89718246459961, "finite": true, "measured": true, "status": "decode_step", "step": 61, "wall_ms": 37.91179694235325}
{"argmax": 323, "cuda_ms": 37.92700958251953, "finite": true, "measured": true, "status": "decode_step", "step": 62, "wall_ms": 37.943143863230944}
{"argmax": 3927, "cuda_ms": 37.868350982666016, "finite": true, "measured": true, "status": "decode_step", "step": 63, "wall_ms": 37.88365516811609}
{"argmax": 11006, "cuda_ms": 38.062496185302734, "finite": true, "measured": true, "status": "decode_step", "step": 64, "wall_ms": 38.07829599827528}
{"argmax": 5315, "cuda_ms": 38.06719970703125, "finite": true, "measured": true, "status": "decode_step", "step": 65, "wall_ms": 38.08659827336669}
{"argmax": 519, "cuda_ms": 38.128414154052734, "finite": true, "measured": true, "status": "decode_step", "step": 66, "wall_ms": 38.14442502334714}
{"argmax": 1105, "cuda_ms": 38.03062438964844, "finite": true, "measured": true, "status": "decode_step", "step": 67, "wall_ms": 38.047519978135824}
{"argmax": 11351, "cuda_ms": 38.02211380004883, "finite": true, "measured": true, "status": "decode_step", "step": 68, "wall_ms": 38.03902678191662}
{"argmax": 627, "cuda_ms": 38.092193603515625, "finite": true, "measured": true, "status": "decode_step", "step": 69, "wall_ms": 39.59081694483757}
{"argmax": 578, "cuda_ms": 38.08185577392578, "finite": true, "measured": true, "status": "decode_step", "step": 70, "wall_ms": 38.098505698144436}
{"argmax": 311, "cuda_ms": 38.02009582519531, "finite": true, "measured": true, "status": "decode_step", "step": 71, "wall_ms": 38.03671384230256}
{"argmax": 19560, "cuda_ms": 38.06582260131836, "finite": true, "measured": true, "status": "decode_step", "step": 72, "wall_ms": 38.0823016166687}
{"argmax": 468, "cuda_ms": 38.00921630859375, "finite": true, "measured": true, "status": "decode_step", "step": 73, "wall_ms": 38.024656008929014}
{"argmax": 13, "cuda_ms": 38.021759033203125, "finite": true, "measured": true, "status": "decode_step", "step": 74, "wall_ms": 38.03657274693251}
{"argmax": 2947, "cuda_ms": 38.017215728759766, "finite": true, "measured": true, "status": "decode_step", "step": 75, "wall_ms": 38.03358878940344}
{"argmax": 8536, "cuda_ms": 38.019264221191406, "finite": true, "measured": true, "status": "decode_step", "step": 76, "wall_ms": 38.036382757127285}
{"argmax": 6150, "cuda_ms": 38.01939010620117, "finite": true, "measured": true, "status": "decode_step", "step": 77, "wall_ms": 38.037304766476154}
{"argmax": 315, "cuda_ms": 38.07734298706055, "finite": true, "measured": true, "status": "decode_step", "step": 78, "wall_ms": 38.094719871878624}
{"argmax": 3142, "cuda_ms": 38.019775390625, "finite": true, "measured": true, "status": "decode_step", "step": 79, "wall_ms": 38.03519206121564}
{"argmax": 323, "cuda_ms": 38.02595138549805, "finite": true, "measured": true, "status": "decode_step", "step": 80, "wall_ms": 38.04290294647217}
{"argmax": 7327, "cuda_ms": 38.03241729736328, "finite": true, "measured": true, "status": "decode_step", "step": 81, "wall_ms": 38.04817097261548}
{"argmax": 23298, "cuda_ms": 38.046112060546875, "finite": true, "measured": true, "status": "decode_step", "step": 82, "wall_ms": 38.062472362071276}
{"argmax": 4236, "cuda_ms": 38.02463912963867, "finite": true, "measured": true, "status": "decode_step", "step": 83, "wall_ms": 38.04128058254719}
{"argmax": 26, "cuda_ms": 38.02544021606445, "finite": true, "measured": true, "status": "decode_step", "step": 84, "wall_ms": 38.04171131923795}
{"argmax": 3885, "cuda_ms": 38.09916687011719, "finite": true, "measured": true, "status": "decode_step", "step": 85, "wall_ms": 38.113519083708525}
{"argmax": 449, "cuda_ms": 38.03638458251953, "finite": true, "measured": true, "status": "decode_step", "step": 86, "wall_ms": 38.053068332374096}
{"argmax": 2947, "cuda_ms": 38.01027297973633, "finite": true, "measured": true, "status": "decode_step", "step": 87, "wall_ms": 38.025808054953814}
{"argmax": 8536, "cuda_ms": 38.151519775390625, "finite": true, "measured": true, "status": "decode_step", "step": 88, "wall_ms": 38.16814022138715}
{"argmax": 6150, "cuda_ms": 38.04751968383789, "finite": true, "measured": true, "status": "decode_step", "step": 89, "wall_ms": 38.066206965595484}
{"argmax": 8041, "cuda_ms": 38.06380844116211, "finite": true, "measured": true, "status": "decode_step", "step": 90, "wall_ms": 38.07976841926575}
{"argmax": 627, "cuda_ms": 38.05622482299805, "finite": true, "measured": true, "status": "decode_step", "step": 91, "wall_ms": 38.07194670662284}
{"argmax": 791, "cuda_ms": 38.100608825683594, "finite": true, "measured": true, "status": "decode_step", "step": 92, "wall_ms": 38.11671305447817}
{"argmax": 3388, "cuda_ms": 38.0153923034668, "finite": true, "measured": true, "status": "decode_step", "step": 93, "wall_ms": 38.031636737287045}
{"argmax": 49095, "cuda_ms": 38.01494216918945, "finite": true, "measured": true, "status": "decode_step", "step": 94, "wall_ms": 38.03122602403164}
{"argmax": 6319, "cuda_ms": 38.04003143310547, "finite": true, "measured": true, "status": "decode_step", "step": 95, "wall_ms": 38.056973833590746}
{"argmax": 4236, "cuda_ms": 38.05891036987305, "finite": true, "measured": true, "status": "decode_step", "step": 96, "wall_ms": 38.07439003139734}
{"argmax": 889, "cuda_ms": 38.10153579711914, "finite": true, "measured": true, "status": "decode_step", "step": 97, "wall_ms": 38.117715157568455}
{"argmax": 6156, "cuda_ms": 38.06787109375, "finite": true, "measured": true, "status": "decode_step", "step": 98, "wall_ms": 38.08340337127447}
{"argmax": 9021, "cuda_ms": 38.04438400268555, "finite": true, "measured": true, "status": "decode_step", "step": 99, "wall_ms": 38.06068003177643}
{"argmax": 374, "cuda_ms": 38.04710388183594, "finite": true, "measured": true, "status": "decode_step", "step": 100, "wall_ms": 38.06496597826481}
{"argmax": 304, "cuda_ms": 38.09654235839844, "finite": true, "measured": true, "status": "decode_step", "step": 101, "wall_ms": 38.112055975943804}
{"argmax": 33184, "cuda_ms": 38.037696838378906, "finite": true, "measured": true, "status": "decode_step", "step": 102, "wall_ms": 38.05515123531222}
{"argmax": 10706, "cuda_ms": 38.041664123535156, "finite": true, "measured": true, "status": "decode_step", "step": 103, "wall_ms": 38.05828606709838}
{"argmax": 13, "cuda_ms": 38.07807922363281, "finite": true, "measured": true, "status": "decode_step", "step": 104, "wall_ms": 38.094860035926104}
{"argmax": 889, "cuda_ms": 38.08537673950195, "finite": true, "measured": true, "status": "decode_step", "step": 105, "wall_ms": 38.10026869177818}
{"argmax": 311, "cuda_ms": 38.048927307128906, "finite": true, "measured": true, "status": "decode_step", "step": 106, "wall_ms": 38.06461626663804}
{"argmax": 387, "cuda_ms": 38.031646728515625, "finite": true, "measured": true, "status": "decode_step", "step": 107, "wall_ms": 38.04758004844189}
{"argmax": 264, "cuda_ms": 38.024192810058594, "finite": true, "measured": true, "status": "decode_step", "step": 108, "wall_ms": 38.038525730371475}
{"argmax": 6373, "cuda_ms": 38.034175872802734, "finite": true, "measured": true, "status": "decode_step", "step": 109, "wall_ms": 38.04775094613433}
{"argmax": 10093, "cuda_ms": 38.02729415893555, "finite": true, "measured": true, "status": "decode_step", "step": 110, "wall_ms": 38.0429127253592}
{"argmax": 304, "cuda_ms": 38.042816162109375, "finite": true, "measured": true, "status": "decode_step", "step": 111, "wall_ms": 38.05750468745828}
{"argmax": 37419, "cuda_ms": 38.028480529785156, "finite": true, "measured": true, "status": "decode_step", "step": 112, "wall_ms": 38.0435842089355}
{"argmax": 13, "cuda_ms": 38.04393768310547, "finite": true, "measured": true, "status": "decode_step", "step": 113, "wall_ms": 38.07162493467331}
{"argmax": 578, "cuda_ms": 38.24201583862305, "finite": true, "measured": true, "status": "decode_step", "step": 114, "wall_ms": 38.256441708654165}
{"argmax": 3388, "cuda_ms": 38.03139114379883, "finite": true, "measured": true, "status": "decode_step", "step": 115, "wall_ms": 38.04745012894273}
{"argmax": 374, "cuda_ms": 38.087646484375, "finite": true, "measured": true, "status": "decode_step", "step": 116, "wall_ms": 38.102051708847284}
{"argmax": 264, "cuda_ms": 38.06028747558594, "finite": true, "measured": true, "status": "decode_step", "step": 117, "wall_ms": 38.07558212429285}
{"argmax": 6677, "cuda_ms": 38.05945587158203, "finite": true, "measured": true, "status": "decode_step", "step": 118, "wall_ms": 38.07425871491432}
{"argmax": 323, "cuda_ms": 38.054046630859375, "finite": true, "measured": true, "status": "decode_step", "step": 119, "wall_ms": 38.06924307718873}
{"argmax": 4236, "cuda_ms": 38.081153869628906, "finite": true, "measured": true, "status": "decode_step", "step": 120, "wall_ms": 38.095731753855944}
{"argmax": 287, "cuda_ms": 38.03993606567383, "finite": true, "measured": true, "status": "decode_step", "step": 121, "wall_ms": 38.05461106821895}
{"argmax": 11, "cuda_ms": 38.043521881103516, "finite": true, "measured": true, "status": "decode_step", "step": 122, "wall_ms": 38.057013880461454}
{"argmax": 279, "cuda_ms": 38.042015075683594, "finite": true, "measured": true, "status": "decode_step", "step": 123, "wall_ms": 38.05633308365941}
{"argmax": 33184, "cuda_ms": 38.03833770751953, "finite": true, "measured": true, "status": "decode_step", "step": 124, "wall_ms": 38.05402014404535}
{"argmax": 7471, "cuda_ms": 38.044254302978516, "finite": true, "measured": true, "status": "decode_step", "step": 125, "wall_ms": 38.05810632184148}
{"argmax": 8830, "cuda_ms": 38.01638412475586, "finite": true, "measured": true, "status": "decode_step", "step": 126, "wall_ms": 38.03243674337864}
{"argmax": 279, "cuda_ms": 38.04991912841797, "finite": true, "measured": true, "status": "decode_step", "step": 127, "wall_ms": 38.064015097916126}
{"argmax": 3388, "cuda_ms": 38.06547164916992, "finite": true, "measured": true, "status": "decode_step", "step": 128, "wall_ms": 38.08213071897626}
{"argmax": 369, "cuda_ms": 38.0865592956543, "finite": true, "measured": true, "status": "decode_step", "step": 129, "wall_ms": 38.10460492968559}
{"argmax": 37419, "cuda_ms": 38.06131362915039, "finite": true, "measured": true, "status": "decode_step", "step": 130, "wall_ms": 38.07549085468054}
{"argmax": 6373, "cuda_ms": 38.08582305908203, "finite": true, "measured": true, "status": "decode_step", "step": 131, "wall_ms": 38.10094017535448}
{"argmax": 11, "cuda_ms": 38.05507278442383, "finite": true, "measured": true, "status": "decode_step", "step": 132, "wall_ms": 38.07102423161268}
{"argmax": 6020, "cuda_ms": 38.04512023925781, "finite": true, "measured": true, "status": "decode_step", "step": 133, "wall_ms": 38.058707024902105}
{"argmax": 24043, "cuda_ms": 38.042335510253906, "finite": true, "measured": true, "status": "decode_step", "step": 134, "wall_ms": 38.05702365934849}
{"argmax": 13, "cuda_ms": 38.03887939453125, "finite": true, "measured": true, "status": "decode_step", "step": 135, "wall_ms": 38.05400896817446}
{"argmax": 578, "cuda_ms": 38.04195022583008, "finite": true, "measured": true, "status": "decode_step", "step": 136, "wall_ms": 38.05694403126836}
{"argmax": 311, "cuda_ms": 38.0431022644043, "finite": true, "measured": true, "status": "decode_step", "step": 137, "wall_ms": 38.05885696783662}
{"argmax": 19816, "cuda_ms": 38.07743835449219, "finite": true, "measured": true, "status": "decode_step", "step": 138, "wall_ms": 38.0905051715672}
{"argmax": 468, "cuda_ms": 38.04844665527344, "finite": true, "measured": true, "status": "decode_step", "step": 139, "wall_ms": 38.06496597826481}
{"argmax": 13, "cuda_ms": 38.069854736328125, "finite": true, "measured": true, "status": "decode_step", "step": 140, "wall_ms": 38.08311326429248}
{"argmax": 2947, "cuda_ms": 38.064735412597656, "finite": true, "measured": true, "status": "decode_step", "step": 141, "wall_ms": 38.08056004345417}
{"argmax": 8536, "cuda_ms": 38.05564880371094, "finite": true, "measured": true, "status": "decode_step", "step": 142, "wall_ms": 38.07108523324132}
{"argmax": 6150, "cuda_ms": 38.06902313232422, "finite": true, "measured": true, "status": "decode_step", "step": 143, "wall_ms": 38.08468487113714}
{"decode_cuda_median_ms": 38.0266227722168, "decode_wall_median_ms": 38.042907835915685, "result": "results/system_benchmarks/tp1_sparse_full_v6/formal_legacy_local_t65536_r0/benchmark.json", "status": "complete", "validated_layers": 0}
