status=running
{"context": 16384, "gpu": "NVIDIA L40S", "measure_steps": 128, "profile_components": false, "status": "starting", "storage": "local", "warmup_steps": 16}
{"allocated_gib": 16.975168228149414, "exact_kv_gib": 2.017578125, "gpu_staging_gib": 0.0, "host_exact_kv_gib": 0.0, "status": "model_ready"}
{"peak_allocated_gib": 17.928537368774414, "prefill_ms": 2333.84228515625, "status": "prefill_complete"}
{"argmax": 46137, "components": {"attention_block_ms": 0.0, "cache_append_ms": 0.0, "dense_attention_ms": 0.0, "host_to_gpu_ms": 0.0}, "cuda_ms": 90.2775650024414, "finite": true, "measured": false, "status": "decode_step", "step": 0, "wall_ms": 90.28663579374552}
{"argmax": 771, "components": {"attention_block_ms": 0.0, "cache_append_ms": 0.0, "dense_attention_ms": 0.0, "host_to_gpu_ms": 0.0}, "cuda_ms": 27.382688522338867, "finite": true, "measured": false, "status": "decode_step", "step": 1, "wall_ms": 27.394939213991165}
{"argmax": 10016, "components": {"attention_block_ms": 0.0, "cache_append_ms": 0.0, "dense_attention_ms": 0.0, "host_to_gpu_ms": 0.0}, "cuda_ms": 27.132320404052734, "finite": true, "measured": false, "status": "decode_step", "step": 2, "wall_ms": 27.145024854689837}
{"argmax": 7876, "components": {"attention_block_ms": 0.0, "cache_append_ms": 0.0, "dense_attention_ms": 0.0, "host_to_gpu_ms": 0.0}, "cuda_ms": 27.108768463134766, "finite": true, "measured": false, "status": "decode_step", "step": 3, "wall_ms": 27.12343307211995}
{"argmax": 6150, "components": {"attention_block_ms": 0.0, "cache_append_ms": 0.0, "dense_attention_ms": 0.0, "host_to_gpu_ms": 0.0}, "cuda_ms": 27.10700798034668, "finite": true, "measured": false, "status": "decode_step", "step": 4, "wall_ms": 27.119075879454613}
{"argmax": 315, "components": {"attention_block_ms": 0.0, "cache_append_ms": 0.0, "dense_attention_ms": 0.0, "host_to_gpu_ms": 0.0}, "cuda_ms": 27.107839584350586, "finite": true, "measured": false, "status": "decode_step", "step": 5, "wall_ms": 27.121219784021378}
{"argmax": 8184, "components": {"attention_block_ms": 0.0, "cache_append_ms": 0.0, "dense_attention_ms": 0.0, "host_to_gpu_ms": 0.0}, "cuda_ms": 27.08310317993164, "finite": true, "measured": false, "status": "decode_step", "step": 6, "wall_ms": 27.09781425073743}
{"argmax": 323, "components": {"attention_block_ms": 0.0, "cache_append_ms": 0.0, "dense_attention_ms": 0.0, "host_to_gpu_ms": 0.0}, "cuda_ms": 27.0864315032959, "finite": true, "measured": false, "status": "decode_step", "step": 7, "wall_ms": 27.1002477966249}
{"argmax": 279, "components": {"attention_block_ms": 0.0, "cache_append_ms": 0.0, "dense_attention_ms": 0.0, "host_to_gpu_ms": 0.0}, "cuda_ms": 27.086336135864258, "finite": true, "measured": false, "status": "decode_step", "step": 8, "wall_ms": 27.099796570837498}
{"argmax": 23298, "components": {"attention_block_ms": 0.0, "cache_append_ms": 0.0, "dense_attention_ms": 0.0, "host_to_gpu_ms": 0.0}, "cuda_ms": 27.105375289916992, "finite": true, "measured": false, "status": "decode_step", "step": 9, "wall_ms": 27.12075784802437}
{"argmax": 11, "components": {"attention_block_ms": 0.0, "cache_append_ms": 0.0, "dense_attention_ms": 0.0, "host_to_gpu_ms": 0.0}, "cuda_ms": 27.100160598754883, "finite": true, "measured": false, "status": "decode_step", "step": 10, "wall_ms": 27.113608084619045}
{"argmax": 11, "components": {"attention_block_ms": 0.0, "cache_append_ms": 0.0, "dense_attention_ms": 0.0, "host_to_gpu_ms": 0.0}, "cuda_ms": 27.11020851135254, "finite": true, "measured": false, "status": "decode_step", "step": 11, "wall_ms": 27.123542968183756}
{"argmax": 279, "components": {"attention_block_ms": 0.0, "cache_append_ms": 0.0, "dense_attention_ms": 0.0, "host_to_gpu_ms": 0.0}, "cuda_ms": 27.07151985168457, "finite": true, "measured": false, "status": "decode_step", "step": 12, "wall_ms": 27.084524277597666}
{"argmax": 11, "components": {"attention_block_ms": 0.0, "cache_append_ms": 0.0, "dense_attention_ms": 0.0, "host_to_gpu_ms": 0.0}, "cuda_ms": 27.063392639160156, "finite": true, "measured": false, "status": "decode_step", "step": 13, "wall_ms": 27.07677334547043}
{"argmax": 2753, "components": {"attention_block_ms": 0.0, "cache_append_ms": 0.0, "dense_attention_ms": 0.0, "host_to_gpu_ms": 0.0}, "cuda_ms": 27.075775146484375, "finite": true, "measured": false, "status": "decode_step", "step": 14, "wall_ms": 27.090212795883417}
{"argmax": 8536, "components": {"attention_block_ms": 0.0, "cache_append_ms": 0.0, "dense_attention_ms": 0.0, "host_to_gpu_ms": 0.0}, "cuda_ms": 27.090240478515625, "finite": true, "measured": false, "status": "decode_step", "step": 15, "wall_ms": 27.104915119707584}
{"argmax": 6150, "components": {"attention_block_ms": 0.0, "cache_append_ms": 0.0, "dense_attention_ms": 0.0, "host_to_gpu_ms": 0.0}, "cuda_ms": 27.077856063842773, "finite": true, "measured": true, "status": "decode_step", "step": 16, "wall_ms": 27.092506177723408}
{"argmax": 315, "components": {"attention_block_ms": 0.0, "cache_append_ms": 0.0, "dense_attention_ms": 0.0, "host_to_gpu_ms": 0.0}, "cuda_ms": 27.109119415283203, "finite": true, "measured": true, "status": "decode_step", "step": 17, "wall_ms": 27.123762760311365}
{"argmax": 1253, "components": {"attention_block_ms": 0.0, "cache_append_ms": 0.0, "dense_attention_ms": 0.0, "host_to_gpu_ms": 0.0}, "cuda_ms": 27.069503784179688, "finite": true, "measured": true, "status": "decode_step", "step": 18, "wall_ms": 27.08313288167119}
{"argmax": 791, "components": {"attention_block_ms": 0.0, "cache_append_ms": 0.0, "dense_attention_ms": 0.0, "host_to_gpu_ms": 0.0}, "cuda_ms": 27.064960479736328, "finite": true, "measured": true, "status": "decode_step", "step": 19, "wall_ms": 27.079156134277582}
{"argmax": 374, "components": {"attention_block_ms": 0.0, "cache_append_ms": 0.0, "dense_attention_ms": 0.0, "host_to_gpu_ms": 0.0}, "cuda_ms": 27.09926414489746, "finite": true, "measured": true, "status": "decode_step", "step": 20, "wall_ms": 27.11309678852558}
{"argmax": 374, "components": {"attention_block_ms": 0.0, "cache_append_ms": 0.0, "dense_attention_ms": 0.0, "host_to_gpu_ms": 0.0}, "cuda_ms": 27.063648223876953, "finite": true, "measured": true, "status": "decode_step", "step": 21, "wall_ms": 27.077224105596542}
{"argmax": 279, "components": {"attention_block_ms": 0.0, "cache_append_ms": 0.0, "dense_attention_ms": 0.0, "host_to_gpu_ms": 0.0}, "cuda_ms": 27.07663917541504, "finite": true, "measured": true, "status": "decode_step", "step": 22, "wall_ms": 27.09153527393937}
{"argmax": 3560, "components": {"attention_block_ms": 0.0, "cache_append_ms": 0.0, "dense_attention_ms": 0.0, "host_to_gpu_ms": 0.0}, "cuda_ms": 27.081695556640625, "finite": true, "measured": true, "status": "decode_step", "step": 23, "wall_ms": 27.094560209661722}
{"argmax": 323, "components": {"attention_block_ms": 0.0, "cache_append_ms": 0.0, "dense_attention_ms": 0.0, "host_to_gpu_ms": 0.0}, "cuda_ms": 27.091007232666016, "finite": true, "measured": true, "status": "decode_step", "step": 24, "wall_ms": 27.105575893074274}
{"argmax": 26411, "components": {"attention_block_ms": 0.0, "cache_append_ms": 0.0, "dense_attention_ms": 0.0, "host_to_gpu_ms": 0.0}, "cuda_ms": 27.092256546020508, "finite": true, "measured": true, "status": "decode_step", "step": 25, "wall_ms": 27.106896974146366}
{"argmax": 1511, "components": {"attention_block_ms": 0.0, "cache_append_ms": 0.0, "dense_attention_ms": 0.0, "host_to_gpu_ms": 0.0}, "cuda_ms": 27.068191528320312, "finite": true, "measured": true, "status": "decode_step", "step": 26, "wall_ms": 27.081559877842665}
{"argmax": 7524, "components": {"attention_block_ms": 0.0, "cache_append_ms": 0.0, "dense_attention_ms": 0.0, "host_to_gpu_ms": 0.0}, "cuda_ms": 27.11404800415039, "finite": true, "measured": true, "status": "decode_step", "step": 27, "wall_ms": 27.128810063004494}
{"argmax": 323, "components": {"attention_block_ms": 0.0, "cache_append_ms": 0.0, "dense_attention_ms": 0.0, "host_to_gpu_ms": 0.0}, "cuda_ms": 27.091167449951172, "finite": true, "measured": true, "status": "decode_step", "step": 28, "wall_ms": 27.106257155537605}
{"argmax": 323, "components": {"attention_block_ms": 0.0, "cache_append_ms": 0.0, "dense_attention_ms": 0.0, "host_to_gpu_ms": 0.0}, "cuda_ms": 27.069503784179688, "finite": true, "measured": true, "status": "decode_step", "step": 29, "wall_ms": 27.08196034654975}
{"argmax": 91605, "components": {"attention_block_ms": 0.0, "cache_append_ms": 0.0, "dense_attention_ms": 0.0, "host_to_gpu_ms": 0.0}, "cuda_ms": 27.088287353515625, "finite": true, "measured": true, "status": "decode_step", "step": 30, "wall_ms": 27.102001011371613}
{"argmax": 11006, "components": {"attention_block_ms": 0.0, "cache_append_ms": 0.0, "dense_attention_ms": 0.0, "host_to_gpu_ms": 0.0}, "cuda_ms": 27.08505630493164, "finite": true, "measured": true, "status": "decode_step", "step": 31, "wall_ms": 27.10044803097844}
{"argmax": 369, "components": {"attention_block_ms": 0.0, "cache_append_ms": 0.0, "dense_attention_ms": 0.0, "host_to_gpu_ms": 0.0}, "cuda_ms": 27.078720092773438, "finite": true, "measured": true, "status": "decode_step", "step": 32, "wall_ms": 27.093777898699045}
{"argmax": 586, "components": {"attention_block_ms": 0.0, "cache_append_ms": 0.0, "dense_attention_ms": 0.0, "host_to_gpu_ms": 0.0}, "cuda_ms": 27.103872299194336, "finite": true, "measured": true, "status": "decode_step", "step": 33, "wall_ms": 27.11814409121871}
{"argmax": 7100, "components": {"attention_block_ms": 0.0, "cache_append_ms": 0.0, "dense_attention_ms": 0.0, "host_to_gpu_ms": 0.0}, "cuda_ms": 27.056991577148438, "finite": true, "measured": true, "status": "decode_step", "step": 34, "wall_ms": 27.072555851191282}
{"argmax": 11351, "components": {"attention_block_ms": 0.0, "cache_append_ms": 0.0, "dense_attention_ms": 0.0, "host_to_gpu_ms": 0.0}, "cuda_ms": 27.084543228149414, "finite": true, "measured": true, "status": "decode_step", "step": 35, "wall_ms": 27.096852660179138}
{"argmax": 13, "components": {"attention_block_ms": 0.0, "cache_append_ms": 0.0, "dense_attention_ms": 0.0, "host_to_gpu_ms": 0.0}, "cuda_ms": 27.08572769165039, "finite": true, "measured": true, "status": "decode_step", "step": 36, "wall_ms": 27.09804428741336}
{"argmax": 578, "components": {"attention_block_ms": 0.0, "cache_append_ms": 0.0, "dense_attention_ms": 0.0, "host_to_gpu_ms": 0.0}, "cuda_ms": 27.06015968322754, "finite": true, "measured": true, "status": "decode_step", "step": 37, "wall_ms": 27.07544108852744}
{"argmax": 3388, "components": {"attention_block_ms": 0.0, "cache_append_ms": 0.0, "dense_attention_ms": 0.0, "host_to_gpu_ms": 0.0}, "cuda_ms": 27.116256713867188, "finite": true, "measured": true, "status": "decode_step", "step": 38, "wall_ms": 27.128699701279402}
{"argmax": 374, "components": {"attention_block_ms": 0.0, "cache_append_ms": 0.0, "dense_attention_ms": 0.0, "host_to_gpu_ms": 0.0}, "cuda_ms": 27.099807739257812, "finite": true, "measured": true, "status": "decode_step", "step": 39, "wall_ms": 27.112886775285006}
{"argmax": 389, "components": {"attention_block_ms": 0.0, "cache_append_ms": 0.0, "dense_attention_ms": 0.0, "host_to_gpu_ms": 0.0}, "cuda_ms": 27.07526397705078, "finite": true, "measured": true, "status": "decode_step", "step": 40, "wall_ms": 27.092746924608946}
{"argmax": 279, "components": {"attention_block_ms": 0.0, "cache_append_ms": 0.0, "dense_attention_ms": 0.0, "host_to_gpu_ms": 0.0}, "cuda_ms": 27.0928955078125, "finite": true, "measured": true, "status": "decode_step", "step": 41, "wall_ms": 27.105266228318214}
{"argmax": 3560, "components": {"attention_block_ms": 0.0, "cache_append_ms": 0.0, "dense_attention_ms": 0.0, "host_to_gpu_ms": 0.0}, "cuda_ms": 27.078048706054688, "finite": true, "measured": true, "status": "decode_step", "step": 42, "wall_ms": 27.09099417552352}
{"argmax": 315, "components": {"attention_block_ms": 0.0, "cache_append_ms": 0.0, "dense_attention_ms": 0.0, "host_to_gpu_ms": 0.0}, "cuda_ms": 27.087488174438477, "finite": true, "measured": true, "status": "decode_step", "step": 43, "wall_ms": 27.101680170744658}
{"argmax": 33184, "components": {"attention_block_ms": 0.0, "cache_append_ms": 0.0, "dense_attention_ms": 0.0, "host_to_gpu_ms": 0.0}, "cuda_ms": 27.079776763916016, "finite": true, "measured": true, "status": "decode_step", "step": 44, "wall_ms": 27.092165779322386}
{"argmax": 11335, "components": {"attention_block_ms": 0.0, "cache_append_ms": 0.0, "dense_attention_ms": 0.0, "host_to_gpu_ms": 0.0}, "cuda_ms": 27.090335845947266, "finite": true, "measured": true, "status": "decode_step", "step": 45, "wall_ms": 27.103662956506014}
{"argmax": 304, "components": {"attention_block_ms": 0.0, "cache_append_ms": 0.0, "dense_attention_ms": 0.0, "host_to_gpu_ms": 0.0}, "cuda_ms": 27.08678436279297, "finite": true, "measured": true, "status": "decode_step", "step": 46, "wall_ms": 27.10184082388878}
{"argmax": 279, "components": {"attention_block_ms": 0.0, "cache_append_ms": 0.0, "dense_attention_ms": 0.0, "host_to_gpu_ms": 0.0}, "cuda_ms": 27.088607788085938, "finite": true, "measured": true, "status": "decode_step", "step": 47, "wall_ms": 27.101850602775812}
{"argmax": 4500, "components": {"attention_block_ms": 0.0, "cache_append_ms": 0.0, "dense_attention_ms": 0.0, "host_to_gpu_ms": 0.0}, "cuda_ms": 27.09676742553711, "finite": true, "measured": true, "status": "decode_step", "step": 48, "wall_ms": 27.11011189967394}
{"argmax": 315, "components": {"attention_block_ms": 0.0, "cache_append_ms": 0.0, "dense_attention_ms": 0.0, "host_to_gpu_ms": 0.0}, "cuda_ms": 27.089344024658203, "finite": true, "measured": true, "status": "decode_step", "step": 49, "wall_ms": 27.10298215970397}
{"argmax": 33184, "components": {"attention_block_ms": 0.0, "cache_append_ms": 0.0, "dense_attention_ms": 0.0, "host_to_gpu_ms": 0.0}, "cuda_ms": 27.06729507446289, "finite": true, "measured": true, "status": "decode_step", "step": 50, "wall_ms": 27.080228086560965}
{"argmax": 33184, "components": {"attention_block_ms": 0.0, "cache_append_ms": 0.0, "dense_attention_ms": 0.0, "host_to_gpu_ms": 0.0}, "cuda_ms": 27.085535049438477, "finite": true, "measured": true, "status": "decode_step", "step": 51, "wall_ms": 27.09866501390934}
{"argmax": 10706, "components": {"attention_block_ms": 0.0, "cache_append_ms": 0.0, "dense_attention_ms": 0.0, "host_to_gpu_ms": 0.0}, "cuda_ms": 27.0897274017334, "finite": true, "measured": true, "status": "decode_step", "step": 52, "wall_ms": 27.103703003376722}
{"argmax": 323, "components": {"attention_block_ms": 0.0, "cache_append_ms": 0.0, "dense_attention_ms": 0.0, "host_to_gpu_ms": 0.0}, "cuda_ms": 27.089599609375, "finite": true, "measured": true, "status": "decode_step", "step": 53, "wall_ms": 27.10231114178896}
{"argmax": 279, "components": {"attention_block_ms": 0.0, "cache_append_ms": 0.0, "dense_attention_ms": 0.0, "host_to_gpu_ms": 0.0}, "cuda_ms": 27.10304069519043, "finite": true, "measured": true, "status": "decode_step", "step": 54, "wall_ms": 27.116853278130293}
{"argmax": 5133, "components": {"attention_block_ms": 0.0, "cache_append_ms": 0.0, "dense_attention_ms": 0.0, "host_to_gpu_ms": 0.0}, "cuda_ms": 27.092256546020508, "finite": true, "measured": true, "status": "decode_step", "step": 55, "wall_ms": 27.106186840683222}
{"argmax": 311, "components": {"attention_block_ms": 0.0, "cache_append_ms": 0.0, "dense_attention_ms": 0.0, "host_to_gpu_ms": 0.0}, "cuda_ms": 27.09760093688965, "finite": true, "measured": true, "status": "decode_step", "step": 56, "wall_ms": 27.12481515482068}
{"argmax": 279, "components": {"attention_block_ms": 0.0, "cache_append_ms": 0.0, "dense_attention_ms": 0.0, "host_to_gpu_ms": 0.0}, "cuda_ms": 27.316608428955078, "finite": true, "measured": true, "status": "decode_step", "step": 57, "wall_ms": 27.330301702022552}
{"argmax": 323, "components": {"attention_block_ms": 0.0, "cache_append_ms": 0.0, "dense_attention_ms": 0.0, "host_to_gpu_ms": 0.0}, "cuda_ms": 27.08233642578125, "finite": true, "measured": true, "status": "decode_step", "step": 58, "wall_ms": 27.097483165562153}
{"argmax": 13, "components": {"attention_block_ms": 0.0, "cache_append_ms": 0.0, "dense_attention_ms": 0.0, "host_to_gpu_ms": 0.0}, "cuda_ms": 27.090560913085938, "finite": true, "measured": true, "status": "decode_step", "step": 59, "wall_ms": 27.10334165021777}
{"argmax": 41582, "components": {"attention_block_ms": 0.0, "cache_append_ms": 0.0, "dense_attention_ms": 0.0, "host_to_gpu_ms": 0.0}, "cuda_ms": 27.099679946899414, "finite": true, "measured": true, "status": "decode_step", "step": 60, "wall_ms": 27.112646959722042}
{"argmax": 11, "components": {"attention_block_ms": 0.0, "cache_append_ms": 0.0, "dense_attention_ms": 0.0, "host_to_gpu_ms": 0.0}, "cuda_ms": 27.091007232666016, "finite": true, "measured": true, "status": "decode_step", "step": 61, "wall_ms": 27.10507484152913}
{"argmax": 323, "components": {"attention_block_ms": 0.0, "cache_append_ms": 0.0, "dense_attention_ms": 0.0, "host_to_gpu_ms": 0.0}, "cuda_ms": 27.095455169677734, "finite": true, "measured": true, "status": "decode_step", "step": 62, "wall_ms": 27.109060902148485}
{"argmax": 1023, "components": {"attention_block_ms": 0.0, "cache_append_ms": 0.0, "dense_attention_ms": 0.0, "host_to_gpu_ms": 0.0}, "cuda_ms": 27.107295989990234, "finite": true, "measured": true, "status": "decode_step", "step": 63, "wall_ms": 27.121379040181637}
{"argmax": 11006, "components": {"attention_block_ms": 0.0, "cache_append_ms": 0.0, "dense_attention_ms": 0.0, "host_to_gpu_ms": 0.0}, "cuda_ms": 27.09654426574707, "finite": true, "measured": true, "status": "decode_step", "step": 64, "wall_ms": 27.11067395284772}
{"argmax": 5315, "components": {"attention_block_ms": 0.0, "cache_append_ms": 0.0, "dense_attention_ms": 0.0, "host_to_gpu_ms": 0.0}, "cuda_ms": 27.100448608398438, "finite": true, "measured": true, "status": "decode_step", "step": 65, "wall_ms": 27.113116811960936}
{"argmax": 519, "components": {"attention_block_ms": 0.0, "cache_append_ms": 0.0, "dense_attention_ms": 0.0, "host_to_gpu_ms": 0.0}, "cuda_ms": 27.07360076904297, "finite": true, "measured": true, "status": "decode_step", "step": 66, "wall_ms": 27.088480070233345}
{"argmax": 28846, "components": {"attention_block_ms": 0.0, "cache_append_ms": 0.0, "dense_attention_ms": 0.0, "host_to_gpu_ms": 0.0}, "cuda_ms": 27.09974479675293, "finite": true, "measured": true, "status": "decode_step", "step": 67, "wall_ms": 27.114368975162506}
{"argmax": 11351, "components": {"attention_block_ms": 0.0, "cache_append_ms": 0.0, "dense_attention_ms": 0.0, "host_to_gpu_ms": 0.0}, "cuda_ms": 27.088703155517578, "finite": true, "measured": true, "status": "decode_step", "step": 68, "wall_ms": 27.101810090243816}
{"argmax": 13, "components": {"attention_block_ms": 0.0, "cache_append_ms": 0.0, "dense_attention_ms": 0.0, "host_to_gpu_ms": 0.0}, "cuda_ms": 27.078975677490234, "finite": true, "measured": true, "status": "decode_step", "step": 69, "wall_ms": 27.092607226222754}
{"argmax": 578, "components": {"attention_block_ms": 0.0, "cache_append_ms": 0.0, "dense_attention_ms": 0.0, "host_to_gpu_ms": 0.0}, "cuda_ms": 27.101408004760742, "finite": true, "measured": true, "status": "decode_step", "step": 70, "wall_ms": 27.1149892359972}
{"argmax": 311, "components": {"attention_block_ms": 0.0, "cache_append_ms": 0.0, "dense_attention_ms": 0.0, "host_to_gpu_ms": 0.0}, "cuda_ms": 27.083520889282227, "finite": true, "measured": true, "status": "decode_step", "step": 71, "wall_ms": 27.09798514842987}
{"argmax": 4236, "components": {"attention_block_ms": 0.0, "cache_append_ms": 0.0, "dense_attention_ms": 0.0, "host_to_gpu_ms": 0.0}, "cuda_ms": 27.093503952026367, "finite": true, "measured": true, "status": "decode_step", "step": 72, "wall_ms": 27.107098139822483}
{"argmax": 468, "components": {"attention_block_ms": 0.0, "cache_append_ms": 0.0, "dense_attention_ms": 0.0, "host_to_gpu_ms": 0.0}, "cuda_ms": 27.0982723236084, "finite": true, "measured": true, "status": "decode_step", "step": 73, "wall_ms": 27.111955918371677}
{"argmax": 13, "components": {"attention_block_ms": 0.0, "cache_append_ms": 0.0, "dense_attention_ms": 0.0, "host_to_gpu_ms": 0.0}, "cuda_ms": 27.06185531616211, "finite": true, "measured": true, "status": "decode_step", "step": 74, "wall_ms": 27.07654284313321}
{"argmax": 2947, "components": {"attention_block_ms": 0.0, "cache_append_ms": 0.0, "dense_attention_ms": 0.0, "host_to_gpu_ms": 0.0}, "cuda_ms": 27.08892822265625, "finite": true, "measured": true, "status": "decode_step", "step": 75, "wall_ms": 27.102069929242134}
{"argmax": 8536, "components": {"attention_block_ms": 0.0, "cache_append_ms": 0.0, "dense_attention_ms": 0.0, "host_to_gpu_ms": 0.0}, "cuda_ms": 27.096864700317383, "finite": true, "measured": true, "status": "decode_step", "step": 76, "wall_ms": 27.110413182526827}
{"argmax": 6150, "components": {"attention_block_ms": 0.0, "cache_append_ms": 0.0, "dense_attention_ms": 0.0, "host_to_gpu_ms": 0.0}, "cuda_ms": 27.071104049682617, "finite": true, "measured": true, "status": "decode_step", "step": 77, "wall_ms": 27.085917070508003}
{"argmax": 315, "components": {"attention_block_ms": 0.0, "cache_append_ms": 0.0, "dense_attention_ms": 0.0, "host_to_gpu_ms": 0.0}, "cuda_ms": 27.12268829345703, "finite": true, "measured": true, "status": "decode_step", "step": 78, "wall_ms": 27.136152144521475}
{"argmax": 3142, "components": {"attention_block_ms": 0.0, "cache_append_ms": 0.0, "dense_attention_ms": 0.0, "host_to_gpu_ms": 0.0}, "cuda_ms": 27.110336303710938, "finite": true, "measured": true, "status": "decode_step", "step": 79, "wall_ms": 27.124795131385326}
{"argmax": 323, "components": {"attention_block_ms": 0.0, "cache_append_ms": 0.0, "dense_attention_ms": 0.0, "host_to_gpu_ms": 0.0}, "cuda_ms": 27.090944290161133, "finite": true, "measured": true, "status": "decode_step", "step": 80, "wall_ms": 27.106186840683222}
{"argmax": 7327, "components": {"attention_block_ms": 0.0, "cache_append_ms": 0.0, "dense_attention_ms": 0.0, "host_to_gpu_ms": 0.0}, "cuda_ms": 27.091520309448242, "finite": true, "measured": true, "status": "decode_step", "step": 81, "wall_ms": 27.103712782263756}
{"argmax": 23298, "components": {"attention_block_ms": 0.0, "cache_append_ms": 0.0, "dense_attention_ms": 0.0, "host_to_gpu_ms": 0.0}, "cuda_ms": 27.084800720214844, "finite": true, "measured": true, "status": "decode_step", "step": 82, "wall_ms": 27.098184917122126}
{"argmax": 4236, "components": {"attention_block_ms": 0.0, "cache_append_ms": 0.0, "dense_attention_ms": 0.0, "host_to_gpu_ms": 0.0}, "cuda_ms": 27.08755111694336, "finite": true, "measured": true, "status": "decode_step", "step": 83, "wall_ms": 27.103221975266933}
{"argmax": 26, "components": {"attention_block_ms": 0.0, "cache_append_ms": 0.0, "dense_attention_ms": 0.0, "host_to_gpu_ms": 0.0}, "cuda_ms": 27.090303421020508, "finite": true, "measured": true, "status": "decode_step", "step": 84, "wall_ms": 27.103492990136147}
{"argmax": 3885, "components": {"attention_block_ms": 0.0, "cache_append_ms": 0.0, "dense_attention_ms": 0.0, "host_to_gpu_ms": 0.0}, "cuda_ms": 27.09129524230957, "finite": true, "measured": true, "status": "decode_step", "step": 85, "wall_ms": 27.104293927550316}
{"argmax": 449, "components": {"attention_block_ms": 0.0, "cache_append_ms": 0.0, "dense_attention_ms": 0.0, "host_to_gpu_ms": 0.0}, "cuda_ms": 27.078847885131836, "finite": true, "measured": true, "status": "decode_step", "step": 86, "wall_ms": 27.094900142401457}
{"argmax": 2947, "components": {"attention_block_ms": 0.0, "cache_append_ms": 0.0, "dense_attention_ms": 0.0, "host_to_gpu_ms": 0.0}, "cuda_ms": 27.09507179260254, "finite": true, "measured": true, "status": "decode_step", "step": 87, "wall_ms": 27.10704831406474}
{"argmax": 8536, "components": {"attention_block_ms": 0.0, "cache_append_ms": 0.0, "dense_attention_ms": 0.0, "host_to_gpu_ms": 0.0}, "cuda_ms": 27.085887908935547, "finite": true, "measured": true, "status": "decode_step", "step": 88, "wall_ms": 27.09958702325821}
{"argmax": 6150, "components": {"attention_block_ms": 0.0, "cache_append_ms": 0.0, "dense_attention_ms": 0.0, "host_to_gpu_ms": 0.0}, "cuda_ms": 27.110015869140625, "finite": true, "measured": true, "status": "decode_step", "step": 89, "wall_ms": 27.124985121190548}
{"argmax": 8041, "components": {"attention_block_ms": 0.0, "cache_append_ms": 0.0, "dense_attention_ms": 0.0, "host_to_gpu_ms": 0.0}, "cuda_ms": 27.107872009277344, "finite": true, "measured": true, "status": "decode_step", "step": 90, "wall_ms": 27.119306847453117}
{"argmax": 627, "components": {"attention_block_ms": 0.0, "cache_append_ms": 0.0, "dense_attention_ms": 0.0, "host_to_gpu_ms": 0.0}, "cuda_ms": 27.095232009887695, "finite": true, "measured": true, "status": "decode_step", "step": 91, "wall_ms": 27.108660899102688}
{"argmax": 791, "components": {"attention_block_ms": 0.0, "cache_append_ms": 0.0, "dense_attention_ms": 0.0, "host_to_gpu_ms": 0.0}, "cuda_ms": 27.076032638549805, "finite": true, "measured": true, "status": "decode_step", "step": 92, "wall_ms": 27.091193944215775}
{"argmax": 3388, "components": {"attention_block_ms": 0.0, "cache_append_ms": 0.0, "dense_attention_ms": 0.0, "host_to_gpu_ms": 0.0}, "cuda_ms": 27.075712203979492, "finite": true, "measured": true, "status": "decode_step", "step": 93, "wall_ms": 27.088079135864973}
{"argmax": 49095, "components": {"attention_block_ms": 0.0, "cache_append_ms": 0.0, "dense_attention_ms": 0.0, "host_to_gpu_ms": 0.0}, "cuda_ms": 27.10089683532715, "finite": true, "measured": true, "status": "decode_step", "step": 94, "wall_ms": 27.11424883455038}
{"argmax": 6319, "components": {"attention_block_ms": 0.0, "cache_append_ms": 0.0, "dense_attention_ms": 0.0, "host_to_gpu_ms": 0.0}, "cuda_ms": 27.081823348999023, "finite": true, "measured": true, "status": "decode_step", "step": 95, "wall_ms": 27.09630224853754}
{"argmax": 4236, "components": {"attention_block_ms": 0.0, "cache_append_ms": 0.0, "dense_attention_ms": 0.0, "host_to_gpu_ms": 0.0}, "cuda_ms": 27.091968536376953, "finite": true, "measured": true, "status": "decode_step", "step": 96, "wall_ms": 27.10458403453231}
{"argmax": 889, "components": {"attention_block_ms": 0.0, "cache_append_ms": 0.0, "dense_attention_ms": 0.0, "host_to_gpu_ms": 0.0}, "cuda_ms": 27.109567642211914, "finite": true, "measured": true, "status": "decode_step", "step": 97, "wall_ms": 27.123363222926855}
{"argmax": 6156, "components": {"attention_block_ms": 0.0, "cache_append_ms": 0.0, "dense_attention_ms": 0.0, "host_to_gpu_ms": 0.0}, "cuda_ms": 27.081439971923828, "finite": true, "measured": true, "status": "decode_step", "step": 98, "wall_ms": 27.096461970359087}
{"argmax": 9021, "components": {"attention_block_ms": 0.0, "cache_append_ms": 0.0, "dense_attention_ms": 0.0, "host_to_gpu_ms": 0.0}, "cuda_ms": 27.082847595214844, "finite": true, "measured": true, "status": "decode_step", "step": 99, "wall_ms": 27.096353005617857}
{"argmax": 374, "components": {"attention_block_ms": 0.0, "cache_append_ms": 0.0, "dense_attention_ms": 0.0, "host_to_gpu_ms": 0.0}, "cuda_ms": 27.107263565063477, "finite": true, "measured": true, "status": "decode_step", "step": 100, "wall_ms": 27.120377868413925}
{"argmax": 304, "components": {"attention_block_ms": 0.0, "cache_append_ms": 0.0, "dense_attention_ms": 0.0, "host_to_gpu_ms": 0.0}, "cuda_ms": 27.105728149414062, "finite": true, "measured": true, "status": "decode_step", "step": 101, "wall_ms": 27.119175996631384}
{"argmax": 33184, "components": {"attention_block_ms": 0.0, "cache_append_ms": 0.0, "dense_attention_ms": 0.0, "host_to_gpu_ms": 0.0}, "cuda_ms": 27.08745574951172, "finite": true, "measured": true, "status": "decode_step", "step": 102, "wall_ms": 27.100478298962116}
{"argmax": 10706, "components": {"attention_block_ms": 0.0, "cache_append_ms": 0.0, "dense_attention_ms": 0.0, "host_to_gpu_ms": 0.0}, "cuda_ms": 27.104896545410156, "finite": true, "measured": true, "status": "decode_step", "step": 103, "wall_ms": 27.11769426241517}
{"argmax": 13, "components": {"attention_block_ms": 0.0, "cache_append_ms": 0.0, "dense_attention_ms": 0.0, "host_to_gpu_ms": 0.0}, "cuda_ms": 27.091808319091797, "finite": true, "measured": true, "status": "decode_step", "step": 104, "wall_ms": 27.106286957859993}
{"argmax": 889, "components": {"attention_block_ms": 0.0, "cache_append_ms": 0.0, "dense_attention_ms": 0.0, "host_to_gpu_ms": 0.0}, "cuda_ms": 27.09404754638672, "finite": true, "measured": true, "status": "decode_step", "step": 105, "wall_ms": 27.107378002256155}
{"argmax": 311, "components": {"attention_block_ms": 0.0, "cache_append_ms": 0.0, "dense_attention_ms": 0.0, "host_to_gpu_ms": 0.0}, "cuda_ms": 27.093536376953125, "finite": true, "measured": true, "status": "decode_step", "step": 106, "wall_ms": 27.106076013296843}
{"argmax": 387, "components": {"attention_block_ms": 0.0, "cache_append_ms": 0.0, "dense_attention_ms": 0.0, "host_to_gpu_ms": 0.0}, "cuda_ms": 27.103456497192383, "finite": true, "measured": true, "status": "decode_step", "step": 107, "wall_ms": 27.135499753057957}
{"argmax": 264, "components": {"attention_block_ms": 0.0, "cache_append_ms": 0.0, "dense_attention_ms": 0.0, "host_to_gpu_ms": 0.0}, "cuda_ms": 27.29523277282715, "finite": true, "measured": true, "status": "decode_step", "step": 108, "wall_ms": 27.307346928864717}
{"argmax": 6373, "components": {"attention_block_ms": 0.0, "cache_append_ms": 0.0, "dense_attention_ms": 0.0, "host_to_gpu_ms": 0.0}, "cuda_ms": 27.090784072875977, "finite": true, "measured": true, "status": "decode_step", "step": 109, "wall_ms": 27.103183325380087}
{"argmax": 10093, "components": {"attention_block_ms": 0.0, "cache_append_ms": 0.0, "dense_attention_ms": 0.0, "host_to_gpu_ms": 0.0}, "cuda_ms": 27.0930233001709, "finite": true, "measured": true, "status": "decode_step", "step": 110, "wall_ms": 27.106598019599915}
{"argmax": 304, "components": {"attention_block_ms": 0.0, "cache_append_ms": 0.0, "dense_attention_ms": 0.0, "host_to_gpu_ms": 0.0}, "cuda_ms": 27.10256004333496, "finite": true, "measured": true, "status": "decode_step", "step": 111, "wall_ms": 27.116692159324884}
{"argmax": 279, "components": {"attention_block_ms": 0.0, "cache_append_ms": 0.0, "dense_attention_ms": 0.0, "host_to_gpu_ms": 0.0}, "cuda_ms": 27.09769630432129, "finite": true, "measured": true, "status": "decode_step", "step": 112, "wall_ms": 27.110873721539974}
{"argmax": 13, "components": {"attention_block_ms": 0.0, "cache_append_ms": 0.0, "dense_attention_ms": 0.0, "host_to_gpu_ms": 0.0}, "cuda_ms": 27.093151092529297, "finite": true, "measured": true, "status": "decode_step", "step": 113, "wall_ms": 27.108770795166492}
{"argmax": 578, "components": {"attention_block_ms": 0.0, "cache_append_ms": 0.0, "dense_attention_ms": 0.0, "host_to_gpu_ms": 0.0}, "cuda_ms": 27.08438491821289, "finite": true, "measured": true, "status": "decode_step", "step": 114, "wall_ms": 27.09810482338071}
{"argmax": 3388, "components": {"attention_block_ms": 0.0, "cache_append_ms": 0.0, "dense_attention_ms": 0.0, "host_to_gpu_ms": 0.0}, "cuda_ms": 27.103103637695312, "finite": true, "measured": true, "status": "decode_step", "step": 115, "wall_ms": 27.116372250020504}
{"argmax": 24400, "components": {"attention_block_ms": 0.0, "cache_append_ms": 0.0, "dense_attention_ms": 0.0, "host_to_gpu_ms": 0.0}, "cuda_ms": 27.092512130737305, "finite": true, "measured": true, "status": "decode_step", "step": 116, "wall_ms": 27.104944922029972}
{"argmax": 264, "components": {"attention_block_ms": 0.0, "cache_append_ms": 0.0, "dense_attention_ms": 0.0, "host_to_gpu_ms": 0.0}, "cuda_ms": 27.10576057434082, "finite": true, "measured": true, "status": "decode_step", "step": 117, "wall_ms": 27.11888588964939}
{"argmax": 6677, "components": {"attention_block_ms": 0.0, "cache_append_ms": 0.0, "dense_attention_ms": 0.0, "host_to_gpu_ms": 0.0}, "cuda_ms": 27.11510467529297, "finite": true, "measured": true, "status": "decode_step", "step": 118, "wall_ms": 27.13025314733386}
{"argmax": 323, "components": {"attention_block_ms": 0.0, "cache_append_ms": 0.0, "dense_attention_ms": 0.0, "host_to_gpu_ms": 0.0}, "cuda_ms": 27.115392684936523, "finite": true, "measured": true, "status": "decode_step", "step": 119, "wall_ms": 27.129021007567644}
{"argmax": 4236, "components": {"attention_block_ms": 0.0, "cache_append_ms": 0.0, "dense_attention_ms": 0.0, "host_to_gpu_ms": 0.0}, "cuda_ms": 27.0894718170166, "finite": true, "measured": true, "status": "decode_step", "step": 120, "wall_ms": 27.102801948785782}
{"argmax": 287, "components": {"attention_block_ms": 0.0, "cache_append_ms": 0.0, "dense_attention_ms": 0.0, "host_to_gpu_ms": 0.0}, "cuda_ms": 27.109312057495117, "finite": true, "measured": true, "status": "decode_step", "step": 121, "wall_ms": 27.122552040964365}
{"argmax": 11, "components": {"attention_block_ms": 0.0, "cache_append_ms": 0.0, "dense_attention_ms": 0.0, "host_to_gpu_ms": 0.0}, "cuda_ms": 27.074304580688477, "finite": true, "measured": true, "status": "decode_step", "step": 122, "wall_ms": 27.08802977576852}
{"argmax": 279, "components": {"attention_block_ms": 0.0, "cache_append_ms": 0.0, "dense_attention_ms": 0.0, "host_to_gpu_ms": 0.0}, "cuda_ms": 27.102048873901367, "finite": true, "measured": true, "status": "decode_step", "step": 123, "wall_ms": 27.116943150758743}
{"argmax": 33184, "components": {"attention_block_ms": 0.0, "cache_append_ms": 0.0, "dense_attention_ms": 0.0, "host_to_gpu_ms": 0.0}, "cuda_ms": 27.100479125976562, "finite": true, "measured": true, "status": "decode_step", "step": 124, "wall_ms": 27.11467957124114}
{"argmax": 7471, "components": {"attention_block_ms": 0.0, "cache_append_ms": 0.0, "dense_attention_ms": 0.0, "host_to_gpu_ms": 0.0}, "cuda_ms": 27.09267234802246, "finite": true, "measured": true, "status": "decode_step", "step": 125, "wall_ms": 27.107067871838808}
{"argmax": 8830, "components": {"attention_block_ms": 0.0, "cache_append_ms": 0.0, "dense_attention_ms": 0.0, "host_to_gpu_ms": 0.0}, "cuda_ms": 27.083263397216797, "finite": true, "measured": true, "status": "decode_step", "step": 126, "wall_ms": 27.097334153950214}
{"argmax": 279, "components": {"attention_block_ms": 0.0, "cache_append_ms": 0.0, "dense_attention_ms": 0.0, "host_to_gpu_ms": 0.0}, "cuda_ms": 27.100095748901367, "finite": true, "measured": true, "status": "decode_step", "step": 127, "wall_ms": 27.11389772593975}
{"argmax": 3388, "components": {"attention_block_ms": 0.0, "cache_append_ms": 0.0, "dense_attention_ms": 0.0, "host_to_gpu_ms": 0.0}, "cuda_ms": 27.13555145263672, "finite": true, "measured": true, "status": "decode_step", "step": 128, "wall_ms": 27.149782050400972}
{"argmax": 369, "components": {"attention_block_ms": 0.0, "cache_append_ms": 0.0, "dense_attention_ms": 0.0, "host_to_gpu_ms": 0.0}, "cuda_ms": 27.100000381469727, "finite": true, "measured": true, "status": "decode_step", "step": 129, "wall_ms": 27.11573103442788}
{"argmax": 37419, "components": {"attention_block_ms": 0.0, "cache_append_ms": 0.0, "dense_attention_ms": 0.0, "host_to_gpu_ms": 0.0}, "cuda_ms": 27.11257553100586, "finite": true, "measured": true, "status": "decode_step", "step": 130, "wall_ms": 27.126256842166185}
{"argmax": 6373, "components": {"attention_block_ms": 0.0, "cache_append_ms": 0.0, "dense_attention_ms": 0.0, "host_to_gpu_ms": 0.0}, "cuda_ms": 27.109567642211914, "finite": true, "measured": true, "status": "decode_step", "step": 131, "wall_ms": 27.12433412671089}
{"argmax": 11, "components": {"attention_block_ms": 0.0, "cache_append_ms": 0.0, "dense_attention_ms": 0.0, "host_to_gpu_ms": 0.0}, "cuda_ms": 27.088640213012695, "finite": true, "measured": true, "status": "decode_step", "step": 132, "wall_ms": 27.104494161903858}
{"argmax": 6020, "components": {"attention_block_ms": 0.0, "cache_append_ms": 0.0, "dense_attention_ms": 0.0, "host_to_gpu_ms": 0.0}, "cuda_ms": 27.106304168701172, "finite": true, "measured": true, "status": "decode_step", "step": 133, "wall_ms": 27.11885469034314}
{"argmax": 24043, "components": {"attention_block_ms": 0.0, "cache_append_ms": 0.0, "dense_attention_ms": 0.0, "host_to_gpu_ms": 0.0}, "cuda_ms": 27.117536544799805, "finite": true, "measured": true, "status": "decode_step", "step": 134, "wall_ms": 27.134038042277098}
{"argmax": 13, "components": {"attention_block_ms": 0.0, "cache_append_ms": 0.0, "dense_attention_ms": 0.0, "host_to_gpu_ms": 0.0}, "cuda_ms": 27.097951889038086, "finite": true, "measured": true, "status": "decode_step", "step": 135, "wall_ms": 27.11335802450776}
{"argmax": 578, "components": {"attention_block_ms": 0.0, "cache_append_ms": 0.0, "dense_attention_ms": 0.0, "host_to_gpu_ms": 0.0}, "cuda_ms": 27.0894718170166, "finite": true, "measured": true, "status": "decode_step", "step": 136, "wall_ms": 27.102520689368248}
{"argmax": 311, "components": {"attention_block_ms": 0.0, "cache_append_ms": 0.0, "dense_attention_ms": 0.0, "host_to_gpu_ms": 0.0}, "cuda_ms": 27.115615844726562, "finite": true, "measured": true, "status": "decode_step", "step": 137, "wall_ms": 27.128920890390873}
{"argmax": 19816, "components": {"attention_block_ms": 0.0, "cache_append_ms": 0.0, "dense_attention_ms": 0.0, "host_to_gpu_ms": 0.0}, "cuda_ms": 27.0927677154541, "finite": true, "measured": true, "status": "decode_step", "step": 138, "wall_ms": 27.108170092105865}
{"argmax": 468, "components": {"attention_block_ms": 0.0, "cache_append_ms": 0.0, "dense_attention_ms": 0.0, "host_to_gpu_ms": 0.0}, "cuda_ms": 27.094783782958984, "finite": true, "measured": true, "status": "decode_step", "step": 139, "wall_ms": 27.10703806951642}
{"argmax": 13, "components": {"attention_block_ms": 0.0, "cache_append_ms": 0.0, "dense_attention_ms": 0.0, "host_to_gpu_ms": 0.0}, "cuda_ms": 27.111360549926758, "finite": true, "measured": true, "status": "decode_step", "step": 140, "wall_ms": 27.124603744596243}
{"argmax": 2947, "components": {"attention_block_ms": 0.0, "cache_append_ms": 0.0, "dense_attention_ms": 0.0, "host_to_gpu_ms": 0.0}, "cuda_ms": 27.09436798095703, "finite": true, "measured": true, "status": "decode_step", "step": 141, "wall_ms": 27.10939198732376}
{"argmax": 8536, "components": {"attention_block_ms": 0.0, "cache_append_ms": 0.0, "dense_attention_ms": 0.0, "host_to_gpu_ms": 0.0}, "cuda_ms": 27.105632781982422, "finite": true, "measured": true, "status": "decode_step", "step": 142, "wall_ms": 27.117804158478975}
{"argmax": 6150, "components": {"attention_block_ms": 0.0, "cache_append_ms": 0.0, "dense_attention_ms": 0.0, "host_to_gpu_ms": 0.0}, "cuda_ms": 27.110687255859375, "finite": true, "measured": true, "status": "decode_step", "step": 143, "wall_ms": 27.124132961034775}
{"decode_cuda_median_ms": 27.092384338378906, "decode_wall_median_ms": 27.106221998110414, "result": "results/system_benchmarks/tp1_dense_full_v6/formal_dense_local_t16384_r0/benchmark.json", "status": "complete", "validated_layers": 0}
